[0.016s] Invoking command in '/home/ziad/ziad_ws/ROS2/tutorials_work_sapce/build/simple_pub_sub': CMAKE_PREFIX_PATH=${CMAKE_PREFIX_PATH}:/opt/ros/jazzy DEBUGINFOD_URLS=https://debuginfod.ubuntu.com /usr/bin/cmake /home/ziad/ziad_ws/ROS2/tutorials_work_sapce/src/simple_pub_sub -DCMAKE_INSTALL_PREFIX=/home/ziad/ziad_ws/ROS2/tutorials_work_sapce/install/simple_pub_sub
[0.086s] -- The C compiler identification is GNU 13.3.0
[0.157s] -- The CXX compiler identification is GNU 13.3.0
[0.176s] -- Detecting C compiler ABI info
[0.284s] -- Detecting C compiler ABI info - done
[0.297s] -- Check for working C compiler: /usr/bin/cc - skipped
[0.298s] -- Detecting C compile features
[0.298s] -- Detecting C compile features - done
[0.311s] -- Detecting CXX compiler ABI info
[0.431s] -- Detecting CXX compiler ABI info - done
[0.443s] -- Check for working CXX compiler: /usr/bin/c++ - skipped
[0.444s] -- Detecting CXX compile features
[0.445s] -- Detecting CXX compile features - done
[0.451s] -- Found ament_cmake: 2.5.4 (/opt/ros/jazzy/share/ament_cmake/cmake)
[0.654s] -- Found Python3: /usr/bin/python3 (found version "3.12.3") found components: Interpreter 
[0.822s] -- Found rclcpp: 28.1.11 (/opt/ros/jazzy/share/rclcpp/cmake)
[0.893s] -- Found rosidl_generator_c: 4.6.6 (/opt/ros/jazzy/share/rosidl_generator_c/cmake)
[0.920s] -- Found rosidl_generator_cpp: 4.6.6 (/opt/ros/jazzy/share/rosidl_generator_cpp/cmake)
[0.947s] -- Using all available rosidl_typesupport_c: rosidl_typesupport_fastrtps_c;rosidl_typesupport_introspection_c
[0.978s] -- Using all available rosidl_typesupport_cpp: rosidl_typesupport_fastrtps_cpp;rosidl_typesupport_introspection_cpp
[1.106s] -- Found rmw_implementation_cmake: 7.3.2 (/opt/ros/jazzy/share/rmw_implementation_cmake/cmake)
[1.112s] -- Found rmw_fastrtps_cpp: 8.4.3 (/opt/ros/jazzy/share/rmw_fastrtps_cpp/cmake)
[1.233s] -- Found OpenSSL: /usr/lib/x86_64-linux-gnu/libcrypto.so (found version "3.0.13")  
[1.263s] -- Found FastRTPS: /opt/ros/jazzy/include (Required is at least version "2.13") 
[1.293s] -- Using RMW implementation 'rmw_fastrtps_cpp' as default
[1.415s] -- Found std_msgs: 5.3.6 (/opt/ros/jazzy/share/std_msgs/cmake)
[1.443s] -- Found ament_lint_auto: 0.17.3 (/opt/ros/jazzy/share/ament_lint_auto/cmake)
[1.617s] -- Added test 'cppcheck' to perform static code analysis on C / C++ code
[1.618s] -- Configured cppcheck include dirs: 
[1.618s] -- Configured cppcheck exclude dirs and/or files: 
[1.619s] -- Added test 'lint_cmake' to check CMake code style
[1.621s] -- Added test 'uncrustify' to check C / C++ code style
[1.621s] -- Configured uncrustify additional arguments: 
[1.623s] -- Added test 'xmllint' to check XML markup files
[1.626s] -- Configuring done (1.6s)
[1.644s] -- Generating done (0.0s)
[1.651s] -- Build files have been written to: /home/ziad/ziad_ws/ROS2/tutorials_work_sapce/build/simple_pub_sub
[1.663s] Invoked command in '/home/ziad/ziad_ws/ROS2/tutorials_work_sapce/build/simple_pub_sub' returned '0': CMAKE_PREFIX_PATH=${CMAKE_PREFIX_PATH}:/opt/ros/jazzy DEBUGINFOD_URLS=https://debuginfod.ubuntu.com /usr/bin/cmake /home/ziad/ziad_ws/ROS2/tutorials_work_sapce/src/simple_pub_sub -DCMAKE_INSTALL_PREFIX=/home/ziad/ziad_ws/ROS2/tutorials_work_sapce/install/simple_pub_sub
[1.665s] Invoking command in '/home/ziad/ziad_ws/ROS2/tutorials_work_sapce/build/simple_pub_sub': CMAKE_PREFIX_PATH=${CMAKE_PREFIX_PATH}:/opt/ros/jazzy DEBUGINFOD_URLS=https://debuginfod.ubuntu.com /usr/bin/cmake --build /home/ziad/ziad_ws/ROS2/tutorials_work_sapce/build/simple_pub_sub -- -j4 -l4
[1.729s] [ 50%] [32mBuilding CXX object CMakeFiles/subscriber.dir/src/sub.cpp.o[0m
[1.730s] [ 50%] [32mBuilding CXX object CMakeFiles/publisher.dir/src/pub.cpp.o[0m
[2.040s] [01m[K/home/ziad/ziad_ws/ROS2/tutorials_work_sapce/src/simple_pub_sub/src/pub.cpp:2:10:[m[K [01;31m[Kfatal error: [m[Kros2_service/msg/num.hpp: No such file or directory
[2.041s]     2 | #include [01;31m[K<ros2_service/msg/num.hpp>[m[K
[2.041s]       |          [01;31m[K^~~~~~~~~~~~~~~~~~~~~~~~~~[m[K
[2.041s] compilation terminated.
[2.042s] [01m[K/home/ziad/ziad_ws/ROS2/tutorials_work_sapce/src/simple_pub_sub/src/sub.cpp:2:10:[m[K [01;31m[Kfatal error: [m[Kros2_service/msg/num.hpp: No such file or directory
[2.042s]     2 | #include [01;31m[K<ros2_service/msg/num.hpp>[m[K
[2.042s]       |          [01;31m[K^~~~~~~~~~~~~~~~~~~~~~~~~~[m[K
[2.043s] compilation terminated.
[2.047s] gmake[2]: *** [CMakeFiles/subscriber.dir/build.make:76: CMakeFiles/subscriber.dir/src/sub.cpp.o] Error 1
[2.047s] gmake[2]: *** [CMakeFiles/publisher.dir/build.make:76: CMakeFiles/publisher.dir/src/pub.cpp.o] Error 1
[2.047s] gmake[1]: *** [CMakeFiles/Makefile2:139: CMakeFiles/publisher.dir/all] Error 2
[2.048s] gmake[1]: *** Waiting for unfinished jobs....
[2.048s] gmake[1]: *** [CMakeFiles/Makefile2:165: CMakeFiles/subscriber.dir/all] Error 2
[2.048s] gmake: *** [Makefile:146: all] Error 2
[2.050s] Invoked command in '/home/ziad/ziad_ws/ROS2/tutorials_work_sapce/build/simple_pub_sub' returned '2': CMAKE_PREFIX_PATH=${CMAKE_PREFIX_PATH}:/opt/ros/jazzy DEBUGINFOD_URLS=https://debuginfod.ubuntu.com /usr/bin/cmake --build /home/ziad/ziad_ws/ROS2/tutorials_work_sapce/build/simple_pub_sub -- -j4 -l4
