[0.032s] Invoking command in '/home/ziad/Ziad_WS/ROS2/work_space/build/publisher_subscriber': CMAKE_PREFIX_PATH=${CMAKE_PREFIX_PATH}:/opt/ros/humble /usr/bin/cmake --build /home/ziad/Ziad_WS/ROS2/work_space/build/publisher_subscriber -- -j4 -l4
[0.157s] [ 50%] Built target publisher
[0.158s] [100%] Built target subscriber
[0.207s] Invoked command in '/home/ziad/Ziad_WS/ROS2/work_space/build/publisher_subscriber' returned '0': CMAKE_PREFIX_PATH=${CMAKE_PREFIX_PATH}:/opt/ros/humble /usr/bin/cmake --build /home/ziad/Ziad_WS/ROS2/work_space/build/publisher_subscriber -- -j4 -l4
[0.210s] Invoking command in '/home/ziad/Ziad_WS/ROS2/work_space/build/publisher_subscriber': CMAKE_PREFIX_PATH=${CMAKE_PREFIX_PATH}:/opt/ros/humble /usr/bin/cmake --install /home/ziad/Ziad_WS/ROS2/work_space/build/publisher_subscriber
[0.225s] -- Install configuration: ""
[0.226s] -- Execute custom install script
[0.226s] -- Up-to-date symlink: /home/ziad/Ziad_WS/ROS2/work_space/install/publisher_subscriber/lib/publisher_subscriber/subscriber
[0.227s] -- Up-to-date symlink: /home/ziad/Ziad_WS/ROS2/work_space/install/publisher_subscriber/lib/publisher_subscriber/publisher
[0.227s] -- Up-to-date symlink: /home/ziad/Ziad_WS/ROS2/work_space/install/publisher_subscriber/share/publisher_subscriber/launch/run.launch.py
[0.228s] -- Up-to-date symlink: /home/ziad/Ziad_WS/ROS2/work_space/install/publisher_subscriber/share/ament_index/resource_index/package_run_dependencies/publisher_subscriber
[0.228s] -- Up-to-date symlink: /home/ziad/Ziad_WS/ROS2/work_space/install/publisher_subscriber/share/ament_index/resource_index/parent_prefix_path/publisher_subscriber
[0.228s] -- Up-to-date symlink: /home/ziad/Ziad_WS/ROS2/work_space/install/publisher_subscriber/share/publisher_subscriber/environment/ament_prefix_path.sh
[0.229s] -- Up-to-date symlink: /home/ziad/Ziad_WS/ROS2/work_space/install/publisher_subscriber/share/publisher_subscriber/environment/ament_prefix_path.dsv
[0.230s] -- Up-to-date symlink: /home/ziad/Ziad_WS/ROS2/work_space/install/publisher_subscriber/share/publisher_subscriber/environment/path.sh
[0.230s] -- Up-to-date symlink: /home/ziad/Ziad_WS/ROS2/work_space/install/publisher_subscriber/share/publisher_subscriber/environment/path.dsv
[0.230s] -- Up-to-date symlink: /home/ziad/Ziad_WS/ROS2/work_space/install/publisher_subscriber/share/publisher_subscriber/local_setup.bash
[0.230s] -- Up-to-date symlink: /home/ziad/Ziad_WS/ROS2/work_space/install/publisher_subscriber/share/publisher_subscriber/local_setup.sh
[0.231s] -- Up-to-date symlink: /home/ziad/Ziad_WS/ROS2/work_space/install/publisher_subscriber/share/publisher_subscriber/local_setup.zsh
[0.231s] -- Up-to-date symlink: /home/ziad/Ziad_WS/ROS2/work_space/install/publisher_subscriber/share/publisher_subscriber/local_setup.dsv
[0.231s] -- Symlinking: /home/ziad/Ziad_WS/ROS2/work_space/install/publisher_subscriber/share/publisher_subscriber/package.dsv
[0.260s] -- Up-to-date symlink: /home/ziad/Ziad_WS/ROS2/work_space/install/publisher_subscriber/share/ament_index/resource_index/packages/publisher_subscriber
[0.261s] -- Up-to-date symlink: /home/ziad/Ziad_WS/ROS2/work_space/install/publisher_subscriber/share/publisher_subscriber/cmake/publisher_subscriberConfig.cmake
[0.261s] -- Up-to-date symlink: /home/ziad/Ziad_WS/ROS2/work_space/install/publisher_subscriber/share/publisher_subscriber/cmake/publisher_subscriberConfig-version.cmake
[0.265s] -- Up-to-date symlink: /home/ziad/Ziad_WS/ROS2/work_space/install/publisher_subscriber/share/publisher_subscriber/package.xml
[0.266s] Invoked command in '/home/ziad/Ziad_WS/ROS2/work_space/build/publisher_subscriber' returned '0': CMAKE_PREFIX_PATH=${CMAKE_PREFIX_PATH}:/opt/ros/humble /usr/bin/cmake --install /home/ziad/Ziad_WS/ROS2/work_space/build/publisher_subscriber
