[0.028s] Invoking command in '/home/ziad/ziad_ws/ROS2/turtlebot3_ws/build/turtlebot3_cartographer': CMAKE_PREFIX_PATH=${CMAKE_PREFIX_PATH}:/home/ziad/ziad_ws/ROS2/turtlebot3_ws/install/turtlebot3_teleop:/home/ziad/ziad_ws/ROS2/turtlebot3_ws/install/turtlebot3_example:/opt/ros/humble /usr/bin/cmake /home/ziad/ziad_ws/ROS2/turtlebot3_ws/src/turtlebot3/turtlebot3_cartographer -DCMAKE_INSTALL_PREFIX=/home/ziad/ziad_ws/ROS2/turtlebot3_ws/install/turtlebot3_cartographer
[0.055s] -- Found ament_cmake: 1.3.12 (/opt/ros/humble/share/ament_cmake/cmake)
[0.366s] -- Override CMake install command with custom implementation using symlinks instead of copying resources
[0.549s] -- Configuring done
[0.557s] -- Generating done
[0.560s] -- Build files have been written to: /home/ziad/ziad_ws/ROS2/turtlebot3_ws/build/turtlebot3_cartographer
[0.565s] Invoked command in '/home/ziad/ziad_ws/ROS2/turtlebot3_ws/build/turtlebot3_cartographer' returned '0': CMAKE_PREFIX_PATH=${CMAKE_PREFIX_PATH}:/home/ziad/ziad_ws/ROS2/turtlebot3_ws/install/turtlebot3_teleop:/home/ziad/ziad_ws/ROS2/turtlebot3_ws/install/turtlebot3_example:/opt/ros/humble /usr/bin/cmake /home/ziad/ziad_ws/ROS2/turtlebot3_ws/src/turtlebot3/turtlebot3_cartographer -DCMAKE_INSTALL_PREFIX=/home/ziad/ziad_ws/ROS2/turtlebot3_ws/install/turtlebot3_cartographer
[0.568s] Invoking command in '/home/ziad/ziad_ws/ROS2/turtlebot3_ws/build/turtlebot3_cartographer': CMAKE_PREFIX_PATH=${CMAKE_PREFIX_PATH}:/home/ziad/ziad_ws/ROS2/turtlebot3_ws/install/turtlebot3_teleop:/home/ziad/ziad_ws/ROS2/turtlebot3_ws/install/turtlebot3_example:/opt/ros/humble /usr/bin/cmake --build /home/ziad/ziad_ws/ROS2/turtlebot3_ws/build/turtlebot3_cartographer -- -j4 -l4
[0.646s] Invoked command in '/home/ziad/ziad_ws/ROS2/turtlebot3_ws/build/turtlebot3_cartographer' returned '0': CMAKE_PREFIX_PATH=${CMAKE_PREFIX_PATH}:/home/ziad/ziad_ws/ROS2/turtlebot3_ws/install/turtlebot3_teleop:/home/ziad/ziad_ws/ROS2/turtlebot3_ws/install/turtlebot3_example:/opt/ros/humble /usr/bin/cmake --build /home/ziad/ziad_ws/ROS2/turtlebot3_ws/build/turtlebot3_cartographer -- -j4 -l4
[0.651s] Invoking command in '/home/ziad/ziad_ws/ROS2/turtlebot3_ws/build/turtlebot3_cartographer': CMAKE_PREFIX_PATH=${CMAKE_PREFIX_PATH}:/home/ziad/ziad_ws/ROS2/turtlebot3_ws/install/turtlebot3_teleop:/home/ziad/ziad_ws/ROS2/turtlebot3_ws/install/turtlebot3_example:/opt/ros/humble /usr/bin/cmake --install /home/ziad/ziad_ws/ROS2/turtlebot3_ws/build/turtlebot3_cartographer
[0.665s] -- Install configuration: ""
[0.666s] -- Execute custom install script
[0.667s] -- Up-to-date symlink: /home/ziad/ziad_ws/ROS2/turtlebot3_ws/install/turtlebot3_cartographer/share/turtlebot3_cartographer/config/turtlebot3_lds_2d.lua
[0.668s] -- Up-to-date symlink: /home/ziad/ziad_ws/ROS2/turtlebot3_ws/install/turtlebot3_cartographer/share/turtlebot3_cartographer/launch/cartographer.launch.py
[0.669s] -- Up-to-date symlink: /home/ziad/ziad_ws/ROS2/turtlebot3_ws/install/turtlebot3_cartographer/share/turtlebot3_cartographer/launch/occupancy_grid.launch.py
[0.671s] -- Up-to-date symlink: /home/ziad/ziad_ws/ROS2/turtlebot3_ws/install/turtlebot3_cartographer/share/turtlebot3_cartographer/rviz/tb3_cartographer.rviz
[0.671s] -- Up-to-date symlink: /home/ziad/ziad_ws/ROS2/turtlebot3_ws/install/turtlebot3_cartographer/share/ament_index/resource_index/package_run_dependencies/turtlebot3_cartographer
[0.672s] -- Up-to-date symlink: /home/ziad/ziad_ws/ROS2/turtlebot3_ws/install/turtlebot3_cartographer/share/ament_index/resource_index/parent_prefix_path/turtlebot3_cartographer
[0.673s] -- Up-to-date symlink: /home/ziad/ziad_ws/ROS2/turtlebot3_ws/install/turtlebot3_cartographer/share/turtlebot3_cartographer/environment/ament_prefix_path.sh
[0.673s] -- Up-to-date symlink: /home/ziad/ziad_ws/ROS2/turtlebot3_ws/install/turtlebot3_cartographer/share/turtlebot3_cartographer/environment/ament_prefix_path.dsv
[0.674s] -- Up-to-date symlink: /home/ziad/ziad_ws/ROS2/turtlebot3_ws/install/turtlebot3_cartographer/share/turtlebot3_cartographer/environment/path.sh
[0.676s] -- Up-to-date symlink: /home/ziad/ziad_ws/ROS2/turtlebot3_ws/install/turtlebot3_cartographer/share/turtlebot3_cartographer/environment/path.dsv
[0.676s] -- Up-to-date symlink: /home/ziad/ziad_ws/ROS2/turtlebot3_ws/install/turtlebot3_cartographer/share/turtlebot3_cartographer/local_setup.bash
[0.676s] -- Up-to-date symlink: /home/ziad/ziad_ws/ROS2/turtlebot3_ws/install/turtlebot3_cartographer/share/turtlebot3_cartographer/local_setup.sh
[0.677s] -- Up-to-date symlink: /home/ziad/ziad_ws/ROS2/turtlebot3_ws/install/turtlebot3_cartographer/share/turtlebot3_cartographer/local_setup.zsh
[0.677s] -- Up-to-date symlink: /home/ziad/ziad_ws/ROS2/turtlebot3_ws/install/turtlebot3_cartographer/share/turtlebot3_cartographer/local_setup.dsv
[0.677s] -- Symlinking: /home/ziad/ziad_ws/ROS2/turtlebot3_ws/install/turtlebot3_cartographer/share/turtlebot3_cartographer/package.dsv
[0.693s] -- Up-to-date symlink: /home/ziad/ziad_ws/ROS2/turtlebot3_ws/install/turtlebot3_cartographer/share/ament_index/resource_index/packages/turtlebot3_cartographer
[0.693s] -- Up-to-date symlink: /home/ziad/ziad_ws/ROS2/turtlebot3_ws/install/turtlebot3_cartographer/share/turtlebot3_cartographer/cmake/turtlebot3_cartographerConfig.cmake
[0.694s] -- Up-to-date symlink: /home/ziad/ziad_ws/ROS2/turtlebot3_ws/install/turtlebot3_cartographer/share/turtlebot3_cartographer/cmake/turtlebot3_cartographerConfig-version.cmake
[0.695s] -- Up-to-date symlink: /home/ziad/ziad_ws/ROS2/turtlebot3_ws/install/turtlebot3_cartographer/share/turtlebot3_cartographer/package.xml
[0.702s] Invoked command in '/home/ziad/ziad_ws/ROS2/turtlebot3_ws/build/turtlebot3_cartographer' returned '0': CMAKE_PREFIX_PATH=${CMAKE_PREFIX_PATH}:/home/ziad/ziad_ws/ROS2/turtlebot3_ws/install/turtlebot3_teleop:/home/ziad/ziad_ws/ROS2/turtlebot3_ws/install/turtlebot3_example:/opt/ros/humble /usr/bin/cmake --install /home/ziad/ziad_ws/ROS2/turtlebot3_ws/build/turtlebot3_cartographer
