[0.019s] Invoking command in '/home/ziad/ziad_ws/ROS2/turtlebot3_ws/build/turtlebot3_msgs': CMAKE_PREFIX_PATH=/opt/ros/humble /usr/bin/cmake /home/ziad/ziad_ws/ROS2/turtlebot3_ws/src/turtlebot3_msgs -DCMAKE_INSTALL_PREFIX=/home/ziad/ziad_ws/ROS2/turtlebot3_ws/install/turtlebot3_msgs
[0.048s] -- Found action_msgs: 1.2.2 (/opt/ros/humble/share/action_msgs/cmake)
[0.415s] -- Override CMake install command with custom implementation using symlinks instead of copying resources
[0.563s] -- Found rosidl_generator_c: 3.1.7 (/opt/ros/humble/share/rosidl_generator_c/cmake)
[0.573s] -- Found rosidl_adapter: 3.1.7 (/opt/ros/humble/share/rosidl_adapter/cmake)
[0.597s] -- Found rosidl_generator_cpp: 3.1.7 (/opt/ros/humble/share/rosidl_generator_cpp/cmake)
[0.648s] -- Using all available rosidl_typesupport_c: rosidl_typesupport_fastrtps_c;rosidl_typesupport_introspection_c
[0.709s] -- Using all available rosidl_typesupport_cpp: rosidl_typesupport_fastrtps_cpp;rosidl_typesupport_introspection_cpp
[0.804s] -- Found rosidl_default_generators: 1.2.0 (/opt/ros/humble/share/rosidl_default_generators/cmake)
[0.821s] -- Found std_msgs: 4.9.0 (/opt/ros/humble/share/std_msgs/cmake)
[0.848s] -- Found geometry_msgs: 4.9.0 (/opt/ros/humble/share/geometry_msgs/cmake)
[1.930s] -- Found ament_cmake_cppcheck: 0.12.14 (/opt/ros/humble/share/ament_cmake_cppcheck/cmake)
[1.936s] -- Found ament_cmake_cpplint: 0.12.14 (/opt/ros/humble/share/ament_cmake_cpplint/cmake)
[1.986s] [31mCMake Error at /opt/ros/humble/share/rosidl_generator_c/cmake/rosidl_generator_c_generate_interfaces.cmake:193 (find_package):
[1.986s]   By not providing "Findament_cmake_uncrustify.cmake" in CMAKE_MODULE_PATH
[1.987s]   this project has asked CMake to find a package configuration file provided
[1.987s]   by "ament_cmake_uncrustify", but CMake did not find one.
[1.987s] 
[1.987s]   Could not find a package configuration file provided by
[1.987s]   "ament_cmake_uncrustify" with any of the following names:
[1.987s] 
[1.987s]     ament_cmake_uncrustifyConfig.cmake
[1.987s]     ament_cmake_uncrustify-config.cmake
[1.988s] 
[1.988s]   Add the installation prefix of "ament_cmake_uncrustify" to
[1.988s]   CMAKE_PREFIX_PATH or set "ament_cmake_uncrustify_DIR" to a directory
[1.988s]   containing one of the above files.  If "ament_cmake_uncrustify" provides a
[1.988s]   separate development package or SDK, be sure it has been installed.
[1.988s] Call Stack (most recent call first):
[1.988s]   /opt/ros/humble/share/ament_cmake_core/cmake/core/ament_execute_extensions.cmake:48 (include)
[1.988s]   /opt/ros/humble/share/rosidl_cmake/cmake/rosidl_generate_interfaces.cmake:286 (ament_execute_extensions)
[1.989s]   CMakeLists.txt:47 (rosidl_generate_interfaces)
[1.989s] 
[1.989s] [0m
[1.995s] -- Configuring incomplete, errors occurred!
[1.995s] See also "/home/ziad/ziad_ws/ROS2/turtlebot3_ws/build/turtlebot3_msgs/CMakeFiles/CMakeOutput.log".
[2.056s] Invoked command in '/home/ziad/ziad_ws/ROS2/turtlebot3_ws/build/turtlebot3_msgs' returned '1': CMAKE_PREFIX_PATH=/opt/ros/humble /usr/bin/cmake /home/ziad/ziad_ws/ROS2/turtlebot3_ws/src/turtlebot3_msgs -DCMAKE_INSTALL_PREFIX=/home/ziad/ziad_ws/ROS2/turtlebot3_ws/install/turtlebot3_msgs
