[0.029s] Invoking command in '/home/ziad/ziad_ws/ROS2/work_space/build/custom_robot': CMAKE_PREFIX_PATH=${CMAKE_PREFIX_PATH}:/home/ziad/ziad_ws/ROS2/turtlebot3_ws/install/turtlebot3_teleop:/home/ziad/ziad_ws/ROS2/turtlebot3_ws/install/turtlebot3_example:/opt/ros/humble /usr/bin/cmake /home/ziad/ziad_ws/ROS2/work_space/src/custom_robot -DCMAKE_INSTALL_PREFIX=/home/ziad/ziad_ws/ROS2/work_space/install/custom_robot
[0.235s] -- The C compiler identification is GNU 11.4.0
[0.390s] -- The CXX compiler identification is GNU 11.4.0
[0.410s] -- Detecting C compiler ABI info
[0.518s] -- Detecting C compiler ABI info - done
[0.527s] -- Check for working C compiler: /usr/bin/cc - skipped
[0.528s] -- Detecting C compile features
[0.529s] -- Detecting C compile features - done
[0.532s] -- Detecting CXX compiler ABI info
[0.625s] -- Detecting CXX compiler ABI info - done
[0.635s] -- Check for working CXX compiler: /usr/bin/c++ - skipped
[0.635s] -- Detecting CXX compile features
[0.636s] -- Detecting CXX compile features - done
[0.643s] -- Found ament_cmake: 1.3.12 (/opt/ros/humble/share/ament_cmake/cmake)
[0.840s] -- Found Python3: /usr/bin/python3 (found version "3.10.12") found components: Interpreter 
[1.015s] -- Found rclcpp: 16.0.15 (/opt/ros/humble/share/rclcpp/cmake)
[1.112s] -- Found rosidl_generator_c: 3.1.7 (/opt/ros/humble/share/rosidl_generator_c/cmake)
[1.124s] -- Found rosidl_adapter: 3.1.7 (/opt/ros/humble/share/rosidl_adapter/cmake)
[1.141s] -- Found rosidl_generator_cpp: 3.1.7 (/opt/ros/humble/share/rosidl_generator_cpp/cmake)
[1.165s] -- Using all available rosidl_typesupport_c: rosidl_typesupport_fastrtps_c;rosidl_typesupport_introspection_c
[1.197s] -- Using all available rosidl_typesupport_cpp: rosidl_typesupport_fastrtps_cpp;rosidl_typesupport_introspection_cpp
[1.285s] -- Found rmw_implementation_cmake: 6.1.2 (/opt/ros/humble/share/rmw_implementation_cmake/cmake)
[1.291s] -- Found rmw_fastrtps_cpp: 6.2.8 (/opt/ros/humble/share/rmw_fastrtps_cpp/cmake)
[1.421s] -- Found OpenSSL: /usr/lib/x86_64-linux-gnu/libcrypto.so (found version "3.0.2")  
[1.456s] -- Found FastRTPS: /opt/ros/humble/include  
[1.508s] -- Using RMW implementation 'rmw_fastrtps_cpp' as default
[1.525s] -- Looking for pthread.h
[1.611s] -- Looking for pthread.h - found
[1.611s] -- Performing Test CMAKE_HAVE_LIBC_PTHREAD
[1.693s] -- Performing Test CMAKE_HAVE_LIBC_PTHREAD - Success
[1.694s] -- Found Threads: TRUE  
[1.794s] -- Found ament_lint_auto: 0.12.14 (/opt/ros/humble/share/ament_lint_auto/cmake)
[1.918s] -- Added test 'flake8' to check Python code syntax and style conventions
[1.920s] -- Added test 'lint_cmake' to check CMake code style
[1.921s] -- Added test 'pep257' to check Python code against some of the docstring style conventions in PEP 257
[1.923s] -- Added test 'xmllint' to check XML markup files
[1.925s] -- Configuring done
[1.930s] -- Generating done
[1.933s] -- Build files have been written to: /home/ziad/ziad_ws/ROS2/work_space/build/custom_robot
[1.943s] Invoked command in '/home/ziad/ziad_ws/ROS2/work_space/build/custom_robot' returned '0': CMAKE_PREFIX_PATH=${CMAKE_PREFIX_PATH}:/home/ziad/ziad_ws/ROS2/turtlebot3_ws/install/turtlebot3_teleop:/home/ziad/ziad_ws/ROS2/turtlebot3_ws/install/turtlebot3_example:/opt/ros/humble /usr/bin/cmake /home/ziad/ziad_ws/ROS2/work_space/src/custom_robot -DCMAKE_INSTALL_PREFIX=/home/ziad/ziad_ws/ROS2/work_space/install/custom_robot
[1.945s] Invoking command in '/home/ziad/ziad_ws/ROS2/work_space/build/custom_robot': CMAKE_PREFIX_PATH=${CMAKE_PREFIX_PATH}:/home/ziad/ziad_ws/ROS2/turtlebot3_ws/install/turtlebot3_teleop:/home/ziad/ziad_ws/ROS2/turtlebot3_ws/install/turtlebot3_example:/opt/ros/humble /usr/bin/cmake --build /home/ziad/ziad_ws/ROS2/work_space/build/custom_robot -- -j4 -l4
[1.988s] Invoked command in '/home/ziad/ziad_ws/ROS2/work_space/build/custom_robot' returned '0': CMAKE_PREFIX_PATH=${CMAKE_PREFIX_PATH}:/home/ziad/ziad_ws/ROS2/turtlebot3_ws/install/turtlebot3_teleop:/home/ziad/ziad_ws/ROS2/turtlebot3_ws/install/turtlebot3_example:/opt/ros/humble /usr/bin/cmake --build /home/ziad/ziad_ws/ROS2/work_space/build/custom_robot -- -j4 -l4
[1.989s] Invoking command in '/home/ziad/ziad_ws/ROS2/work_space/build/custom_robot': CMAKE_PREFIX_PATH=${CMAKE_PREFIX_PATH}:/home/ziad/ziad_ws/ROS2/turtlebot3_ws/install/turtlebot3_teleop:/home/ziad/ziad_ws/ROS2/turtlebot3_ws/install/turtlebot3_example:/opt/ros/humble /usr/bin/cmake --install /home/ziad/ziad_ws/ROS2/work_space/build/custom_robot
[1.998s] -- Install configuration: ""
[1.998s] -- Installing: /home/ziad/ziad_ws/ROS2/work_space/install/custom_robot/share/custom_robot/launch
[1.998s] -- Installing: /home/ziad/ziad_ws/ROS2/work_space/install/custom_robot/share/custom_robot/launch/display.launch.py
[1.998s] -- Installing: /home/ziad/ziad_ws/ROS2/work_space/install/custom_robot/share/custom_robot/launch/gazebo.launch.py
[1.998s] -- Installing: /home/ziad/ziad_ws/ROS2/work_space/install/custom_robot/share/custom_robot/urdf
[1.998s] -- Installing: /home/ziad/ziad_ws/ROS2/work_space/install/custom_robot/share/custom_robot/urdf/robot.urdf
[1.998s] -- Installing: /home/ziad/ziad_ws/ROS2/work_space/install/custom_robot/share/ament_index/resource_index/package_run_dependencies/custom_robot
[1.999s] -- Installing: /home/ziad/ziad_ws/ROS2/work_space/install/custom_robot/share/ament_index/resource_index/parent_prefix_path/custom_robot
[1.999s] -- Installing: /home/ziad/ziad_ws/ROS2/work_space/install/custom_robot/share/custom_robot/environment/ament_prefix_path.sh
[1.999s] -- Installing: /home/ziad/ziad_ws/ROS2/work_space/install/custom_robot/share/custom_robot/environment/ament_prefix_path.dsv
[1.999s] -- Installing: /home/ziad/ziad_ws/ROS2/work_space/install/custom_robot/share/custom_robot/environment/path.sh
[1.999s] -- Installing: /home/ziad/ziad_ws/ROS2/work_space/install/custom_robot/share/custom_robot/environment/path.dsv
[1.999s] -- Installing: /home/ziad/ziad_ws/ROS2/work_space/install/custom_robot/share/custom_robot/local_setup.bash
[2.000s] -- Installing: /home/ziad/ziad_ws/ROS2/work_space/install/custom_robot/share/custom_robot/local_setup.sh
[2.000s] -- Installing: /home/ziad/ziad_ws/ROS2/work_space/install/custom_robot/share/custom_robot/local_setup.zsh
[2.000s] -- Installing: /home/ziad/ziad_ws/ROS2/work_space/install/custom_robot/share/custom_robot/local_setup.dsv
[2.000s] -- Installing: /home/ziad/ziad_ws/ROS2/work_space/install/custom_robot/share/custom_robot/package.dsv
[2.000s] -- Installing: /home/ziad/ziad_ws/ROS2/work_space/install/custom_robot/share/ament_index/resource_index/packages/custom_robot
[2.000s] -- Installing: /home/ziad/ziad_ws/ROS2/work_space/install/custom_robot/share/custom_robot/cmake/custom_robotConfig.cmake
[2.001s] -- Installing: /home/ziad/ziad_ws/ROS2/work_space/install/custom_robot/share/custom_robot/cmake/custom_robotConfig-version.cmake
[2.001s] -- Installing: /home/ziad/ziad_ws/ROS2/work_space/install/custom_robot/share/custom_robot/package.xml
[2.003s] Invoked command in '/home/ziad/ziad_ws/ROS2/work_space/build/custom_robot' returned '0': CMAKE_PREFIX_PATH=${CMAKE_PREFIX_PATH}:/home/ziad/ziad_ws/ROS2/turtlebot3_ws/install/turtlebot3_teleop:/home/ziad/ziad_ws/ROS2/turtlebot3_ws/install/turtlebot3_example:/opt/ros/humble /usr/bin/cmake --install /home/ziad/ziad_ws/ROS2/work_space/build/custom_robot
