[0.048s] Invoking command in '/home/ziad/Ziad_WS/ROS2/work_space/build/publisher_subscriber': CMAKE_PREFIX_PATH=${CMAKE_PREFIX_PATH}:/opt/ros/humble /usr/bin/cmake --build /home/ziad/Ziad_WS/ROS2/work_space/build/publisher_subscriber -- -j4 -l4
[0.233s] [35m[1mConsolidate compiler generated dependencies of target subscriber[0m
[0.254s] [35m[1mConsolidate compiler generated dependencies of target publisher[0m
[0.297s] [ 50%] Built target subscriber
[0.301s] [100%] Built target publisher
[0.328s] Invoked command in '/home/ziad/Ziad_WS/ROS2/work_space/build/publisher_subscriber' returned '0': CMAKE_PREFIX_PATH=${CMAKE_PREFIX_PATH}:/opt/ros/humble /usr/bin/cmake --build /home/ziad/Ziad_WS/ROS2/work_space/build/publisher_subscriber -- -j4 -l4
[0.329s] Invoking command in '/home/ziad/Ziad_WS/ROS2/work_space/build/publisher_subscriber': CMAKE_PREFIX_PATH=${CMAKE_PREFIX_PATH}:/opt/ros/humble /usr/bin/cmake --install /home/ziad/Ziad_WS/ROS2/work_space/build/publisher_subscriber
[0.345s] -- Install configuration: "Release"
[0.346s] -- Execute custom install script
[0.350s] -- Up-to-date symlink: /home/ziad/Ziad_WS/ROS2/work_space/install/publisher_subscriber/lib/publisher_subscriber/subscriber
[0.351s] -- Up-to-date symlink: /home/ziad/Ziad_WS/ROS2/work_space/install/publisher_subscriber/lib/publisher_subscriber/publisher
[0.353s] -- Up-to-date symlink: /home/ziad/Ziad_WS/ROS2/work_space/install/publisher_subscriber/share/publisher_subscriber/launch/run.launch.py
[0.353s] -- Up-to-date symlink: /home/ziad/Ziad_WS/ROS2/work_space/install/publisher_subscriber/share/ament_index/resource_index/package_run_dependencies/publisher_subscriber
[0.354s] -- Up-to-date symlink: /home/ziad/Ziad_WS/ROS2/work_space/install/publisher_subscriber/share/ament_index/resource_index/parent_prefix_path/publisher_subscriber
[0.356s] -- Up-to-date symlink: /home/ziad/Ziad_WS/ROS2/work_space/install/publisher_subscriber/share/publisher_subscriber/environment/ament_prefix_path.sh
[0.358s] -- Up-to-date symlink: /home/ziad/Ziad_WS/ROS2/work_space/install/publisher_subscriber/share/publisher_subscriber/environment/ament_prefix_path.dsv
[0.359s] -- Up-to-date symlink: /home/ziad/Ziad_WS/ROS2/work_space/install/publisher_subscriber/share/publisher_subscriber/environment/path.sh
[0.365s] -- Up-to-date symlink: /home/ziad/Ziad_WS/ROS2/work_space/install/publisher_subscriber/share/publisher_subscriber/environment/path.dsv
[0.367s] -- Up-to-date symlink: /home/ziad/Ziad_WS/ROS2/work_space/install/publisher_subscriber/share/publisher_subscriber/local_setup.bash
[0.368s] -- Up-to-date symlink: /home/ziad/Ziad_WS/ROS2/work_space/install/publisher_subscriber/share/publisher_subscriber/local_setup.sh
[0.368s] -- Up-to-date symlink: /home/ziad/Ziad_WS/ROS2/work_space/install/publisher_subscriber/share/publisher_subscriber/local_setup.zsh
[0.369s] -- Up-to-date symlink: /home/ziad/Ziad_WS/ROS2/work_space/install/publisher_subscriber/share/publisher_subscriber/local_setup.dsv
[0.371s] -- Symlinking: /home/ziad/Ziad_WS/ROS2/work_space/install/publisher_subscriber/share/publisher_subscriber/package.dsv
[0.389s] -- Up-to-date symlink: /home/ziad/Ziad_WS/ROS2/work_space/install/publisher_subscriber/share/ament_index/resource_index/packages/publisher_subscriber
[0.391s] -- Up-to-date symlink: /home/ziad/Ziad_WS/ROS2/work_space/install/publisher_subscriber/share/publisher_subscriber/cmake/publisher_subscriberConfig.cmake
[0.391s] -- Up-to-date symlink: /home/ziad/Ziad_WS/ROS2/work_space/install/publisher_subscriber/share/publisher_subscriber/cmake/publisher_subscriberConfig-version.cmake
[0.394s] -- Up-to-date symlink: /home/ziad/Ziad_WS/ROS2/work_space/install/publisher_subscriber/share/publisher_subscriber/package.xml
[0.397s] Invoked command in '/home/ziad/Ziad_WS/ROS2/work_space/build/publisher_subscriber' returned '0': CMAKE_PREFIX_PATH=${CMAKE_PREFIX_PATH}:/opt/ros/humble /usr/bin/cmake --install /home/ziad/Ziad_WS/ROS2/work_space/build/publisher_subscriber
