[0.062s] Invoking command in '/home/ziad/Ziad_WS/ROS2/work_space/build/publisher_subscriber': CMAKE_PREFIX_PATH=${CMAKE_PREFIX_PATH}:/opt/ros/humble /usr/bin/cmake --build /home/ziad/Ziad_WS/ROS2/work_space/build/publisher_subscriber -- -j4 -l4
[0.431s] [ 50%] Built target publisher
[0.449s] [100%] Built target subscriber
[0.491s] Invoked command in '/home/ziad/Ziad_WS/ROS2/work_space/build/publisher_subscriber' returned '0': CMAKE_PREFIX_PATH=${CMAKE_PREFIX_PATH}:/opt/ros/humble /usr/bin/cmake --build /home/ziad/Ziad_WS/ROS2/work_space/build/publisher_subscriber -- -j4 -l4
[0.497s] Invoking command in '/home/ziad/Ziad_WS/ROS2/work_space/build/publisher_subscriber': CMAKE_PREFIX_PATH=${CMAKE_PREFIX_PATH}:/opt/ros/humble /usr/bin/cmake --install /home/ziad/Ziad_WS/ROS2/work_space/build/publisher_subscriber
[0.515s] -- Install configuration: ""
[0.516s] -- Execute custom install script
[0.516s] -- Up-to-date symlink: /home/ziad/Ziad_WS/ROS2/work_space/install/publisher_subscriber/lib/publisher_subscriber/subscriber
[0.516s] -- Up-to-date symlink: /home/ziad/Ziad_WS/ROS2/work_space/install/publisher_subscriber/lib/publisher_subscriber/publisher
[0.517s] -- Up-to-date symlink: /home/ziad/Ziad_WS/ROS2/work_space/install/publisher_subscriber/share/publisher_subscriber/launch/run.launch.py
[0.519s] -- Up-to-date symlink: /home/ziad/Ziad_WS/ROS2/work_space/install/publisher_subscriber/share/ament_index/resource_index/package_run_dependencies/publisher_subscriber
[0.520s] -- Up-to-date symlink: /home/ziad/Ziad_WS/ROS2/work_space/install/publisher_subscriber/share/ament_index/resource_index/parent_prefix_path/publisher_subscriber
[0.520s] -- Up-to-date symlink: /home/ziad/Ziad_WS/ROS2/work_space/install/publisher_subscriber/share/publisher_subscriber/environment/ament_prefix_path.sh
[0.521s] -- Up-to-date symlink: /home/ziad/Ziad_WS/ROS2/work_space/install/publisher_subscriber/share/publisher_subscriber/environment/ament_prefix_path.dsv
[0.521s] -- Up-to-date symlink: /home/ziad/Ziad_WS/ROS2/work_space/install/publisher_subscriber/share/publisher_subscriber/environment/path.sh
[0.526s] -- Up-to-date symlink: /home/ziad/Ziad_WS/ROS2/work_space/install/publisher_subscriber/share/publisher_subscriber/environment/path.dsv
[0.529s] -- Up-to-date symlink: /home/ziad/Ziad_WS/ROS2/work_space/install/publisher_subscriber/share/publisher_subscriber/local_setup.bash
[0.530s] -- Up-to-date symlink: /home/ziad/Ziad_WS/ROS2/work_space/install/publisher_subscriber/share/publisher_subscriber/local_setup.sh
[0.530s] -- Up-to-date symlink: /home/ziad/Ziad_WS/ROS2/work_space/install/publisher_subscriber/share/publisher_subscriber/local_setup.zsh
[0.530s] -- Up-to-date symlink: /home/ziad/Ziad_WS/ROS2/work_space/install/publisher_subscriber/share/publisher_subscriber/local_setup.dsv
[0.530s] -- Symlinking: /home/ziad/Ziad_WS/ROS2/work_space/install/publisher_subscriber/share/publisher_subscriber/package.dsv
[0.549s] -- Up-to-date symlink: /home/ziad/Ziad_WS/ROS2/work_space/install/publisher_subscriber/share/ament_index/resource_index/packages/publisher_subscriber
[0.550s] -- Up-to-date symlink: /home/ziad/Ziad_WS/ROS2/work_space/install/publisher_subscriber/share/publisher_subscriber/cmake/publisher_subscriberConfig.cmake
[0.550s] -- Up-to-date symlink: /home/ziad/Ziad_WS/ROS2/work_space/install/publisher_subscriber/share/publisher_subscriber/cmake/publisher_subscriberConfig-version.cmake
[0.550s] -- Up-to-date symlink: /home/ziad/Ziad_WS/ROS2/work_space/install/publisher_subscriber/share/publisher_subscriber/package.xml
[0.651s] Invoked command in '/home/ziad/Ziad_WS/ROS2/work_space/build/publisher_subscriber' returned '0': CMAKE_PREFIX_PATH=${CMAKE_PREFIX_PATH}:/opt/ros/humble /usr/bin/cmake --install /home/ziad/Ziad_WS/ROS2/work_space/build/publisher_subscriber
