[0.098s] Invoking command in '/home/ziad/ziad_ws/ROS2/work_space/build/navigation': CMAKE_PREFIX_PATH=${CMAKE_PREFIX_PATH}:/home/ziad/ziad_ws/ROS2/turtlebot3_ws/install/turtlebot3_teleop:/home/ziad/ziad_ws/ROS2/turtlebot3_ws/install/turtlebot3_example:/opt/ros/humble /usr/bin/cmake /home/ziad/ziad_ws/ROS2/work_space/src/navigation -DCMAKE_INSTALL_PREFIX=/home/ziad/ziad_ws/ROS2/work_space/install/navigation
[0.169s] -- Found ament_cmake: 1.3.12 (/opt/ros/humble/share/ament_cmake/cmake)
[0.745s] -- Override CMake install command with custom implementation using symlinks instead of copying resources
[0.763s] -- Found nav2_bringup: 1.1.18 (/opt/ros/humble/share/nav2_bringup/cmake)
[0.768s] -- Found nav2_core: 1.1.18 (/opt/ros/humble/share/nav2_core/cmake)
[0.927s] -- Found rosidl_generator_c: 3.1.7 (/opt/ros/humble/share/rosidl_generator_c/cmake)
[0.938s] -- Found rosidl_adapter: 3.1.7 (/opt/ros/humble/share/rosidl_adapter/cmake)
[0.954s] -- Found rosidl_generator_cpp: 3.1.7 (/opt/ros/humble/share/rosidl_generator_cpp/cmake)
[1.001s] -- Using all available rosidl_typesupport_c: rosidl_typesupport_fastrtps_c;rosidl_typesupport_introspection_c
[1.054s] -- Using all available rosidl_typesupport_cpp: rosidl_typesupport_fastrtps_cpp;rosidl_typesupport_introspection_cpp
[1.302s] -- Found rmw_implementation_cmake: 6.1.2 (/opt/ros/humble/share/rmw_implementation_cmake/cmake)
[1.317s] -- Found rmw_fastrtps_cpp: 6.2.8 (/opt/ros/humble/share/rmw_fastrtps_cpp/cmake)
[1.676s] -- Using RMW implementation 'rmw_fastrtps_cpp' as default
[3.006s] -- Ensuring Eigen3 include directory is part of orocos-kdl CMake target
[3.435s] -- Found nav2_amcl: 1.1.18 (/opt/ros/humble/share/nav2_amcl/cmake)
[3.473s] -- Found nav2_map_server: 1.1.18 (/opt/ros/humble/share/nav2_map_server/cmake)
[3.542s] -- Found nav2_lifecycle_manager: 1.1.18 (/opt/ros/humble/share/nav2_lifecycle_manager/cmake)
[3.632s] -- Found ament_lint_auto: 0.12.14 (/opt/ros/humble/share/ament_lint_auto/cmake)
[3.781s] -- Added test 'flake8' to check Python code syntax and style conventions
[3.781s] -- Added test 'lint_cmake' to check CMake code style
[3.782s] -- Added test 'pep257' to check Python code against some of the docstring style conventions in PEP 257
[3.784s] -- Added test 'xmllint' to check XML markup files
[3.788s] -- Configuring done
[3.808s] -- Generating done
[3.821s] -- Build files have been written to: /home/ziad/ziad_ws/ROS2/work_space/build/navigation
[3.857s] Invoked command in '/home/ziad/ziad_ws/ROS2/work_space/build/navigation' returned '0': CMAKE_PREFIX_PATH=${CMAKE_PREFIX_PATH}:/home/ziad/ziad_ws/ROS2/turtlebot3_ws/install/turtlebot3_teleop:/home/ziad/ziad_ws/ROS2/turtlebot3_ws/install/turtlebot3_example:/opt/ros/humble /usr/bin/cmake /home/ziad/ziad_ws/ROS2/work_space/src/navigation -DCMAKE_INSTALL_PREFIX=/home/ziad/ziad_ws/ROS2/work_space/install/navigation
[3.858s] Invoking command in '/home/ziad/ziad_ws/ROS2/work_space/build/navigation': CMAKE_PREFIX_PATH=${CMAKE_PREFIX_PATH}:/home/ziad/ziad_ws/ROS2/turtlebot3_ws/install/turtlebot3_teleop:/home/ziad/ziad_ws/ROS2/turtlebot3_ws/install/turtlebot3_example:/opt/ros/humble /usr/bin/cmake --build /home/ziad/ziad_ws/ROS2/work_space/build/navigation -- -j4 -l4
[3.961s] Invoked command in '/home/ziad/ziad_ws/ROS2/work_space/build/navigation' returned '0': CMAKE_PREFIX_PATH=${CMAKE_PREFIX_PATH}:/home/ziad/ziad_ws/ROS2/turtlebot3_ws/install/turtlebot3_teleop:/home/ziad/ziad_ws/ROS2/turtlebot3_ws/install/turtlebot3_example:/opt/ros/humble /usr/bin/cmake --build /home/ziad/ziad_ws/ROS2/work_space/build/navigation -- -j4 -l4
[3.978s] Invoking command in '/home/ziad/ziad_ws/ROS2/work_space/build/navigation': CMAKE_PREFIX_PATH=${CMAKE_PREFIX_PATH}:/home/ziad/ziad_ws/ROS2/turtlebot3_ws/install/turtlebot3_teleop:/home/ziad/ziad_ws/ROS2/turtlebot3_ws/install/turtlebot3_example:/opt/ros/humble /usr/bin/cmake --install /home/ziad/ziad_ws/ROS2/work_space/build/navigation
[3.989s] -- Install configuration: ""
[3.990s] -- Execute custom install script
[4.006s] -- Up-to-date symlink: /home/ziad/ziad_ws/ROS2/work_space/install/navigation/share/navigation/maps/classroom_map.pgm
[4.014s] -- Up-to-date symlink: /home/ziad/ziad_ws/ROS2/work_space/install/navigation/share/navigation/maps/classroom_map.yaml
[4.022s] -- Up-to-date symlink: /home/ziad/ziad_ws/ROS2/work_space/install/navigation/share/navigation/maps/wider_classroom_map.pgm
[4.045s] -- Up-to-date symlink: /home/ziad/ziad_ws/ROS2/work_space/install/navigation/share/navigation/maps/wider_classroom_map.yaml
[4.081s] -- Up-to-date symlink: /home/ziad/ziad_ws/ROS2/work_space/install/navigation/share/navigation/launch/navigation_bringup.launch.py
[4.101s] -- Up-to-date symlink: /home/ziad/ziad_ws/ROS2/work_space/install/navigation/share/navigation/config/amcl.yaml
[4.111s] -- Up-to-date symlink: /home/ziad/ziad_ws/ROS2/work_space/install/navigation/share/navigation/config/navigation.yaml
[4.111s] -- Up-to-date symlink: /home/ziad/ziad_ws/ROS2/work_space/install/navigation/share/ament_index/resource_index/package_run_dependencies/navigation
[4.128s] -- Up-to-date symlink: /home/ziad/ziad_ws/ROS2/work_space/install/navigation/share/ament_index/resource_index/parent_prefix_path/navigation
[4.143s] -- Up-to-date symlink: /home/ziad/ziad_ws/ROS2/work_space/install/navigation/share/navigation/environment/ament_prefix_path.sh
[4.148s] -- Up-to-date symlink: /home/ziad/ziad_ws/ROS2/work_space/install/navigation/share/navigation/environment/ament_prefix_path.dsv
[4.148s] -- Up-to-date symlink: /home/ziad/ziad_ws/ROS2/work_space/install/navigation/share/navigation/environment/path.sh
[4.149s] -- Up-to-date symlink: /home/ziad/ziad_ws/ROS2/work_space/install/navigation/share/navigation/environment/path.dsv
[4.149s] -- Up-to-date symlink: /home/ziad/ziad_ws/ROS2/work_space/install/navigation/share/navigation/local_setup.bash
[4.149s] -- Up-to-date symlink: /home/ziad/ziad_ws/ROS2/work_space/install/navigation/share/navigation/local_setup.sh
[4.149s] -- Up-to-date symlink: /home/ziad/ziad_ws/ROS2/work_space/install/navigation/share/navigation/local_setup.zsh
[4.150s] -- Up-to-date symlink: /home/ziad/ziad_ws/ROS2/work_space/install/navigation/share/navigation/local_setup.dsv
[4.151s] -- Symlinking: /home/ziad/ziad_ws/ROS2/work_space/install/navigation/share/navigation/package.dsv
[4.172s] -- Up-to-date symlink: /home/ziad/ziad_ws/ROS2/work_space/install/navigation/share/ament_index/resource_index/packages/navigation
[4.176s] -- Up-to-date symlink: /home/ziad/ziad_ws/ROS2/work_space/install/navigation/share/navigation/cmake/navigationConfig.cmake
[4.176s] -- Up-to-date symlink: /home/ziad/ziad_ws/ROS2/work_space/install/navigation/share/navigation/cmake/navigationConfig-version.cmake
[4.176s] -- Up-to-date symlink: /home/ziad/ziad_ws/ROS2/work_space/install/navigation/share/navigation/package.xml
[4.178s] Invoked command in '/home/ziad/ziad_ws/ROS2/work_space/build/navigation' returned '0': CMAKE_PREFIX_PATH=${CMAKE_PREFIX_PATH}:/home/ziad/ziad_ws/ROS2/turtlebot3_ws/install/turtlebot3_teleop:/home/ziad/ziad_ws/ROS2/turtlebot3_ws/install/turtlebot3_example:/opt/ros/humble /usr/bin/cmake --install /home/ziad/ziad_ws/ROS2/work_space/build/navigation
