-- Found moveit_common: 2.5.9 (/opt/ros/humble/share/moveit_common/cmake)
-- Found ament_cmake: 1.3.12 (/opt/ros/humble/share/ament_cmake/cmake)
-- Override CMake install command with custom implementation using symlinks instead of copying resources
-- Found Boost: /usr/lib/x86_64-linux-gnu/cmake/Boost-1.74.0/BoostConfig.cmake (found version "1.74.0") found components: system filesystem date_time thread 
-- Found control_msgs: 4.8.0 (/opt/ros/humble/share/control_msgs/cmake)
-- Found rosidl_generator_c: 3.1.7 (/opt/ros/humble/share/rosidl_generator_c/cmake)
-- Found rosidl_adapter: 3.1.7 (/opt/ros/humble/share/rosidl_adapter/cmake)
-- Found rosidl_generator_cpp: 3.1.7 (/opt/ros/humble/share/rosidl_generator_cpp/cmake)
-- Using all available rosidl_typesupport_c: rosidl_typesupport_fastrtps_c;rosidl_typesupport_introspection_c
-- Using all available rosidl_typesupport_cpp: rosidl_typesupport_fastrtps_cpp;rosidl_typesupport_introspection_cpp
-- Found moveit_core: 2.5.9 (/opt/ros/humble/share/moveit_core/cmake)
-- Found Boost: /usr/lib/x86_64-linux-gnu/cmake/Boost-1.74.0/BoostConfig.cmake (found version "1.74.0") found components: chrono date_time filesystem iostreams program_options regex serialization system thread 
-- Found parameter_traits: 0.5.0 (/opt/ros/humble/share/parameter_traits/cmake)
-- Found rmw_implementation_cmake: 6.1.2 (/opt/ros/humble/share/rmw_implementation_cmake/cmake)
-- Found rmw_fastrtps_cpp: 6.2.8 (/opt/ros/humble/share/rmw_fastrtps_cpp/cmake)
-- Using RMW implementation 'rmw_fastrtps_cpp' as default
-- Found rclcpp_lifecycle: 16.0.14 (/opt/ros/humble/share/rclcpp_lifecycle/cmake)
-- Found Boost: /usr/lib/x86_64-linux-gnu/cmake/Boost-1.74.0/BoostConfig.cmake (found version "1.74.0") found components: filesystem 
-- library: /usr/lib/x86_64-linux-gnu/libcurl.so
-- Ensuring Eigen3 include directory is part of orocos-kdl CMake target
-- Found moveit_task_constructor_core: 0.1.3 (/home/ziad/Ziad_WS/ROS2/ziad_ws/install/moveit_task_constructor_core/share/moveit_task_constructor_core/cmake)
-- Found Boost: /usr/lib/x86_64-linux-gnu/cmake/Boost-1.74.0/BoostConfig.cmake (found version "1.74.0") found components: system filesystem date_time program_options thread chrono 
-- Found Boost: /usr/lib/x86_64-linux-gnu/cmake/Boost-1.74.0/BoostConfig.cmake (found version "1.74.0") found components: date_time filesystem program_options system thread 
-- Found Boost: /usr/lib/x86_64-linux-gnu/cmake/Boost-1.74.0/BoostConfig.cmake (found version "1.74.0") found components: thread system filesystem regex date_time program_options 
-- Found Boost: /usr/lib/x86_64-linux-gnu/cmake/Boost-1.74.0/BoostConfig.cmake (found version "1.74.0") found components: system filesystem date_time program_options thread 
-- Found moveit_ros_perception: 2.5.9 (/opt/ros/humble/share/moveit_ros_perception/cmake)
-- Found Boost: /usr/lib/x86_64-linux-gnu/cmake/Boost-1.74.0/BoostConfig.cmake (found version "1.74.0") found components: thread 
-- Found moveit_servo: 2.5.9 (/opt/ros/humble/share/moveit_servo/cmake)
-- Found interactive_markers: 2.3.2 (/opt/ros/humble/share/interactive_markers/cmake)
-- Found rviz_visual_tools: 4.1.4 (/opt/ros/humble/share/rviz_visual_tools/cmake)
-- Setting assimp_DIR to: '/opt/ros/humble/share/rviz_assimp_vendor/cmake/../../../opt/rviz_assimp_vendor/lib/cmake/assimp-4.1'
-- Setting OGRE_DIR to: '/opt/ros/humble/share/rviz_ogre_vendor/cmake/../../../opt/rviz_ogre_vendor/lib/OGRE/cmake'
-- Found OGRE
--   static     : OFF
--   components : HLMS;MeshLodGenerator;Overlay;Paging;Property;RTShaderSystem;Terrain;Volume
--   plugins    : Plugin_BSPSceneManager;Plugin_OctreeSceneManager;Plugin_PCZSceneManager;Plugin_ParticleFX;RenderSystem_GL;RenderSystem_GL3Plus;Codec_STBI
--   media      : /opt/ros/humble/opt/rviz_ogre_vendor/share/OGRE/Media
-- OGRE_LIBRARIES: OgreHLMS;OgreMeshLodGenerator;OgreOverlay;OgrePaging;OgreProperty;OgreRTShaderSystem;OgreTerrain;OgreVolume;OgreMain
-- OGRE_LIBRARY_DIRS: /opt/ros/humble/opt/rviz_ogre_vendor/lib
-- OGRE_PLUGINS: Plugin_BSPSceneManager;Plugin_OctreeSceneManager;Plugin_PCZSceneManager;Plugin_ParticleFX;RenderSystem_GL;RenderSystem_GL3Plus;Codec_STBI
-- OGRE_PLUGIN_DIR: /opt/ros/humble/opt/rviz_ogre_vendor/lib/OGRE
-- rviz_ogre_vendor::OgreOverlay for IMPORTED_LOCATION_RELEASE: /opt/ros/humble/opt/rviz_ogre_vendor/lib/libOgreOverlay.so
-- rviz_ogre_vendor::OgreOverlay for IMPORTED_LOCATION_DEBUG: /opt/ros/humble/opt/rviz_ogre_vendor/lib/libOgreOverlay.so
-- rviz_ogre_vendor::OgreMain for IMPORTED_LOCATION_RELEASE: /opt/ros/humble/opt/rviz_ogre_vendor/lib/libOgreMain.so
-- rviz_ogre_vendor::OgreMain for IMPORTED_LOCATION_DEBUG: /opt/ros/humble/opt/rviz_ogre_vendor/lib/libOgreMain.so
-- Found ZLIB: /usr/lib/x86_64-linux-gnu/libz.so (found version "1.2.11") 
-- Found OpenGL: /usr/lib/x86_64-linux-gnu/libOpenGL.so   
-- Found X11: /usr/include   
-- Looking for XOpenDisplay in /usr/lib/x86_64-linux-gnu/libX11.so;/usr/lib/x86_64-linux-gnu/libXext.so
-- Looking for XOpenDisplay in /usr/lib/x86_64-linux-gnu/libX11.so;/usr/lib/x86_64-linux-gnu/libXext.so - found
-- Looking for gethostbyname
-- Looking for gethostbyname - found
-- Looking for connect
-- Looking for connect - found
-- Looking for remove
-- Looking for remove - found
-- Looking for shmat
-- Looking for shmat - found
-- Looking for IceConnectionNumber in ICE
-- Looking for IceConnectionNumber in ICE - found
-- Found moveit_visual_tools: 4.1.2 (/opt/ros/humble/share/moveit_visual_tools/cmake)
-- Configuring done
-- Generating done
-- Build files have been written to: /home/ziad/Ziad_WS/ROS2/ziad_ws/build/moveit2_tutorials
[  3%] [32mBuilding CXX object doc/examples/motion_planning_api/CMakeFiles/motion_planning_api_tutorial.dir/src/motion_planning_api_tutorial.cpp.o[0m
[  7%] [32mBuilding CXX object doc/tutorials/pick_and_place_with_moveit_task_constructor/CMakeFiles/minimal_mtc_tutorial.dir/src/minimal.cpp.o[0m
[ 11%] [32mBuilding CXX object doc/examples/move_group_interface/CMakeFiles/move_group_interface_tutorial.dir/src/move_group_interface_tutorial.cpp.o[0m
[ 15%] [32mBuilding CXX object doc/tutorials/pick_and_place_with_moveit_task_constructor/CMakeFiles/mtc_tutorial.dir/src/mtc_node.cpp.o[0m
[ 19%] [32m[1mLinking CXX executable mtc_tutorial[0m
[ 19%] Built target mtc_tutorial
[ 23%] [32m[1mLinking CXX executable minimal_mtc_tutorial[0m
[ 23%] Built target minimal_mtc_tutorial
[ 26%] [32m[1mLinking CXX executable motion_planning_api_tutorial[0m
[ 26%] Built target motion_planning_api_tutorial
[ 30%] [32m[1mLinking CXX executable move_group_interface_tutorial[0m
[ 30%] Built target move_group_interface_tutorial
[ 34%] [32mBuilding CXX object doc/examples/planning_scene/CMakeFiles/planning_scene_tutorial.dir/src/planning_scene_tutorial.cpp.o[0m
[ 38%] [32m[1mLinking CXX executable planning_scene_tutorial[0m
[ 38%] Built target planning_scene_tutorial
[ 42%] [32mBuilding CXX object doc/examples/planning_scene_ros_api/CMakeFiles/planning_scene_ros_api_tutorial.dir/src/planning_scene_ros_api_tutorial.cpp.o[0m
[ 46%] [32m[1mLinking CXX executable planning_scene_ros_api_tutorial[0m
[ 46%] Built target planning_scene_ros_api_tutorial
[ 50%] [32mBuilding CXX object doc/examples/robot_model_and_robot_state/CMakeFiles/robot_model_and_robot_state_tutorial.dir/src/robot_model_and_robot_state_tutorial.cpp.o[0m
[ 53%] [32m[1mLinking CXX executable robot_model_and_robot_state_tutorial[0m
[ 53%] Built target robot_model_and_robot_state_tutorial
[ 57%] [32mBuilding CXX object doc/examples/moveit_cpp/CMakeFiles/moveit_cpp_tutorial.dir/src/moveit_cpp_tutorial.cpp.o[0m
[ 61%] [32m[1mLinking CXX executable moveit_cpp_tutorial[0m
[ 61%] Built target moveit_cpp_tutorial
[ 65%] [32mBuilding CXX object doc/examples/realtime_servo/CMakeFiles/servo_keyboard_input.dir/src/servo_keyboard_input.cpp.o[0m
[ 69%] [32m[1mLinking CXX executable servo_keyboard_input[0m
[ 69%] Built target servo_keyboard_input
[ 73%] [32mBuilding CXX object doc/examples/realtime_servo/CMakeFiles/servo_cpp_interface_demo.dir/src/servo_cpp_interface_demo.cpp.o[0m
[ 76%] [32m[1mLinking CXX executable servo_cpp_interface_demo[0m
[ 76%] Built target servo_cpp_interface_demo
[ 80%] [32mBuilding CXX object doc/how_to_guides/using_ompl_constrained_planning/CMakeFiles/ompl_constrained_planning.dir/src/ompl_constrained_planning_tutorial.cpp.o[0m
[ 84%] [32m[1mLinking CXX executable ompl_constrained_planning[0m
[ 84%] Built target ompl_constrained_planning
[ 88%] [32mBuilding CXX object doc/examples/pilz_industrial_motion_planner/CMakeFiles/pilz_mtc.dir/src/pilz_mtc.cpp.o[0m
[ 92%] [32m[1mLinking CXX executable pilz_mtc[0m
[ 92%] Built target pilz_mtc
[ 96%] [32mBuilding CXX object doc/examples/pilz_industrial_motion_planner/CMakeFiles/pilz_move_group.dir/src/pilz_move_group.cpp.o[0m
[100%] [32m[1mLinking CXX executable pilz_move_group[0m
[100%] Built target pilz_move_group
-- Install configuration: "Release"
-- Execute custom install script
-- Symlinking: /home/ziad/Ziad_WS/ROS2/ziad_ws/install/moveit2_tutorials/share/moveit2_tutorials/launch/demo.launch.py
-- Symlinking: /home/ziad/Ziad_WS/ROS2/ziad_ws/install/moveit2_tutorials/share/moveit2_tutorials/launch/panda_hello_moveit.rviz
-- Symlinking: /home/ziad/Ziad_WS/ROS2/ziad_ws/install/moveit2_tutorials/share/moveit2_tutorials/launch/panda_moveit_config_demo.rviz
-- Symlinking: /home/ziad/Ziad_WS/ROS2/ziad_ws/install/moveit2_tutorials/share/moveit2_tutorials/launch/panda_moveit_config_demo_empty.rviz
-- Symlinking: /home/ziad/Ziad_WS/ROS2/ziad_ws/install/moveit2_tutorials/lib/moveit2_tutorials/mtc_tutorial
-- Symlinking: /home/ziad/Ziad_WS/ROS2/ziad_ws/install/moveit2_tutorials/lib/moveit2_tutorials/minimal_mtc_tutorial
-- Symlinking: /home/ziad/Ziad_WS/ROS2/ziad_ws/install/moveit2_tutorials/share/moveit2_tutorials/launch/mtc.rviz
-- Symlinking: /home/ziad/Ziad_WS/ROS2/ziad_ws/install/moveit2_tutorials/share/moveit2_tutorials/launch/mtc_demo.launch.py
-- Symlinking: /home/ziad/Ziad_WS/ROS2/ziad_ws/install/moveit2_tutorials/share/moveit2_tutorials/launch/mtc_demo_minimal.launch.py
-- Symlinking: /home/ziad/Ziad_WS/ROS2/ziad_ws/install/moveit2_tutorials/share/moveit2_tutorials/launch/pick_place_demo.launch.py
-- Symlinking: /home/ziad/Ziad_WS/ROS2/ziad_ws/install/moveit2_tutorials/lib/moveit2_tutorials/motion_planning_api_tutorial
-- Symlinking: /home/ziad/Ziad_WS/ROS2/ziad_ws/install/moveit2_tutorials/share/moveit2_tutorials/launch/motion_planning_api_tutorial.launch.py
-- Symlinking: /home/ziad/Ziad_WS/ROS2/ziad_ws/install/moveit2_tutorials/lib/moveit2_tutorials/move_group_interface_tutorial
-- Symlinking: /home/ziad/Ziad_WS/ROS2/ziad_ws/install/moveit2_tutorials/share/moveit2_tutorials/launch/move_group.launch.py
-- Symlinking: /home/ziad/Ziad_WS/ROS2/ziad_ws/install/moveit2_tutorials/share/moveit2_tutorials/launch/move_group.rviz
-- Symlinking: /home/ziad/Ziad_WS/ROS2/ziad_ws/install/moveit2_tutorials/share/moveit2_tutorials/launch/move_group_interface_tutorial.launch.py
-- Symlinking: /home/ziad/Ziad_WS/ROS2/ziad_ws/install/moveit2_tutorials/lib/moveit2_tutorials/pilz_move_group
-- Symlinking: /home/ziad/Ziad_WS/ROS2/ziad_ws/install/moveit2_tutorials/lib/moveit2_tutorials/pilz_mtc
-- Symlinking: /home/ziad/Ziad_WS/ROS2/ziad_ws/install/moveit2_tutorials/share/moveit2_tutorials/launch/pilz_mtc.launch.py
-- Symlinking: /home/ziad/Ziad_WS/ROS2/ziad_ws/install/moveit2_tutorials/lib/moveit2_tutorials/planning_scene_tutorial
-- Symlinking: /home/ziad/Ziad_WS/ROS2/ziad_ws/install/moveit2_tutorials/share/moveit2_tutorials/launch/planning_scene_tutorial.launch.py
-- Symlinking: /home/ziad/Ziad_WS/ROS2/ziad_ws/install/moveit2_tutorials/lib/moveit2_tutorials/planning_scene_ros_api_tutorial
-- Symlinking: /home/ziad/Ziad_WS/ROS2/ziad_ws/install/moveit2_tutorials/share/moveit2_tutorials/launch/planning_scene_ros_api_tutorial.launch.py
-- Symlinking: /home/ziad/Ziad_WS/ROS2/ziad_ws/install/moveit2_tutorials/lib/moveit2_tutorials/robot_model_and_robot_state_tutorial
-- Symlinking: /home/ziad/Ziad_WS/ROS2/ziad_ws/install/moveit2_tutorials/share/moveit2_tutorials/launch/robot_model_and_robot_state_tutorial.launch.py
-- Symlinking: /home/ziad/Ziad_WS/ROS2/ziad_ws/install/moveit2_tutorials/lib/moveit2_tutorials/moveit_cpp_tutorial
-- Symlinking: /home/ziad/Ziad_WS/ROS2/ziad_ws/install/moveit2_tutorials/share/moveit2_tutorials/launch/moveit_cpp_tutorial.launch.py
-- Symlinking: /home/ziad/Ziad_WS/ROS2/ziad_ws/install/moveit2_tutorials/share/moveit2_tutorials/launch/moveit_cpp_tutorial.rviz
-- Symlinking: /home/ziad/Ziad_WS/ROS2/ziad_ws/install/moveit2_tutorials/share/moveit2_tutorials/config/moveit_cpp.yaml
-- Symlinking: /home/ziad/Ziad_WS/ROS2/ziad_ws/install/moveit2_tutorials/lib/moveit2_tutorials/servo_keyboard_input
-- Symlinking: /home/ziad/Ziad_WS/ROS2/ziad_ws/install/moveit2_tutorials/lib/moveit2_tutorials/servo_cpp_interface_demo
-- Symlinking: /home/ziad/Ziad_WS/ROS2/ziad_ws/install/moveit2_tutorials/share/moveit2_tutorials/launch/servo_cpp_interface_demo.launch.py
-- Symlinking: /home/ziad/Ziad_WS/ROS2/ziad_ws/install/moveit2_tutorials/share/moveit2_tutorials/config/demo_rviz_config.rviz
-- Symlinking: /home/ziad/Ziad_WS/ROS2/ziad_ws/install/moveit2_tutorials/share/moveit2_tutorials/launch/chomp_demo.launch.py
-- Symlinking: /home/ziad/Ziad_WS/ROS2/ziad_ws/install/moveit2_tutorials/share/moveit2_tutorials/config/moveit_chomp.rviz
-- Symlinking: /home/ziad/Ziad_WS/ROS2/ziad_ws/install/moveit2_tutorials/lib/moveit2_tutorials/ompl_constrained_planning
-- Symlinking: /home/ziad/Ziad_WS/ROS2/ziad_ws/install/moveit2_tutorials/share/moveit2_tutorials/launch/ompl_constrained_planning.launch.py
-- Symlinking: /home/ziad/Ziad_WS/ROS2/ziad_ws/install/moveit2_tutorials/share/moveit2_tutorials/launch/ompl_constrained_planning.rviz
-- Symlinking: /home/ziad/Ziad_WS/ROS2/ziad_ws/install/moveit2_tutorials/share/ament_index/resource_index/package_run_dependencies/moveit2_tutorials
-- Symlinking: /home/ziad/Ziad_WS/ROS2/ziad_ws/install/moveit2_tutorials/share/ament_index/resource_index/parent_prefix_path/moveit2_tutorials
-- Symlinking: /home/ziad/Ziad_WS/ROS2/ziad_ws/install/moveit2_tutorials/share/moveit2_tutorials/environment/ament_prefix_path.sh
-- Symlinking: /home/ziad/Ziad_WS/ROS2/ziad_ws/install/moveit2_tutorials/share/moveit2_tutorials/environment/ament_prefix_path.dsv
-- Symlinking: /home/ziad/Ziad_WS/ROS2/ziad_ws/install/moveit2_tutorials/share/moveit2_tutorials/environment/path.sh
-- Symlinking: /home/ziad/Ziad_WS/ROS2/ziad_ws/install/moveit2_tutorials/share/moveit2_tutorials/environment/path.dsv
-- Symlinking: /home/ziad/Ziad_WS/ROS2/ziad_ws/install/moveit2_tutorials/share/moveit2_tutorials/local_setup.bash
-- Symlinking: /home/ziad/Ziad_WS/ROS2/ziad_ws/install/moveit2_tutorials/share/moveit2_tutorials/local_setup.sh
-- Symlinking: /home/ziad/Ziad_WS/ROS2/ziad_ws/install/moveit2_tutorials/share/moveit2_tutorials/local_setup.zsh
-- Symlinking: /home/ziad/Ziad_WS/ROS2/ziad_ws/install/moveit2_tutorials/share/moveit2_tutorials/local_setup.dsv
-- Symlinking: /home/ziad/Ziad_WS/ROS2/ziad_ws/install/moveit2_tutorials/share/moveit2_tutorials/package.dsv
-- Symlinking: /home/ziad/Ziad_WS/ROS2/ziad_ws/install/moveit2_tutorials/share/ament_index/resource_index/packages/moveit2_tutorials
-- Symlinking: /home/ziad/Ziad_WS/ROS2/ziad_ws/install/moveit2_tutorials/share/moveit2_tutorials/cmake/ament_cmake_export_dependencies-extras.cmake
-- Symlinking: /home/ziad/Ziad_WS/ROS2/ziad_ws/install/moveit2_tutorials/share/moveit2_tutorials/cmake/ament_cmake_export_include_directories-extras.cmake
-- Symlinking: /home/ziad/Ziad_WS/ROS2/ziad_ws/install/moveit2_tutorials/share/moveit2_tutorials/cmake/moveit2_tutorialsConfig.cmake
-- Symlinking: /home/ziad/Ziad_WS/ROS2/ziad_ws/install/moveit2_tutorials/share/moveit2_tutorials/cmake/moveit2_tutorialsConfig-version.cmake
-- Symlinking: /home/ziad/Ziad_WS/ROS2/ziad_ws/install/moveit2_tutorials/share/moveit2_tutorials/package.xml
