[0.021s] Invoking command in '/home/ziad/ziad_ws/ROS2/tutorials_work_sapce/build/learning_tf2_cpp': CMAKE_PREFIX_PATH=${CMAKE_PREFIX_PATH}:/opt/ros/jazzy DEBUGINFOD_URLS=https://debuginfod.ubuntu.com /usr/bin/cmake /home/ziad/ziad_ws/ROS2/tutorials_work_sapce/src/learning_tf2_cpp -DCMAKE_INSTALL_PREFIX=/home/ziad/ziad_ws/ROS2/tutorials_work_sapce/install/learning_tf2_cpp
[0.230s] -- The C compiler identification is GNU 13.3.0
[0.372s] -- The CXX compiler identification is GNU 13.3.0
[0.397s] -- Detecting C compiler ABI info
[0.517s] -- Detecting C compiler ABI info - done
[0.528s] -- Check for working C compiler: /usr/bin/cc - skipped
[0.530s] -- Detecting C compile features
[0.531s] -- Detecting C compile features - done
[0.544s] -- Detecting CXX compiler ABI info
[0.668s] -- Detecting CXX compiler ABI info - done
[0.680s] -- Check for working CXX compiler: /usr/bin/c++ - skipped
[0.681s] -- Detecting CXX compile features
[0.682s] -- Detecting CXX compile features - done
[0.696s] -- Found ament_cmake: 2.5.4 (/opt/ros/jazzy/share/ament_cmake/cmake)
[0.898s] -- Found Python3: /usr/bin/python3 (found version "3.12.3") found components: Interpreter 
[1.114s] -- Found geometry_msgs: 5.3.6 (/opt/ros/jazzy/share/geometry_msgs/cmake)
[1.220s] -- Found rosidl_generator_c: 4.6.6 (/opt/ros/jazzy/share/rosidl_generator_c/cmake)
[1.253s] -- Found rosidl_generator_cpp: 4.6.6 (/opt/ros/jazzy/share/rosidl_generator_cpp/cmake)
[1.293s] -- Using all available rosidl_typesupport_c: rosidl_typesupport_fastrtps_c;rosidl_typesupport_introspection_c
[1.332s] -- Using all available rosidl_typesupport_cpp: rosidl_typesupport_fastrtps_cpp;rosidl_typesupport_introspection_cpp
[1.424s] -- Found rclcpp: 28.1.11 (/opt/ros/jazzy/share/rclcpp/cmake)
[1.556s] -- Found rmw_implementation_cmake: 7.3.2 (/opt/ros/jazzy/share/rmw_implementation_cmake/cmake)
[1.564s] -- Found rmw_fastrtps_cpp: 8.4.3 (/opt/ros/jazzy/share/rmw_fastrtps_cpp/cmake)
[1.722s] -- Found OpenSSL: /usr/lib/x86_64-linux-gnu/libcrypto.so (found version "3.0.13")  
[1.752s] -- Found FastRTPS: /opt/ros/jazzy/include (Required is at least version "2.13") 
[1.783s] -- Using RMW implementation 'rmw_fastrtps_cpp' as default
[1.929s] -- Found tf2: 0.36.14 (/opt/ros/jazzy/share/tf2/cmake)
[1.941s] -- Found tf2_ros: 0.36.14 (/opt/ros/jazzy/share/tf2_ros/cmake)
[2.188s] -- Found turtlesim: 1.8.3 (/opt/ros/jazzy/share/turtlesim/cmake)
[2.231s] -- Found ament_lint_auto: 0.17.3 (/opt/ros/jazzy/share/ament_lint_auto/cmake)
[2.403s] -- Added test 'cppcheck' to perform static code analysis on C / C++ code
[2.403s] -- Configured cppcheck include dirs: 
[2.403s] -- Configured cppcheck exclude dirs and/or files: 
[2.405s] -- Added test 'lint_cmake' to check CMake code style
[2.409s] -- Added test 'uncrustify' to check C / C++ code style
[2.409s] -- Configured uncrustify additional arguments: 
[2.411s] -- Added test 'xmllint' to check XML markup files
[2.414s] -- Configuring done (2.4s)
[2.431s] -- Generating done (0.0s)
[2.437s] -- Build files have been written to: /home/ziad/ziad_ws/ROS2/tutorials_work_sapce/build/learning_tf2_cpp
[2.450s] Invoked command in '/home/ziad/ziad_ws/ROS2/tutorials_work_sapce/build/learning_tf2_cpp' returned '0': CMAKE_PREFIX_PATH=${CMAKE_PREFIX_PATH}:/opt/ros/jazzy DEBUGINFOD_URLS=https://debuginfod.ubuntu.com /usr/bin/cmake /home/ziad/ziad_ws/ROS2/tutorials_work_sapce/src/learning_tf2_cpp -DCMAKE_INSTALL_PREFIX=/home/ziad/ziad_ws/ROS2/tutorials_work_sapce/install/learning_tf2_cpp
[2.451s] Invoking command in '/home/ziad/ziad_ws/ROS2/tutorials_work_sapce/build/learning_tf2_cpp': CMAKE_PREFIX_PATH=${CMAKE_PREFIX_PATH}:/opt/ros/jazzy DEBUGINFOD_URLS=https://debuginfod.ubuntu.com /usr/bin/cmake --build /home/ziad/ziad_ws/ROS2/tutorials_work_sapce/build/learning_tf2_cpp -- -j4 -l4
[2.520s] [ 50%] [32mBuilding CXX object CMakeFiles/static_turtle_tf2_broadcaster.dir/src/static_turtle_tf2_broadcaster.cpp.o[0m
[7.804s] [100%] [32m[1mLinking CXX executable static_turtle_tf2_broadcaster[0m
[8.161s] [100%] Built target static_turtle_tf2_broadcaster
[8.175s] Invoked command in '/home/ziad/ziad_ws/ROS2/tutorials_work_sapce/build/learning_tf2_cpp' returned '0': CMAKE_PREFIX_PATH=${CMAKE_PREFIX_PATH}:/opt/ros/jazzy DEBUGINFOD_URLS=https://debuginfod.ubuntu.com /usr/bin/cmake --build /home/ziad/ziad_ws/ROS2/tutorials_work_sapce/build/learning_tf2_cpp -- -j4 -l4
[8.176s] Invoking command in '/home/ziad/ziad_ws/ROS2/tutorials_work_sapce/build/learning_tf2_cpp': CMAKE_PREFIX_PATH=${CMAKE_PREFIX_PATH}:/opt/ros/jazzy DEBUGINFOD_URLS=https://debuginfod.ubuntu.com /usr/bin/cmake --install /home/ziad/ziad_ws/ROS2/tutorials_work_sapce/build/learning_tf2_cpp
[8.186s] -- Install configuration: ""
[8.186s] -- Installing: /home/ziad/ziad_ws/ROS2/tutorials_work_sapce/install/learning_tf2_cpp/lib/learning_tf2_cpp/static_turtle_tf2_broadcaster
[8.188s] -- Set non-toolchain portion of runtime path of "/home/ziad/ziad_ws/ROS2/tutorials_work_sapce/install/learning_tf2_cpp/lib/learning_tf2_cpp/static_turtle_tf2_broadcaster" to ""
[8.188s] -- Installing: /home/ziad/ziad_ws/ROS2/tutorials_work_sapce/install/learning_tf2_cpp/share/ament_index/resource_index/package_run_dependencies/learning_tf2_cpp
[8.188s] -- Installing: /home/ziad/ziad_ws/ROS2/tutorials_work_sapce/install/learning_tf2_cpp/share/ament_index/resource_index/parent_prefix_path/learning_tf2_cpp
[8.189s] -- Installing: /home/ziad/ziad_ws/ROS2/tutorials_work_sapce/install/learning_tf2_cpp/share/learning_tf2_cpp/environment/ament_prefix_path.sh
[8.189s] -- Installing: /home/ziad/ziad_ws/ROS2/tutorials_work_sapce/install/learning_tf2_cpp/share/learning_tf2_cpp/environment/ament_prefix_path.dsv
[8.189s] -- Installing: /home/ziad/ziad_ws/ROS2/tutorials_work_sapce/install/learning_tf2_cpp/share/learning_tf2_cpp/environment/path.sh
[8.189s] -- Installing: /home/ziad/ziad_ws/ROS2/tutorials_work_sapce/install/learning_tf2_cpp/share/learning_tf2_cpp/environment/path.dsv
[8.190s] -- Installing: /home/ziad/ziad_ws/ROS2/tutorials_work_sapce/install/learning_tf2_cpp/share/learning_tf2_cpp/local_setup.bash
[8.190s] -- Installing: /home/ziad/ziad_ws/ROS2/tutorials_work_sapce/install/learning_tf2_cpp/share/learning_tf2_cpp/local_setup.sh
[8.190s] -- Installing: /home/ziad/ziad_ws/ROS2/tutorials_work_sapce/install/learning_tf2_cpp/share/learning_tf2_cpp/local_setup.zsh
[8.190s] -- Installing: /home/ziad/ziad_ws/ROS2/tutorials_work_sapce/install/learning_tf2_cpp/share/learning_tf2_cpp/local_setup.dsv
[8.191s] -- Installing: /home/ziad/ziad_ws/ROS2/tutorials_work_sapce/install/learning_tf2_cpp/share/learning_tf2_cpp/package.dsv
[8.191s] -- Installing: /home/ziad/ziad_ws/ROS2/tutorials_work_sapce/install/learning_tf2_cpp/share/ament_index/resource_index/packages/learning_tf2_cpp
[8.191s] -- Installing: /home/ziad/ziad_ws/ROS2/tutorials_work_sapce/install/learning_tf2_cpp/share/learning_tf2_cpp/cmake/learning_tf2_cppConfig.cmake
[8.191s] -- Installing: /home/ziad/ziad_ws/ROS2/tutorials_work_sapce/install/learning_tf2_cpp/share/learning_tf2_cpp/cmake/learning_tf2_cppConfig-version.cmake
[8.192s] -- Installing: /home/ziad/ziad_ws/ROS2/tutorials_work_sapce/install/learning_tf2_cpp/share/learning_tf2_cpp/package.xml
[8.194s] Invoked command in '/home/ziad/ziad_ws/ROS2/tutorials_work_sapce/build/learning_tf2_cpp' returned '0': CMAKE_PREFIX_PATH=${CMAKE_PREFIX_PATH}:/opt/ros/jazzy DEBUGINFOD_URLS=https://debuginfod.ubuntu.com /usr/bin/cmake --install /home/ziad/ziad_ws/ROS2/tutorials_work_sapce/build/learning_tf2_cpp
