[0.031s] Invoking command in '/home/ziad/Ziad_WS/ROS2/work_space/build/hand_control_robot': CMAKE_PREFIX_PATH=${CMAKE_PREFIX_PATH}:/opt/ros/humble /usr/bin/cmake --build /home/ziad/Ziad_WS/ROS2/work_space/build/hand_control_robot -- -j4 -l4
[0.170s] [100%] Built target hand_control
[0.219s] Invoked command in '/home/ziad/Ziad_WS/ROS2/work_space/build/hand_control_robot' returned '0': CMAKE_PREFIX_PATH=${CMAKE_PREFIX_PATH}:/opt/ros/humble /usr/bin/cmake --build /home/ziad/Ziad_WS/ROS2/work_space/build/hand_control_robot -- -j4 -l4
[0.223s] Invoking command in '/home/ziad/Ziad_WS/ROS2/work_space/build/hand_control_robot': CMAKE_PREFIX_PATH=${CMAKE_PREFIX_PATH}:/opt/ros/humble /usr/bin/cmake --install /home/ziad/Ziad_WS/ROS2/work_space/build/hand_control_robot
[0.256s] -- Install configuration: "Release"
[0.256s] -- Execute custom install script
[0.257s] -- Up-to-date symlink: /home/ziad/Ziad_WS/ROS2/work_space/install/hand_control_robot/lib/hand_control_robot/hand_control
[0.257s] -- Up-to-date symlink: /home/ziad/Ziad_WS/ROS2/work_space/install/hand_control_robot/share/ament_index/resource_index/package_run_dependencies/hand_control_robot
[0.257s] -- Up-to-date symlink: /home/ziad/Ziad_WS/ROS2/work_space/install/hand_control_robot/share/ament_index/resource_index/parent_prefix_path/hand_control_robot
[0.257s] -- Up-to-date symlink: /home/ziad/Ziad_WS/ROS2/work_space/install/hand_control_robot/share/hand_control_robot/environment/ament_prefix_path.sh
[0.257s] -- Up-to-date symlink: /home/ziad/Ziad_WS/ROS2/work_space/install/hand_control_robot/share/hand_control_robot/environment/ament_prefix_path.dsv
[0.257s] -- Up-to-date symlink: /home/ziad/Ziad_WS/ROS2/work_space/install/hand_control_robot/share/hand_control_robot/environment/path.sh
[0.257s] -- Up-to-date symlink: /home/ziad/Ziad_WS/ROS2/work_space/install/hand_control_robot/share/hand_control_robot/environment/path.dsv
[0.257s] -- Up-to-date symlink: /home/ziad/Ziad_WS/ROS2/work_space/install/hand_control_robot/share/hand_control_robot/local_setup.bash
[0.257s] -- Up-to-date symlink: /home/ziad/Ziad_WS/ROS2/work_space/install/hand_control_robot/share/hand_control_robot/local_setup.sh
[0.257s] -- Up-to-date symlink: /home/ziad/Ziad_WS/ROS2/work_space/install/hand_control_robot/share/hand_control_robot/local_setup.zsh
[0.257s] -- Up-to-date symlink: /home/ziad/Ziad_WS/ROS2/work_space/install/hand_control_robot/share/hand_control_robot/local_setup.dsv
[0.257s] -- Symlinking: /home/ziad/Ziad_WS/ROS2/work_space/install/hand_control_robot/share/hand_control_robot/package.dsv
[0.258s] -- Up-to-date symlink: /home/ziad/Ziad_WS/ROS2/work_space/install/hand_control_robot/share/ament_index/resource_index/packages/hand_control_robot
[0.258s] -- Up-to-date symlink: /home/ziad/Ziad_WS/ROS2/work_space/install/hand_control_robot/share/hand_control_robot/cmake/hand_control_robotConfig.cmake
[0.258s] -- Up-to-date symlink: /home/ziad/Ziad_WS/ROS2/work_space/install/hand_control_robot/share/hand_control_robot/cmake/hand_control_robotConfig-version.cmake
[0.258s] -- Up-to-date symlink: /home/ziad/Ziad_WS/ROS2/work_space/install/hand_control_robot/share/hand_control_robot/package.xml
[0.276s] Invoked command in '/home/ziad/Ziad_WS/ROS2/work_space/build/hand_control_robot' returned '0': CMAKE_PREFIX_PATH=${CMAKE_PREFIX_PATH}:/opt/ros/humble /usr/bin/cmake --install /home/ziad/Ziad_WS/ROS2/work_space/build/hand_control_robot
