-- Found ament_cmake: 1.3.12 (/opt/ros/humble/share/ament_cmake/cmake)
-- Override CMake install command with custom implementation using symlinks instead of copying resources
-- Found ament_lint_auto: 0.12.14 (/opt/ros/humble/share/ament_lint_auto/cmake)
-- Found robot_localization: 3.5.4 (/opt/ros/humble/share/robot_localization/cmake)
-- Found rosidl_generator_c: 3.1.7 (/opt/ros/humble/share/rosidl_generator_c/cmake)
-- Found rosidl_adapter: 3.1.7 (/opt/ros/humble/share/rosidl_adapter/cmake)
-- Found rosidl_generator_cpp: 3.1.7 (/opt/ros/humble/share/rosidl_generator_cpp/cmake)
-- Using all available rosidl_typesupport_c: rosidl_typesupport_fastrtps_c;rosidl_typesupport_introspection_c
-- Using all available rosidl_typesupport_cpp: rosidl_typesupport_fastrtps_cpp;rosidl_typesupport_introspection_cpp
-- Added test 'flake8' to check Python code syntax and style conventions
-- Added test 'lint_cmake' to check CMake code style
-- Added test 'pep257' to check Python code against some of the docstring style conventions in PEP 257
-- Added test 'xmllint' to check XML markup files
-- Configuring done
-- Generating done
-- Build files have been written to: /home/ziad/ziad_ws/ROS2/work_space/build/fusion_odom_imu
-- Install configuration: ""
-- Execute custom install script
-- Up-to-date symlink: /home/ziad/ziad_ws/ROS2/work_space/install/fusion_odom_imu/share/fusion_odom_imu/config/ekf_node.yaml
-- Up-to-date symlink: /home/ziad/ziad_ws/ROS2/work_space/install/fusion_odom_imu/share/fusion_odom_imu/launch/ekf.launch.py
-- Up-to-date symlink: /home/ziad/ziad_ws/ROS2/work_space/install/fusion_odom_imu/share/ament_index/resource_index/package_run_dependencies/fusion_odom_imu
-- Up-to-date symlink: /home/ziad/ziad_ws/ROS2/work_space/install/fusion_odom_imu/share/ament_index/resource_index/parent_prefix_path/fusion_odom_imu
-- Up-to-date symlink: /home/ziad/ziad_ws/ROS2/work_space/install/fusion_odom_imu/share/fusion_odom_imu/environment/ament_prefix_path.sh
-- Up-to-date symlink: /home/ziad/ziad_ws/ROS2/work_space/install/fusion_odom_imu/share/fusion_odom_imu/environment/ament_prefix_path.dsv
-- Up-to-date symlink: /home/ziad/ziad_ws/ROS2/work_space/install/fusion_odom_imu/share/fusion_odom_imu/environment/path.sh
-- Up-to-date symlink: /home/ziad/ziad_ws/ROS2/work_space/install/fusion_odom_imu/share/fusion_odom_imu/environment/path.dsv
-- Up-to-date symlink: /home/ziad/ziad_ws/ROS2/work_space/install/fusion_odom_imu/share/fusion_odom_imu/local_setup.bash
-- Up-to-date symlink: /home/ziad/ziad_ws/ROS2/work_space/install/fusion_odom_imu/share/fusion_odom_imu/local_setup.sh
-- Up-to-date symlink: /home/ziad/ziad_ws/ROS2/work_space/install/fusion_odom_imu/share/fusion_odom_imu/local_setup.zsh
-- Up-to-date symlink: /home/ziad/ziad_ws/ROS2/work_space/install/fusion_odom_imu/share/fusion_odom_imu/local_setup.dsv
-- Symlinking: /home/ziad/ziad_ws/ROS2/work_space/install/fusion_odom_imu/share/fusion_odom_imu/package.dsv
-- Up-to-date symlink: /home/ziad/ziad_ws/ROS2/work_space/install/fusion_odom_imu/share/ament_index/resource_index/packages/fusion_odom_imu
-- Up-to-date symlink: /home/ziad/ziad_ws/ROS2/work_space/install/fusion_odom_imu/share/fusion_odom_imu/cmake/fusion_odom_imuConfig.cmake
-- Up-to-date symlink: /home/ziad/ziad_ws/ROS2/work_space/install/fusion_odom_imu/share/fusion_odom_imu/cmake/fusion_odom_imuConfig-version.cmake
-- Up-to-date symlink: /home/ziad/ziad_ws/ROS2/work_space/install/fusion_odom_imu/share/fusion_odom_imu/package.xml
