-- The C compiler identification is GNU 11.4.0
-- The CXX compiler identification is GNU 11.4.0
-- Detecting C compiler ABI info
-- Detecting C compiler ABI info - done
-- Check for working C compiler: /usr/bin/cc - skipped
-- Detecting C compile features
-- Detecting C compile features - done
-- Detecting CXX compiler ABI info
-- Detecting CXX compiler ABI info - done
-- Check for working CXX compiler: /usr/bin/c++ - skipped
-- Detecting CXX compile features
-- Detecting CXX compile features - done
-- Found ament_cmake: 1.3.12 (/opt/ros/humble/share/ament_cmake/cmake)
-- Found Python3: /usr/bin/python3 (found version "3.10.12") found components: Interpreter 
[31mCMake Error at CMakeLists.txt:10 (find_package):
  By not providing "Findbehavior_cpp_v3.cmake" in CMAKE_MODULE_PATH this
  project has asked CMake to find a package configuration file provided by
  "behavior_cpp_v3", but CMake did not find one.

  Could not find a package configuration file provided by "behavior_cpp_v3"
  with any of the following names:

    behavior_cpp_v3Config.cmake
    behavior_cpp_v3-config.cmake

  Add the installation prefix of "behavior_cpp_v3" to CMAKE_PREFIX_PATH or
  set "behavior_cpp_v3_DIR" to a directory containing one of the above files.
  If "behavior_cpp_v3" provides a separate development package or SDK, be
  sure it has been installed.

[0m
-- Configuring incomplete, errors occurred!
See also "/home/ziad/Ziad_WS/ROS2/ziad_ws/build/bt_demo/CMakeFiles/CMakeOutput.log".
