[0.013s] Invoking command in '/home/ziad/Ziad_WS/ROS2/ziad_ws/build/bt_demo': CMAKE_PREFIX_PATH=/opt/ros/humble /usr/bin/cmake /home/ziad/Ziad_WS/ROS2/ziad_ws/src/bt_demo -DCMAKE_INSTALL_PREFIX=/home/ziad/Ziad_WS/ROS2/ziad_ws/install/bt_demo
[0.271s] -- The C compiler identification is GNU 11.4.0
[0.400s] -- The CXX compiler identification is GNU 11.4.0
[0.413s] -- Detecting C compiler ABI info
[0.509s] -- Detecting C compiler ABI info - done
[0.518s] -- Check for working C compiler: /usr/bin/cc - skipped
[0.518s] -- Detecting C compile features
[0.519s] -- Detecting C compile features - done
[0.523s] -- Detecting CXX compiler ABI info
[0.617s] -- Detecting CXX compiler ABI info - done
[0.626s] -- Check for working CXX compiler: /usr/bin/c++ - skipped
[0.626s] -- Detecting CXX compile features
[0.627s] -- Detecting CXX compile features - done
[0.641s] -- Found ament_cmake: 1.3.12 (/opt/ros/humble/share/ament_cmake/cmake)
[1.665s] -- Found Python3: /usr/bin/python3 (found version "3.10.12") found components: Interpreter 
[1.819s] [31mCMake Error at CMakeLists.txt:10 (find_package):
[1.819s]   By not providing "Findbehavior_cpp_v3.cmake" in CMAKE_MODULE_PATH this
[1.819s]   project has asked CMake to find a package configuration file provided by
[1.819s]   "behavior_cpp_v3", but CMake did not find one.
[1.820s] 
[1.820s]   Could not find a package configuration file provided by "behavior_cpp_v3"
[1.820s]   with any of the following names:
[1.820s] 
[1.820s]     behavior_cpp_v3Config.cmake
[1.820s]     behavior_cpp_v3-config.cmake
[1.820s] 
[1.820s]   Add the installation prefix of "behavior_cpp_v3" to CMAKE_PREFIX_PATH or
[1.820s]   set "behavior_cpp_v3_DIR" to a directory containing one of the above files.
[1.820s]   If "behavior_cpp_v3" provides a separate development package or SDK, be
[1.820s]   sure it has been installed.
[1.820s] 
[1.820s] [0m
[1.820s] -- Configuring incomplete, errors occurred!
[1.820s] See also "/home/ziad/Ziad_WS/ROS2/ziad_ws/build/bt_demo/CMakeFiles/CMakeOutput.log".
[1.825s] Invoked command in '/home/ziad/Ziad_WS/ROS2/ziad_ws/build/bt_demo' returned '1': CMAKE_PREFIX_PATH=/opt/ros/humble /usr/bin/cmake /home/ziad/Ziad_WS/ROS2/ziad_ws/src/bt_demo -DCMAKE_INSTALL_PREFIX=/home/ziad/Ziad_WS/ROS2/ziad_ws/install/bt_demo
