[0.023s] Invoking command in '/home/ziad/Ziad_WS/ROS2/work_space/build/publisher_subscriber': CMAKE_PREFIX_PATH=/opt/ros/humble /usr/bin/cmake --build /home/ziad/Ziad_WS/ROS2/work_space/build/publisher_subscriber -- -j4 -l4
[0.160s] [ 50%] Built target subscriber
[0.176s] [100%] Built target publisher
[0.275s] Invoked command in '/home/ziad/Ziad_WS/ROS2/work_space/build/publisher_subscriber' returned '0': CMAKE_PREFIX_PATH=/opt/ros/humble /usr/bin/cmake --build /home/ziad/Ziad_WS/ROS2/work_space/build/publisher_subscriber -- -j4 -l4
[0.276s] Invoking command in '/home/ziad/Ziad_WS/ROS2/work_space/build/publisher_subscriber': CMAKE_PREFIX_PATH=/opt/ros/humble /usr/bin/cmake --install /home/ziad/Ziad_WS/ROS2/work_space/build/publisher_subscriber
[0.286s] -- Install configuration: ""
[0.298s] -- Up-to-date: /home/ziad/Ziad_WS/ROS2/work_space/install/publisher_subscriber/lib/publisher_subscriber/subscriber
[0.298s] -- Up-to-date: /home/ziad/Ziad_WS/ROS2/work_space/install/publisher_subscriber/lib/publisher_subscriber/publisher
[0.298s] -- Up-to-date: /home/ziad/Ziad_WS/ROS2/work_space/install/publisher_subscriber/share/publisher_subscriber/launch
[0.299s] -- Up-to-date: /home/ziad/Ziad_WS/ROS2/work_space/install/publisher_subscriber/share/publisher_subscriber/launch/run.launch.py
[0.299s] -- Up-to-date: /home/ziad/Ziad_WS/ROS2/work_space/install/publisher_subscriber/share/ament_index/resource_index/package_run_dependencies/publisher_subscriber
[0.299s] -- Up-to-date: /home/ziad/Ziad_WS/ROS2/work_space/install/publisher_subscriber/share/ament_index/resource_index/parent_prefix_path/publisher_subscriber
[0.299s] -- Up-to-date: /home/ziad/Ziad_WS/ROS2/work_space/install/publisher_subscriber/share/publisher_subscriber/environment/ament_prefix_path.sh
[0.299s] -- Up-to-date: /home/ziad/Ziad_WS/ROS2/work_space/install/publisher_subscriber/share/publisher_subscriber/environment/ament_prefix_path.dsv
[0.299s] -- Up-to-date: /home/ziad/Ziad_WS/ROS2/work_space/install/publisher_subscriber/share/publisher_subscriber/environment/path.sh
[0.299s] -- Up-to-date: /home/ziad/Ziad_WS/ROS2/work_space/install/publisher_subscriber/share/publisher_subscriber/environment/path.dsv
[0.299s] -- Up-to-date: /home/ziad/Ziad_WS/ROS2/work_space/install/publisher_subscriber/share/publisher_subscriber/local_setup.bash
[0.300s] -- Up-to-date: /home/ziad/Ziad_WS/ROS2/work_space/install/publisher_subscriber/share/publisher_subscriber/local_setup.sh
[0.300s] -- Up-to-date: /home/ziad/Ziad_WS/ROS2/work_space/install/publisher_subscriber/share/publisher_subscriber/local_setup.zsh
[0.300s] -- Up-to-date: /home/ziad/Ziad_WS/ROS2/work_space/install/publisher_subscriber/share/publisher_subscriber/local_setup.dsv
[0.300s] -- Installing: /home/ziad/Ziad_WS/ROS2/work_space/install/publisher_subscriber/share/publisher_subscriber/package.dsv
[0.300s] -- Up-to-date: /home/ziad/Ziad_WS/ROS2/work_space/install/publisher_subscriber/share/ament_index/resource_index/packages/publisher_subscriber
[0.300s] -- Up-to-date: /home/ziad/Ziad_WS/ROS2/work_space/install/publisher_subscriber/share/publisher_subscriber/cmake/publisher_subscriberConfig.cmake
[0.302s] -- Up-to-date: /home/ziad/Ziad_WS/ROS2/work_space/install/publisher_subscriber/share/publisher_subscriber/cmake/publisher_subscriberConfig-version.cmake
[0.303s] -- Up-to-date: /home/ziad/Ziad_WS/ROS2/work_space/install/publisher_subscriber/share/publisher_subscriber/package.xml
[0.305s] Invoked command in '/home/ziad/Ziad_WS/ROS2/work_space/build/publisher_subscriber' returned '0': CMAKE_PREFIX_PATH=/opt/ros/humble /usr/bin/cmake --install /home/ziad/Ziad_WS/ROS2/work_space/build/publisher_subscriber
