[0.065s] Invoking command in '/home/ziad/ziad_ws/ROS2/work_space/build/yahboom_rosmaster_msgs': CMAKE_PREFIX_PATH=${CMAKE_PREFIX_PATH}:/opt/ros/jazzy DEBUGINFOD_URLS=https://debuginfod.ubuntu.com /usr/bin/cmake --build /home/ziad/ziad_ws/ROS2/work_space/build/yahboom_rosmaster_msgs -- -j4 -l4
[0.418s] [  2%] Built target yahboom_rosmaster_msgs__rosidl_generator_type_description
[0.530s] [  2%] Built target ament_cmake_python_symlink_yahboom_rosmaster_msgs
[0.545s] [ 20%] Built target yahboom_rosmaster_msgs__rosidl_generator_c
[0.649s] [ 22%] Built target yahboom_rosmaster_msgs__cpp
[0.730s] [ 31%] Built target yahboom_rosmaster_msgs__rosidl_typesupport_fastrtps_c
[0.785s] [ 40%] Built target yahboom_rosmaster_msgs__rosidl_typesupport_introspection_c
[0.859s] [ 50%] Built target yahboom_rosmaster_msgs__rosidl_typesupport_c
[0.915s] [ 59%] Built target yahboom_rosmaster_msgs__rosidl_typesupport_fastrtps_cpp
[0.937s] [ 68%] Built target yahboom_rosmaster_msgs__rosidl_typesupport_introspection_cpp
[0.993s] [ 77%] Built target yahboom_rosmaster_msgs__rosidl_typesupport_cpp
[1.180s] [ 77%] Built target yahboom_rosmaster_msgs
[1.324s] [ 79%] Built target yahboom_rosmaster_msgs__py
[1.461s] [ 86%] Built target yahboom_rosmaster_msgs__rosidl_generator_py
[1.636s] [ 90%] Built target yahboom_rosmaster_msgs_s__rosidl_typesupport_c
[1.654s] [ 95%] Built target yahboom_rosmaster_msgs_s__rosidl_typesupport_fastrtps_c
[1.695s] [100%] Built target yahboom_rosmaster_msgs_s__rosidl_typesupport_introspection_c
[2.687s] running egg_info
[2.874s] writing yahboom_rosmaster_msgs.egg-info/PKG-INFO
[2.880s] writing dependency_links to yahboom_rosmaster_msgs.egg-info/dependency_links.txt
[2.880s] writing top-level names to yahboom_rosmaster_msgs.egg-info/top_level.txt
[3.390s] reading manifest file 'yahboom_rosmaster_msgs.egg-info/SOURCES.txt'
[3.392s] writing manifest file 'yahboom_rosmaster_msgs.egg-info/SOURCES.txt'
[3.559s] [100%] Built target ament_cmake_python_build_yahboom_rosmaster_msgs_egg
[3.609s] Invoked command in '/home/ziad/ziad_ws/ROS2/work_space/build/yahboom_rosmaster_msgs' returned '0': CMAKE_PREFIX_PATH=${CMAKE_PREFIX_PATH}:/opt/ros/jazzy DEBUGINFOD_URLS=https://debuginfod.ubuntu.com /usr/bin/cmake --build /home/ziad/ziad_ws/ROS2/work_space/build/yahboom_rosmaster_msgs -- -j4 -l4
[3.609s] Invoking command in '/home/ziad/ziad_ws/ROS2/work_space/build/yahboom_rosmaster_msgs': CMAKE_PREFIX_PATH=${CMAKE_PREFIX_PATH}:/opt/ros/jazzy DEBUGINFOD_URLS=https://debuginfod.ubuntu.com /usr/bin/cmake --install /home/ziad/ziad_ws/ROS2/work_space/build/yahboom_rosmaster_msgs
[3.659s] -- Install configuration: ""
[3.664s] -- Execute custom install script
[3.664s] -- Up-to-date symlink: /home/ziad/ziad_ws/ROS2/work_space/install/yahboom_rosmaster_msgs/share/ament_index/resource_index/rosidl_interfaces/yahboom_rosmaster_msgs
[3.668s] -- Up-to-date symlink: /home/ziad/ziad_ws/ROS2/work_space/install/yahboom_rosmaster_msgs/share/yahboom_rosmaster_msgs/action/TimedRotation.json
[3.668s] -- Up-to-date symlink: /home/ziad/ziad_ws/ROS2/work_space/install/yahboom_rosmaster_msgs/share/yahboom_rosmaster_msgs/srv/SetCleaningState.json
[3.669s] -- Up-to-date symlink: /home/ziad/ziad_ws/ROS2/work_space/install/yahboom_rosmaster_msgs/include/yahboom_rosmaster_msgs/yahboom_rosmaster_msgs/action/detail/timed_rotation__functions.h
[3.669s] -- Up-to-date symlink: /home/ziad/ziad_ws/ROS2/work_space/install/yahboom_rosmaster_msgs/include/yahboom_rosmaster_msgs/yahboom_rosmaster_msgs/action/detail/timed_rotation__struct.h
[3.680s] -- Up-to-date symlink: /home/ziad/ziad_ws/ROS2/work_space/install/yahboom_rosmaster_msgs/include/yahboom_rosmaster_msgs/yahboom_rosmaster_msgs/action/detail/timed_rotation__type_support.h
[3.680s] -- Up-to-date symlink: /home/ziad/ziad_ws/ROS2/work_space/install/yahboom_rosmaster_msgs/include/yahboom_rosmaster_msgs/yahboom_rosmaster_msgs/action/timed_rotation.h
[3.680s] -- Up-to-date symlink: /home/ziad/ziad_ws/ROS2/work_space/install/yahboom_rosmaster_msgs/include/yahboom_rosmaster_msgs/yahboom_rosmaster_msgs/msg/rosidl_generator_c__visibility_control.h
[3.681s] -- Up-to-date symlink: /home/ziad/ziad_ws/ROS2/work_space/install/yahboom_rosmaster_msgs/include/yahboom_rosmaster_msgs/yahboom_rosmaster_msgs/srv/detail/set_cleaning_state__functions.h
[3.681s] -- Up-to-date symlink: /home/ziad/ziad_ws/ROS2/work_space/install/yahboom_rosmaster_msgs/include/yahboom_rosmaster_msgs/yahboom_rosmaster_msgs/srv/detail/set_cleaning_state__struct.h
[3.681s] -- Up-to-date symlink: /home/ziad/ziad_ws/ROS2/work_space/install/yahboom_rosmaster_msgs/include/yahboom_rosmaster_msgs/yahboom_rosmaster_msgs/srv/detail/set_cleaning_state__type_support.h
[3.681s] -- Up-to-date symlink: /home/ziad/ziad_ws/ROS2/work_space/install/yahboom_rosmaster_msgs/include/yahboom_rosmaster_msgs/yahboom_rosmaster_msgs/srv/set_cleaning_state.h
[3.683s] -- Up-to-date symlink: /home/ziad/ziad_ws/ROS2/work_space/install/yahboom_rosmaster_msgs/share/yahboom_rosmaster_msgs/environment/library_path.sh
[3.687s] -- Up-to-date symlink: /home/ziad/ziad_ws/ROS2/work_space/install/yahboom_rosmaster_msgs/share/yahboom_rosmaster_msgs/environment/library_path.dsv
[3.692s] -- Up-to-date symlink: /home/ziad/ziad_ws/ROS2/work_space/install/yahboom_rosmaster_msgs/include/yahboom_rosmaster_msgs/yahboom_rosmaster_msgs/action/detail/timed_rotation__rosidl_typesupport_fastrtps_c.h
[3.692s] -- Up-to-date symlink: /home/ziad/ziad_ws/ROS2/work_space/install/yahboom_rosmaster_msgs/include/yahboom_rosmaster_msgs/yahboom_rosmaster_msgs/msg/rosidl_typesupport_fastrtps_c__visibility_control.h
[3.695s] -- Up-to-date symlink: /home/ziad/ziad_ws/ROS2/work_space/install/yahboom_rosmaster_msgs/include/yahboom_rosmaster_msgs/yahboom_rosmaster_msgs/srv/detail/set_cleaning_state__rosidl_typesupport_fastrtps_c.h
[3.695s] -- Up-to-date symlink: /home/ziad/ziad_ws/ROS2/work_space/install/yahboom_rosmaster_msgs/include/yahboom_rosmaster_msgs/yahboom_rosmaster_msgs/action/detail/timed_rotation__rosidl_typesupport_introspection_c.h
[3.697s] -- Up-to-date symlink: /home/ziad/ziad_ws/ROS2/work_space/install/yahboom_rosmaster_msgs/include/yahboom_rosmaster_msgs/yahboom_rosmaster_msgs/msg/rosidl_typesupport_introspection_c__visibility_control.h
[3.697s] -- Up-to-date symlink: /home/ziad/ziad_ws/ROS2/work_space/install/yahboom_rosmaster_msgs/include/yahboom_rosmaster_msgs/yahboom_rosmaster_msgs/srv/detail/set_cleaning_state__rosidl_typesupport_introspection_c.h
[3.702s] -- Up-to-date symlink: /home/ziad/ziad_ws/ROS2/work_space/install/yahboom_rosmaster_msgs/include/yahboom_rosmaster_msgs/yahboom_rosmaster_msgs/action/detail/timed_rotation__builder.hpp
[3.702s] -- Up-to-date symlink: /home/ziad/ziad_ws/ROS2/work_space/install/yahboom_rosmaster_msgs/include/yahboom_rosmaster_msgs/yahboom_rosmaster_msgs/action/detail/timed_rotation__struct.hpp
[3.702s] -- Up-to-date symlink: /home/ziad/ziad_ws/ROS2/work_space/install/yahboom_rosmaster_msgs/include/yahboom_rosmaster_msgs/yahboom_rosmaster_msgs/action/detail/timed_rotation__traits.hpp
[3.705s] -- Up-to-date symlink: /home/ziad/ziad_ws/ROS2/work_space/install/yahboom_rosmaster_msgs/include/yahboom_rosmaster_msgs/yahboom_rosmaster_msgs/action/detail/timed_rotation__type_support.hpp
[3.711s] -- Up-to-date symlink: /home/ziad/ziad_ws/ROS2/work_space/install/yahboom_rosmaster_msgs/include/yahboom_rosmaster_msgs/yahboom_rosmaster_msgs/action/timed_rotation.hpp
[3.711s] -- Up-to-date symlink: /home/ziad/ziad_ws/ROS2/work_space/install/yahboom_rosmaster_msgs/include/yahboom_rosmaster_msgs/yahboom_rosmaster_msgs/msg/rosidl_generator_cpp__visibility_control.hpp
[3.712s] -- Up-to-date symlink: /home/ziad/ziad_ws/ROS2/work_space/install/yahboom_rosmaster_msgs/include/yahboom_rosmaster_msgs/yahboom_rosmaster_msgs/srv/detail/set_cleaning_state__builder.hpp
[3.712s] -- Up-to-date symlink: /home/ziad/ziad_ws/ROS2/work_space/install/yahboom_rosmaster_msgs/include/yahboom_rosmaster_msgs/yahboom_rosmaster_msgs/srv/detail/set_cleaning_state__struct.hpp
[3.712s] -- Up-to-date symlink: /home/ziad/ziad_ws/ROS2/work_space/install/yahboom_rosmaster_msgs/include/yahboom_rosmaster_msgs/yahboom_rosmaster_msgs/srv/detail/set_cleaning_state__traits.hpp
[3.715s] -- Up-to-date symlink: /home/ziad/ziad_ws/ROS2/work_space/install/yahboom_rosmaster_msgs/include/yahboom_rosmaster_msgs/yahboom_rosmaster_msgs/srv/detail/set_cleaning_state__type_support.hpp
[3.715s] -- Up-to-date symlink: /home/ziad/ziad_ws/ROS2/work_space/install/yahboom_rosmaster_msgs/include/yahboom_rosmaster_msgs/yahboom_rosmaster_msgs/srv/set_cleaning_state.hpp
[3.716s] -- Up-to-date symlink: /home/ziad/ziad_ws/ROS2/work_space/install/yahboom_rosmaster_msgs/include/yahboom_rosmaster_msgs/yahboom_rosmaster_msgs/action/detail/timed_rotation__rosidl_typesupport_fastrtps_cpp.hpp
[3.718s] -- Up-to-date symlink: /home/ziad/ziad_ws/ROS2/work_space/install/yahboom_rosmaster_msgs/include/yahboom_rosmaster_msgs/yahboom_rosmaster_msgs/msg/rosidl_typesupport_fastrtps_cpp__visibility_control.h
[3.718s] -- Up-to-date symlink: /home/ziad/ziad_ws/ROS2/work_space/install/yahboom_rosmaster_msgs/include/yahboom_rosmaster_msgs/yahboom_rosmaster_msgs/srv/detail/set_cleaning_state__rosidl_typesupport_fastrtps_cpp.hpp
[3.718s] -- Up-to-date symlink: /home/ziad/ziad_ws/ROS2/work_space/install/yahboom_rosmaster_msgs/include/yahboom_rosmaster_msgs/yahboom_rosmaster_msgs/action/detail/timed_rotation__rosidl_typesupport_introspection_cpp.hpp
[3.719s] -- Up-to-date symlink: /home/ziad/ziad_ws/ROS2/work_space/install/yahboom_rosmaster_msgs/include/yahboom_rosmaster_msgs/yahboom_rosmaster_msgs/srv/detail/set_cleaning_state__rosidl_typesupport_introspection_cpp.hpp
[3.719s] -- Up-to-date symlink: /home/ziad/ziad_ws/ROS2/work_space/install/yahboom_rosmaster_msgs/share/yahboom_rosmaster_msgs/environment/pythonpath.sh
[3.724s] -- Up-to-date symlink: /home/ziad/ziad_ws/ROS2/work_space/install/yahboom_rosmaster_msgs/share/yahboom_rosmaster_msgs/environment/pythonpath.dsv
[3.724s] -- Up-to-date symlink: /home/ziad/ziad_ws/ROS2/work_space/install/yahboom_rosmaster_msgs/lib/python3.12/site-packages/yahboom_rosmaster_msgs-0.0.0-py3.12.egg-info/PKG-INFO
[3.724s] -- Up-to-date symlink: /home/ziad/ziad_ws/ROS2/work_space/install/yahboom_rosmaster_msgs/lib/python3.12/site-packages/yahboom_rosmaster_msgs-0.0.0-py3.12.egg-info/SOURCES.txt
[3.725s] -- Up-to-date symlink: /home/ziad/ziad_ws/ROS2/work_space/install/yahboom_rosmaster_msgs/lib/python3.12/site-packages/yahboom_rosmaster_msgs-0.0.0-py3.12.egg-info/dependency_links.txt
[3.725s] -- Up-to-date symlink: /home/ziad/ziad_ws/ROS2/work_space/install/yahboom_rosmaster_msgs/lib/python3.12/site-packages/yahboom_rosmaster_msgs-0.0.0-py3.12.egg-info/top_level.txt
[3.732s] -- Up-to-date symlink: /home/ziad/ziad_ws/ROS2/work_space/install/yahboom_rosmaster_msgs/lib/python3.12/site-packages/yahboom_rosmaster_msgs/__init__.py
[3.733s] -- Up-to-date symlink: /home/ziad/ziad_ws/ROS2/work_space/install/yahboom_rosmaster_msgs/lib/python3.12/site-packages/yahboom_rosmaster_msgs/_yahboom_rosmaster_msgs_s.ep.rosidl_typesupport_c.c
[3.733s] -- Up-to-date symlink: /home/ziad/ziad_ws/ROS2/work_space/install/yahboom_rosmaster_msgs/lib/python3.12/site-packages/yahboom_rosmaster_msgs/_yahboom_rosmaster_msgs_s.ep.rosidl_typesupport_fastrtps_c.c
[3.733s] -- Up-to-date symlink: /home/ziad/ziad_ws/ROS2/work_space/install/yahboom_rosmaster_msgs/lib/python3.12/site-packages/yahboom_rosmaster_msgs/_yahboom_rosmaster_msgs_s.ep.rosidl_typesupport_introspection_c.c
[3.733s] -- Up-to-date symlink: /home/ziad/ziad_ws/ROS2/work_space/install/yahboom_rosmaster_msgs/lib/python3.12/site-packages/yahboom_rosmaster_msgs/action/__init__.py
[3.736s] -- Up-to-date symlink: /home/ziad/ziad_ws/ROS2/work_space/install/yahboom_rosmaster_msgs/lib/python3.12/site-packages/yahboom_rosmaster_msgs/action/_timed_rotation.py
[3.736s] -- Up-to-date symlink: /home/ziad/ziad_ws/ROS2/work_space/install/yahboom_rosmaster_msgs/lib/python3.12/site-packages/yahboom_rosmaster_msgs/action/_timed_rotation_s.c
[3.737s] -- Up-to-date symlink: /home/ziad/ziad_ws/ROS2/work_space/install/yahboom_rosmaster_msgs/lib/python3.12/site-packages/yahboom_rosmaster_msgs/srv/__init__.py
[3.737s] -- Up-to-date symlink: /home/ziad/ziad_ws/ROS2/work_space/install/yahboom_rosmaster_msgs/lib/python3.12/site-packages/yahboom_rosmaster_msgs/srv/_set_cleaning_state.py
[3.737s] -- Up-to-date symlink: /home/ziad/ziad_ws/ROS2/work_space/install/yahboom_rosmaster_msgs/lib/python3.12/site-packages/yahboom_rosmaster_msgs/srv/_set_cleaning_state_s.c
[3.737s] -- Up-to-date symlink: /home/ziad/ziad_ws/ROS2/work_space/install/yahboom_rosmaster_msgs/lib/python3.12/site-packages/yahboom_rosmaster_msgs/yahboom_rosmaster_msgs_s__rosidl_typesupport_c.so
[3.737s] -- Up-to-date symlink: /home/ziad/ziad_ws/ROS2/work_space/install/yahboom_rosmaster_msgs/lib/python3.12/site-packages/yahboom_rosmaster_msgs/yahboom_rosmaster_msgs_s__rosidl_typesupport_fastrtps_c.so
[3.737s] -- Up-to-date symlink: /home/ziad/ziad_ws/ROS2/work_space/install/yahboom_rosmaster_msgs/lib/python3.12/site-packages/yahboom_rosmaster_msgs/yahboom_rosmaster_msgs_s__rosidl_typesupport_introspection_c.so
[3.743s] -- Up-to-date symlink: /home/ziad/ziad_ws/ROS2/work_space/install/yahboom_rosmaster_msgs/lib/python3.12/site-packages/yahboom_rosmaster_msgs/yahboom_rosmaster_msgs_s__rosidl_typesupport_fastrtps_c.so
[3.743s] -- Up-to-date symlink: /home/ziad/ziad_ws/ROS2/work_space/install/yahboom_rosmaster_msgs/lib/python3.12/site-packages/yahboom_rosmaster_msgs/yahboom_rosmaster_msgs_s__rosidl_typesupport_introspection_c.so
[3.744s] -- Up-to-date symlink: /home/ziad/ziad_ws/ROS2/work_space/install/yahboom_rosmaster_msgs/lib/python3.12/site-packages/yahboom_rosmaster_msgs/yahboom_rosmaster_msgs_s__rosidl_typesupport_c.so
[3.744s] -- Up-to-date symlink: /home/ziad/ziad_ws/ROS2/work_space/install/yahboom_rosmaster_msgs/share/yahboom_rosmaster_msgs/action/TimedRotation.idl
[3.750s] -- Up-to-date symlink: /home/ziad/ziad_ws/ROS2/work_space/install/yahboom_rosmaster_msgs/share/yahboom_rosmaster_msgs/srv/SetCleaningState.idl
[3.750s] -- Up-to-date symlink: /home/ziad/ziad_ws/ROS2/work_space/install/yahboom_rosmaster_msgs/share/yahboom_rosmaster_msgs/action/TimedRotation.action
[3.751s] -- Up-to-date symlink: /home/ziad/ziad_ws/ROS2/work_space/install/yahboom_rosmaster_msgs/share/yahboom_rosmaster_msgs/srv/SetCleaningState.srv
[3.751s] -- Up-to-date symlink: /home/ziad/ziad_ws/ROS2/work_space/install/yahboom_rosmaster_msgs/share/ament_index/resource_index/package_run_dependencies/yahboom_rosmaster_msgs
[3.751s] -- Up-to-date symlink: /home/ziad/ziad_ws/ROS2/work_space/install/yahboom_rosmaster_msgs/share/ament_index/resource_index/parent_prefix_path/yahboom_rosmaster_msgs
[3.752s] -- Up-to-date symlink: /home/ziad/ziad_ws/ROS2/work_space/install/yahboom_rosmaster_msgs/share/yahboom_rosmaster_msgs/environment/ament_prefix_path.sh
[3.760s] -- Up-to-date symlink: /home/ziad/ziad_ws/ROS2/work_space/install/yahboom_rosmaster_msgs/share/yahboom_rosmaster_msgs/environment/ament_prefix_path.dsv
[3.763s] -- Up-to-date symlink: /home/ziad/ziad_ws/ROS2/work_space/install/yahboom_rosmaster_msgs/share/yahboom_rosmaster_msgs/environment/path.sh
[3.763s] -- Up-to-date symlink: /home/ziad/ziad_ws/ROS2/work_space/install/yahboom_rosmaster_msgs/share/yahboom_rosmaster_msgs/environment/path.dsv
[3.763s] -- Up-to-date symlink: /home/ziad/ziad_ws/ROS2/work_space/install/yahboom_rosmaster_msgs/share/yahboom_rosmaster_msgs/local_setup.bash
[3.763s] -- Up-to-date symlink: /home/ziad/ziad_ws/ROS2/work_space/install/yahboom_rosmaster_msgs/share/yahboom_rosmaster_msgs/local_setup.sh
[3.764s] -- Up-to-date symlink: /home/ziad/ziad_ws/ROS2/work_space/install/yahboom_rosmaster_msgs/share/yahboom_rosmaster_msgs/local_setup.zsh
[3.764s] -- Up-to-date symlink: /home/ziad/ziad_ws/ROS2/work_space/install/yahboom_rosmaster_msgs/share/yahboom_rosmaster_msgs/local_setup.dsv
[3.764s] -- Symlinking: /home/ziad/ziad_ws/ROS2/work_space/install/yahboom_rosmaster_msgs/share/yahboom_rosmaster_msgs/package.dsv
[3.813s] -- Up-to-date symlink: /home/ziad/ziad_ws/ROS2/work_space/install/yahboom_rosmaster_msgs/share/ament_index/resource_index/packages/yahboom_rosmaster_msgs
[3.813s] -- Up-to-date symlink: /home/ziad/ziad_ws/ROS2/work_space/install/yahboom_rosmaster_msgs/share/yahboom_rosmaster_msgs/cmake/rosidl_cmake-extras.cmake
[3.813s] -- Up-to-date symlink: /home/ziad/ziad_ws/ROS2/work_space/install/yahboom_rosmaster_msgs/share/yahboom_rosmaster_msgs/cmake/ament_cmake_export_dependencies-extras.cmake
[3.814s] -- Up-to-date symlink: /home/ziad/ziad_ws/ROS2/work_space/install/yahboom_rosmaster_msgs/share/yahboom_rosmaster_msgs/cmake/ament_cmake_export_include_directories-extras.cmake
[3.814s] -- Up-to-date symlink: /home/ziad/ziad_ws/ROS2/work_space/install/yahboom_rosmaster_msgs/share/yahboom_rosmaster_msgs/cmake/ament_cmake_export_libraries-extras.cmake
[3.814s] -- Up-to-date symlink: /home/ziad/ziad_ws/ROS2/work_space/install/yahboom_rosmaster_msgs/share/yahboom_rosmaster_msgs/cmake/ament_cmake_export_targets-extras.cmake
[3.817s] -- Up-to-date symlink: /home/ziad/ziad_ws/ROS2/work_space/install/yahboom_rosmaster_msgs/share/yahboom_rosmaster_msgs/cmake/rosidl_cmake_export_typesupport_targets-extras.cmake
[3.817s] -- Up-to-date symlink: /home/ziad/ziad_ws/ROS2/work_space/install/yahboom_rosmaster_msgs/share/yahboom_rosmaster_msgs/cmake/rosidl_cmake_export_typesupport_libraries-extras.cmake
[3.817s] -- Up-to-date symlink: /home/ziad/ziad_ws/ROS2/work_space/install/yahboom_rosmaster_msgs/share/yahboom_rosmaster_msgs/cmake/yahboom_rosmaster_msgsConfig.cmake
[3.819s] -- Up-to-date symlink: /home/ziad/ziad_ws/ROS2/work_space/install/yahboom_rosmaster_msgs/share/yahboom_rosmaster_msgs/cmake/yahboom_rosmaster_msgsConfig-version.cmake
[3.819s] -- Up-to-date symlink: /home/ziad/ziad_ws/ROS2/work_space/install/yahboom_rosmaster_msgs/share/yahboom_rosmaster_msgs/package.xml
[3.823s] -- Up-to-date: /home/ziad/ziad_ws/ROS2/work_space/install/yahboom_rosmaster_msgs/lib/libyahboom_rosmaster_msgs__rosidl_generator_c.so
[3.823s] -- Up-to-date: /home/ziad/ziad_ws/ROS2/work_space/install/yahboom_rosmaster_msgs/lib/libyahboom_rosmaster_msgs__rosidl_typesupport_fastrtps_c.so
[3.828s] -- Up-to-date: /home/ziad/ziad_ws/ROS2/work_space/install/yahboom_rosmaster_msgs/lib/libyahboom_rosmaster_msgs__rosidl_typesupport_introspection_c.so
[3.828s] -- Up-to-date: /home/ziad/ziad_ws/ROS2/work_space/install/yahboom_rosmaster_msgs/lib/libyahboom_rosmaster_msgs__rosidl_typesupport_c.so
[3.834s] -- Up-to-date: /home/ziad/ziad_ws/ROS2/work_space/install/yahboom_rosmaster_msgs/lib/libyahboom_rosmaster_msgs__rosidl_typesupport_fastrtps_cpp.so
[3.834s] -- Up-to-date: /home/ziad/ziad_ws/ROS2/work_space/install/yahboom_rosmaster_msgs/lib/libyahboom_rosmaster_msgs__rosidl_typesupport_introspection_cpp.so
[3.835s] -- Up-to-date: /home/ziad/ziad_ws/ROS2/work_space/install/yahboom_rosmaster_msgs/lib/libyahboom_rosmaster_msgs__rosidl_typesupport_cpp.so
[4.077s] Listing '/home/ziad/ziad_ws/ROS2/work_space/install/yahboom_rosmaster_msgs/lib/python3.12/site-packages/yahboom_rosmaster_msgs'...
[4.077s] Listing '/home/ziad/ziad_ws/ROS2/work_space/install/yahboom_rosmaster_msgs/lib/python3.12/site-packages/yahboom_rosmaster_msgs/action'...
[4.077s] Listing '/home/ziad/ziad_ws/ROS2/work_space/install/yahboom_rosmaster_msgs/lib/python3.12/site-packages/yahboom_rosmaster_msgs/srv'...
[4.119s] -- Up-to-date: /home/ziad/ziad_ws/ROS2/work_space/install/yahboom_rosmaster_msgs/lib/libyahboom_rosmaster_msgs__rosidl_generator_py.so
[4.122s] -- Up-to-date: /home/ziad/ziad_ws/ROS2/work_space/install/yahboom_rosmaster_msgs/share/yahboom_rosmaster_msgs/cmake/export_yahboom_rosmaster_msgs__rosidl_generator_cExport.cmake
[4.122s] -- Up-to-date: /home/ziad/ziad_ws/ROS2/work_space/install/yahboom_rosmaster_msgs/share/yahboom_rosmaster_msgs/cmake/export_yahboom_rosmaster_msgs__rosidl_generator_cExport-noconfig.cmake
[4.123s] -- Up-to-date: /home/ziad/ziad_ws/ROS2/work_space/install/yahboom_rosmaster_msgs/share/yahboom_rosmaster_msgs/cmake/export_yahboom_rosmaster_msgs__rosidl_typesupport_fastrtps_cExport.cmake
[4.123s] -- Up-to-date: /home/ziad/ziad_ws/ROS2/work_space/install/yahboom_rosmaster_msgs/share/yahboom_rosmaster_msgs/cmake/export_yahboom_rosmaster_msgs__rosidl_typesupport_fastrtps_cExport-noconfig.cmake
[4.123s] -- Up-to-date: /home/ziad/ziad_ws/ROS2/work_space/install/yahboom_rosmaster_msgs/share/yahboom_rosmaster_msgs/cmake/yahboom_rosmaster_msgs__rosidl_typesupport_introspection_cExport.cmake
[4.123s] -- Up-to-date: /home/ziad/ziad_ws/ROS2/work_space/install/yahboom_rosmaster_msgs/share/yahboom_rosmaster_msgs/cmake/yahboom_rosmaster_msgs__rosidl_typesupport_introspection_cExport-noconfig.cmake
[4.127s] -- Up-to-date: /home/ziad/ziad_ws/ROS2/work_space/install/yahboom_rosmaster_msgs/share/yahboom_rosmaster_msgs/cmake/yahboom_rosmaster_msgs__rosidl_typesupport_cExport.cmake
[4.127s] -- Up-to-date: /home/ziad/ziad_ws/ROS2/work_space/install/yahboom_rosmaster_msgs/share/yahboom_rosmaster_msgs/cmake/yahboom_rosmaster_msgs__rosidl_typesupport_cExport-noconfig.cmake
[4.128s] -- Up-to-date: /home/ziad/ziad_ws/ROS2/work_space/install/yahboom_rosmaster_msgs/share/yahboom_rosmaster_msgs/cmake/export_yahboom_rosmaster_msgs__rosidl_generator_cppExport.cmake
[4.128s] -- Up-to-date: /home/ziad/ziad_ws/ROS2/work_space/install/yahboom_rosmaster_msgs/share/yahboom_rosmaster_msgs/cmake/export_yahboom_rosmaster_msgs__rosidl_typesupport_fastrtps_cppExport.cmake
[4.131s] -- Up-to-date: /home/ziad/ziad_ws/ROS2/work_space/install/yahboom_rosmaster_msgs/share/yahboom_rosmaster_msgs/cmake/export_yahboom_rosmaster_msgs__rosidl_typesupport_fastrtps_cppExport-noconfig.cmake
[4.133s] -- Up-to-date: /home/ziad/ziad_ws/ROS2/work_space/install/yahboom_rosmaster_msgs/share/yahboom_rosmaster_msgs/cmake/yahboom_rosmaster_msgs__rosidl_typesupport_introspection_cppExport.cmake
[4.133s] -- Up-to-date: /home/ziad/ziad_ws/ROS2/work_space/install/yahboom_rosmaster_msgs/share/yahboom_rosmaster_msgs/cmake/yahboom_rosmaster_msgs__rosidl_typesupport_introspection_cppExport-noconfig.cmake
[4.133s] -- Up-to-date: /home/ziad/ziad_ws/ROS2/work_space/install/yahboom_rosmaster_msgs/share/yahboom_rosmaster_msgs/cmake/yahboom_rosmaster_msgs__rosidl_typesupport_cppExport.cmake
[4.133s] -- Up-to-date: /home/ziad/ziad_ws/ROS2/work_space/install/yahboom_rosmaster_msgs/share/yahboom_rosmaster_msgs/cmake/yahboom_rosmaster_msgs__rosidl_typesupport_cppExport-noconfig.cmake
[4.134s] -- Up-to-date: /home/ziad/ziad_ws/ROS2/work_space/install/yahboom_rosmaster_msgs/share/yahboom_rosmaster_msgs/cmake/export_yahboom_rosmaster_msgs__rosidl_generator_pyExport.cmake
[4.134s] -- Up-to-date: /home/ziad/ziad_ws/ROS2/work_space/install/yahboom_rosmaster_msgs/share/yahboom_rosmaster_msgs/cmake/export_yahboom_rosmaster_msgs__rosidl_generator_pyExport-noconfig.cmake
[4.149s] Invoked command in '/home/ziad/ziad_ws/ROS2/work_space/build/yahboom_rosmaster_msgs' returned '0': CMAKE_PREFIX_PATH=${CMAKE_PREFIX_PATH}:/opt/ros/jazzy DEBUGINFOD_URLS=https://debuginfod.ubuntu.com /usr/bin/cmake --install /home/ziad/ziad_ws/ROS2/work_space/build/yahboom_rosmaster_msgs
