[0.697s] [34mcolcon[0m [1;30mDEBUG[0m [32mCommand line arguments: ['/usr/bin/colcon', 'build'][0m
[0.697s] [34mcolcon[0m [1;30mDEBUG[0m [32mParsed command line arguments: Namespace(log_base=None, log_level=None, verb_name='build', build_base='build', install_base='install', merge_install=False, symlink_install=False, test_result_base=None, continue_on_error=False, executor='parallel', parallel_workers=4, event_handlers=None, ignore_user_meta=False, metas=['./colcon.meta'], base_paths=['.'], packages_ignore=None, packages_ignore_regex=None, paths=None, packages_up_to=None, packages_up_to_regex=None, packages_above=None, packages_above_and_dependencies=None, packages_above_depth=None, packages_select_by_dep=None, packages_skip_by_dep=None, packages_skip_up_to=None, packages_select_build_failed=False, packages_skip_build_finished=False, packages_select_test_failures=False, packages_skip_test_passed=False, packages_select=None, packages_skip=None, packages_select_regex=None, packages_skip_regex=None, packages_start=None, packages_end=None, allow_overriding=[], cmake_args=None, cmake_target=None, cmake_target_skip_unavailable=False, cmake_clean_cache=False, cmake_clean_first=False, cmake_force_configure=False, ament_cmake_args=None, catkin_cmake_args=None, catkin_skip_building_tests=False, mixin_files=None, mixin=None, verb_parser=<colcon_mixin.mixin.mixin_argument.MixinArgumentDecorator object at 0x7db23e9ac7f0>, verb_extension=<colcon_core.verb.build.BuildVerb object at 0x7db23e9254b0>, main=<bound method BuildVerb.main of <colcon_core.verb.build.BuildVerb object at 0x7db23e9254b0>>, mixin_verb=('build',))[0m
[3.070s] [34mcolcon.colcon_core.package_discovery[0m [1;30mLevel 1[0m discover_packages(colcon_meta) check parameters
[3.070s] [34mcolcon.colcon_core.package_discovery[0m [1;30mLevel 1[0m discover_packages(recursive) check parameters
[3.070s] [34mcolcon.colcon_core.package_discovery[0m [1;30mLevel 1[0m discover_packages(ignore) check parameters
[3.071s] [34mcolcon.colcon_core.package_discovery[0m [1;30mLevel 1[0m discover_packages(path) check parameters
[3.071s] [34mcolcon.colcon_core.package_discovery[0m [1;30mLevel 1[0m discover_packages(colcon_meta) discover
[3.071s] [34mcolcon.colcon_core.package_discovery[0m [1;30mLevel 1[0m discover_packages(recursive) discover
[3.071s] [34mcolcon.colcon_core.package_discovery[0m [1;30mINFO[0m Crawling recursively for packages in '/home/ziad/Ziad_WS/ROS2/ziad_ws'
[3.071s] [34mcolcon.colcon_core.package_identification[0m [1;30mLevel 1[0m _identify(.) by extensions ['ignore', 'ignore_ament_install']
[3.071s] [34mcolcon.colcon_core.package_identification[0m [1;30mLevel 1[0m _identify(.) by extension 'ignore'
[3.071s] [34mcolcon.colcon_core.package_identification[0m [1;30mLevel 1[0m _identify(.) by extension 'ignore_ament_install'
[3.071s] [34mcolcon.colcon_core.package_identification[0m [1;30mLevel 1[0m _identify(.) by extensions ['colcon_pkg']
[3.071s] [34mcolcon.colcon_core.package_identification[0m [1;30mLevel 1[0m _identify(.) by extension 'colcon_pkg'
[3.071s] [34mcolcon.colcon_core.package_identification[0m [1;30mLevel 1[0m _identify(.) by extensions ['colcon_meta']
[3.072s] [34mcolcon.colcon_core.package_identification[0m [1;30mLevel 1[0m _identify(.) by extension 'colcon_meta'
[3.072s] [34mcolcon.colcon_core.package_identification[0m [1;30mLevel 1[0m _identify(.) by extensions ['ros']
[3.072s] [34mcolcon.colcon_core.package_identification[0m [1;30mLevel 1[0m _identify(.) by extension 'ros'
[3.168s] [34mcolcon.colcon_core.package_identification[0m [1;30mLevel 1[0m _identify(.) by extensions ['cmake', 'python']
[3.169s] [34mcolcon.colcon_core.package_identification[0m [1;30mLevel 1[0m _identify(.) by extension 'cmake'
[3.169s] [34mcolcon.colcon_core.package_identification[0m [1;30mLevel 1[0m _identify(.) by extension 'python'
[3.169s] [34mcolcon.colcon_core.package_identification[0m [1;30mLevel 1[0m _identify(.) by extensions ['python_setup_py']
[3.169s] [34mcolcon.colcon_core.package_identification[0m [1;30mLevel 1[0m _identify(.) by extension 'python_setup_py'
[3.169s] [34mcolcon.colcon_core.package_identification[0m [1;30mLevel 1[0m _identify(build) by extensions ['ignore', 'ignore_ament_install']
[3.169s] [34mcolcon.colcon_core.package_identification[0m [1;30mLevel 1[0m _identify(build) by extension 'ignore'
[3.170s] [34mcolcon.colcon_core.package_identification[0m [1;30mLevel 1[0m _identify(build) ignored
[3.170s] [34mcolcon.colcon_core.package_identification[0m [1;30mLevel 1[0m _identify(install) by extensions ['ignore', 'ignore_ament_install']
[3.170s] [34mcolcon.colcon_core.package_identification[0m [1;30mLevel 1[0m _identify(install) by extension 'ignore'
[3.170s] [34mcolcon.colcon_core.package_identification[0m [1;30mLevel 1[0m _identify(install) ignored
[3.171s] [34mcolcon.colcon_core.package_identification[0m [1;30mLevel 1[0m _identify(log) by extensions ['ignore', 'ignore_ament_install']
[3.171s] [34mcolcon.colcon_core.package_identification[0m [1;30mLevel 1[0m _identify(log) by extension 'ignore'
[3.171s] [34mcolcon.colcon_core.package_identification[0m [1;30mLevel 1[0m _identify(log) ignored
[3.171s] [34mcolcon.colcon_core.package_identification[0m [1;30mLevel 1[0m _identify(src) by extensions ['ignore', 'ignore_ament_install']
[3.171s] [34mcolcon.colcon_core.package_identification[0m [1;30mLevel 1[0m _identify(src) by extension 'ignore'
[3.171s] [34mcolcon.colcon_core.package_identification[0m [1;30mLevel 1[0m _identify(src) by extension 'ignore_ament_install'
[3.172s] [34mcolcon.colcon_core.package_identification[0m [1;30mLevel 1[0m _identify(src) by extensions ['colcon_pkg']
[3.172s] [34mcolcon.colcon_core.package_identification[0m [1;30mLevel 1[0m _identify(src) by extension 'colcon_pkg'
[3.172s] [34mcolcon.colcon_core.package_identification[0m [1;30mLevel 1[0m _identify(src) by extensions ['colcon_meta']
[3.172s] [34mcolcon.colcon_core.package_identification[0m [1;30mLevel 1[0m _identify(src) by extension 'colcon_meta'
[3.172s] [34mcolcon.colcon_core.package_identification[0m [1;30mLevel 1[0m _identify(src) by extensions ['ros']
[3.172s] [34mcolcon.colcon_core.package_identification[0m [1;30mLevel 1[0m _identify(src) by extension 'ros'
[3.172s] [34mcolcon.colcon_core.package_identification[0m [1;30mLevel 1[0m _identify(src) by extensions ['cmake', 'python']
[3.172s] [34mcolcon.colcon_core.package_identification[0m [1;30mLevel 1[0m _identify(src) by extension 'cmake'
[3.172s] [34mcolcon.colcon_core.package_identification[0m [1;30mLevel 1[0m _identify(src) by extension 'python'
[3.173s] [34mcolcon.colcon_core.package_identification[0m [1;30mLevel 1[0m _identify(src) by extensions ['python_setup_py']
[3.173s] [34mcolcon.colcon_core.package_identification[0m [1;30mLevel 1[0m _identify(src) by extension 'python_setup_py'
[3.179s] [34mcolcon.colcon_core.package_identification[0m [1;30mLevel 1[0m _identify(src/bt_demo) by extensions ['ignore', 'ignore_ament_install']
[3.180s] [34mcolcon.colcon_core.package_identification[0m [1;30mLevel 1[0m _identify(src/bt_demo) by extension 'ignore'
[3.181s] [34mcolcon.colcon_core.package_identification[0m [1;30mLevel 1[0m _identify(src/bt_demo) by extension 'ignore_ament_install'
[3.181s] [34mcolcon.colcon_core.package_identification[0m [1;30mLevel 1[0m _identify(src/bt_demo) by extensions ['colcon_pkg']
[3.181s] [34mcolcon.colcon_core.package_identification[0m [1;30mLevel 1[0m _identify(src/bt_demo) by extension 'colcon_pkg'
[3.181s] [34mcolcon.colcon_core.package_identification[0m [1;30mLevel 1[0m _identify(src/bt_demo) by extensions ['colcon_meta']
[3.181s] [34mcolcon.colcon_core.package_identification[0m [1;30mLevel 1[0m _identify(src/bt_demo) by extension 'colcon_meta'
[3.181s] [34mcolcon.colcon_core.package_identification[0m [1;30mLevel 1[0m _identify(src/bt_demo) by extensions ['ros']
[3.182s] [34mcolcon.colcon_core.package_identification[0m [1;30mLevel 1[0m _identify(src/bt_demo) by extension 'ros'
[3.188s] [34mcolcon.colcon_core.package_identification[0m [1;30mDEBUG[0m [32mPackage 'src/bt_demo' with type 'ros.ament_cmake' and name 'bt_demo'[0m
[3.188s] [34mcolcon.colcon_core.package_identification[0m [1;30mLevel 1[0m _identify(src/custom_panda_controller) by extensions ['ignore', 'ignore_ament_install']
[3.189s] [34mcolcon.colcon_core.package_identification[0m [1;30mLevel 1[0m _identify(src/custom_panda_controller) by extension 'ignore'
[3.189s] [34mcolcon.colcon_core.package_identification[0m [1;30mLevel 1[0m _identify(src/custom_panda_controller) by extension 'ignore_ament_install'
[3.189s] [34mcolcon.colcon_core.package_identification[0m [1;30mLevel 1[0m _identify(src/custom_panda_controller) by extensions ['colcon_pkg']
[3.190s] [34mcolcon.colcon_core.package_identification[0m [1;30mLevel 1[0m _identify(src/custom_panda_controller) by extension 'colcon_pkg'
[3.190s] [34mcolcon.colcon_core.package_identification[0m [1;30mLevel 1[0m _identify(src/custom_panda_controller) by extensions ['colcon_meta']
[3.190s] [34mcolcon.colcon_core.package_identification[0m [1;30mLevel 1[0m _identify(src/custom_panda_controller) by extension 'colcon_meta'
[3.191s] [34mcolcon.colcon_core.package_identification[0m [1;30mLevel 1[0m _identify(src/custom_panda_controller) by extensions ['ros']
[3.191s] [34mcolcon.colcon_core.package_identification[0m [1;30mLevel 1[0m _identify(src/custom_panda_controller) by extension 'ros'
[3.199s] [34mcolcon.colcon_core.package_identification[0m [1;30mDEBUG[0m [32mPackage 'src/custom_panda_controller' with type 'ros.ament_cmake' and name 'custom_panda_controller'[0m
[3.199s] [34mcolcon.colcon_core.package_identification[0m [1;30mLevel 1[0m _identify(src/custom_turtleBot3) by extensions ['ignore', 'ignore_ament_install']
[3.199s] [34mcolcon.colcon_core.package_identification[0m [1;30mLevel 1[0m _identify(src/custom_turtleBot3) by extension 'ignore'
[3.199s] [34mcolcon.colcon_core.package_identification[0m [1;30mLevel 1[0m _identify(src/custom_turtleBot3) by extension 'ignore_ament_install'
[3.200s] [34mcolcon.colcon_core.package_identification[0m [1;30mLevel 1[0m _identify(src/custom_turtleBot3) by extensions ['colcon_pkg']
[3.200s] [34mcolcon.colcon_core.package_identification[0m [1;30mLevel 1[0m _identify(src/custom_turtleBot3) by extension 'colcon_pkg'
[3.200s] [34mcolcon.colcon_core.package_identification[0m [1;30mLevel 1[0m _identify(src/custom_turtleBot3) by extensions ['colcon_meta']
[3.200s] [34mcolcon.colcon_core.package_identification[0m [1;30mLevel 1[0m _identify(src/custom_turtleBot3) by extension 'colcon_meta'
[3.200s] [34mcolcon.colcon_core.package_identification[0m [1;30mLevel 1[0m _identify(src/custom_turtleBot3) by extensions ['ros']
[3.200s] [34mcolcon.colcon_core.package_identification[0m [1;30mLevel 1[0m _identify(src/custom_turtleBot3) by extension 'ros'
[3.203s] [34mcolcon.colcon_core.package_identification[0m [1;30mDEBUG[0m [32mPackage 'src/custom_turtleBot3' with type 'ros.ament_cmake' and name 'custom_turtleBot3'[0m
[3.203s] [34mcolcon.colcon_core.package_discovery[0m [1;30mLevel 1[0m discover_packages(recursive) using defaults
[3.203s] [34mcolcon.colcon_core.package_discovery[0m [1;30mLevel 1[0m discover_packages(ignore) discover
[3.203s] [34mcolcon.colcon_core.package_discovery[0m [1;30mLevel 1[0m discover_packages(ignore) using defaults
[3.203s] [34mcolcon.colcon_core.package_discovery[0m [1;30mLevel 1[0m discover_packages(path) discover
[3.203s] [34mcolcon.colcon_core.package_discovery[0m [1;30mLevel 1[0m discover_packages(path) using defaults
[3.286s] [34mcolcon.colcon_core.package_discovery[0m [1;30mLevel 1[0m discover_packages(prefix_path) check parameters
[3.286s] [34mcolcon.colcon_core.package_discovery[0m [1;30mLevel 1[0m discover_packages(prefix_path) discover
[3.292s] [34mcolcon.colcon_installed_package_information.package_discovery[0m [1;30mDEBUG[0m [32mFound 416 installed packages in /opt/ros/humble[0m
[3.302s] [34mcolcon.colcon_core.package_discovery[0m [1;30mLevel 1[0m discover_packages(prefix_path) using defaults
[3.450s] [34mcolcon.colcon_core.verb[0m [1;30mLevel 5[0m set package 'bt_demo' build argument 'cmake_args' from command line to 'None'
[3.451s] [34mcolcon.colcon_core.verb[0m [1;30mLevel 5[0m set package 'bt_demo' build argument 'cmake_target' from command line to 'None'
[3.451s] [34mcolcon.colcon_core.verb[0m [1;30mLevel 5[0m set package 'bt_demo' build argument 'cmake_target_skip_unavailable' from command line to 'False'
[3.451s] [34mcolcon.colcon_core.verb[0m [1;30mLevel 5[0m set package 'bt_demo' build argument 'cmake_clean_cache' from command line to 'False'
[3.451s] [34mcolcon.colcon_core.verb[0m [1;30mLevel 5[0m set package 'bt_demo' build argument 'cmake_clean_first' from command line to 'False'
[3.451s] [34mcolcon.colcon_core.verb[0m [1;30mLevel 5[0m set package 'bt_demo' build argument 'cmake_force_configure' from command line to 'False'
[3.451s] [34mcolcon.colcon_core.verb[0m [1;30mLevel 5[0m set package 'bt_demo' build argument 'ament_cmake_args' from command line to 'None'
[3.451s] [34mcolcon.colcon_core.verb[0m [1;30mLevel 5[0m set package 'bt_demo' build argument 'catkin_cmake_args' from command line to 'None'
[3.451s] [34mcolcon.colcon_core.verb[0m [1;30mLevel 5[0m set package 'bt_demo' build argument 'catkin_skip_building_tests' from command line to 'False'
[3.451s] [34mcolcon.colcon_core.verb[0m [1;30mDEBUG[0m [32mBuilding package 'bt_demo' with the following arguments: {'ament_cmake_args': None, 'build_base': '/home/ziad/Ziad_WS/ROS2/ziad_ws/build/bt_demo', 'catkin_cmake_args': None, 'catkin_skip_building_tests': False, 'cmake_args': None, 'cmake_clean_cache': False, 'cmake_clean_first': False, 'cmake_force_configure': False, 'cmake_target': None, 'cmake_target_skip_unavailable': False, 'install_base': '/home/ziad/Ziad_WS/ROS2/ziad_ws/install/bt_demo', 'merge_install': False, 'path': '/home/ziad/Ziad_WS/ROS2/ziad_ws/src/bt_demo', 'symlink_install': False, 'test_result_base': None}[0m
[3.451s] [34mcolcon.colcon_core.verb[0m [1;30mLevel 5[0m set package 'custom_panda_controller' build argument 'cmake_args' from command line to 'None'
[3.451s] [34mcolcon.colcon_core.verb[0m [1;30mLevel 5[0m set package 'custom_panda_controller' build argument 'cmake_target' from command line to 'None'
[3.451s] [34mcolcon.colcon_core.verb[0m [1;30mLevel 5[0m set package 'custom_panda_controller' build argument 'cmake_target_skip_unavailable' from command line to 'False'
[3.451s] [34mcolcon.colcon_core.verb[0m [1;30mLevel 5[0m set package 'custom_panda_controller' build argument 'cmake_clean_cache' from command line to 'False'
[3.451s] [34mcolcon.colcon_core.verb[0m [1;30mLevel 5[0m set package 'custom_panda_controller' build argument 'cmake_clean_first' from command line to 'False'
[3.452s] [34mcolcon.colcon_core.verb[0m [1;30mLevel 5[0m set package 'custom_panda_controller' build argument 'cmake_force_configure' from command line to 'False'
[3.452s] [34mcolcon.colcon_core.verb[0m [1;30mLevel 5[0m set package 'custom_panda_controller' build argument 'ament_cmake_args' from command line to 'None'
[3.452s] [34mcolcon.colcon_core.verb[0m [1;30mLevel 5[0m set package 'custom_panda_controller' build argument 'catkin_cmake_args' from command line to 'None'
[3.452s] [34mcolcon.colcon_core.verb[0m [1;30mLevel 5[0m set package 'custom_panda_controller' build argument 'catkin_skip_building_tests' from command line to 'False'
[3.452s] [34mcolcon.colcon_core.verb[0m [1;30mDEBUG[0m [32mBuilding package 'custom_panda_controller' with the following arguments: {'ament_cmake_args': None, 'build_base': '/home/ziad/Ziad_WS/ROS2/ziad_ws/build/custom_panda_controller', 'catkin_cmake_args': None, 'catkin_skip_building_tests': False, 'cmake_args': None, 'cmake_clean_cache': False, 'cmake_clean_first': False, 'cmake_force_configure': False, 'cmake_target': None, 'cmake_target_skip_unavailable': False, 'install_base': '/home/ziad/Ziad_WS/ROS2/ziad_ws/install/custom_panda_controller', 'merge_install': False, 'path': '/home/ziad/Ziad_WS/ROS2/ziad_ws/src/custom_panda_controller', 'symlink_install': False, 'test_result_base': None}[0m
[3.452s] [34mcolcon.colcon_core.verb[0m [1;30mLevel 5[0m set package 'custom_turtleBot3' build argument 'cmake_args' from command line to 'None'
[3.452s] [34mcolcon.colcon_core.verb[0m [1;30mLevel 5[0m set package 'custom_turtleBot3' build argument 'cmake_target' from command line to 'None'
[3.452s] [34mcolcon.colcon_core.verb[0m [1;30mLevel 5[0m set package 'custom_turtleBot3' build argument 'cmake_target_skip_unavailable' from command line to 'False'
[3.452s] [34mcolcon.colcon_core.verb[0m [1;30mLevel 5[0m set package 'custom_turtleBot3' build argument 'cmake_clean_cache' from command line to 'False'
[3.452s] [34mcolcon.colcon_core.verb[0m [1;30mLevel 5[0m set package 'custom_turtleBot3' build argument 'cmake_clean_first' from command line to 'False'
[3.452s] [34mcolcon.colcon_core.verb[0m [1;30mLevel 5[0m set package 'custom_turtleBot3' build argument 'cmake_force_configure' from command line to 'False'
[3.452s] [34mcolcon.colcon_core.verb[0m [1;30mLevel 5[0m set package 'custom_turtleBot3' build argument 'ament_cmake_args' from command line to 'None'
[3.452s] [34mcolcon.colcon_core.verb[0m [1;30mLevel 5[0m set package 'custom_turtleBot3' build argument 'catkin_cmake_args' from command line to 'None'
[3.452s] [34mcolcon.colcon_core.verb[0m [1;30mLevel 5[0m set package 'custom_turtleBot3' build argument 'catkin_skip_building_tests' from command line to 'False'
[3.452s] [34mcolcon.colcon_core.verb[0m [1;30mDEBUG[0m [32mBuilding package 'custom_turtleBot3' with the following arguments: {'ament_cmake_args': None, 'build_base': '/home/ziad/Ziad_WS/ROS2/ziad_ws/build/custom_turtleBot3', 'catkin_cmake_args': None, 'catkin_skip_building_tests': False, 'cmake_args': None, 'cmake_clean_cache': False, 'cmake_clean_first': False, 'cmake_force_configure': False, 'cmake_target': None, 'cmake_target_skip_unavailable': False, 'install_base': '/home/ziad/Ziad_WS/ROS2/ziad_ws/install/custom_turtleBot3', 'merge_install': False, 'path': '/home/ziad/Ziad_WS/ROS2/ziad_ws/src/custom_turtleBot3', 'symlink_install': False, 'test_result_base': None}[0m
[3.453s] [34mcolcon.colcon_core.executor[0m [1;30mINFO[0m Executing jobs using 'parallel' executor
[3.455s] [34mcolcon.colcon_parallel_executor.executor.parallel[0m [1;30mDEBUG[0m [32mrun_until_complete[0m
[3.455s] [34mcolcon.colcon_ros.task.ament_cmake.build[0m [1;30mINFO[0m Building ROS package in '/home/ziad/Ziad_WS/ROS2/ziad_ws/src/bt_demo' with build type 'ament_cmake'
[3.455s] [34mcolcon.colcon_cmake.task.cmake.build[0m [1;30mINFO[0m Building CMake package in '/home/ziad/Ziad_WS/ROS2/ziad_ws/src/bt_demo'
[3.515s] [34mcolcon.colcon_core.plugin_system[0m [1;30mINFO[0m Skipping extension 'colcon_core.shell.bat': Not used on non-Windows systems
[3.516s] [34mcolcon.colcon_core.shell[0m [1;30mINFO[0m Skip shell extension 'powershell' for command environment: Not usable outside of PowerShell
[3.517s] [34mcolcon.colcon_core.shell[0m [1;30mDEBUG[0m [32mSkip shell extension 'dsv' for command environment[0m
[3.525s] [34mcolcon.colcon_ros.task.ament_cmake.build[0m [1;30mINFO[0m Building ROS package in '/home/ziad/Ziad_WS/ROS2/ziad_ws/src/custom_panda_controller' with build type 'ament_cmake'
[3.526s] [34mcolcon.colcon_cmake.task.cmake.build[0m [1;30mINFO[0m Building CMake package in '/home/ziad/Ziad_WS/ROS2/ziad_ws/src/custom_panda_controller'
[3.527s] [34mcolcon.colcon_core.shell[0m [1;30mINFO[0m Skip shell extension 'powershell' for command environment: Not usable outside of PowerShell
[3.527s] [34mcolcon.colcon_core.shell[0m [1;30mDEBUG[0m [32mSkip shell extension 'dsv' for command environment[0m
[3.543s] [34mcolcon.colcon_ros.task.ament_cmake.build[0m [1;30mINFO[0m Building ROS package in '/home/ziad/Ziad_WS/ROS2/ziad_ws/src/custom_turtleBot3' with build type 'ament_cmake'
[3.546s] [34mcolcon.colcon_cmake.task.cmake.build[0m [1;30mINFO[0m Building CMake package in '/home/ziad/Ziad_WS/ROS2/ziad_ws/src/custom_turtleBot3'
[3.550s] [34mcolcon.colcon_core.shell[0m [1;30mINFO[0m Skip shell extension 'powershell' for command environment: Not usable outside of PowerShell
[3.550s] [34mcolcon.colcon_core.shell[0m [1;30mDEBUG[0m [32mSkip shell extension 'dsv' for command environment[0m
[3.591s] [34mcolcon.colcon_core.event_handler.log_command[0m [1;30mDEBUG[0m [32mInvoking command in '/home/ziad/Ziad_WS/ROS2/ziad_ws/build/bt_demo': CMAKE_PREFIX_PATH=/opt/ros/humble /usr/bin/cmake --build /home/ziad/Ziad_WS/ROS2/ziad_ws/build/bt_demo -- -j4 -l4[0m
[3.609s] [34mcolcon.colcon_core.event_handler.log_command[0m [1;30mDEBUG[0m [32mInvoking command in '/home/ziad/Ziad_WS/ROS2/ziad_ws/build/custom_panda_controller': CMAKE_PREFIX_PATH=/opt/ros/humble /usr/bin/cmake --build /home/ziad/Ziad_WS/ROS2/ziad_ws/build/custom_panda_controller -- -j4 -l4[0m
[3.625s] [34mcolcon.colcon_core.event_handler.log_command[0m [1;30mDEBUG[0m [32mInvoking command in '/home/ziad/Ziad_WS/ROS2/ziad_ws/build/custom_turtleBot3': CMAKE_PREFIX_PATH=/opt/ros/humble /usr/bin/cmake --build /home/ziad/Ziad_WS/ROS2/ziad_ws/build/custom_turtleBot3 -- -j4 -l4[0m
[3.824s] [34mcolcon.colcon_core.event_handler.log_command[0m [1;30mDEBUG[0m [32mInvoked command in '/home/ziad/Ziad_WS/ROS2/ziad_ws/build/custom_turtleBot3' returned '0': CMAKE_PREFIX_PATH=/opt/ros/humble /usr/bin/cmake --build /home/ziad/Ziad_WS/ROS2/ziad_ws/build/custom_turtleBot3 -- -j4 -l4[0m
[3.862s] [34mcolcon.colcon_core.event_handler.log_command[0m [1;30mDEBUG[0m [32mInvoking command in '/home/ziad/Ziad_WS/ROS2/ziad_ws/build/custom_turtleBot3': CMAKE_PREFIX_PATH=/opt/ros/humble /usr/bin/cmake --install /home/ziad/Ziad_WS/ROS2/ziad_ws/build/custom_turtleBot3[0m
[3.916s] [34mcolcon.colcon_core.environment[0m [1;30mLevel 1[0m create_environment_scripts_only(custom_turtleBot3)
[3.920s] [34mcolcon.colcon_core.event_handler.log_command[0m [1;30mDEBUG[0m [32mInvoked command in '/home/ziad/Ziad_WS/ROS2/ziad_ws/build/custom_turtleBot3' returned '0': CMAKE_PREFIX_PATH=/opt/ros/humble /usr/bin/cmake --install /home/ziad/Ziad_WS/ROS2/ziad_ws/build/custom_turtleBot3[0m
[3.948s] [34mcolcon.colcon_core.environment[0m [1;30mLevel 1[0m checking '/home/ziad/Ziad_WS/ROS2/ziad_ws/install/custom_turtleBot3' for CMake module files
[3.951s] [34mcolcon.colcon_core.environment[0m [1;30mLevel 1[0m checking '/home/ziad/Ziad_WS/ROS2/ziad_ws/install/custom_turtleBot3' for CMake config files
[3.951s] [34mcolcon.colcon_core.shell[0m [1;30mLevel 1[0m create_environment_hook('custom_turtleBot3', 'cmake_prefix_path')
[3.952s] [34mcolcon.colcon_core.shell[0m [1;30mINFO[0m Creating environment hook '/home/ziad/Ziad_WS/ROS2/ziad_ws/install/custom_turtleBot3/share/custom_turtleBot3/hook/cmake_prefix_path.ps1'
[3.953s] [34mcolcon.colcon_core.shell[0m [1;30mINFO[0m Creating environment descriptor '/home/ziad/Ziad_WS/ROS2/ziad_ws/install/custom_turtleBot3/share/custom_turtleBot3/hook/cmake_prefix_path.dsv'
[3.962s] [34mcolcon.colcon_core.shell[0m [1;30mINFO[0m Creating environment hook '/home/ziad/Ziad_WS/ROS2/ziad_ws/install/custom_turtleBot3/share/custom_turtleBot3/hook/cmake_prefix_path.sh'
[3.964s] [34mcolcon.colcon_core.environment[0m [1;30mLevel 1[0m checking '/home/ziad/Ziad_WS/ROS2/ziad_ws/install/custom_turtleBot3/bin'
[3.964s] [34mcolcon.colcon_core.environment[0m [1;30mLevel 1[0m checking '/home/ziad/Ziad_WS/ROS2/ziad_ws/install/custom_turtleBot3/lib/pkgconfig/custom_turtleBot3.pc'
[3.965s] [34mcolcon.colcon_core.environment[0m [1;30mLevel 1[0m checking '/home/ziad/Ziad_WS/ROS2/ziad_ws/install/custom_turtleBot3/lib/python3.10/site-packages'
[3.965s] [34mcolcon.colcon_core.environment[0m [1;30mLevel 1[0m checking '/home/ziad/Ziad_WS/ROS2/ziad_ws/install/custom_turtleBot3/bin'
[3.966s] [34mcolcon.colcon_core.shell[0m [1;30mINFO[0m Creating package script '/home/ziad/Ziad_WS/ROS2/ziad_ws/install/custom_turtleBot3/share/custom_turtleBot3/package.ps1'
[3.968s] [34mcolcon.colcon_core.shell[0m [1;30mINFO[0m Creating package descriptor '/home/ziad/Ziad_WS/ROS2/ziad_ws/install/custom_turtleBot3/share/custom_turtleBot3/package.dsv'
[3.969s] [34mcolcon.colcon_core.shell[0m [1;30mINFO[0m Creating package script '/home/ziad/Ziad_WS/ROS2/ziad_ws/install/custom_turtleBot3/share/custom_turtleBot3/package.sh'
[3.972s] [34mcolcon.colcon_core.shell[0m [1;30mINFO[0m Creating package script '/home/ziad/Ziad_WS/ROS2/ziad_ws/install/custom_turtleBot3/share/custom_turtleBot3/package.bash'
[3.976s] [34mcolcon.colcon_core.shell[0m [1;30mINFO[0m Creating package script '/home/ziad/Ziad_WS/ROS2/ziad_ws/install/custom_turtleBot3/share/custom_turtleBot3/package.zsh'
[3.978s] [34mcolcon.colcon_core.environment[0m [1;30mLevel 1[0m create_file_with_runtime_dependencies(/home/ziad/Ziad_WS/ROS2/ziad_ws/install/custom_turtleBot3/share/colcon-core/packages/custom_turtleBot3)
[3.982s] [34mcolcon.colcon_core.environment[0m [1;30mLevel 1[0m create_environment_scripts_only(custom_turtleBot3)
[3.983s] [34mcolcon.colcon_core.environment[0m [1;30mLevel 1[0m checking '/home/ziad/Ziad_WS/ROS2/ziad_ws/install/custom_turtleBot3' for CMake module files
[3.984s] [34mcolcon.colcon_core.environment[0m [1;30mLevel 1[0m checking '/home/ziad/Ziad_WS/ROS2/ziad_ws/install/custom_turtleBot3' for CMake config files
[3.985s] [34mcolcon.colcon_core.shell[0m [1;30mLevel 1[0m create_environment_hook('custom_turtleBot3', 'cmake_prefix_path')
[3.985s] [34mcolcon.colcon_core.shell[0m [1;30mINFO[0m Creating environment hook '/home/ziad/Ziad_WS/ROS2/ziad_ws/install/custom_turtleBot3/share/custom_turtleBot3/hook/cmake_prefix_path.ps1'
[3.987s] [34mcolcon.colcon_core.shell[0m [1;30mINFO[0m Creating environment descriptor '/home/ziad/Ziad_WS/ROS2/ziad_ws/install/custom_turtleBot3/share/custom_turtleBot3/hook/cmake_prefix_path.dsv'
[3.988s] [34mcolcon.colcon_core.shell[0m [1;30mINFO[0m Creating environment hook '/home/ziad/Ziad_WS/ROS2/ziad_ws/install/custom_turtleBot3/share/custom_turtleBot3/hook/cmake_prefix_path.sh'
[3.989s] [34mcolcon.colcon_core.environment[0m [1;30mLevel 1[0m checking '/home/ziad/Ziad_WS/ROS2/ziad_ws/install/custom_turtleBot3/bin'
[3.990s] [34mcolcon.colcon_core.environment[0m [1;30mLevel 1[0m checking '/home/ziad/Ziad_WS/ROS2/ziad_ws/install/custom_turtleBot3/lib/pkgconfig/custom_turtleBot3.pc'
[3.991s] [34mcolcon.colcon_core.environment[0m [1;30mLevel 1[0m checking '/home/ziad/Ziad_WS/ROS2/ziad_ws/install/custom_turtleBot3/lib/python3.10/site-packages'
[3.993s] [34mcolcon.colcon_core.environment[0m [1;30mLevel 1[0m checking '/home/ziad/Ziad_WS/ROS2/ziad_ws/install/custom_turtleBot3/bin'
[3.997s] [34mcolcon.colcon_core.shell[0m [1;30mINFO[0m Creating package script '/home/ziad/Ziad_WS/ROS2/ziad_ws/install/custom_turtleBot3/share/custom_turtleBot3/package.ps1'
[4.001s] [34mcolcon.colcon_core.shell[0m [1;30mINFO[0m Creating package descriptor '/home/ziad/Ziad_WS/ROS2/ziad_ws/install/custom_turtleBot3/share/custom_turtleBot3/package.dsv'
[4.004s] [34mcolcon.colcon_core.shell[0m [1;30mINFO[0m Creating package script '/home/ziad/Ziad_WS/ROS2/ziad_ws/install/custom_turtleBot3/share/custom_turtleBot3/package.sh'
[4.007s] [34mcolcon.colcon_core.shell[0m [1;30mINFO[0m Creating package script '/home/ziad/Ziad_WS/ROS2/ziad_ws/install/custom_turtleBot3/share/custom_turtleBot3/package.bash'
[4.009s] [34mcolcon.colcon_core.shell[0m [1;30mINFO[0m Creating package script '/home/ziad/Ziad_WS/ROS2/ziad_ws/install/custom_turtleBot3/share/custom_turtleBot3/package.zsh'
[4.011s] [34mcolcon.colcon_core.environment[0m [1;30mLevel 1[0m create_file_with_runtime_dependencies(/home/ziad/Ziad_WS/ROS2/ziad_ws/install/custom_turtleBot3/share/colcon-core/packages/custom_turtleBot3)
[4.021s] [34mcolcon.colcon_core.event_handler.log_command[0m [1;30mDEBUG[0m [32mInvoked command in '/home/ziad/Ziad_WS/ROS2/ziad_ws/build/bt_demo' returned '0': CMAKE_PREFIX_PATH=/opt/ros/humble /usr/bin/cmake --build /home/ziad/Ziad_WS/ROS2/ziad_ws/build/bt_demo -- -j4 -l4[0m
[4.029s] [34mcolcon.colcon_core.event_handler.log_command[0m [1;30mDEBUG[0m [32mInvoking command in '/home/ziad/Ziad_WS/ROS2/ziad_ws/build/bt_demo': CMAKE_PREFIX_PATH=/opt/ros/humble /usr/bin/cmake --install /home/ziad/Ziad_WS/ROS2/ziad_ws/build/bt_demo[0m
[4.051s] [34mcolcon.colcon_core.event_handler.log_command[0m [1;30mDEBUG[0m [32mInvoked command in '/home/ziad/Ziad_WS/ROS2/ziad_ws/build/custom_panda_controller' returned '0': CMAKE_PREFIX_PATH=/opt/ros/humble /usr/bin/cmake --build /home/ziad/Ziad_WS/ROS2/ziad_ws/build/custom_panda_controller -- -j4 -l4[0m
[4.056s] [34mcolcon.colcon_core.event_handler.log_command[0m [1;30mDEBUG[0m [32mInvoking command in '/home/ziad/Ziad_WS/ROS2/ziad_ws/build/custom_panda_controller': CMAKE_PREFIX_PATH=/opt/ros/humble /usr/bin/cmake --install /home/ziad/Ziad_WS/ROS2/ziad_ws/build/custom_panda_controller[0m
[4.074s] [34mcolcon.colcon_core.environment[0m [1;30mLevel 1[0m create_environment_scripts_only(bt_demo)
[4.083s] [34mcolcon.colcon_core.environment[0m [1;30mLevel 1[0m checking '/home/ziad/Ziad_WS/ROS2/ziad_ws/install/bt_demo' for CMake module files
[4.082s] [34mcolcon.colcon_core.event_handler.log_command[0m [1;30mDEBUG[0m [32mInvoked command in '/home/ziad/Ziad_WS/ROS2/ziad_ws/build/bt_demo' returned '0': CMAKE_PREFIX_PATH=/opt/ros/humble /usr/bin/cmake --install /home/ziad/Ziad_WS/ROS2/ziad_ws/build/bt_demo[0m
[4.089s] [34mcolcon.colcon_core.environment[0m [1;30mLevel 1[0m checking '/home/ziad/Ziad_WS/ROS2/ziad_ws/install/bt_demo' for CMake config files
[4.089s] [34mcolcon.colcon_core.shell[0m [1;30mLevel 1[0m create_environment_hook('bt_demo', 'cmake_prefix_path')
[4.090s] [34mcolcon.colcon_core.shell[0m [1;30mINFO[0m Creating environment hook '/home/ziad/Ziad_WS/ROS2/ziad_ws/install/bt_demo/share/bt_demo/hook/cmake_prefix_path.ps1'
[4.090s] [34mcolcon.colcon_core.shell[0m [1;30mINFO[0m Creating environment descriptor '/home/ziad/Ziad_WS/ROS2/ziad_ws/install/bt_demo/share/bt_demo/hook/cmake_prefix_path.dsv'
[4.092s] [34mcolcon.colcon_core.shell[0m [1;30mINFO[0m Creating environment hook '/home/ziad/Ziad_WS/ROS2/ziad_ws/install/bt_demo/share/bt_demo/hook/cmake_prefix_path.sh'
[4.099s] [34mcolcon.colcon_core.environment[0m [1;30mLevel 1[0m checking '/home/ziad/Ziad_WS/ROS2/ziad_ws/install/bt_demo/lib'
[4.100s] [34mcolcon.colcon_core.environment[0m [1;30mLevel 1[0m checking '/home/ziad/Ziad_WS/ROS2/ziad_ws/install/bt_demo/bin'
[4.100s] [34mcolcon.colcon_core.environment[0m [1;30mLevel 1[0m checking '/home/ziad/Ziad_WS/ROS2/ziad_ws/install/bt_demo/lib/pkgconfig/bt_demo.pc'
[4.102s] [34mcolcon.colcon_core.environment[0m [1;30mLevel 1[0m checking '/home/ziad/Ziad_WS/ROS2/ziad_ws/install/bt_demo/lib/python3.10/site-packages'
[4.103s] [34mcolcon.colcon_core.environment[0m [1;30mLevel 1[0m checking '/home/ziad/Ziad_WS/ROS2/ziad_ws/install/bt_demo/bin'
[4.104s] [34mcolcon.colcon_core.shell[0m [1;30mINFO[0m Creating package script '/home/ziad/Ziad_WS/ROS2/ziad_ws/install/bt_demo/share/bt_demo/package.ps1'
[4.106s] [34mcolcon.colcon_core.shell[0m [1;30mINFO[0m Creating package descriptor '/home/ziad/Ziad_WS/ROS2/ziad_ws/install/bt_demo/share/bt_demo/package.dsv'
[4.108s] [34mcolcon.colcon_core.shell[0m [1;30mINFO[0m Creating package script '/home/ziad/Ziad_WS/ROS2/ziad_ws/install/bt_demo/share/bt_demo/package.sh'
[4.111s] [34mcolcon.colcon_core.shell[0m [1;30mINFO[0m Creating package script '/home/ziad/Ziad_WS/ROS2/ziad_ws/install/bt_demo/share/bt_demo/package.bash'
[4.116s] [34mcolcon.colcon_core.shell[0m [1;30mINFO[0m Creating package script '/home/ziad/Ziad_WS/ROS2/ziad_ws/install/bt_demo/share/bt_demo/package.zsh'
[4.117s] [34mcolcon.colcon_core.environment[0m [1;30mLevel 1[0m create_file_with_runtime_dependencies(/home/ziad/Ziad_WS/ROS2/ziad_ws/install/bt_demo/share/colcon-core/packages/bt_demo)
[4.119s] [34mcolcon.colcon_core.environment[0m [1;30mLevel 1[0m create_environment_scripts_only(bt_demo)
[4.119s] [34mcolcon.colcon_core.environment[0m [1;30mLevel 1[0m checking '/home/ziad/Ziad_WS/ROS2/ziad_ws/install/bt_demo' for CMake module files
[4.120s] [34mcolcon.colcon_core.environment[0m [1;30mLevel 1[0m checking '/home/ziad/Ziad_WS/ROS2/ziad_ws/install/bt_demo' for CMake config files
[4.121s] [34mcolcon.colcon_core.shell[0m [1;30mLevel 1[0m create_environment_hook('bt_demo', 'cmake_prefix_path')
[4.121s] [34mcolcon.colcon_core.shell[0m [1;30mINFO[0m Creating environment hook '/home/ziad/Ziad_WS/ROS2/ziad_ws/install/bt_demo/share/bt_demo/hook/cmake_prefix_path.ps1'
[4.122s] [34mcolcon.colcon_core.shell[0m [1;30mINFO[0m Creating environment descriptor '/home/ziad/Ziad_WS/ROS2/ziad_ws/install/bt_demo/share/bt_demo/hook/cmake_prefix_path.dsv'
[4.123s] [34mcolcon.colcon_core.shell[0m [1;30mINFO[0m Creating environment hook '/home/ziad/Ziad_WS/ROS2/ziad_ws/install/bt_demo/share/bt_demo/hook/cmake_prefix_path.sh'
[4.124s] [34mcolcon.colcon_core.environment[0m [1;30mLevel 1[0m checking '/home/ziad/Ziad_WS/ROS2/ziad_ws/install/bt_demo/lib'
[4.124s] [34mcolcon.colcon_core.environment[0m [1;30mLevel 1[0m checking '/home/ziad/Ziad_WS/ROS2/ziad_ws/install/bt_demo/bin'
[4.124s] [34mcolcon.colcon_core.environment[0m [1;30mLevel 1[0m checking '/home/ziad/Ziad_WS/ROS2/ziad_ws/install/bt_demo/lib/pkgconfig/bt_demo.pc'
[4.126s] [34mcolcon.colcon_core.environment[0m [1;30mLevel 1[0m checking '/home/ziad/Ziad_WS/ROS2/ziad_ws/install/bt_demo/lib/python3.10/site-packages'
[4.129s] [34mcolcon.colcon_core.environment[0m [1;30mLevel 1[0m checking '/home/ziad/Ziad_WS/ROS2/ziad_ws/install/bt_demo/bin'
[4.132s] [34mcolcon.colcon_core.shell[0m [1;30mINFO[0m Creating package script '/home/ziad/Ziad_WS/ROS2/ziad_ws/install/bt_demo/share/bt_demo/package.ps1'
[4.134s] [34mcolcon.colcon_core.shell[0m [1;30mINFO[0m Creating package descriptor '/home/ziad/Ziad_WS/ROS2/ziad_ws/install/bt_demo/share/bt_demo/package.dsv'
[4.135s] [34mcolcon.colcon_core.shell[0m [1;30mINFO[0m Creating package script '/home/ziad/Ziad_WS/ROS2/ziad_ws/install/bt_demo/share/bt_demo/package.sh'
[4.136s] [34mcolcon.colcon_core.shell[0m [1;30mINFO[0m Creating package script '/home/ziad/Ziad_WS/ROS2/ziad_ws/install/bt_demo/share/bt_demo/package.bash'
[4.137s] [34mcolcon.colcon_core.shell[0m [1;30mINFO[0m Creating package script '/home/ziad/Ziad_WS/ROS2/ziad_ws/install/bt_demo/share/bt_demo/package.zsh'
[4.137s] [34mcolcon.colcon_core.environment[0m [1;30mLevel 1[0m create_file_with_runtime_dependencies(/home/ziad/Ziad_WS/ROS2/ziad_ws/install/bt_demo/share/colcon-core/packages/bt_demo)
[4.139s] [34mcolcon.colcon_core.environment[0m [1;30mLevel 1[0m create_environment_scripts_only(custom_panda_controller)
[4.140s] [34mcolcon.colcon_core.environment[0m [1;30mLevel 1[0m checking '/home/ziad/Ziad_WS/ROS2/ziad_ws/install/custom_panda_controller' for CMake module files
[4.141s] [34mcolcon.colcon_core.event_handler.log_command[0m [1;30mDEBUG[0m [32mInvoked command in '/home/ziad/Ziad_WS/ROS2/ziad_ws/build/custom_panda_controller' returned '0': CMAKE_PREFIX_PATH=/opt/ros/humble /usr/bin/cmake --install /home/ziad/Ziad_WS/ROS2/ziad_ws/build/custom_panda_controller[0m
[4.148s] [34mcolcon.colcon_core.environment[0m [1;30mLevel 1[0m checking '/home/ziad/Ziad_WS/ROS2/ziad_ws/install/custom_panda_controller' for CMake config files
[4.149s] [34mcolcon.colcon_core.shell[0m [1;30mLevel 1[0m create_environment_hook('custom_panda_controller', 'cmake_prefix_path')
[4.150s] [34mcolcon.colcon_core.shell[0m [1;30mINFO[0m Creating environment hook '/home/ziad/Ziad_WS/ROS2/ziad_ws/install/custom_panda_controller/share/custom_panda_controller/hook/cmake_prefix_path.ps1'
[4.152s] [34mcolcon.colcon_core.shell[0m [1;30mINFO[0m Creating environment descriptor '/home/ziad/Ziad_WS/ROS2/ziad_ws/install/custom_panda_controller/share/custom_panda_controller/hook/cmake_prefix_path.dsv'
[4.154s] [34mcolcon.colcon_core.shell[0m [1;30mINFO[0m Creating environment hook '/home/ziad/Ziad_WS/ROS2/ziad_ws/install/custom_panda_controller/share/custom_panda_controller/hook/cmake_prefix_path.sh'
[4.155s] [34mcolcon.colcon_core.environment[0m [1;30mLevel 1[0m checking '/home/ziad/Ziad_WS/ROS2/ziad_ws/install/custom_panda_controller/lib'
[4.156s] [34mcolcon.colcon_core.environment[0m [1;30mLevel 1[0m checking '/home/ziad/Ziad_WS/ROS2/ziad_ws/install/custom_panda_controller/bin'
[4.156s] [34mcolcon.colcon_core.environment[0m [1;30mLevel 1[0m checking '/home/ziad/Ziad_WS/ROS2/ziad_ws/install/custom_panda_controller/lib/pkgconfig/custom_panda_controller.pc'
[4.156s] [34mcolcon.colcon_core.environment[0m [1;30mLevel 1[0m checking '/home/ziad/Ziad_WS/ROS2/ziad_ws/install/custom_panda_controller/lib/python3.10/site-packages'
[4.157s] [34mcolcon.colcon_core.environment[0m [1;30mLevel 1[0m checking '/home/ziad/Ziad_WS/ROS2/ziad_ws/install/custom_panda_controller/bin'
[4.158s] [34mcolcon.colcon_core.shell[0m [1;30mINFO[0m Creating package script '/home/ziad/Ziad_WS/ROS2/ziad_ws/install/custom_panda_controller/share/custom_panda_controller/package.ps1'
[4.162s] [34mcolcon.colcon_core.shell[0m [1;30mINFO[0m Creating package descriptor '/home/ziad/Ziad_WS/ROS2/ziad_ws/install/custom_panda_controller/share/custom_panda_controller/package.dsv'
[4.169s] [34mcolcon.colcon_core.shell[0m [1;30mINFO[0m Creating package script '/home/ziad/Ziad_WS/ROS2/ziad_ws/install/custom_panda_controller/share/custom_panda_controller/package.sh'
[4.170s] [34mcolcon.colcon_core.shell[0m [1;30mINFO[0m Creating package script '/home/ziad/Ziad_WS/ROS2/ziad_ws/install/custom_panda_controller/share/custom_panda_controller/package.bash'
[4.171s] [34mcolcon.colcon_core.shell[0m [1;30mINFO[0m Creating package script '/home/ziad/Ziad_WS/ROS2/ziad_ws/install/custom_panda_controller/share/custom_panda_controller/package.zsh'
[4.173s] [34mcolcon.colcon_core.environment[0m [1;30mLevel 1[0m create_file_with_runtime_dependencies(/home/ziad/Ziad_WS/ROS2/ziad_ws/install/custom_panda_controller/share/colcon-core/packages/custom_panda_controller)
[4.175s] [34mcolcon.colcon_core.environment[0m [1;30mLevel 1[0m create_environment_scripts_only(custom_panda_controller)
[4.178s] [34mcolcon.colcon_core.environment[0m [1;30mLevel 1[0m checking '/home/ziad/Ziad_WS/ROS2/ziad_ws/install/custom_panda_controller' for CMake module files
[4.180s] [34mcolcon.colcon_core.environment[0m [1;30mLevel 1[0m checking '/home/ziad/Ziad_WS/ROS2/ziad_ws/install/custom_panda_controller' for CMake config files
[4.182s] [34mcolcon.colcon_core.shell[0m [1;30mLevel 1[0m create_environment_hook('custom_panda_controller', 'cmake_prefix_path')
[4.182s] [34mcolcon.colcon_core.shell[0m [1;30mINFO[0m Creating environment hook '/home/ziad/Ziad_WS/ROS2/ziad_ws/install/custom_panda_controller/share/custom_panda_controller/hook/cmake_prefix_path.ps1'
[4.184s] [34mcolcon.colcon_core.shell[0m [1;30mINFO[0m Creating environment descriptor '/home/ziad/Ziad_WS/ROS2/ziad_ws/install/custom_panda_controller/share/custom_panda_controller/hook/cmake_prefix_path.dsv'
[4.184s] [34mcolcon.colcon_core.shell[0m [1;30mINFO[0m Creating environment hook '/home/ziad/Ziad_WS/ROS2/ziad_ws/install/custom_panda_controller/share/custom_panda_controller/hook/cmake_prefix_path.sh'
[4.185s] [34mcolcon.colcon_core.environment[0m [1;30mLevel 1[0m checking '/home/ziad/Ziad_WS/ROS2/ziad_ws/install/custom_panda_controller/lib'
[4.186s] [34mcolcon.colcon_core.environment[0m [1;30mLevel 1[0m checking '/home/ziad/Ziad_WS/ROS2/ziad_ws/install/custom_panda_controller/bin'
[4.186s] [34mcolcon.colcon_core.environment[0m [1;30mLevel 1[0m checking '/home/ziad/Ziad_WS/ROS2/ziad_ws/install/custom_panda_controller/lib/pkgconfig/custom_panda_controller.pc'
[4.186s] [34mcolcon.colcon_core.environment[0m [1;30mLevel 1[0m checking '/home/ziad/Ziad_WS/ROS2/ziad_ws/install/custom_panda_controller/lib/python3.10/site-packages'
[4.187s] [34mcolcon.colcon_core.environment[0m [1;30mLevel 1[0m checking '/home/ziad/Ziad_WS/ROS2/ziad_ws/install/custom_panda_controller/bin'
[4.187s] [34mcolcon.colcon_core.shell[0m [1;30mINFO[0m Creating package script '/home/ziad/Ziad_WS/ROS2/ziad_ws/install/custom_panda_controller/share/custom_panda_controller/package.ps1'
[4.188s] [34mcolcon.colcon_core.shell[0m [1;30mINFO[0m Creating package descriptor '/home/ziad/Ziad_WS/ROS2/ziad_ws/install/custom_panda_controller/share/custom_panda_controller/package.dsv'
[4.189s] [34mcolcon.colcon_core.shell[0m [1;30mINFO[0m Creating package script '/home/ziad/Ziad_WS/ROS2/ziad_ws/install/custom_panda_controller/share/custom_panda_controller/package.sh'
[4.190s] [34mcolcon.colcon_core.shell[0m [1;30mINFO[0m Creating package script '/home/ziad/Ziad_WS/ROS2/ziad_ws/install/custom_panda_controller/share/custom_panda_controller/package.bash'
[4.192s] [34mcolcon.colcon_core.shell[0m [1;30mINFO[0m Creating package script '/home/ziad/Ziad_WS/ROS2/ziad_ws/install/custom_panda_controller/share/custom_panda_controller/package.zsh'
[4.196s] [34mcolcon.colcon_core.environment[0m [1;30mLevel 1[0m create_file_with_runtime_dependencies(/home/ziad/Ziad_WS/ROS2/ziad_ws/install/custom_panda_controller/share/colcon-core/packages/custom_panda_controller)
[4.197s] [34mcolcon.colcon_parallel_executor.executor.parallel[0m [1;30mDEBUG[0m [32mclosing loop[0m
[4.198s] [34mcolcon.colcon_parallel_executor.executor.parallel[0m [1;30mDEBUG[0m [32mloop closed[0m
[4.198s] [34mcolcon.colcon_parallel_executor.executor.parallel[0m [1;30mDEBUG[0m [32mrun_until_complete finished with '0'[0m
[4.198s] [34mcolcon.colcon_core.event_reactor[0m [1;30mDEBUG[0m [32mjoining thread[0m
[4.223s] [34mcolcon.colcon_core.plugin_system[0m [1;30mINFO[0m Skipping extension 'colcon_notification.desktop_notification.terminal_notifier': Not used on non-Darwin systems
[4.223s] [34mcolcon.colcon_core.plugin_system[0m [1;30mINFO[0m Skipping extension 'colcon_notification.desktop_notification.win32': Not used on non-Windows systems
[4.223s] [34mcolcon.colcon_notification.desktop_notification[0m [1;30mINFO[0m Sending desktop notification using 'notify2'
[4.260s] [34mcolcon.colcon_core.event_reactor[0m [1;30mDEBUG[0m [32mjoined thread[0m
[4.261s] [34mcolcon.colcon_core.shell[0m [1;30mINFO[0m Creating prefix script '/home/ziad/Ziad_WS/ROS2/ziad_ws/install/local_setup.ps1'
[4.263s] [34mcolcon.colcon_core.shell[0m [1;30mINFO[0m Creating prefix util module '/home/ziad/Ziad_WS/ROS2/ziad_ws/install/_local_setup_util_ps1.py'
[4.266s] [34mcolcon.colcon_core.shell[0m [1;30mINFO[0m Creating prefix chain script '/home/ziad/Ziad_WS/ROS2/ziad_ws/install/setup.ps1'
[4.274s] [34mcolcon.colcon_core.shell[0m [1;30mINFO[0m Creating prefix script '/home/ziad/Ziad_WS/ROS2/ziad_ws/install/local_setup.sh'
[4.279s] [34mcolcon.colcon_core.shell[0m [1;30mINFO[0m Creating prefix util module '/home/ziad/Ziad_WS/ROS2/ziad_ws/install/_local_setup_util_sh.py'
[4.282s] [34mcolcon.colcon_core.shell[0m [1;30mINFO[0m Creating prefix chain script '/home/ziad/Ziad_WS/ROS2/ziad_ws/install/setup.sh'
[4.285s] [34mcolcon.colcon_core.shell[0m [1;30mINFO[0m Creating prefix script '/home/ziad/Ziad_WS/ROS2/ziad_ws/install/local_setup.bash'
[4.286s] [34mcolcon.colcon_core.shell[0m [1;30mINFO[0m Creating prefix chain script '/home/ziad/Ziad_WS/ROS2/ziad_ws/install/setup.bash'
[4.288s] [34mcolcon.colcon_core.shell[0m [1;30mINFO[0m Creating prefix script '/home/ziad/Ziad_WS/ROS2/ziad_ws/install/local_setup.zsh'
[4.288s] [34mcolcon.colcon_core.shell[0m [1;30mINFO[0m Creating prefix chain script '/home/ziad/Ziad_WS/ROS2/ziad_ws/install/setup.zsh'
