[0.032s] Invoking command in '/home/ziad/ziad_ws/ROS2/work_space/build/navigation': CMAKE_PREFIX_PATH=${CMAKE_PREFIX_PATH}:/home/ziad/ziad_ws/ROS2/turtlebot3_ws/install/turtlebot3_teleop:/home/ziad/ziad_ws/ROS2/turtlebot3_ws/install/turtlebot3_example:/opt/ros/humble /usr/bin/cmake /home/ziad/ziad_ws/ROS2/work_space/src/navigation -DAMENT_CMAKE_SYMLINK_INSTALL=1 -DCMAKE_INSTALL_PREFIX=/home/ziad/ziad_ws/ROS2/work_space/install/navigation
[0.060s] -- Found ament_cmake: 1.3.12 (/opt/ros/humble/share/ament_cmake/cmake)
[0.372s] -- Override CMake install command with custom implementation using symlinks instead of copying resources
[0.398s] -- Found nav2_bringup: 1.1.18 (/opt/ros/humble/share/nav2_bringup/cmake)
[0.399s] -- Found nav2_core: 1.1.18 (/opt/ros/humble/share/nav2_core/cmake)
[0.484s] -- Found rosidl_generator_c: 3.1.7 (/opt/ros/humble/share/rosidl_generator_c/cmake)
[0.490s] -- Found rosidl_adapter: 3.1.7 (/opt/ros/humble/share/rosidl_adapter/cmake)
[0.515s] -- Found rosidl_generator_cpp: 3.1.7 (/opt/ros/humble/share/rosidl_generator_cpp/cmake)
[0.537s] -- Using all available rosidl_typesupport_c: rosidl_typesupport_fastrtps_c;rosidl_typesupport_introspection_c
[0.566s] -- Using all available rosidl_typesupport_cpp: rosidl_typesupport_fastrtps_cpp;rosidl_typesupport_introspection_cpp
[0.642s] -- Found rmw_implementation_cmake: 6.1.2 (/opt/ros/humble/share/rmw_implementation_cmake/cmake)
[0.647s] -- Found rmw_fastrtps_cpp: 6.2.8 (/opt/ros/humble/share/rmw_fastrtps_cpp/cmake)
[0.911s] -- Using RMW implementation 'rmw_fastrtps_cpp' as default
[1.314s] -- Ensuring Eigen3 include directory is part of orocos-kdl CMake target
[1.443s] -- Found nav2_amcl: 1.1.18 (/opt/ros/humble/share/nav2_amcl/cmake)
[1.467s] -- Found nav2_map_server: 1.1.18 (/opt/ros/humble/share/nav2_map_server/cmake)
[1.504s] -- Found nav2_lifecycle_manager: 1.1.18 (/opt/ros/humble/share/nav2_lifecycle_manager/cmake)
[1.571s] -- Found ament_lint_auto: 0.12.14 (/opt/ros/humble/share/ament_lint_auto/cmake)
[1.696s] -- Added test 'flake8' to check Python code syntax and style conventions
[1.698s] -- Added test 'lint_cmake' to check CMake code style
[1.699s] -- Added test 'pep257' to check Python code against some of the docstring style conventions in PEP 257
[1.701s] -- Added test 'xmllint' to check XML markup files
[1.704s] -- Configuring done
[1.713s] -- Generating done
[1.717s] -- Build files have been written to: /home/ziad/ziad_ws/ROS2/work_space/build/navigation
[1.736s] Invoked command in '/home/ziad/ziad_ws/ROS2/work_space/build/navigation' returned '0': CMAKE_PREFIX_PATH=${CMAKE_PREFIX_PATH}:/home/ziad/ziad_ws/ROS2/turtlebot3_ws/install/turtlebot3_teleop:/home/ziad/ziad_ws/ROS2/turtlebot3_ws/install/turtlebot3_example:/opt/ros/humble /usr/bin/cmake /home/ziad/ziad_ws/ROS2/work_space/src/navigation -DAMENT_CMAKE_SYMLINK_INSTALL=1 -DCMAKE_INSTALL_PREFIX=/home/ziad/ziad_ws/ROS2/work_space/install/navigation
[1.738s] Invoking command in '/home/ziad/ziad_ws/ROS2/work_space/build/navigation': CMAKE_PREFIX_PATH=${CMAKE_PREFIX_PATH}:/home/ziad/ziad_ws/ROS2/turtlebot3_ws/install/turtlebot3_teleop:/home/ziad/ziad_ws/ROS2/turtlebot3_ws/install/turtlebot3_example:/opt/ros/humble /usr/bin/cmake --build /home/ziad/ziad_ws/ROS2/work_space/build/navigation -- -j4 -l4
[1.789s] Invoked command in '/home/ziad/ziad_ws/ROS2/work_space/build/navigation' returned '0': CMAKE_PREFIX_PATH=${CMAKE_PREFIX_PATH}:/home/ziad/ziad_ws/ROS2/turtlebot3_ws/install/turtlebot3_teleop:/home/ziad/ziad_ws/ROS2/turtlebot3_ws/install/turtlebot3_example:/opt/ros/humble /usr/bin/cmake --build /home/ziad/ziad_ws/ROS2/work_space/build/navigation -- -j4 -l4
[1.791s] Invoking command in '/home/ziad/ziad_ws/ROS2/work_space/build/navigation': CMAKE_PREFIX_PATH=${CMAKE_PREFIX_PATH}:/home/ziad/ziad_ws/ROS2/turtlebot3_ws/install/turtlebot3_teleop:/home/ziad/ziad_ws/ROS2/turtlebot3_ws/install/turtlebot3_example:/opt/ros/humble /usr/bin/cmake --install /home/ziad/ziad_ws/ROS2/work_space/build/navigation
[1.799s] -- Install configuration: ""
[1.799s] -- Execute custom install script
[1.800s] -- Symlinking: /home/ziad/ziad_ws/ROS2/work_space/install/navigation/share/navigation/maps/classroom_map.pgm
[1.811s] -- Symlinking: /home/ziad/ziad_ws/ROS2/work_space/install/navigation/share/navigation/maps/classroom_map.yaml
[1.823s] -- Symlinking: /home/ziad/ziad_ws/ROS2/work_space/install/navigation/share/navigation/maps/wider_classroom_map.pgm
[1.834s] -- Symlinking: /home/ziad/ziad_ws/ROS2/work_space/install/navigation/share/navigation/maps/wider_classroom_map.yaml
[1.845s] -- Symlinking: /home/ziad/ziad_ws/ROS2/work_space/install/navigation/share/navigation/launch/navigation_bringup.launch.py
[1.855s] -- Symlinking: /home/ziad/ziad_ws/ROS2/work_space/install/navigation/share/navigation/config/amcl.yaml
[1.866s] -- Symlinking: /home/ziad/ziad_ws/ROS2/work_space/install/navigation/share/navigation/config/navigation.yaml
[1.876s] -- Symlinking: /home/ziad/ziad_ws/ROS2/work_space/install/navigation/share/ament_index/resource_index/package_run_dependencies/navigation
[1.889s] -- Symlinking: /home/ziad/ziad_ws/ROS2/work_space/install/navigation/share/ament_index/resource_index/parent_prefix_path/navigation
[1.900s] -- Symlinking: /home/ziad/ziad_ws/ROS2/work_space/install/navigation/share/navigation/environment/ament_prefix_path.sh
[1.910s] -- Symlinking: /home/ziad/ziad_ws/ROS2/work_space/install/navigation/share/navigation/environment/ament_prefix_path.dsv
[1.923s] -- Symlinking: /home/ziad/ziad_ws/ROS2/work_space/install/navigation/share/navigation/environment/path.sh
[1.934s] -- Symlinking: /home/ziad/ziad_ws/ROS2/work_space/install/navigation/share/navigation/environment/path.dsv
[1.944s] -- Symlinking: /home/ziad/ziad_ws/ROS2/work_space/install/navigation/share/navigation/local_setup.bash
[1.954s] -- Symlinking: /home/ziad/ziad_ws/ROS2/work_space/install/navigation/share/navigation/local_setup.sh
[1.965s] -- Symlinking: /home/ziad/ziad_ws/ROS2/work_space/install/navigation/share/navigation/local_setup.zsh
[1.975s] -- Symlinking: /home/ziad/ziad_ws/ROS2/work_space/install/navigation/share/navigation/local_setup.dsv
[1.985s] -- Symlinking: /home/ziad/ziad_ws/ROS2/work_space/install/navigation/share/navigation/package.dsv
[1.996s] -- Symlinking: /home/ziad/ziad_ws/ROS2/work_space/install/navigation/share/ament_index/resource_index/packages/navigation
[2.006s] -- Symlinking: /home/ziad/ziad_ws/ROS2/work_space/install/navigation/share/navigation/cmake/navigationConfig.cmake
[2.017s] -- Symlinking: /home/ziad/ziad_ws/ROS2/work_space/install/navigation/share/navigation/cmake/navigationConfig-version.cmake
[2.027s] -- Symlinking: /home/ziad/ziad_ws/ROS2/work_space/install/navigation/share/navigation/package.xml
[2.042s] Invoked command in '/home/ziad/ziad_ws/ROS2/work_space/build/navigation' returned '0': CMAKE_PREFIX_PATH=${CMAKE_PREFIX_PATH}:/home/ziad/ziad_ws/ROS2/turtlebot3_ws/install/turtlebot3_teleop:/home/ziad/ziad_ws/ROS2/turtlebot3_ws/install/turtlebot3_example:/opt/ros/humble /usr/bin/cmake --install /home/ziad/ziad_ws/ROS2/work_space/build/navigation
