-- The C compiler identification is GNU 13.3.0
-- The CXX compiler identification is GNU 13.3.0
-- Detecting C compiler ABI info
-- Detecting C compiler ABI info - done
-- Check for working C compiler: /usr/bin/cc - skipped
-- Detecting C compile features
-- Detecting C compile features - done
-- Detecting CXX compiler ABI info
-- Detecting CXX compiler ABI info - done
-- Check for working CXX compiler: /usr/bin/c++ - skipped
-- Detecting CXX compile features
-- Detecting CXX compile features - done
-- Found ament_cmake: 2.5.4 (/opt/ros/jazzy/share/ament_cmake/cmake)
-- Found Python3: /usr/bin/python3 (found version "3.12.3") found components: Interpreter 
-- Override CMake install command with custom implementation using symlinks instead of copying resources
-- Found rosidl_default_generators: 1.6.0 (/opt/ros/jazzy/share/rosidl_default_generators/cmake)
-- Using all available rosidl_typesupport_c: rosidl_typesupport_fastrtps_c;rosidl_typesupport_introspection_c
-- Using all available rosidl_typesupport_cpp: rosidl_typesupport_fastrtps_cpp;rosidl_typesupport_introspection_cpp
-- Found rosidl_adapter: 4.6.6 (/opt/ros/jazzy/share/rosidl_adapter/cmake)
-- Found ament_cmake_ros: 0.12.0 (/opt/ros/jazzy/share/ament_cmake_ros/cmake)
-- Using all available rosidl_typesupport_c: rosidl_typesupport_fastrtps_c;rosidl_typesupport_introspection_c
-- Using all available rosidl_typesupport_cpp: rosidl_typesupport_fastrtps_cpp;rosidl_typesupport_introspection_cpp
-- Found python_cmake_module: 0.11.1 (/opt/ros/jazzy/share/python_cmake_module/cmake)
-- Found PythonExtra: /usr/bin/python3  
-- Found Python3: /usr/bin/python3 (found version "3.12.3") found components: Interpreter Development NumPy Development.Module Development.Embed 
-- Found ament_lint_auto: 0.17.3 (/opt/ros/jazzy/share/ament_lint_auto/cmake)
-- Added test 'lint_cmake' to check CMake code style
-- Added test 'xmllint' to check XML markup files
-- Configuring done (8.5s)
-- Generating done (0.1s)
-- Build files have been written to: /home/ziad/ziad_ws/ROS2/work_space/build/yahboom_rosmaster_msgs
[  2%] [34m[1mGenerating type hashes for ROS interfaces[0m
[  2%] Built target ament_cmake_python_symlink_yahboom_rosmaster_msgs
running egg_info
creating yahboom_rosmaster_msgs.egg-info
writing yahboom_rosmaster_msgs.egg-info/PKG-INFO
writing dependency_links to yahboom_rosmaster_msgs.egg-info/dependency_links.txt
writing top-level names to yahboom_rosmaster_msgs.egg-info/top_level.txt
writing manifest file 'yahboom_rosmaster_msgs.egg-info/SOURCES.txt'
reading manifest file 'yahboom_rosmaster_msgs.egg-info/SOURCES.txt'
writing manifest file 'yahboom_rosmaster_msgs.egg-info/SOURCES.txt'
[  2%] Built target ament_cmake_python_build_yahboom_rosmaster_msgs_egg
[  2%] Built target yahboom_rosmaster_msgs__rosidl_generator_type_description
[  4%] [34m[1mGenerating C code for ROS interfaces[0m
[  6%] [34m[1mGenerating C++ code for ROS interfaces[0m
[  6%] Built target yahboom_rosmaster_msgs__cpp
[  9%] [32mBuilding C object CMakeFiles/yahboom_rosmaster_msgs__rosidl_generator_c.dir/rosidl_generator_c/yahboom_rosmaster_msgs/action/detail/timed_rotation__description.c.o[0m
[ 11%] [32mBuilding C object CMakeFiles/yahboom_rosmaster_msgs__rosidl_generator_c.dir/rosidl_generator_c/yahboom_rosmaster_msgs/srv/detail/set_cleaning_state__description.c.o[0m
[ 13%] [32mBuilding C object CMakeFiles/yahboom_rosmaster_msgs__rosidl_generator_c.dir/rosidl_generator_c/yahboom_rosmaster_msgs/action/detail/timed_rotation__type_support.c.o[0m
[ 15%] [32mBuilding C object CMakeFiles/yahboom_rosmaster_msgs__rosidl_generator_c.dir/rosidl_generator_c/yahboom_rosmaster_msgs/action/detail/timed_rotation__functions.c.o[0m
[ 18%] [32mBuilding C object CMakeFiles/yahboom_rosmaster_msgs__rosidl_generator_c.dir/rosidl_generator_c/yahboom_rosmaster_msgs/srv/detail/set_cleaning_state__type_support.c.o[0m
[ 20%] [32mBuilding C object CMakeFiles/yahboom_rosmaster_msgs__rosidl_generator_c.dir/rosidl_generator_c/yahboom_rosmaster_msgs/srv/detail/set_cleaning_state__functions.c.o[0m
[ 22%] [32m[1mLinking C shared library libyahboom_rosmaster_msgs__rosidl_generator_c.so[0m
[ 22%] Built target yahboom_rosmaster_msgs__rosidl_generator_c
[ 25%] [34m[1mGenerating C type support for eProsima Fast-RTPS[0m
[ 27%] [34m[1mGenerating C type support dispatch for ROS interfaces[0m
[ 29%] [34m[1mGenerating C introspection for ROS interfaces[0m
[ 31%] [34m[1mGenerating C++ type support dispatch for ROS interfaces[0m
[ 34%] [32mBuilding CXX object CMakeFiles/yahboom_rosmaster_msgs__rosidl_typesupport_cpp.dir/rosidl_typesupport_cpp/yahboom_rosmaster_msgs/action/timed_rotation__type_support.cpp.o[0m
[ 36%] [32mBuilding CXX object CMakeFiles/yahboom_rosmaster_msgs__rosidl_typesupport_c.dir/rosidl_typesupport_c/yahboom_rosmaster_msgs/action/timed_rotation__type_support.cpp.o[0m
[ 38%] [32mBuilding CXX object CMakeFiles/yahboom_rosmaster_msgs__rosidl_typesupport_c.dir/rosidl_typesupport_c/yahboom_rosmaster_msgs/srv/set_cleaning_state__type_support.cpp.o[0m
[ 40%] [32m[1mLinking CXX shared library libyahboom_rosmaster_msgs__rosidl_typesupport_c.so[0m
[ 40%] Built target yahboom_rosmaster_msgs__rosidl_typesupport_c
[ 43%] [32mBuilding CXX object CMakeFiles/yahboom_rosmaster_msgs__rosidl_typesupport_cpp.dir/rosidl_typesupport_cpp/yahboom_rosmaster_msgs/srv/set_cleaning_state__type_support.cpp.o[0m
[ 45%] [32mBuilding C object CMakeFiles/yahboom_rosmaster_msgs__rosidl_typesupport_introspection_c.dir/rosidl_typesupport_introspection_c/yahboom_rosmaster_msgs/action/detail/timed_rotation__type_support.c.o[0m
[ 47%] [32mBuilding C object CMakeFiles/yahboom_rosmaster_msgs__rosidl_typesupport_introspection_c.dir/rosidl_typesupport_introspection_c/yahboom_rosmaster_msgs/srv/detail/set_cleaning_state__type_support.c.o[0m
[ 50%] [32m[1mLinking C shared library libyahboom_rosmaster_msgs__rosidl_typesupport_introspection_c.so[0m
[ 50%] Built target yahboom_rosmaster_msgs__rosidl_typesupport_introspection_c
[ 52%] [34m[1mGenerating C++ type support for eProsima Fast-RTPS[0m
[ 54%] [32mBuilding CXX object CMakeFiles/yahboom_rosmaster_msgs__rosidl_typesupport_fastrtps_c.dir/rosidl_typesupport_fastrtps_c/yahboom_rosmaster_msgs/action/detail/timed_rotation__type_support_c.cpp.o[0m
[ 56%] [32mBuilding CXX object CMakeFiles/yahboom_rosmaster_msgs__rosidl_typesupport_fastrtps_c.dir/rosidl_typesupport_fastrtps_c/yahboom_rosmaster_msgs/srv/detail/set_cleaning_state__type_support_c.cpp.o[0m
[ 59%] [32mBuilding CXX object CMakeFiles/yahboom_rosmaster_msgs__rosidl_typesupport_fastrtps_cpp.dir/rosidl_typesupport_fastrtps_cpp/yahboom_rosmaster_msgs/action/detail/dds_fastrtps/timed_rotation__type_support.cpp.o[0m
[ 61%] [32m[1mLinking CXX shared library libyahboom_rosmaster_msgs__rosidl_typesupport_cpp.so[0m
[ 61%] Built target yahboom_rosmaster_msgs__rosidl_typesupport_cpp
[ 63%] [34m[1mGenerating C++ introspection for ROS interfaces[0m
[ 65%] [32mBuilding CXX object CMakeFiles/yahboom_rosmaster_msgs__rosidl_typesupport_fastrtps_cpp.dir/rosidl_typesupport_fastrtps_cpp/yahboom_rosmaster_msgs/srv/detail/dds_fastrtps/set_cleaning_state__type_support.cpp.o[0m
[ 68%] [32m[1mLinking CXX shared library libyahboom_rosmaster_msgs__rosidl_typesupport_fastrtps_c.so[0m
[ 68%] Built target yahboom_rosmaster_msgs__rosidl_typesupport_fastrtps_c
[ 72%] [32mBuilding CXX object CMakeFiles/yahboom_rosmaster_msgs__rosidl_typesupport_introspection_cpp.dir/rosidl_typesupport_introspection_cpp/yahboom_rosmaster_msgs/action/detail/timed_rotation__type_support.cpp.o[0m
[ 72%] [32mBuilding CXX object CMakeFiles/yahboom_rosmaster_msgs__rosidl_typesupport_introspection_cpp.dir/rosidl_typesupport_introspection_cpp/yahboom_rosmaster_msgs/srv/detail/set_cleaning_state__type_support.cpp.o[0m
[ 75%] [32m[1mLinking CXX shared library libyahboom_rosmaster_msgs__rosidl_typesupport_fastrtps_cpp.so[0m
[ 75%] Built target yahboom_rosmaster_msgs__rosidl_typesupport_fastrtps_cpp
[ 77%] [32m[1mLinking CXX shared library libyahboom_rosmaster_msgs__rosidl_typesupport_introspection_cpp.so[0m
[ 77%] Built target yahboom_rosmaster_msgs__rosidl_typesupport_introspection_cpp
[ 77%] Built target yahboom_rosmaster_msgs
[ 79%] [34m[1mGenerating Python code for ROS interfaces[0m
[ 79%] Built target yahboom_rosmaster_msgs__py
[ 81%] [32mBuilding C object CMakeFiles/yahboom_rosmaster_msgs__rosidl_generator_py.dir/rosidl_generator_py/yahboom_rosmaster_msgs/action/_timed_rotation_s.c.o[0m
[ 84%] [32mBuilding C object CMakeFiles/yahboom_rosmaster_msgs__rosidl_generator_py.dir/rosidl_generator_py/yahboom_rosmaster_msgs/srv/_set_cleaning_state_s.c.o[0m
[ 86%] [32m[1mLinking C shared library libyahboom_rosmaster_msgs__rosidl_generator_py.so[0m
[ 86%] Built target yahboom_rosmaster_msgs__rosidl_generator_py
[ 88%] [32mBuilding C object CMakeFiles/yahboom_rosmaster_msgs_s__rosidl_typesupport_fastrtps_c.dir/rosidl_generator_py/yahboom_rosmaster_msgs/_yahboom_rosmaster_msgs_s.ep.rosidl_typesupport_fastrtps_c.c.o[0m
[ 90%] [32mBuilding C object CMakeFiles/yahboom_rosmaster_msgs_s__rosidl_typesupport_c.dir/rosidl_generator_py/yahboom_rosmaster_msgs/_yahboom_rosmaster_msgs_s.ep.rosidl_typesupport_c.c.o[0m
[ 93%] [32mBuilding C object CMakeFiles/yahboom_rosmaster_msgs_s__rosidl_typesupport_introspection_c.dir/rosidl_generator_py/yahboom_rosmaster_msgs/_yahboom_rosmaster_msgs_s.ep.rosidl_typesupport_introspection_c.c.o[0m
[ 95%] [32m[1mLinking C shared module rosidl_generator_py/yahboom_rosmaster_msgs/yahboom_rosmaster_msgs_s__rosidl_typesupport_fastrtps_c.so[0m
[ 97%] [32m[1mLinking C shared module rosidl_generator_py/yahboom_rosmaster_msgs/yahboom_rosmaster_msgs_s__rosidl_typesupport_c.so[0m
[ 97%] Built target yahboom_rosmaster_msgs_s__rosidl_typesupport_fastrtps_c
[ 97%] Built target yahboom_rosmaster_msgs_s__rosidl_typesupport_c
[100%] [32m[1mLinking C shared module rosidl_generator_py/yahboom_rosmaster_msgs/yahboom_rosmaster_msgs_s__rosidl_typesupport_introspection_c.so[0m
[100%] Built target yahboom_rosmaster_msgs_s__rosidl_typesupport_introspection_c
-- Install configuration: ""
-- Execute custom install script
-- Symlinking: /home/ziad/ziad_ws/ROS2/work_space/install/yahboom_rosmaster_msgs/share/ament_index/resource_index/rosidl_interfaces/yahboom_rosmaster_msgs
-- Symlinking: /home/ziad/ziad_ws/ROS2/work_space/install/yahboom_rosmaster_msgs/share/yahboom_rosmaster_msgs/action/TimedRotation.json
-- Symlinking: /home/ziad/ziad_ws/ROS2/work_space/install/yahboom_rosmaster_msgs/share/yahboom_rosmaster_msgs/srv/SetCleaningState.json
-- Symlinking: /home/ziad/ziad_ws/ROS2/work_space/install/yahboom_rosmaster_msgs/include/yahboom_rosmaster_msgs/yahboom_rosmaster_msgs/action/detail/timed_rotation__functions.h
-- Symlinking: /home/ziad/ziad_ws/ROS2/work_space/install/yahboom_rosmaster_msgs/include/yahboom_rosmaster_msgs/yahboom_rosmaster_msgs/action/detail/timed_rotation__struct.h
-- Symlinking: /home/ziad/ziad_ws/ROS2/work_space/install/yahboom_rosmaster_msgs/include/yahboom_rosmaster_msgs/yahboom_rosmaster_msgs/action/detail/timed_rotation__type_support.h
-- Symlinking: /home/ziad/ziad_ws/ROS2/work_space/install/yahboom_rosmaster_msgs/include/yahboom_rosmaster_msgs/yahboom_rosmaster_msgs/action/timed_rotation.h
-- Symlinking: /home/ziad/ziad_ws/ROS2/work_space/install/yahboom_rosmaster_msgs/include/yahboom_rosmaster_msgs/yahboom_rosmaster_msgs/msg/rosidl_generator_c__visibility_control.h
-- Symlinking: /home/ziad/ziad_ws/ROS2/work_space/install/yahboom_rosmaster_msgs/include/yahboom_rosmaster_msgs/yahboom_rosmaster_msgs/srv/detail/set_cleaning_state__functions.h
-- Symlinking: /home/ziad/ziad_ws/ROS2/work_space/install/yahboom_rosmaster_msgs/include/yahboom_rosmaster_msgs/yahboom_rosmaster_msgs/srv/detail/set_cleaning_state__struct.h
-- Symlinking: /home/ziad/ziad_ws/ROS2/work_space/install/yahboom_rosmaster_msgs/include/yahboom_rosmaster_msgs/yahboom_rosmaster_msgs/srv/detail/set_cleaning_state__type_support.h
-- Symlinking: /home/ziad/ziad_ws/ROS2/work_space/install/yahboom_rosmaster_msgs/include/yahboom_rosmaster_msgs/yahboom_rosmaster_msgs/srv/set_cleaning_state.h
-- Symlinking: /home/ziad/ziad_ws/ROS2/work_space/install/yahboom_rosmaster_msgs/share/yahboom_rosmaster_msgs/environment/library_path.sh
-- Symlinking: /home/ziad/ziad_ws/ROS2/work_space/install/yahboom_rosmaster_msgs/share/yahboom_rosmaster_msgs/environment/library_path.dsv
-- Symlinking: /home/ziad/ziad_ws/ROS2/work_space/install/yahboom_rosmaster_msgs/include/yahboom_rosmaster_msgs/yahboom_rosmaster_msgs/action/detail/timed_rotation__rosidl_typesupport_fastrtps_c.h
-- Symlinking: /home/ziad/ziad_ws/ROS2/work_space/install/yahboom_rosmaster_msgs/include/yahboom_rosmaster_msgs/yahboom_rosmaster_msgs/msg/rosidl_typesupport_fastrtps_c__visibility_control.h
-- Symlinking: /home/ziad/ziad_ws/ROS2/work_space/install/yahboom_rosmaster_msgs/include/yahboom_rosmaster_msgs/yahboom_rosmaster_msgs/srv/detail/set_cleaning_state__rosidl_typesupport_fastrtps_c.h
-- Symlinking: /home/ziad/ziad_ws/ROS2/work_space/install/yahboom_rosmaster_msgs/include/yahboom_rosmaster_msgs/yahboom_rosmaster_msgs/action/detail/timed_rotation__rosidl_typesupport_introspection_c.h
-- Symlinking: /home/ziad/ziad_ws/ROS2/work_space/install/yahboom_rosmaster_msgs/include/yahboom_rosmaster_msgs/yahboom_rosmaster_msgs/msg/rosidl_typesupport_introspection_c__visibility_control.h
-- Symlinking: /home/ziad/ziad_ws/ROS2/work_space/install/yahboom_rosmaster_msgs/include/yahboom_rosmaster_msgs/yahboom_rosmaster_msgs/srv/detail/set_cleaning_state__rosidl_typesupport_introspection_c.h
-- Symlinking: /home/ziad/ziad_ws/ROS2/work_space/install/yahboom_rosmaster_msgs/include/yahboom_rosmaster_msgs/yahboom_rosmaster_msgs/action/detail/timed_rotation__builder.hpp
-- Symlinking: /home/ziad/ziad_ws/ROS2/work_space/install/yahboom_rosmaster_msgs/include/yahboom_rosmaster_msgs/yahboom_rosmaster_msgs/action/detail/timed_rotation__struct.hpp
-- Symlinking: /home/ziad/ziad_ws/ROS2/work_space/install/yahboom_rosmaster_msgs/include/yahboom_rosmaster_msgs/yahboom_rosmaster_msgs/action/detail/timed_rotation__traits.hpp
-- Symlinking: /home/ziad/ziad_ws/ROS2/work_space/install/yahboom_rosmaster_msgs/include/yahboom_rosmaster_msgs/yahboom_rosmaster_msgs/action/detail/timed_rotation__type_support.hpp
-- Symlinking: /home/ziad/ziad_ws/ROS2/work_space/install/yahboom_rosmaster_msgs/include/yahboom_rosmaster_msgs/yahboom_rosmaster_msgs/action/timed_rotation.hpp
-- Symlinking: /home/ziad/ziad_ws/ROS2/work_space/install/yahboom_rosmaster_msgs/include/yahboom_rosmaster_msgs/yahboom_rosmaster_msgs/msg/rosidl_generator_cpp__visibility_control.hpp
-- Symlinking: /home/ziad/ziad_ws/ROS2/work_space/install/yahboom_rosmaster_msgs/include/yahboom_rosmaster_msgs/yahboom_rosmaster_msgs/srv/detail/set_cleaning_state__builder.hpp
-- Symlinking: /home/ziad/ziad_ws/ROS2/work_space/install/yahboom_rosmaster_msgs/include/yahboom_rosmaster_msgs/yahboom_rosmaster_msgs/srv/detail/set_cleaning_state__struct.hpp
-- Symlinking: /home/ziad/ziad_ws/ROS2/work_space/install/yahboom_rosmaster_msgs/include/yahboom_rosmaster_msgs/yahboom_rosmaster_msgs/srv/detail/set_cleaning_state__traits.hpp
-- Symlinking: /home/ziad/ziad_ws/ROS2/work_space/install/yahboom_rosmaster_msgs/include/yahboom_rosmaster_msgs/yahboom_rosmaster_msgs/srv/detail/set_cleaning_state__type_support.hpp
-- Symlinking: /home/ziad/ziad_ws/ROS2/work_space/install/yahboom_rosmaster_msgs/include/yahboom_rosmaster_msgs/yahboom_rosmaster_msgs/srv/set_cleaning_state.hpp
-- Symlinking: /home/ziad/ziad_ws/ROS2/work_space/install/yahboom_rosmaster_msgs/include/yahboom_rosmaster_msgs/yahboom_rosmaster_msgs/action/detail/timed_rotation__rosidl_typesupport_fastrtps_cpp.hpp
-- Symlinking: /home/ziad/ziad_ws/ROS2/work_space/install/yahboom_rosmaster_msgs/include/yahboom_rosmaster_msgs/yahboom_rosmaster_msgs/msg/rosidl_typesupport_fastrtps_cpp__visibility_control.h
-- Symlinking: /home/ziad/ziad_ws/ROS2/work_space/install/yahboom_rosmaster_msgs/include/yahboom_rosmaster_msgs/yahboom_rosmaster_msgs/srv/detail/set_cleaning_state__rosidl_typesupport_fastrtps_cpp.hpp
-- Symlinking: /home/ziad/ziad_ws/ROS2/work_space/install/yahboom_rosmaster_msgs/include/yahboom_rosmaster_msgs/yahboom_rosmaster_msgs/action/detail/timed_rotation__rosidl_typesupport_introspection_cpp.hpp
-- Symlinking: /home/ziad/ziad_ws/ROS2/work_space/install/yahboom_rosmaster_msgs/include/yahboom_rosmaster_msgs/yahboom_rosmaster_msgs/srv/detail/set_cleaning_state__rosidl_typesupport_introspection_cpp.hpp
-- Symlinking: /home/ziad/ziad_ws/ROS2/work_space/install/yahboom_rosmaster_msgs/share/yahboom_rosmaster_msgs/environment/pythonpath.sh
-- Symlinking: /home/ziad/ziad_ws/ROS2/work_space/install/yahboom_rosmaster_msgs/share/yahboom_rosmaster_msgs/environment/pythonpath.dsv
-- Symlinking: /home/ziad/ziad_ws/ROS2/work_space/install/yahboom_rosmaster_msgs/lib/python3.12/site-packages/yahboom_rosmaster_msgs-0.0.0-py3.12.egg-info/PKG-INFO
-- Symlinking: /home/ziad/ziad_ws/ROS2/work_space/install/yahboom_rosmaster_msgs/lib/python3.12/site-packages/yahboom_rosmaster_msgs-0.0.0-py3.12.egg-info/SOURCES.txt
-- Symlinking: /home/ziad/ziad_ws/ROS2/work_space/install/yahboom_rosmaster_msgs/lib/python3.12/site-packages/yahboom_rosmaster_msgs-0.0.0-py3.12.egg-info/dependency_links.txt
-- Symlinking: /home/ziad/ziad_ws/ROS2/work_space/install/yahboom_rosmaster_msgs/lib/python3.12/site-packages/yahboom_rosmaster_msgs-0.0.0-py3.12.egg-info/top_level.txt
-- Symlinking: /home/ziad/ziad_ws/ROS2/work_space/install/yahboom_rosmaster_msgs/lib/python3.12/site-packages/yahboom_rosmaster_msgs/__init__.py
-- Symlinking: /home/ziad/ziad_ws/ROS2/work_space/install/yahboom_rosmaster_msgs/lib/python3.12/site-packages/yahboom_rosmaster_msgs/_yahboom_rosmaster_msgs_s.ep.rosidl_typesupport_c.c
-- Symlinking: /home/ziad/ziad_ws/ROS2/work_space/install/yahboom_rosmaster_msgs/lib/python3.12/site-packages/yahboom_rosmaster_msgs/_yahboom_rosmaster_msgs_s.ep.rosidl_typesupport_fastrtps_c.c
-- Symlinking: /home/ziad/ziad_ws/ROS2/work_space/install/yahboom_rosmaster_msgs/lib/python3.12/site-packages/yahboom_rosmaster_msgs/_yahboom_rosmaster_msgs_s.ep.rosidl_typesupport_introspection_c.c
-- Symlinking: /home/ziad/ziad_ws/ROS2/work_space/install/yahboom_rosmaster_msgs/lib/python3.12/site-packages/yahboom_rosmaster_msgs/action/__init__.py
-- Symlinking: /home/ziad/ziad_ws/ROS2/work_space/install/yahboom_rosmaster_msgs/lib/python3.12/site-packages/yahboom_rosmaster_msgs/action/_timed_rotation.py
-- Symlinking: /home/ziad/ziad_ws/ROS2/work_space/install/yahboom_rosmaster_msgs/lib/python3.12/site-packages/yahboom_rosmaster_msgs/action/_timed_rotation_s.c
-- Symlinking: /home/ziad/ziad_ws/ROS2/work_space/install/yahboom_rosmaster_msgs/lib/python3.12/site-packages/yahboom_rosmaster_msgs/srv/__init__.py
-- Symlinking: /home/ziad/ziad_ws/ROS2/work_space/install/yahboom_rosmaster_msgs/lib/python3.12/site-packages/yahboom_rosmaster_msgs/srv/_set_cleaning_state.py
-- Symlinking: /home/ziad/ziad_ws/ROS2/work_space/install/yahboom_rosmaster_msgs/lib/python3.12/site-packages/yahboom_rosmaster_msgs/srv/_set_cleaning_state_s.c
-- Symlinking: /home/ziad/ziad_ws/ROS2/work_space/install/yahboom_rosmaster_msgs/lib/python3.12/site-packages/yahboom_rosmaster_msgs/yahboom_rosmaster_msgs_s__rosidl_typesupport_c.so
-- Symlinking: /home/ziad/ziad_ws/ROS2/work_space/install/yahboom_rosmaster_msgs/lib/python3.12/site-packages/yahboom_rosmaster_msgs/yahboom_rosmaster_msgs_s__rosidl_typesupport_fastrtps_c.so
-- Symlinking: /home/ziad/ziad_ws/ROS2/work_space/install/yahboom_rosmaster_msgs/lib/python3.12/site-packages/yahboom_rosmaster_msgs/yahboom_rosmaster_msgs_s__rosidl_typesupport_introspection_c.so
-- Up-to-date symlink: /home/ziad/ziad_ws/ROS2/work_space/install/yahboom_rosmaster_msgs/lib/python3.12/site-packages/yahboom_rosmaster_msgs/yahboom_rosmaster_msgs_s__rosidl_typesupport_fastrtps_c.so
-- Up-to-date symlink: /home/ziad/ziad_ws/ROS2/work_space/install/yahboom_rosmaster_msgs/lib/python3.12/site-packages/yahboom_rosmaster_msgs/yahboom_rosmaster_msgs_s__rosidl_typesupport_introspection_c.so
-- Up-to-date symlink: /home/ziad/ziad_ws/ROS2/work_space/install/yahboom_rosmaster_msgs/lib/python3.12/site-packages/yahboom_rosmaster_msgs/yahboom_rosmaster_msgs_s__rosidl_typesupport_c.so
-- Symlinking: /home/ziad/ziad_ws/ROS2/work_space/install/yahboom_rosmaster_msgs/share/yahboom_rosmaster_msgs/action/TimedRotation.idl
-- Symlinking: /home/ziad/ziad_ws/ROS2/work_space/install/yahboom_rosmaster_msgs/share/yahboom_rosmaster_msgs/srv/SetCleaningState.idl
-- Symlinking: /home/ziad/ziad_ws/ROS2/work_space/install/yahboom_rosmaster_msgs/share/yahboom_rosmaster_msgs/action/TimedRotation.action
-- Symlinking: /home/ziad/ziad_ws/ROS2/work_space/install/yahboom_rosmaster_msgs/share/yahboom_rosmaster_msgs/srv/SetCleaningState.srv
-- Symlinking: /home/ziad/ziad_ws/ROS2/work_space/install/yahboom_rosmaster_msgs/share/ament_index/resource_index/package_run_dependencies/yahboom_rosmaster_msgs
-- Symlinking: /home/ziad/ziad_ws/ROS2/work_space/install/yahboom_rosmaster_msgs/share/ament_index/resource_index/parent_prefix_path/yahboom_rosmaster_msgs
-- Symlinking: /home/ziad/ziad_ws/ROS2/work_space/install/yahboom_rosmaster_msgs/share/yahboom_rosmaster_msgs/environment/ament_prefix_path.sh
-- Symlinking: /home/ziad/ziad_ws/ROS2/work_space/install/yahboom_rosmaster_msgs/share/yahboom_rosmaster_msgs/environment/ament_prefix_path.dsv
-- Symlinking: /home/ziad/ziad_ws/ROS2/work_space/install/yahboom_rosmaster_msgs/share/yahboom_rosmaster_msgs/environment/path.sh
-- Symlinking: /home/ziad/ziad_ws/ROS2/work_space/install/yahboom_rosmaster_msgs/share/yahboom_rosmaster_msgs/environment/path.dsv
-- Symlinking: /home/ziad/ziad_ws/ROS2/work_space/install/yahboom_rosmaster_msgs/share/yahboom_rosmaster_msgs/local_setup.bash
-- Symlinking: /home/ziad/ziad_ws/ROS2/work_space/install/yahboom_rosmaster_msgs/share/yahboom_rosmaster_msgs/local_setup.sh
-- Symlinking: /home/ziad/ziad_ws/ROS2/work_space/install/yahboom_rosmaster_msgs/share/yahboom_rosmaster_msgs/local_setup.zsh
-- Symlinking: /home/ziad/ziad_ws/ROS2/work_space/install/yahboom_rosmaster_msgs/share/yahboom_rosmaster_msgs/local_setup.dsv
-- Symlinking: /home/ziad/ziad_ws/ROS2/work_space/install/yahboom_rosmaster_msgs/share/yahboom_rosmaster_msgs/package.dsv
-- Symlinking: /home/ziad/ziad_ws/ROS2/work_space/install/yahboom_rosmaster_msgs/share/ament_index/resource_index/packages/yahboom_rosmaster_msgs
-- Symlinking: /home/ziad/ziad_ws/ROS2/work_space/install/yahboom_rosmaster_msgs/share/yahboom_rosmaster_msgs/cmake/rosidl_cmake-extras.cmake
-- Symlinking: /home/ziad/ziad_ws/ROS2/work_space/install/yahboom_rosmaster_msgs/share/yahboom_rosmaster_msgs/cmake/ament_cmake_export_dependencies-extras.cmake
-- Symlinking: /home/ziad/ziad_ws/ROS2/work_space/install/yahboom_rosmaster_msgs/share/yahboom_rosmaster_msgs/cmake/ament_cmake_export_include_directories-extras.cmake
-- Symlinking: /home/ziad/ziad_ws/ROS2/work_space/install/yahboom_rosmaster_msgs/share/yahboom_rosmaster_msgs/cmake/ament_cmake_export_libraries-extras.cmake
-- Symlinking: /home/ziad/ziad_ws/ROS2/work_space/install/yahboom_rosmaster_msgs/share/yahboom_rosmaster_msgs/cmake/ament_cmake_export_targets-extras.cmake
-- Symlinking: /home/ziad/ziad_ws/ROS2/work_space/install/yahboom_rosmaster_msgs/share/yahboom_rosmaster_msgs/cmake/rosidl_cmake_export_typesupport_targets-extras.cmake
-- Symlinking: /home/ziad/ziad_ws/ROS2/work_space/install/yahboom_rosmaster_msgs/share/yahboom_rosmaster_msgs/cmake/rosidl_cmake_export_typesupport_libraries-extras.cmake
-- Symlinking: /home/ziad/ziad_ws/ROS2/work_space/install/yahboom_rosmaster_msgs/share/yahboom_rosmaster_msgs/cmake/yahboom_rosmaster_msgsConfig.cmake
-- Symlinking: /home/ziad/ziad_ws/ROS2/work_space/install/yahboom_rosmaster_msgs/share/yahboom_rosmaster_msgs/cmake/yahboom_rosmaster_msgsConfig-version.cmake
-- Symlinking: /home/ziad/ziad_ws/ROS2/work_space/install/yahboom_rosmaster_msgs/share/yahboom_rosmaster_msgs/package.xml
-- Installing: /home/ziad/ziad_ws/ROS2/work_space/install/yahboom_rosmaster_msgs/lib/libyahboom_rosmaster_msgs__rosidl_generator_c.so
-- Set non-toolchain portion of runtime path of "/home/ziad/ziad_ws/ROS2/work_space/install/yahboom_rosmaster_msgs/lib/libyahboom_rosmaster_msgs__rosidl_generator_c.so" to ""
-- Installing: /home/ziad/ziad_ws/ROS2/work_space/install/yahboom_rosmaster_msgs/lib/libyahboom_rosmaster_msgs__rosidl_typesupport_fastrtps_c.so
-- Set non-toolchain portion of runtime path of "/home/ziad/ziad_ws/ROS2/work_space/install/yahboom_rosmaster_msgs/lib/libyahboom_rosmaster_msgs__rosidl_typesupport_fastrtps_c.so" to ""
-- Installing: /home/ziad/ziad_ws/ROS2/work_space/install/yahboom_rosmaster_msgs/lib/libyahboom_rosmaster_msgs__rosidl_typesupport_introspection_c.so
-- Set non-toolchain portion of runtime path of "/home/ziad/ziad_ws/ROS2/work_space/install/yahboom_rosmaster_msgs/lib/libyahboom_rosmaster_msgs__rosidl_typesupport_introspection_c.so" to ""
-- Installing: /home/ziad/ziad_ws/ROS2/work_space/install/yahboom_rosmaster_msgs/lib/libyahboom_rosmaster_msgs__rosidl_typesupport_c.so
-- Set non-toolchain portion of runtime path of "/home/ziad/ziad_ws/ROS2/work_space/install/yahboom_rosmaster_msgs/lib/libyahboom_rosmaster_msgs__rosidl_typesupport_c.so" to ""
-- Installing: /home/ziad/ziad_ws/ROS2/work_space/install/yahboom_rosmaster_msgs/lib/libyahboom_rosmaster_msgs__rosidl_typesupport_fastrtps_cpp.so
-- Set non-toolchain portion of runtime path of "/home/ziad/ziad_ws/ROS2/work_space/install/yahboom_rosmaster_msgs/lib/libyahboom_rosmaster_msgs__rosidl_typesupport_fastrtps_cpp.so" to ""
-- Installing: /home/ziad/ziad_ws/ROS2/work_space/install/yahboom_rosmaster_msgs/lib/libyahboom_rosmaster_msgs__rosidl_typesupport_introspection_cpp.so
-- Set non-toolchain portion of runtime path of "/home/ziad/ziad_ws/ROS2/work_space/install/yahboom_rosmaster_msgs/lib/libyahboom_rosmaster_msgs__rosidl_typesupport_introspection_cpp.so" to ""
-- Installing: /home/ziad/ziad_ws/ROS2/work_space/install/yahboom_rosmaster_msgs/lib/libyahboom_rosmaster_msgs__rosidl_typesupport_cpp.so
-- Set non-toolchain portion of runtime path of "/home/ziad/ziad_ws/ROS2/work_space/install/yahboom_rosmaster_msgs/lib/libyahboom_rosmaster_msgs__rosidl_typesupport_cpp.so" to ""
Listing '/home/ziad/ziad_ws/ROS2/work_space/install/yahboom_rosmaster_msgs/lib/python3.12/site-packages/yahboom_rosmaster_msgs'...
Compiling '/home/ziad/ziad_ws/ROS2/work_space/install/yahboom_rosmaster_msgs/lib/python3.12/site-packages/yahboom_rosmaster_msgs/__init__.py'...
Listing '/home/ziad/ziad_ws/ROS2/work_space/install/yahboom_rosmaster_msgs/lib/python3.12/site-packages/yahboom_rosmaster_msgs/action'...
Compiling '/home/ziad/ziad_ws/ROS2/work_space/install/yahboom_rosmaster_msgs/lib/python3.12/site-packages/yahboom_rosmaster_msgs/action/__init__.py'...
Compiling '/home/ziad/ziad_ws/ROS2/work_space/install/yahboom_rosmaster_msgs/lib/python3.12/site-packages/yahboom_rosmaster_msgs/action/_timed_rotation.py'...
Listing '/home/ziad/ziad_ws/ROS2/work_space/install/yahboom_rosmaster_msgs/lib/python3.12/site-packages/yahboom_rosmaster_msgs/srv'...
Compiling '/home/ziad/ziad_ws/ROS2/work_space/install/yahboom_rosmaster_msgs/lib/python3.12/site-packages/yahboom_rosmaster_msgs/srv/__init__.py'...
Compiling '/home/ziad/ziad_ws/ROS2/work_space/install/yahboom_rosmaster_msgs/lib/python3.12/site-packages/yahboom_rosmaster_msgs/srv/_set_cleaning_state.py'...
-- Installing: /home/ziad/ziad_ws/ROS2/work_space/install/yahboom_rosmaster_msgs/lib/libyahboom_rosmaster_msgs__rosidl_generator_py.so
-- Set non-toolchain portion of runtime path of "/home/ziad/ziad_ws/ROS2/work_space/install/yahboom_rosmaster_msgs/lib/libyahboom_rosmaster_msgs__rosidl_generator_py.so" to ""
-- Installing: /home/ziad/ziad_ws/ROS2/work_space/install/yahboom_rosmaster_msgs/share/yahboom_rosmaster_msgs/cmake/export_yahboom_rosmaster_msgs__rosidl_generator_cExport.cmake
-- Installing: /home/ziad/ziad_ws/ROS2/work_space/install/yahboom_rosmaster_msgs/share/yahboom_rosmaster_msgs/cmake/export_yahboom_rosmaster_msgs__rosidl_generator_cExport-noconfig.cmake
-- Installing: /home/ziad/ziad_ws/ROS2/work_space/install/yahboom_rosmaster_msgs/share/yahboom_rosmaster_msgs/cmake/export_yahboom_rosmaster_msgs__rosidl_typesupport_fastrtps_cExport.cmake
-- Installing: /home/ziad/ziad_ws/ROS2/work_space/install/yahboom_rosmaster_msgs/share/yahboom_rosmaster_msgs/cmake/export_yahboom_rosmaster_msgs__rosidl_typesupport_fastrtps_cExport-noconfig.cmake
-- Installing: /home/ziad/ziad_ws/ROS2/work_space/install/yahboom_rosmaster_msgs/share/yahboom_rosmaster_msgs/cmake/yahboom_rosmaster_msgs__rosidl_typesupport_introspection_cExport.cmake
-- Installing: /home/ziad/ziad_ws/ROS2/work_space/install/yahboom_rosmaster_msgs/share/yahboom_rosmaster_msgs/cmake/yahboom_rosmaster_msgs__rosidl_typesupport_introspection_cExport-noconfig.cmake
-- Installing: /home/ziad/ziad_ws/ROS2/work_space/install/yahboom_rosmaster_msgs/share/yahboom_rosmaster_msgs/cmake/yahboom_rosmaster_msgs__rosidl_typesupport_cExport.cmake
-- Installing: /home/ziad/ziad_ws/ROS2/work_space/install/yahboom_rosmaster_msgs/share/yahboom_rosmaster_msgs/cmake/yahboom_rosmaster_msgs__rosidl_typesupport_cExport-noconfig.cmake
-- Installing: /home/ziad/ziad_ws/ROS2/work_space/install/yahboom_rosmaster_msgs/share/yahboom_rosmaster_msgs/cmake/export_yahboom_rosmaster_msgs__rosidl_generator_cppExport.cmake
-- Installing: /home/ziad/ziad_ws/ROS2/work_space/install/yahboom_rosmaster_msgs/share/yahboom_rosmaster_msgs/cmake/export_yahboom_rosmaster_msgs__rosidl_typesupport_fastrtps_cppExport.cmake
-- Installing: /home/ziad/ziad_ws/ROS2/work_space/install/yahboom_rosmaster_msgs/share/yahboom_rosmaster_msgs/cmake/export_yahboom_rosmaster_msgs__rosidl_typesupport_fastrtps_cppExport-noconfig.cmake
-- Installing: /home/ziad/ziad_ws/ROS2/work_space/install/yahboom_rosmaster_msgs/share/yahboom_rosmaster_msgs/cmake/yahboom_rosmaster_msgs__rosidl_typesupport_introspection_cppExport.cmake
-- Installing: /home/ziad/ziad_ws/ROS2/work_space/install/yahboom_rosmaster_msgs/share/yahboom_rosmaster_msgs/cmake/yahboom_rosmaster_msgs__rosidl_typesupport_introspection_cppExport-noconfig.cmake
-- Installing: /home/ziad/ziad_ws/ROS2/work_space/install/yahboom_rosmaster_msgs/share/yahboom_rosmaster_msgs/cmake/yahboom_rosmaster_msgs__rosidl_typesupport_cppExport.cmake
-- Installing: /home/ziad/ziad_ws/ROS2/work_space/install/yahboom_rosmaster_msgs/share/yahboom_rosmaster_msgs/cmake/yahboom_rosmaster_msgs__rosidl_typesupport_cppExport-noconfig.cmake
-- Installing: /home/ziad/ziad_ws/ROS2/work_space/install/yahboom_rosmaster_msgs/share/yahboom_rosmaster_msgs/cmake/export_yahboom_rosmaster_msgs__rosidl_generator_pyExport.cmake
-- Installing: /home/ziad/ziad_ws/ROS2/work_space/install/yahboom_rosmaster_msgs/share/yahboom_rosmaster_msgs/cmake/export_yahboom_rosmaster_msgs__rosidl_generator_pyExport-noconfig.cmake
