[0.023s] Invoking command in '/home/ziad/Ziad_WS/ROS2/work_space/build/hand_control_robot': CMAKE_PREFIX_PATH=${CMAKE_PREFIX_PATH}:/opt/ros/humble /usr/bin/cmake --build /home/ziad/Ziad_WS/ROS2/work_space/build/hand_control_robot -- -j4 -l4
[0.123s] [35m[1mConsolidate compiler generated dependencies of target hand_control[0m
[0.166s] [ 50%] [32mBuilding CXX object CMakeFiles/hand_control.dir/src/hand_control.cpp.o[0m
[13.712s] [100%] [32m[1mLinking CXX executable hand_control[0m
[14.538s] [100%] Built target hand_control
[14.554s] Invoked command in '/home/ziad/Ziad_WS/ROS2/work_space/build/hand_control_robot' returned '0': CMAKE_PREFIX_PATH=${CMAKE_PREFIX_PATH}:/opt/ros/humble /usr/bin/cmake --build /home/ziad/Ziad_WS/ROS2/work_space/build/hand_control_robot -- -j4 -l4
[14.567s] Invoking command in '/home/ziad/Ziad_WS/ROS2/work_space/build/hand_control_robot': CMAKE_PREFIX_PATH=${CMAKE_PREFIX_PATH}:/opt/ros/humble /usr/bin/cmake --install /home/ziad/Ziad_WS/ROS2/work_space/build/hand_control_robot
[14.577s] -- Install configuration: "Release"
[14.578s] -- Execute custom install script
[14.579s] -- Up-to-date symlink: /home/ziad/Ziad_WS/ROS2/work_space/install/hand_control_robot/lib/hand_control_robot/hand_control
[14.580s] -- Up-to-date symlink: /home/ziad/Ziad_WS/ROS2/work_space/install/hand_control_robot/share/hand_control_robot//launch/hand_control.launch.py
[14.580s] -- Up-to-date symlink: /home/ziad/Ziad_WS/ROS2/work_space/install/hand_control_robot/share/ament_index/resource_index/package_run_dependencies/hand_control_robot
[14.581s] -- Up-to-date symlink: /home/ziad/Ziad_WS/ROS2/work_space/install/hand_control_robot/share/ament_index/resource_index/parent_prefix_path/hand_control_robot
[14.581s] -- Up-to-date symlink: /home/ziad/Ziad_WS/ROS2/work_space/install/hand_control_robot/share/hand_control_robot/environment/ament_prefix_path.sh
[14.581s] -- Up-to-date symlink: /home/ziad/Ziad_WS/ROS2/work_space/install/hand_control_robot/share/hand_control_robot/environment/ament_prefix_path.dsv
[14.582s] -- Up-to-date symlink: /home/ziad/Ziad_WS/ROS2/work_space/install/hand_control_robot/share/hand_control_robot/environment/path.sh
[14.582s] -- Up-to-date symlink: /home/ziad/Ziad_WS/ROS2/work_space/install/hand_control_robot/share/hand_control_robot/environment/path.dsv
[14.583s] -- Up-to-date symlink: /home/ziad/Ziad_WS/ROS2/work_space/install/hand_control_robot/share/hand_control_robot/local_setup.bash
[14.583s] -- Up-to-date symlink: /home/ziad/Ziad_WS/ROS2/work_space/install/hand_control_robot/share/hand_control_robot/local_setup.sh
[14.583s] -- Up-to-date symlink: /home/ziad/Ziad_WS/ROS2/work_space/install/hand_control_robot/share/hand_control_robot/local_setup.zsh
[14.584s] -- Up-to-date symlink: /home/ziad/Ziad_WS/ROS2/work_space/install/hand_control_robot/share/hand_control_robot/local_setup.dsv
[14.584s] -- Symlinking: /home/ziad/Ziad_WS/ROS2/work_space/install/hand_control_robot/share/hand_control_robot/package.dsv
[14.596s] -- Up-to-date symlink: /home/ziad/Ziad_WS/ROS2/work_space/install/hand_control_robot/share/ament_index/resource_index/packages/hand_control_robot
[14.596s] -- Up-to-date symlink: /home/ziad/Ziad_WS/ROS2/work_space/install/hand_control_robot/share/hand_control_robot/cmake/hand_control_robotConfig.cmake
[14.596s] -- Up-to-date symlink: /home/ziad/Ziad_WS/ROS2/work_space/install/hand_control_robot/share/hand_control_robot/cmake/hand_control_robotConfig-version.cmake
[14.597s] -- Up-to-date symlink: /home/ziad/Ziad_WS/ROS2/work_space/install/hand_control_robot/share/hand_control_robot/package.xml
[14.599s] Invoked command in '/home/ziad/Ziad_WS/ROS2/work_space/build/hand_control_robot' returned '0': CMAKE_PREFIX_PATH=${CMAKE_PREFIX_PATH}:/opt/ros/humble /usr/bin/cmake --install /home/ziad/Ziad_WS/ROS2/work_space/build/hand_control_robot
