[0.015s] Invoking command in '/home/ziad/ziad_ws/ROS2/tutorials_work_sapce/build/learning_tf2_cpp': CMAKE_PREFIX_PATH=${CMAKE_PREFIX_PATH}:/opt/ros/jazzy DEBUGINFOD_URLS=https://debuginfod.ubuntu.com /usr/bin/cmake --build /home/ziad/ziad_ws/ROS2/tutorials_work_sapce/build/learning_tf2_cpp -- -j4 -l4
[0.087s] [100%] Built target static_turtle_tf2_broadcaster
[0.102s] Invoked command in '/home/ziad/ziad_ws/ROS2/tutorials_work_sapce/build/learning_tf2_cpp' returned '0': CMAKE_PREFIX_PATH=${CMAKE_PREFIX_PATH}:/opt/ros/jazzy DEBUGINFOD_URLS=https://debuginfod.ubuntu.com /usr/bin/cmake --build /home/ziad/ziad_ws/ROS2/tutorials_work_sapce/build/learning_tf2_cpp -- -j4 -l4
[0.116s] Invoking command in '/home/ziad/ziad_ws/ROS2/tutorials_work_sapce/build/learning_tf2_cpp': CMAKE_PREFIX_PATH=${CMAKE_PREFIX_PATH}:/opt/ros/jazzy DEBUGINFOD_URLS=https://debuginfod.ubuntu.com /usr/bin/cmake --install /home/ziad/ziad_ws/ROS2/tutorials_work_sapce/build/learning_tf2_cpp
[0.133s] -- Install configuration: ""
[0.133s] -- Up-to-date: /home/ziad/ziad_ws/ROS2/tutorials_work_sapce/install/learning_tf2_cpp/lib/learning_tf2_cpp/static_turtle_tf2_broadcaster
[0.134s] -- Up-to-date: /home/ziad/ziad_ws/ROS2/tutorials_work_sapce/install/learning_tf2_cpp/share/ament_index/resource_index/package_run_dependencies/learning_tf2_cpp
[0.134s] -- Up-to-date: /home/ziad/ziad_ws/ROS2/tutorials_work_sapce/install/learning_tf2_cpp/share/ament_index/resource_index/parent_prefix_path/learning_tf2_cpp
[0.134s] -- Up-to-date: /home/ziad/ziad_ws/ROS2/tutorials_work_sapce/install/learning_tf2_cpp/share/learning_tf2_cpp/environment/ament_prefix_path.sh
[0.134s] -- Up-to-date: /home/ziad/ziad_ws/ROS2/tutorials_work_sapce/install/learning_tf2_cpp/share/learning_tf2_cpp/environment/ament_prefix_path.dsv
[0.134s] -- Up-to-date: /home/ziad/ziad_ws/ROS2/tutorials_work_sapce/install/learning_tf2_cpp/share/learning_tf2_cpp/environment/path.sh
[0.134s] -- Up-to-date: /home/ziad/ziad_ws/ROS2/tutorials_work_sapce/install/learning_tf2_cpp/share/learning_tf2_cpp/environment/path.dsv
[0.134s] -- Up-to-date: /home/ziad/ziad_ws/ROS2/tutorials_work_sapce/install/learning_tf2_cpp/share/learning_tf2_cpp/local_setup.bash
[0.135s] -- Up-to-date: /home/ziad/ziad_ws/ROS2/tutorials_work_sapce/install/learning_tf2_cpp/share/learning_tf2_cpp/local_setup.sh
[0.135s] -- Up-to-date: /home/ziad/ziad_ws/ROS2/tutorials_work_sapce/install/learning_tf2_cpp/share/learning_tf2_cpp/local_setup.zsh
[0.135s] -- Up-to-date: /home/ziad/ziad_ws/ROS2/tutorials_work_sapce/install/learning_tf2_cpp/share/learning_tf2_cpp/local_setup.dsv
[0.135s] -- Installing: /home/ziad/ziad_ws/ROS2/tutorials_work_sapce/install/learning_tf2_cpp/share/learning_tf2_cpp/package.dsv
[0.135s] -- Up-to-date: /home/ziad/ziad_ws/ROS2/tutorials_work_sapce/install/learning_tf2_cpp/share/ament_index/resource_index/packages/learning_tf2_cpp
[0.135s] -- Up-to-date: /home/ziad/ziad_ws/ROS2/tutorials_work_sapce/install/learning_tf2_cpp/share/learning_tf2_cpp/cmake/learning_tf2_cppConfig.cmake
[0.135s] -- Up-to-date: /home/ziad/ziad_ws/ROS2/tutorials_work_sapce/install/learning_tf2_cpp/share/learning_tf2_cpp/cmake/learning_tf2_cppConfig-version.cmake
[0.135s] -- Up-to-date: /home/ziad/ziad_ws/ROS2/tutorials_work_sapce/install/learning_tf2_cpp/share/learning_tf2_cpp/package.xml
[0.136s] Invoked command in '/home/ziad/ziad_ws/ROS2/tutorials_work_sapce/build/learning_tf2_cpp' returned '0': CMAKE_PREFIX_PATH=${CMAKE_PREFIX_PATH}:/opt/ros/jazzy DEBUGINFOD_URLS=https://debuginfod.ubuntu.com /usr/bin/cmake --install /home/ziad/ziad_ws/ROS2/tutorials_work_sapce/build/learning_tf2_cpp
