[0.031s] Invoking command in '/home/ziad/ziad_ws/ROS2/work_space/build/fusion_odom_imu': CMAKE_PREFIX_PATH=${CMAKE_PREFIX_PATH}:/home/ziad/ziad_ws/ROS2/turtlebot3_ws/install/turtlebot3_teleop:/home/ziad/ziad_ws/ROS2/turtlebot3_ws/install/turtlebot3_example:/opt/ros/humble /usr/bin/cmake --build /home/ziad/ziad_ws/ROS2/work_space/build/fusion_odom_imu -- -j4 -l4
[0.154s] Invoked command in '/home/ziad/ziad_ws/ROS2/work_space/build/fusion_odom_imu' returned '0': CMAKE_PREFIX_PATH=${CMAKE_PREFIX_PATH}:/home/ziad/ziad_ws/ROS2/turtlebot3_ws/install/turtlebot3_teleop:/home/ziad/ziad_ws/ROS2/turtlebot3_ws/install/turtlebot3_example:/opt/ros/humble /usr/bin/cmake --build /home/ziad/ziad_ws/ROS2/work_space/build/fusion_odom_imu -- -j4 -l4
[0.156s] Invoking command in '/home/ziad/ziad_ws/ROS2/work_space/build/fusion_odom_imu': CMAKE_PREFIX_PATH=${CMAKE_PREFIX_PATH}:/home/ziad/ziad_ws/ROS2/turtlebot3_ws/install/turtlebot3_teleop:/home/ziad/ziad_ws/ROS2/turtlebot3_ws/install/turtlebot3_example:/opt/ros/humble /usr/bin/cmake --install /home/ziad/ziad_ws/ROS2/work_space/build/fusion_odom_imu
[0.169s] -- Install configuration: ""
[0.171s] -- Execute custom install script
[0.173s] -- Up-to-date symlink: /home/ziad/ziad_ws/ROS2/work_space/install/fusion_odom_imu/share/fusion_odom_imu/config/ekf_node.yaml
[0.175s] -- Up-to-date symlink: /home/ziad/ziad_ws/ROS2/work_space/install/fusion_odom_imu/share/fusion_odom_imu/launch/ekf.launch.py
[0.176s] -- Up-to-date symlink: /home/ziad/ziad_ws/ROS2/work_space/install/fusion_odom_imu/share/ament_index/resource_index/package_run_dependencies/fusion_odom_imu
[0.177s] -- Up-to-date symlink: /home/ziad/ziad_ws/ROS2/work_space/install/fusion_odom_imu/share/ament_index/resource_index/parent_prefix_path/fusion_odom_imu
[0.177s] -- Up-to-date symlink: /home/ziad/ziad_ws/ROS2/work_space/install/fusion_odom_imu/share/fusion_odom_imu/environment/ament_prefix_path.sh
[0.179s] -- Up-to-date symlink: /home/ziad/ziad_ws/ROS2/work_space/install/fusion_odom_imu/share/fusion_odom_imu/environment/ament_prefix_path.dsv
[0.180s] -- Up-to-date symlink: /home/ziad/ziad_ws/ROS2/work_space/install/fusion_odom_imu/share/fusion_odom_imu/environment/path.sh
[0.180s] -- Up-to-date symlink: /home/ziad/ziad_ws/ROS2/work_space/install/fusion_odom_imu/share/fusion_odom_imu/environment/path.dsv
[0.180s] -- Up-to-date symlink: /home/ziad/ziad_ws/ROS2/work_space/install/fusion_odom_imu/share/fusion_odom_imu/local_setup.bash
[0.181s] -- Up-to-date symlink: /home/ziad/ziad_ws/ROS2/work_space/install/fusion_odom_imu/share/fusion_odom_imu/local_setup.sh
[0.181s] -- Up-to-date symlink: /home/ziad/ziad_ws/ROS2/work_space/install/fusion_odom_imu/share/fusion_odom_imu/local_setup.zsh
[0.182s] -- Up-to-date symlink: /home/ziad/ziad_ws/ROS2/work_space/install/fusion_odom_imu/share/fusion_odom_imu/local_setup.dsv
[0.183s] -- Symlinking: /home/ziad/ziad_ws/ROS2/work_space/install/fusion_odom_imu/share/fusion_odom_imu/package.dsv
[0.198s] -- Up-to-date symlink: /home/ziad/ziad_ws/ROS2/work_space/install/fusion_odom_imu/share/ament_index/resource_index/packages/fusion_odom_imu
[0.200s] -- Up-to-date symlink: /home/ziad/ziad_ws/ROS2/work_space/install/fusion_odom_imu/share/fusion_odom_imu/cmake/fusion_odom_imuConfig.cmake
[0.200s] -- Up-to-date symlink: /home/ziad/ziad_ws/ROS2/work_space/install/fusion_odom_imu/share/fusion_odom_imu/cmake/fusion_odom_imuConfig-version.cmake
[0.201s] -- Up-to-date symlink: /home/ziad/ziad_ws/ROS2/work_space/install/fusion_odom_imu/share/fusion_odom_imu/package.xml
[0.209s] Invoked command in '/home/ziad/ziad_ws/ROS2/work_space/build/fusion_odom_imu' returned '0': CMAKE_PREFIX_PATH=${CMAKE_PREFIX_PATH}:/home/ziad/ziad_ws/ROS2/turtlebot3_ws/install/turtlebot3_teleop:/home/ziad/ziad_ws/ROS2/turtlebot3_ws/install/turtlebot3_example:/opt/ros/humble /usr/bin/cmake --install /home/ziad/ziad_ws/ROS2/work_space/build/fusion_odom_imu
