-- The C compiler identification is GNU 11.4.0
-- The CXX compiler identification is GNU 11.4.0
-- Detecting C compiler ABI info
-- Detecting C compiler ABI info - done
-- Check for working C compiler: /usr/bin/cc - skipped
-- Detecting C compile features
-- Detecting C compile features - done
-- Detecting CXX compiler ABI info
-- Detecting CXX compiler ABI info - done
-- Check for working CXX compiler: /usr/bin/c++ - skipped
-- Detecting CXX compile features
-- Detecting CXX compile features - done
-- Found ament_cmake: 1.3.12 (/opt/ros/humble/share/ament_cmake/cmake)
-- Found Python3: /usr/bin/python3 (found version "3.10.12") found components: Interpreter 
-- Configuring done
-- Generating done
-- Build files have been written to: /home/ziad/ziad_ws/ROS2/turtlebot3_ws/build/turtlebot3
-- Install configuration: ""
-- Installing: /home/ziad/ziad_ws/ROS2/turtlebot3_ws/install/turtlebot3/share/ament_index/resource_index/package_run_dependencies/turtlebot3
-- Installing: /home/ziad/ziad_ws/ROS2/turtlebot3_ws/install/turtlebot3/share/ament_index/resource_index/parent_prefix_path/turtlebot3
-- Installing: /home/ziad/ziad_ws/ROS2/turtlebot3_ws/install/turtlebot3/share/turtlebot3/environment/ament_prefix_path.sh
-- Installing: /home/ziad/ziad_ws/ROS2/turtlebot3_ws/install/turtlebot3/share/turtlebot3/environment/ament_prefix_path.dsv
-- Installing: /home/ziad/ziad_ws/ROS2/turtlebot3_ws/install/turtlebot3/share/turtlebot3/environment/path.sh
-- Installing: /home/ziad/ziad_ws/ROS2/turtlebot3_ws/install/turtlebot3/share/turtlebot3/environment/path.dsv
-- Installing: /home/ziad/ziad_ws/ROS2/turtlebot3_ws/install/turtlebot3/share/turtlebot3/local_setup.bash
-- Installing: /home/ziad/ziad_ws/ROS2/turtlebot3_ws/install/turtlebot3/share/turtlebot3/local_setup.sh
-- Installing: /home/ziad/ziad_ws/ROS2/turtlebot3_ws/install/turtlebot3/share/turtlebot3/local_setup.zsh
-- Installing: /home/ziad/ziad_ws/ROS2/turtlebot3_ws/install/turtlebot3/share/turtlebot3/local_setup.dsv
-- Installing: /home/ziad/ziad_ws/ROS2/turtlebot3_ws/install/turtlebot3/share/turtlebot3/package.dsv
-- Installing: /home/ziad/ziad_ws/ROS2/turtlebot3_ws/install/turtlebot3/share/ament_index/resource_index/packages/turtlebot3
-- Installing: /home/ziad/ziad_ws/ROS2/turtlebot3_ws/install/turtlebot3/share/turtlebot3/cmake/turtlebot3Config.cmake
-- Installing: /home/ziad/ziad_ws/ROS2/turtlebot3_ws/install/turtlebot3/share/turtlebot3/cmake/turtlebot3Config-version.cmake
-- Installing: /home/ziad/ziad_ws/ROS2/turtlebot3_ws/install/turtlebot3/share/turtlebot3/package.xml
