[1.365s] Invoking command in '/home/ziad/ziad_ws/ROS2/turtlebot3_ws/build/turtlebot3_example': CMAKE_PREFIX_PATH=/home/ziad/ziad_ws/ROS2/turtlebot3_ws/install/turtlebot3_msgs:/home/ziad/ziad_ws/ROS2/turtlebot3_ws/install/turtlebot3:/home/ziad/ziad_ws/ROS2/turtlebot3_ws/install/turtlebot3_bringup:/home/ziad/ziad_ws/ROS2/turtlebot3_ws/install/turtlebot3_node:/home/ziad/ziad_ws/ROS2/turtlebot3_ws/install/turtlebot3_navigation2:/home/ziad/ziad_ws/ROS2/turtlebot3_ws/install/turtlebot3_description:/home/ziad/ziad_ws/ROS2/turtlebot3_ws/install/turtlebot3_cartographer:/home/ziad/ziad_ws/ROS2/turtlebot3_ws/install/dynamixel_sdk_examples:/home/ziad/ziad_ws/ROS2/turtlebot3_ws/install/dynamixel_sdk_custom_interfaces:/home/ziad/ziad_ws/ROS2/turtlebot3_ws/install/dynamixel_sdk PYTHONPATH=/home/ziad/ziad_ws/ROS2/turtlebot3_ws/build/turtlebot3_example/prefix_override:/usr/lib/python3/dist-packages/colcon_core/task/python/colcon_distutils_commands:/home/ziad/ziad_ws/ROS2/turtlebot3_ws/install/turtlebot3_example/lib/python3.10/site-packages:${PYTHONPATH} /usr/bin/python3 -W ignore:setup.py install is deprecated -W ignore:easy_install command is deprecated setup.py develop --editable --build-directory /home/ziad/ziad_ws/ROS2/turtlebot3_ws/build/turtlebot3_example/build --no-deps symlink_data
[2.349s] running develop
[3.538s] running egg_info
[3.539s] writing turtlebot3_example.egg-info/PKG-INFO
[3.540s] writing dependency_links to turtlebot3_example.egg-info/dependency_links.txt
[3.541s] writing entry points to turtlebot3_example.egg-info/entry_points.txt
[3.541s] writing requirements to turtlebot3_example.egg-info/requires.txt
[3.542s] writing top-level names to turtlebot3_example.egg-info/top_level.txt
[3.558s] reading manifest file 'turtlebot3_example.egg-info/SOURCES.txt'
[3.565s] writing manifest file 'turtlebot3_example.egg-info/SOURCES.txt'
[3.569s] running build_ext
[3.570s] Creating /home/ziad/ziad_ws/ROS2/turtlebot3_ws/install/turtlebot3_example/lib/python3.10/site-packages/turtlebot3-example.egg-link (link to .)
[3.573s] Installing turtlebot3_absolute_move script to /home/ziad/ziad_ws/ROS2/turtlebot3_ws/install/turtlebot3_example/lib/turtlebot3_example
[3.573s] Installing turtlebot3_interactive_marker script to /home/ziad/ziad_ws/ROS2/turtlebot3_ws/install/turtlebot3_example/lib/turtlebot3_example
[3.574s] Installing turtlebot3_obstacle_detection script to /home/ziad/ziad_ws/ROS2/turtlebot3_ws/install/turtlebot3_example/lib/turtlebot3_example
[3.575s] Installing turtlebot3_patrol_client script to /home/ziad/ziad_ws/ROS2/turtlebot3_ws/install/turtlebot3_example/lib/turtlebot3_example
[3.575s] Installing turtlebot3_patrol_server script to /home/ziad/ziad_ws/ROS2/turtlebot3_ws/install/turtlebot3_example/lib/turtlebot3_example
[3.576s] Installing turtlebot3_relative_move script to /home/ziad/ziad_ws/ROS2/turtlebot3_ws/install/turtlebot3_example/lib/turtlebot3_example
[3.577s] 
[3.577s] Installed /home/ziad/ziad_ws/ROS2/turtlebot3_ws/build/turtlebot3_example
[3.578s] running symlink_data
[3.666s] Invoked command in '/home/ziad/ziad_ws/ROS2/turtlebot3_ws/build/turtlebot3_example' returned '0': CMAKE_PREFIX_PATH=/home/ziad/ziad_ws/ROS2/turtlebot3_ws/install/turtlebot3_msgs:/home/ziad/ziad_ws/ROS2/turtlebot3_ws/install/turtlebot3:/home/ziad/ziad_ws/ROS2/turtlebot3_ws/install/turtlebot3_bringup:/home/ziad/ziad_ws/ROS2/turtlebot3_ws/install/turtlebot3_node:/home/ziad/ziad_ws/ROS2/turtlebot3_ws/install/turtlebot3_navigation2:/home/ziad/ziad_ws/ROS2/turtlebot3_ws/install/turtlebot3_description:/home/ziad/ziad_ws/ROS2/turtlebot3_ws/install/turtlebot3_cartographer:/home/ziad/ziad_ws/ROS2/turtlebot3_ws/install/dynamixel_sdk_examples:/home/ziad/ziad_ws/ROS2/turtlebot3_ws/install/dynamixel_sdk_custom_interfaces:/home/ziad/ziad_ws/ROS2/turtlebot3_ws/install/dynamixel_sdk PYTHONPATH=/home/ziad/ziad_ws/ROS2/turtlebot3_ws/build/turtlebot3_example/prefix_override:/usr/lib/python3/dist-packages/colcon_core/task/python/colcon_distutils_commands:/home/ziad/ziad_ws/ROS2/turtlebot3_ws/install/turtlebot3_example/lib/python3.10/site-packages:${PYTHONPATH} /usr/bin/python3 -W ignore:setup.py install is deprecated -W ignore:easy_install command is deprecated setup.py develop --editable --build-directory /home/ziad/ziad_ws/ROS2/turtlebot3_ws/build/turtlebot3_example/build --no-deps symlink_data
