[0.014s] Invoking command in '/home/ziad/Ziad_WS/ROS2/work_space/build/hand_control_robot': CMAKE_PREFIX_PATH=${CMAKE_PREFIX_PATH}:/opt/ros/humble /usr/bin/cmake --build /home/ziad/Ziad_WS/ROS2/work_space/build/hand_control_robot -- -j4 -l4
[0.054s] -- Found ament_cmake: 1.3.12 (/opt/ros/humble/share/ament_cmake/cmake)
[0.217s] -- Override CMake install command with custom implementation using symlinks instead of copying resources
[0.238s] -- Found rclcpp: 16.0.14 (/opt/ros/humble/share/rclcpp/cmake)
[0.296s] -- Found rosidl_generator_c: 3.1.7 (/opt/ros/humble/share/rosidl_generator_c/cmake)
[0.301s] -- Found rosidl_adapter: 3.1.7 (/opt/ros/humble/share/rosidl_adapter/cmake)
[0.312s] -- Found rosidl_generator_cpp: 3.1.7 (/opt/ros/humble/share/rosidl_generator_cpp/cmake)
[0.330s] -- Using all available rosidl_typesupport_c: rosidl_typesupport_fastrtps_c;rosidl_typesupport_introspection_c
[0.349s] -- Using all available rosidl_typesupport_cpp: rosidl_typesupport_fastrtps_cpp;rosidl_typesupport_introspection_cpp
[0.406s] -- Found rmw_implementation_cmake: 6.1.2 (/opt/ros/humble/share/rmw_implementation_cmake/cmake)
[0.409s] -- Found rmw_fastrtps_cpp: 6.2.8 (/opt/ros/humble/share/rmw_fastrtps_cpp/cmake)
[0.569s] -- Using RMW implementation 'rmw_fastrtps_cpp' as default
[0.653s] -- Found sensor_msgs: 4.9.0 (/opt/ros/humble/share/sensor_msgs/cmake)
[0.698s] -- Found cv_bridge: 3.2.1 (/opt/ros/humble/share/cv_bridge/cmake)
[0.713s] -- Found image_transport: 3.1.12 (/opt/ros/humble/share/image_transport/cmake)
[0.750s] -- Found moveit_ros_planning_interface: 2.5.9 (/opt/ros/humble/share/moveit_ros_planning_interface/cmake)
[0.769s] -- Found Boost: /usr/lib/x86_64-linux-gnu/cmake/Boost-1.74.0/BoostConfig.cmake (found version "1.74.0") found components: date_time filesystem program_options system thread 
[0.967s] -- Found Boost: /usr/lib/x86_64-linux-gnu/cmake/Boost-1.74.0/BoostConfig.cmake (found version "1.74.0") found components: chrono date_time filesystem iostreams program_options regex serialization system thread 
[1.006s] -- Found parameter_traits: 0.5.0 (/opt/ros/humble/share/parameter_traits/cmake)
[1.018s] -- Found rclcpp_lifecycle: 16.0.14 (/opt/ros/humble/share/rclcpp_lifecycle/cmake)
[1.054s] -- Found Boost: /usr/lib/x86_64-linux-gnu/cmake/Boost-1.74.0/BoostConfig.cmake (found version "1.74.0") found components: filesystem 
[1.106s] -- library: /usr/lib/x86_64-linux-gnu/libcurl.so
[1.148s] -- Ensuring Eigen3 include directory is part of orocos-kdl CMake target
[1.299s] -- Found Boost: /usr/lib/x86_64-linux-gnu/cmake/Boost-1.74.0/BoostConfig.cmake (found version "1.74.0") found components: system filesystem date_time program_options thread chrono 
[1.339s] -- Found Boost: /usr/lib/x86_64-linux-gnu/cmake/Boost-1.74.0/BoostConfig.cmake (found version "1.74.0") found components: thread system filesystem regex date_time program_options 
[1.366s] -- Found Boost: /usr/lib/x86_64-linux-gnu/cmake/Boost-1.74.0/BoostConfig.cmake (found version "1.74.0") found components: system filesystem date_time program_options thread 
[1.417s] -- Found ament_lint_auto: 0.12.14 (/opt/ros/humble/share/ament_lint_auto/cmake)
[1.559s] -- Added test 'cppcheck' to perform static code analysis on C / C++ code
[1.560s] -- Configured cppcheck include dirs: 
[1.560s] -- Configured cppcheck exclude dirs and/or files: 
[1.561s] -- Added test 'flake8' to check Python code syntax and style conventions
[1.563s] -- Added test 'lint_cmake' to check CMake code style
[1.565s] -- Added test 'pep257' to check Python code against some of the docstring style conventions in PEP 257
[1.568s] -- Added test 'uncrustify' to check C / C++ code style
[1.568s] -- Configured uncrustify additional arguments: 
[1.569s] -- Added test 'xmllint' to check XML markup files
[1.572s] -- Configuring done
[1.661s] -- Generating done
[1.676s] -- Build files have been written to: /home/ziad/Ziad_WS/ROS2/work_space/build/hand_control_robot
[1.725s] [35m[1mConsolidate compiler generated dependencies of target hand_control[0m
[1.754s] [ 50%] [32m[1mLinking CXX executable hand_control[0m
[3.483s] [100%] Built target hand_control
[3.499s] Invoked command in '/home/ziad/Ziad_WS/ROS2/work_space/build/hand_control_robot' returned '0': CMAKE_PREFIX_PATH=${CMAKE_PREFIX_PATH}:/opt/ros/humble /usr/bin/cmake --build /home/ziad/Ziad_WS/ROS2/work_space/build/hand_control_robot -- -j4 -l4
[3.513s] Invoking command in '/home/ziad/Ziad_WS/ROS2/work_space/build/hand_control_robot': CMAKE_PREFIX_PATH=${CMAKE_PREFIX_PATH}:/opt/ros/humble /usr/bin/cmake --install /home/ziad/Ziad_WS/ROS2/work_space/build/hand_control_robot
[3.522s] -- Install configuration: "Release"
[3.523s] -- Execute custom install script
[3.523s] -- Symlinking: /home/ziad/Ziad_WS/ROS2/work_space/install/hand_control_robot/lib/hand_control_robot/hand_control
[3.536s] -- Symlinking: /home/ziad/Ziad_WS/ROS2/work_space/install/hand_control_robot/share/ament_index/resource_index/package_run_dependencies/hand_control_robot
[3.546s] -- Symlinking: /home/ziad/Ziad_WS/ROS2/work_space/install/hand_control_robot/share/ament_index/resource_index/parent_prefix_path/hand_control_robot
[3.557s] -- Symlinking: /home/ziad/Ziad_WS/ROS2/work_space/install/hand_control_robot/share/hand_control_robot/environment/ament_prefix_path.sh
[3.568s] -- Symlinking: /home/ziad/Ziad_WS/ROS2/work_space/install/hand_control_robot/share/hand_control_robot/environment/ament_prefix_path.dsv
[3.578s] -- Symlinking: /home/ziad/Ziad_WS/ROS2/work_space/install/hand_control_robot/share/hand_control_robot/environment/path.sh
[3.589s] -- Symlinking: /home/ziad/Ziad_WS/ROS2/work_space/install/hand_control_robot/share/hand_control_robot/environment/path.dsv
[3.599s] -- Symlinking: /home/ziad/Ziad_WS/ROS2/work_space/install/hand_control_robot/share/hand_control_robot/local_setup.bash
[3.610s] -- Symlinking: /home/ziad/Ziad_WS/ROS2/work_space/install/hand_control_robot/share/hand_control_robot/local_setup.sh
[3.621s] -- Symlinking: /home/ziad/Ziad_WS/ROS2/work_space/install/hand_control_robot/share/hand_control_robot/local_setup.zsh
[3.631s] -- Symlinking: /home/ziad/Ziad_WS/ROS2/work_space/install/hand_control_robot/share/hand_control_robot/local_setup.dsv
[3.643s] -- Symlinking: /home/ziad/Ziad_WS/ROS2/work_space/install/hand_control_robot/share/hand_control_robot/package.dsv
[3.653s] -- Symlinking: /home/ziad/Ziad_WS/ROS2/work_space/install/hand_control_robot/share/ament_index/resource_index/packages/hand_control_robot
[3.663s] -- Symlinking: /home/ziad/Ziad_WS/ROS2/work_space/install/hand_control_robot/share/hand_control_robot/cmake/hand_control_robotConfig.cmake
[3.676s] -- Symlinking: /home/ziad/Ziad_WS/ROS2/work_space/install/hand_control_robot/share/hand_control_robot/cmake/hand_control_robotConfig-version.cmake
[3.687s] -- Symlinking: /home/ziad/Ziad_WS/ROS2/work_space/install/hand_control_robot/share/hand_control_robot/package.xml
[3.701s] Invoked command in '/home/ziad/Ziad_WS/ROS2/work_space/build/hand_control_robot' returned '0': CMAKE_PREFIX_PATH=${CMAKE_PREFIX_PATH}:/opt/ros/humble /usr/bin/cmake --install /home/ziad/Ziad_WS/ROS2/work_space/build/hand_control_robot
