[  1%] Built target ros2_service__rosidl_generator_type_description
[  1%] Built target ament_cmake_python_copy_ros2_service
[  3%] Built target ros2_service__cpp
[ 24%] Built target ros2_service__rosidl_generator_c
[ 33%] Built target ros2_service__rosidl_typesupport_introspection_c
[ 42%] Built target ros2_service__rosidl_typesupport_fastrtps_c
[ 51%] Built target ros2_service__rosidl_typesupport_fastrtps_cpp
[ 61%] Built target ros2_service__rosidl_typesupport_c
[ 70%] Built target ros2_service__rosidl_typesupport_cpp
[ 79%] Built target ros2_service__rosidl_typesupport_introspection_cpp
[ 79%] Built target ros2_service
[ 81%] Built target ros2_service__py
[ 88%] Built target ros2_service__rosidl_generator_py
[ 92%] Built target ros2_service_s__rosidl_typesupport_introspection_c
[ 96%] Built target ros2_service_s__rosidl_typesupport_fastrtps_c
[100%] Built target ros2_service_s__rosidl_typesupport_c
running egg_info
writing ros2_service.egg-info/PKG-INFO
writing dependency_links to ros2_service.egg-info/dependency_links.txt
writing top-level names to ros2_service.egg-info/top_level.txt
reading manifest file 'ros2_service.egg-info/SOURCES.txt'
writing manifest file 'ros2_service.egg-info/SOURCES.txt'
[100%] Built target ament_cmake_python_build_ros2_service_egg
-- Install configuration: ""
-- Up-to-date: /home/ziad/ziad_ws/ROS2/tutorials_work_sapce/install/ros2_service/share/ament_index/resource_index/rosidl_interfaces/ros2_service
-- Up-to-date: /home/ziad/ziad_ws/ROS2/tutorials_work_sapce/install/ros2_service/share/ros2_service/msg/Num.json
-- Up-to-date: /home/ziad/ziad_ws/ROS2/tutorials_work_sapce/install/ros2_service/share/ros2_service/msg/Sphere.json
-- Up-to-date: /home/ziad/ziad_ws/ROS2/tutorials_work_sapce/install/ros2_service/share/ros2_service/srv/AddThreeInts.json
-- Up-to-date: /home/ziad/ziad_ws/ROS2/tutorials_work_sapce/install/ros2_service/include/ros2_service/ros2_service
-- Up-to-date: /home/ziad/ziad_ws/ROS2/tutorials_work_sapce/install/ros2_service/include/ros2_service/ros2_service/srv
-- Up-to-date: /home/ziad/ziad_ws/ROS2/tutorials_work_sapce/install/ros2_service/include/ros2_service/ros2_service/srv/add_three_ints.h
-- Up-to-date: /home/ziad/ziad_ws/ROS2/tutorials_work_sapce/install/ros2_service/include/ros2_service/ros2_service/srv/detail
-- Installing: /home/ziad/ziad_ws/ROS2/tutorials_work_sapce/install/ros2_service/include/ros2_service/ros2_service/srv/detail/add_three_ints__type_support.c
-- Up-to-date: /home/ziad/ziad_ws/ROS2/tutorials_work_sapce/install/ros2_service/include/ros2_service/ros2_service/srv/detail/add_three_ints__struct.h
-- Up-to-date: /home/ziad/ziad_ws/ROS2/tutorials_work_sapce/install/ros2_service/include/ros2_service/ros2_service/srv/detail/add_three_ints__type_support.h
-- Up-to-date: /home/ziad/ziad_ws/ROS2/tutorials_work_sapce/install/ros2_service/include/ros2_service/ros2_service/srv/detail/add_three_ints__description.c
-- Up-to-date: /home/ziad/ziad_ws/ROS2/tutorials_work_sapce/install/ros2_service/include/ros2_service/ros2_service/srv/detail/add_three_ints__functions.c
-- Up-to-date: /home/ziad/ziad_ws/ROS2/tutorials_work_sapce/install/ros2_service/include/ros2_service/ros2_service/srv/detail/add_three_ints__functions.h
-- Up-to-date: /home/ziad/ziad_ws/ROS2/tutorials_work_sapce/install/ros2_service/include/ros2_service/ros2_service/msg
-- Up-to-date: /home/ziad/ziad_ws/ROS2/tutorials_work_sapce/install/ros2_service/include/ros2_service/ros2_service/msg/sphere.h
-- Up-to-date: /home/ziad/ziad_ws/ROS2/tutorials_work_sapce/install/ros2_service/include/ros2_service/ros2_service/msg/num.h
-- Up-to-date: /home/ziad/ziad_ws/ROS2/tutorials_work_sapce/install/ros2_service/include/ros2_service/ros2_service/msg/rosidl_generator_c__visibility_control.h
-- Up-to-date: /home/ziad/ziad_ws/ROS2/tutorials_work_sapce/install/ros2_service/include/ros2_service/ros2_service/msg/detail
-- Up-to-date: /home/ziad/ziad_ws/ROS2/tutorials_work_sapce/install/ros2_service/include/ros2_service/ros2_service/msg/detail/sphere__functions.c
-- Up-to-date: /home/ziad/ziad_ws/ROS2/tutorials_work_sapce/install/ros2_service/include/ros2_service/ros2_service/msg/detail/num__description.c
-- Up-to-date: /home/ziad/ziad_ws/ROS2/tutorials_work_sapce/install/ros2_service/include/ros2_service/ros2_service/msg/detail/num__functions.c
-- Up-to-date: /home/ziad/ziad_ws/ROS2/tutorials_work_sapce/install/ros2_service/include/ros2_service/ros2_service/msg/detail/sphere__type_support.h
-- Up-to-date: /home/ziad/ziad_ws/ROS2/tutorials_work_sapce/install/ros2_service/include/ros2_service/ros2_service/msg/detail/num__functions.h
-- Up-to-date: /home/ziad/ziad_ws/ROS2/tutorials_work_sapce/install/ros2_service/include/ros2_service/ros2_service/msg/detail/sphere__description.c
-- Installing: /home/ziad/ziad_ws/ROS2/tutorials_work_sapce/install/ros2_service/include/ros2_service/ros2_service/msg/detail/num__type_support.c
-- Up-to-date: /home/ziad/ziad_ws/ROS2/tutorials_work_sapce/install/ros2_service/include/ros2_service/ros2_service/msg/detail/sphere__struct.h
-- Installing: /home/ziad/ziad_ws/ROS2/tutorials_work_sapce/install/ros2_service/include/ros2_service/ros2_service/msg/detail/sphere__type_support.c
-- Up-to-date: /home/ziad/ziad_ws/ROS2/tutorials_work_sapce/install/ros2_service/include/ros2_service/ros2_service/msg/detail/num__type_support.h
-- Up-to-date: /home/ziad/ziad_ws/ROS2/tutorials_work_sapce/install/ros2_service/include/ros2_service/ros2_service/msg/detail/sphere__functions.h
-- Up-to-date: /home/ziad/ziad_ws/ROS2/tutorials_work_sapce/install/ros2_service/include/ros2_service/ros2_service/msg/detail/num__struct.h
-- Up-to-date: /home/ziad/ziad_ws/ROS2/tutorials_work_sapce/install/ros2_service/share/ros2_service/environment/library_path.sh
-- Up-to-date: /home/ziad/ziad_ws/ROS2/tutorials_work_sapce/install/ros2_service/share/ros2_service/environment/library_path.dsv
-- Up-to-date: /home/ziad/ziad_ws/ROS2/tutorials_work_sapce/install/ros2_service/lib/libros2_service__rosidl_generator_c.so
-- Up-to-date: /home/ziad/ziad_ws/ROS2/tutorials_work_sapce/install/ros2_service/include/ros2_service/ros2_service
-- Up-to-date: /home/ziad/ziad_ws/ROS2/tutorials_work_sapce/install/ros2_service/include/ros2_service/ros2_service/srv
-- Up-to-date: /home/ziad/ziad_ws/ROS2/tutorials_work_sapce/install/ros2_service/include/ros2_service/ros2_service/srv/detail
-- Up-to-date: /home/ziad/ziad_ws/ROS2/tutorials_work_sapce/install/ros2_service/include/ros2_service/ros2_service/srv/detail/add_three_ints__rosidl_typesupport_fastrtps_c.h
-- Up-to-date: /home/ziad/ziad_ws/ROS2/tutorials_work_sapce/install/ros2_service/include/ros2_service/ros2_service/msg
-- Up-to-date: /home/ziad/ziad_ws/ROS2/tutorials_work_sapce/install/ros2_service/include/ros2_service/ros2_service/msg/rosidl_typesupport_fastrtps_c__visibility_control.h
-- Up-to-date: /home/ziad/ziad_ws/ROS2/tutorials_work_sapce/install/ros2_service/include/ros2_service/ros2_service/msg/detail
-- Up-to-date: /home/ziad/ziad_ws/ROS2/tutorials_work_sapce/install/ros2_service/include/ros2_service/ros2_service/msg/detail/num__rosidl_typesupport_fastrtps_c.h
-- Up-to-date: /home/ziad/ziad_ws/ROS2/tutorials_work_sapce/install/ros2_service/include/ros2_service/ros2_service/msg/detail/sphere__rosidl_typesupport_fastrtps_c.h
-- Up-to-date: /home/ziad/ziad_ws/ROS2/tutorials_work_sapce/install/ros2_service/lib/libros2_service__rosidl_typesupport_fastrtps_c.so
-- Up-to-date: /home/ziad/ziad_ws/ROS2/tutorials_work_sapce/install/ros2_service/include/ros2_service/ros2_service
-- Up-to-date: /home/ziad/ziad_ws/ROS2/tutorials_work_sapce/install/ros2_service/include/ros2_service/ros2_service/srv
-- Up-to-date: /home/ziad/ziad_ws/ROS2/tutorials_work_sapce/install/ros2_service/include/ros2_service/ros2_service/srv/add_three_ints.hpp
-- Up-to-date: /home/ziad/ziad_ws/ROS2/tutorials_work_sapce/install/ros2_service/include/ros2_service/ros2_service/srv/detail
-- Up-to-date: /home/ziad/ziad_ws/ROS2/tutorials_work_sapce/install/ros2_service/include/ros2_service/ros2_service/srv/detail/add_three_ints__traits.hpp
-- Up-to-date: /home/ziad/ziad_ws/ROS2/tutorials_work_sapce/install/ros2_service/include/ros2_service/ros2_service/srv/detail/add_three_ints__struct.hpp
-- Up-to-date: /home/ziad/ziad_ws/ROS2/tutorials_work_sapce/install/ros2_service/include/ros2_service/ros2_service/srv/detail/add_three_ints__type_support.hpp
-- Up-to-date: /home/ziad/ziad_ws/ROS2/tutorials_work_sapce/install/ros2_service/include/ros2_service/ros2_service/srv/detail/add_three_ints__builder.hpp
-- Up-to-date: /home/ziad/ziad_ws/ROS2/tutorials_work_sapce/install/ros2_service/include/ros2_service/ros2_service/msg
-- Up-to-date: /home/ziad/ziad_ws/ROS2/tutorials_work_sapce/install/ros2_service/include/ros2_service/ros2_service/msg/num.hpp
-- Up-to-date: /home/ziad/ziad_ws/ROS2/tutorials_work_sapce/install/ros2_service/include/ros2_service/ros2_service/msg/rosidl_generator_cpp__visibility_control.hpp
-- Up-to-date: /home/ziad/ziad_ws/ROS2/tutorials_work_sapce/install/ros2_service/include/ros2_service/ros2_service/msg/sphere.hpp
-- Up-to-date: /home/ziad/ziad_ws/ROS2/tutorials_work_sapce/install/ros2_service/include/ros2_service/ros2_service/msg/detail
-- Up-to-date: /home/ziad/ziad_ws/ROS2/tutorials_work_sapce/install/ros2_service/include/ros2_service/ros2_service/msg/detail/num__builder.hpp
-- Up-to-date: /home/ziad/ziad_ws/ROS2/tutorials_work_sapce/install/ros2_service/include/ros2_service/ros2_service/msg/detail/sphere__builder.hpp
-- Up-to-date: /home/ziad/ziad_ws/ROS2/tutorials_work_sapce/install/ros2_service/include/ros2_service/ros2_service/msg/detail/sphere__traits.hpp
-- Up-to-date: /home/ziad/ziad_ws/ROS2/tutorials_work_sapce/install/ros2_service/include/ros2_service/ros2_service/msg/detail/num__type_support.hpp
-- Up-to-date: /home/ziad/ziad_ws/ROS2/tutorials_work_sapce/install/ros2_service/include/ros2_service/ros2_service/msg/detail/num__traits.hpp
-- Up-to-date: /home/ziad/ziad_ws/ROS2/tutorials_work_sapce/install/ros2_service/include/ros2_service/ros2_service/msg/detail/num__struct.hpp
-- Up-to-date: /home/ziad/ziad_ws/ROS2/tutorials_work_sapce/install/ros2_service/include/ros2_service/ros2_service/msg/detail/sphere__type_support.hpp
-- Up-to-date: /home/ziad/ziad_ws/ROS2/tutorials_work_sapce/install/ros2_service/include/ros2_service/ros2_service/msg/detail/sphere__struct.hpp
-- Up-to-date: /home/ziad/ziad_ws/ROS2/tutorials_work_sapce/install/ros2_service/include/ros2_service/ros2_service
-- Up-to-date: /home/ziad/ziad_ws/ROS2/tutorials_work_sapce/install/ros2_service/include/ros2_service/ros2_service/srv
-- Up-to-date: /home/ziad/ziad_ws/ROS2/tutorials_work_sapce/install/ros2_service/include/ros2_service/ros2_service/srv/detail
-- Up-to-date: /home/ziad/ziad_ws/ROS2/tutorials_work_sapce/install/ros2_service/include/ros2_service/ros2_service/srv/detail/dds_fastrtps
-- Up-to-date: /home/ziad/ziad_ws/ROS2/tutorials_work_sapce/install/ros2_service/include/ros2_service/ros2_service/srv/detail/add_three_ints__rosidl_typesupport_fastrtps_cpp.hpp
-- Up-to-date: /home/ziad/ziad_ws/ROS2/tutorials_work_sapce/install/ros2_service/include/ros2_service/ros2_service/msg
-- Up-to-date: /home/ziad/ziad_ws/ROS2/tutorials_work_sapce/install/ros2_service/include/ros2_service/ros2_service/msg/detail
-- Up-to-date: /home/ziad/ziad_ws/ROS2/tutorials_work_sapce/install/ros2_service/include/ros2_service/ros2_service/msg/detail/num__rosidl_typesupport_fastrtps_cpp.hpp
-- Up-to-date: /home/ziad/ziad_ws/ROS2/tutorials_work_sapce/install/ros2_service/include/ros2_service/ros2_service/msg/detail/sphere__rosidl_typesupport_fastrtps_cpp.hpp
-- Up-to-date: /home/ziad/ziad_ws/ROS2/tutorials_work_sapce/install/ros2_service/include/ros2_service/ros2_service/msg/detail/dds_fastrtps
-- Up-to-date: /home/ziad/ziad_ws/ROS2/tutorials_work_sapce/install/ros2_service/include/ros2_service/ros2_service/msg/rosidl_typesupport_fastrtps_cpp__visibility_control.h
-- Up-to-date: /home/ziad/ziad_ws/ROS2/tutorials_work_sapce/install/ros2_service/lib/libros2_service__rosidl_typesupport_fastrtps_cpp.so
-- Up-to-date: /home/ziad/ziad_ws/ROS2/tutorials_work_sapce/install/ros2_service/include/ros2_service/ros2_service
-- Up-to-date: /home/ziad/ziad_ws/ROS2/tutorials_work_sapce/install/ros2_service/include/ros2_service/ros2_service/srv
-- Up-to-date: /home/ziad/ziad_ws/ROS2/tutorials_work_sapce/install/ros2_service/include/ros2_service/ros2_service/srv/detail
-- Installing: /home/ziad/ziad_ws/ROS2/tutorials_work_sapce/install/ros2_service/include/ros2_service/ros2_service/srv/detail/add_three_ints__type_support.c
-- Up-to-date: /home/ziad/ziad_ws/ROS2/tutorials_work_sapce/install/ros2_service/include/ros2_service/ros2_service/srv/detail/add_three_ints__rosidl_typesupport_introspection_c.h
-- Up-to-date: /home/ziad/ziad_ws/ROS2/tutorials_work_sapce/install/ros2_service/include/ros2_service/ros2_service/msg
-- Up-to-date: /home/ziad/ziad_ws/ROS2/tutorials_work_sapce/install/ros2_service/include/ros2_service/ros2_service/msg/rosidl_typesupport_introspection_c__visibility_control.h
-- Up-to-date: /home/ziad/ziad_ws/ROS2/tutorials_work_sapce/install/ros2_service/include/ros2_service/ros2_service/msg/detail
-- Installing: /home/ziad/ziad_ws/ROS2/tutorials_work_sapce/install/ros2_service/include/ros2_service/ros2_service/msg/detail/num__type_support.c
-- Up-to-date: /home/ziad/ziad_ws/ROS2/tutorials_work_sapce/install/ros2_service/include/ros2_service/ros2_service/msg/detail/sphere__rosidl_typesupport_introspection_c.h
-- Installing: /home/ziad/ziad_ws/ROS2/tutorials_work_sapce/install/ros2_service/include/ros2_service/ros2_service/msg/detail/sphere__type_support.c
-- Up-to-date: /home/ziad/ziad_ws/ROS2/tutorials_work_sapce/install/ros2_service/include/ros2_service/ros2_service/msg/detail/num__rosidl_typesupport_introspection_c.h
-- Up-to-date: /home/ziad/ziad_ws/ROS2/tutorials_work_sapce/install/ros2_service/lib/libros2_service__rosidl_typesupport_introspection_c.so
-- Up-to-date: /home/ziad/ziad_ws/ROS2/tutorials_work_sapce/install/ros2_service/lib/libros2_service__rosidl_typesupport_c.so
-- Up-to-date: /home/ziad/ziad_ws/ROS2/tutorials_work_sapce/install/ros2_service/include/ros2_service/ros2_service
-- Up-to-date: /home/ziad/ziad_ws/ROS2/tutorials_work_sapce/install/ros2_service/include/ros2_service/ros2_service/srv
-- Up-to-date: /home/ziad/ziad_ws/ROS2/tutorials_work_sapce/install/ros2_service/include/ros2_service/ros2_service/srv/detail
-- Up-to-date: /home/ziad/ziad_ws/ROS2/tutorials_work_sapce/install/ros2_service/include/ros2_service/ros2_service/srv/detail/add_three_ints__rosidl_typesupport_introspection_cpp.hpp
-- Up-to-date: /home/ziad/ziad_ws/ROS2/tutorials_work_sapce/install/ros2_service/include/ros2_service/ros2_service/srv/detail/add_three_ints__type_support.cpp
-- Up-to-date: /home/ziad/ziad_ws/ROS2/tutorials_work_sapce/install/ros2_service/include/ros2_service/ros2_service/msg
-- Up-to-date: /home/ziad/ziad_ws/ROS2/tutorials_work_sapce/install/ros2_service/include/ros2_service/ros2_service/msg/detail
-- Up-to-date: /home/ziad/ziad_ws/ROS2/tutorials_work_sapce/install/ros2_service/include/ros2_service/ros2_service/msg/detail/num__rosidl_typesupport_introspection_cpp.hpp
-- Up-to-date: /home/ziad/ziad_ws/ROS2/tutorials_work_sapce/install/ros2_service/include/ros2_service/ros2_service/msg/detail/num__type_support.cpp
-- Up-to-date: /home/ziad/ziad_ws/ROS2/tutorials_work_sapce/install/ros2_service/include/ros2_service/ros2_service/msg/detail/sphere__rosidl_typesupport_introspection_cpp.hpp
-- Up-to-date: /home/ziad/ziad_ws/ROS2/tutorials_work_sapce/install/ros2_service/include/ros2_service/ros2_service/msg/detail/sphere__type_support.cpp
-- Up-to-date: /home/ziad/ziad_ws/ROS2/tutorials_work_sapce/install/ros2_service/lib/libros2_service__rosidl_typesupport_introspection_cpp.so
-- Up-to-date: /home/ziad/ziad_ws/ROS2/tutorials_work_sapce/install/ros2_service/lib/libros2_service__rosidl_typesupport_cpp.so
-- Up-to-date: /home/ziad/ziad_ws/ROS2/tutorials_work_sapce/install/ros2_service/share/ros2_service/environment/pythonpath.sh
-- Up-to-date: /home/ziad/ziad_ws/ROS2/tutorials_work_sapce/install/ros2_service/share/ros2_service/environment/pythonpath.dsv
-- Up-to-date: /home/ziad/ziad_ws/ROS2/tutorials_work_sapce/install/ros2_service/lib/python3.12/site-packages/ros2_service-0.0.0-py3.12.egg-info
-- Installing: /home/ziad/ziad_ws/ROS2/tutorials_work_sapce/install/ros2_service/lib/python3.12/site-packages/ros2_service-0.0.0-py3.12.egg-info/SOURCES.txt
-- Installing: /home/ziad/ziad_ws/ROS2/tutorials_work_sapce/install/ros2_service/lib/python3.12/site-packages/ros2_service-0.0.0-py3.12.egg-info/dependency_links.txt
-- Installing: /home/ziad/ziad_ws/ROS2/tutorials_work_sapce/install/ros2_service/lib/python3.12/site-packages/ros2_service-0.0.0-py3.12.egg-info/top_level.txt
-- Installing: /home/ziad/ziad_ws/ROS2/tutorials_work_sapce/install/ros2_service/lib/python3.12/site-packages/ros2_service-0.0.0-py3.12.egg-info/PKG-INFO
-- Up-to-date: /home/ziad/ziad_ws/ROS2/tutorials_work_sapce/install/ros2_service/lib/python3.12/site-packages/ros2_service
-- Up-to-date: /home/ziad/ziad_ws/ROS2/tutorials_work_sapce/install/ros2_service/lib/python3.12/site-packages/ros2_service/ros2_service_s__rosidl_typesupport_c.so
-- Up-to-date: /home/ziad/ziad_ws/ROS2/tutorials_work_sapce/install/ros2_service/lib/python3.12/site-packages/ros2_service/srv
-- Up-to-date: /home/ziad/ziad_ws/ROS2/tutorials_work_sapce/install/ros2_service/lib/python3.12/site-packages/ros2_service/srv/__init__.py
-- Up-to-date: /home/ziad/ziad_ws/ROS2/tutorials_work_sapce/install/ros2_service/lib/python3.12/site-packages/ros2_service/srv/_add_three_ints.py
-- Up-to-date: /home/ziad/ziad_ws/ROS2/tutorials_work_sapce/install/ros2_service/lib/python3.12/site-packages/ros2_service/srv/_add_three_ints_s.c
-- Up-to-date: /home/ziad/ziad_ws/ROS2/tutorials_work_sapce/install/ros2_service/lib/python3.12/site-packages/ros2_service/_ros2_service_s.ep.rosidl_typesupport_introspection_c.c
-- Up-to-date: /home/ziad/ziad_ws/ROS2/tutorials_work_sapce/install/ros2_service/lib/python3.12/site-packages/ros2_service/ros2_service_s__rosidl_typesupport_introspection_c.so
-- Up-to-date: /home/ziad/ziad_ws/ROS2/tutorials_work_sapce/install/ros2_service/lib/python3.12/site-packages/ros2_service/__init__.py
-- Up-to-date: /home/ziad/ziad_ws/ROS2/tutorials_work_sapce/install/ros2_service/lib/python3.12/site-packages/ros2_service/_ros2_service_s.ep.rosidl_typesupport_c.c
-- Up-to-date: /home/ziad/ziad_ws/ROS2/tutorials_work_sapce/install/ros2_service/lib/python3.12/site-packages/ros2_service/ros2_service_s__rosidl_typesupport_fastrtps_c.so
-- Up-to-date: /home/ziad/ziad_ws/ROS2/tutorials_work_sapce/install/ros2_service/lib/python3.12/site-packages/ros2_service/msg
-- Up-to-date: /home/ziad/ziad_ws/ROS2/tutorials_work_sapce/install/ros2_service/lib/python3.12/site-packages/ros2_service/msg/__init__.py
-- Up-to-date: /home/ziad/ziad_ws/ROS2/tutorials_work_sapce/install/ros2_service/lib/python3.12/site-packages/ros2_service/msg/_num.py
-- Up-to-date: /home/ziad/ziad_ws/ROS2/tutorials_work_sapce/install/ros2_service/lib/python3.12/site-packages/ros2_service/msg/_num_s.c
-- Up-to-date: /home/ziad/ziad_ws/ROS2/tutorials_work_sapce/install/ros2_service/lib/python3.12/site-packages/ros2_service/msg/_sphere_s.c
-- Up-to-date: /home/ziad/ziad_ws/ROS2/tutorials_work_sapce/install/ros2_service/lib/python3.12/site-packages/ros2_service/msg/_sphere.py
-- Up-to-date: /home/ziad/ziad_ws/ROS2/tutorials_work_sapce/install/ros2_service/lib/python3.12/site-packages/ros2_service/_ros2_service_s.ep.rosidl_typesupport_fastrtps_c.c
Listing '/home/ziad/ziad_ws/ROS2/tutorials_work_sapce/install/ros2_service/lib/python3.12/site-packages/ros2_service'...
Listing '/home/ziad/ziad_ws/ROS2/tutorials_work_sapce/install/ros2_service/lib/python3.12/site-packages/ros2_service/msg'...
Listing '/home/ziad/ziad_ws/ROS2/tutorials_work_sapce/install/ros2_service/lib/python3.12/site-packages/ros2_service/srv'...
-- Up-to-date: /home/ziad/ziad_ws/ROS2/tutorials_work_sapce/install/ros2_service/lib/python3.12/site-packages/ros2_service/ros2_service_s__rosidl_typesupport_fastrtps_c.so
-- Up-to-date: /home/ziad/ziad_ws/ROS2/tutorials_work_sapce/install/ros2_service/lib/python3.12/site-packages/ros2_service/ros2_service_s__rosidl_typesupport_introspection_c.so
-- Up-to-date: /home/ziad/ziad_ws/ROS2/tutorials_work_sapce/install/ros2_service/lib/python3.12/site-packages/ros2_service/ros2_service_s__rosidl_typesupport_c.so
-- Up-to-date: /home/ziad/ziad_ws/ROS2/tutorials_work_sapce/install/ros2_service/lib/libros2_service__rosidl_generator_py.so
-- Up-to-date: /home/ziad/ziad_ws/ROS2/tutorials_work_sapce/install/ros2_service/share/ros2_service/msg/Num.idl
-- Up-to-date: /home/ziad/ziad_ws/ROS2/tutorials_work_sapce/install/ros2_service/share/ros2_service/msg/Sphere.idl
-- Up-to-date: /home/ziad/ziad_ws/ROS2/tutorials_work_sapce/install/ros2_service/share/ros2_service/srv/AddThreeInts.idl
-- Up-to-date: /home/ziad/ziad_ws/ROS2/tutorials_work_sapce/install/ros2_service/share/ros2_service/msg/Num.msg
-- Up-to-date: /home/ziad/ziad_ws/ROS2/tutorials_work_sapce/install/ros2_service/share/ros2_service/msg/Sphere.msg
-- Up-to-date: /home/ziad/ziad_ws/ROS2/tutorials_work_sapce/install/ros2_service/share/ros2_service/srv/AddThreeInts.srv
-- Up-to-date: /home/ziad/ziad_ws/ROS2/tutorials_work_sapce/install/ros2_service/share/ament_index/resource_index/package_run_dependencies/ros2_service
-- Up-to-date: /home/ziad/ziad_ws/ROS2/tutorials_work_sapce/install/ros2_service/share/ament_index/resource_index/parent_prefix_path/ros2_service
-- Up-to-date: /home/ziad/ziad_ws/ROS2/tutorials_work_sapce/install/ros2_service/share/ros2_service/environment/ament_prefix_path.sh
-- Up-to-date: /home/ziad/ziad_ws/ROS2/tutorials_work_sapce/install/ros2_service/share/ros2_service/environment/ament_prefix_path.dsv
-- Up-to-date: /home/ziad/ziad_ws/ROS2/tutorials_work_sapce/install/ros2_service/share/ros2_service/environment/path.sh
-- Up-to-date: /home/ziad/ziad_ws/ROS2/tutorials_work_sapce/install/ros2_service/share/ros2_service/environment/path.dsv
-- Up-to-date: /home/ziad/ziad_ws/ROS2/tutorials_work_sapce/install/ros2_service/share/ros2_service/local_setup.bash
-- Up-to-date: /home/ziad/ziad_ws/ROS2/tutorials_work_sapce/install/ros2_service/share/ros2_service/local_setup.sh
-- Up-to-date: /home/ziad/ziad_ws/ROS2/tutorials_work_sapce/install/ros2_service/share/ros2_service/local_setup.zsh
-- Up-to-date: /home/ziad/ziad_ws/ROS2/tutorials_work_sapce/install/ros2_service/share/ros2_service/local_setup.dsv
-- Installing: /home/ziad/ziad_ws/ROS2/tutorials_work_sapce/install/ros2_service/share/ros2_service/package.dsv
-- Up-to-date: /home/ziad/ziad_ws/ROS2/tutorials_work_sapce/install/ros2_service/share/ament_index/resource_index/packages/ros2_service
-- Up-to-date: /home/ziad/ziad_ws/ROS2/tutorials_work_sapce/install/ros2_service/share/ros2_service/cmake/export_ros2_service__rosidl_generator_cExport.cmake
-- Up-to-date: /home/ziad/ziad_ws/ROS2/tutorials_work_sapce/install/ros2_service/share/ros2_service/cmake/export_ros2_service__rosidl_generator_cExport-noconfig.cmake
-- Up-to-date: /home/ziad/ziad_ws/ROS2/tutorials_work_sapce/install/ros2_service/share/ros2_service/cmake/export_ros2_service__rosidl_typesupport_fastrtps_cExport.cmake
-- Up-to-date: /home/ziad/ziad_ws/ROS2/tutorials_work_sapce/install/ros2_service/share/ros2_service/cmake/export_ros2_service__rosidl_typesupport_fastrtps_cExport-noconfig.cmake
-- Up-to-date: /home/ziad/ziad_ws/ROS2/tutorials_work_sapce/install/ros2_service/share/ros2_service/cmake/export_ros2_service__rosidl_generator_cppExport.cmake
-- Up-to-date: /home/ziad/ziad_ws/ROS2/tutorials_work_sapce/install/ros2_service/share/ros2_service/cmake/export_ros2_service__rosidl_typesupport_fastrtps_cppExport.cmake
-- Up-to-date: /home/ziad/ziad_ws/ROS2/tutorials_work_sapce/install/ros2_service/share/ros2_service/cmake/export_ros2_service__rosidl_typesupport_fastrtps_cppExport-noconfig.cmake
-- Up-to-date: /home/ziad/ziad_ws/ROS2/tutorials_work_sapce/install/ros2_service/share/ros2_service/cmake/ros2_service__rosidl_typesupport_introspection_cExport.cmake
-- Up-to-date: /home/ziad/ziad_ws/ROS2/tutorials_work_sapce/install/ros2_service/share/ros2_service/cmake/ros2_service__rosidl_typesupport_introspection_cExport-noconfig.cmake
-- Up-to-date: /home/ziad/ziad_ws/ROS2/tutorials_work_sapce/install/ros2_service/share/ros2_service/cmake/ros2_service__rosidl_typesupport_cExport.cmake
-- Up-to-date: /home/ziad/ziad_ws/ROS2/tutorials_work_sapce/install/ros2_service/share/ros2_service/cmake/ros2_service__rosidl_typesupport_cExport-noconfig.cmake
-- Up-to-date: /home/ziad/ziad_ws/ROS2/tutorials_work_sapce/install/ros2_service/share/ros2_service/cmake/ros2_service__rosidl_typesupport_introspection_cppExport.cmake
-- Up-to-date: /home/ziad/ziad_ws/ROS2/tutorials_work_sapce/install/ros2_service/share/ros2_service/cmake/ros2_service__rosidl_typesupport_introspection_cppExport-noconfig.cmake
-- Up-to-date: /home/ziad/ziad_ws/ROS2/tutorials_work_sapce/install/ros2_service/share/ros2_service/cmake/ros2_service__rosidl_typesupport_cppExport.cmake
-- Up-to-date: /home/ziad/ziad_ws/ROS2/tutorials_work_sapce/install/ros2_service/share/ros2_service/cmake/ros2_service__rosidl_typesupport_cppExport-noconfig.cmake
-- Up-to-date: /home/ziad/ziad_ws/ROS2/tutorials_work_sapce/install/ros2_service/share/ros2_service/cmake/export_ros2_service__rosidl_generator_pyExport.cmake
-- Up-to-date: /home/ziad/ziad_ws/ROS2/tutorials_work_sapce/install/ros2_service/share/ros2_service/cmake/export_ros2_service__rosidl_generator_pyExport-noconfig.cmake
-- Up-to-date: /home/ziad/ziad_ws/ROS2/tutorials_work_sapce/install/ros2_service/share/ros2_service/cmake/rosidl_cmake-extras.cmake
-- Up-to-date: /home/ziad/ziad_ws/ROS2/tutorials_work_sapce/install/ros2_service/share/ros2_service/cmake/ament_cmake_export_dependencies-extras.cmake
-- Up-to-date: /home/ziad/ziad_ws/ROS2/tutorials_work_sapce/install/ros2_service/share/ros2_service/cmake/ament_cmake_export_include_directories-extras.cmake
-- Up-to-date: /home/ziad/ziad_ws/ROS2/tutorials_work_sapce/install/ros2_service/share/ros2_service/cmake/ament_cmake_export_libraries-extras.cmake
-- Up-to-date: /home/ziad/ziad_ws/ROS2/tutorials_work_sapce/install/ros2_service/share/ros2_service/cmake/ament_cmake_export_targets-extras.cmake
-- Up-to-date: /home/ziad/ziad_ws/ROS2/tutorials_work_sapce/install/ros2_service/share/ros2_service/cmake/rosidl_cmake_export_typesupport_targets-extras.cmake
-- Up-to-date: /home/ziad/ziad_ws/ROS2/tutorials_work_sapce/install/ros2_service/share/ros2_service/cmake/rosidl_cmake_export_typesupport_libraries-extras.cmake
-- Up-to-date: /home/ziad/ziad_ws/ROS2/tutorials_work_sapce/install/ros2_service/share/ros2_service/cmake/ros2_serviceConfig.cmake
-- Up-to-date: /home/ziad/ziad_ws/ROS2/tutorials_work_sapce/install/ros2_service/share/ros2_service/cmake/ros2_serviceConfig-version.cmake
-- Up-to-date: /home/ziad/ziad_ws/ROS2/tutorials_work_sapce/install/ros2_service/share/ros2_service/package.xml
