[0.048s] Invoking command in '/home/ziad/ziad_ws/ROS2/tutorials_work_sapce/build/ros2_service': CMAKE_PREFIX_PATH=${CMAKE_PREFIX_PATH}:/opt/ros/jazzy DEBUGINFOD_URLS=https://debuginfod.ubuntu.com /usr/bin/cmake --build /home/ziad/ziad_ws/ROS2/tutorials_work_sapce/build/ros2_service -- -j4 -l4
[0.388s] [  1%] Built target ros2_service__rosidl_generator_type_description
[0.451s] [  1%] Built target ament_cmake_python_copy_ros2_service
[0.458s] [  3%] Built target ros2_service__cpp
[0.494s] [ 24%] Built target ros2_service__rosidl_generator_c
[0.598s] [ 33%] Built target ros2_service__rosidl_typesupport_introspection_c
[0.608s] [ 42%] Built target ros2_service__rosidl_typesupport_fastrtps_c
[0.645s] [ 51%] Built target ros2_service__rosidl_typesupport_fastrtps_cpp
[0.684s] [ 61%] Built target ros2_service__rosidl_typesupport_c
[0.709s] [ 70%] Built target ros2_service__rosidl_typesupport_cpp
[0.719s] [ 79%] Built target ros2_service__rosidl_typesupport_introspection_cpp
[0.765s] [ 79%] Built target ros2_service
[0.810s] [ 81%] Built target ros2_service__py
[0.861s] [ 88%] Built target ros2_service__rosidl_generator_py
[0.922s] [ 92%] Built target ros2_service_s__rosidl_typesupport_introspection_c
[0.928s] [ 96%] Built target ros2_service_s__rosidl_typesupport_fastrtps_c
[0.932s] [100%] Built target ros2_service_s__rosidl_typesupport_c
[0.992s] running egg_info
[1.027s] writing ros2_service.egg-info/PKG-INFO
[1.028s] writing dependency_links to ros2_service.egg-info/dependency_links.txt
[1.028s] writing top-level names to ros2_service.egg-info/top_level.txt
[1.150s] reading manifest file 'ros2_service.egg-info/SOURCES.txt'
[1.151s] writing manifest file 'ros2_service.egg-info/SOURCES.txt'
[1.200s] [100%] Built target ament_cmake_python_build_ros2_service_egg
[1.222s] Invoked command in '/home/ziad/ziad_ws/ROS2/tutorials_work_sapce/build/ros2_service' returned '0': CMAKE_PREFIX_PATH=${CMAKE_PREFIX_PATH}:/opt/ros/jazzy DEBUGINFOD_URLS=https://debuginfod.ubuntu.com /usr/bin/cmake --build /home/ziad/ziad_ws/ROS2/tutorials_work_sapce/build/ros2_service -- -j4 -l4
[1.224s] Invoking command in '/home/ziad/ziad_ws/ROS2/tutorials_work_sapce/build/ros2_service': CMAKE_PREFIX_PATH=${CMAKE_PREFIX_PATH}:/opt/ros/jazzy DEBUGINFOD_URLS=https://debuginfod.ubuntu.com /usr/bin/cmake --install /home/ziad/ziad_ws/ROS2/tutorials_work_sapce/build/ros2_service
[1.240s] -- Install configuration: ""
[1.240s] -- Up-to-date: /home/ziad/ziad_ws/ROS2/tutorials_work_sapce/install/ros2_service/share/ament_index/resource_index/rosidl_interfaces/ros2_service
[1.241s] -- Up-to-date: /home/ziad/ziad_ws/ROS2/tutorials_work_sapce/install/ros2_service/share/ros2_service/msg/Num.json
[1.241s] -- Up-to-date: /home/ziad/ziad_ws/ROS2/tutorials_work_sapce/install/ros2_service/share/ros2_service/msg/Sphere.json
[1.241s] -- Up-to-date: /home/ziad/ziad_ws/ROS2/tutorials_work_sapce/install/ros2_service/share/ros2_service/srv/AddThreeInts.json
[1.241s] -- Up-to-date: /home/ziad/ziad_ws/ROS2/tutorials_work_sapce/install/ros2_service/include/ros2_service/ros2_service
[1.242s] -- Up-to-date: /home/ziad/ziad_ws/ROS2/tutorials_work_sapce/install/ros2_service/include/ros2_service/ros2_service/srv
[1.242s] -- Up-to-date: /home/ziad/ziad_ws/ROS2/tutorials_work_sapce/install/ros2_service/include/ros2_service/ros2_service/srv/add_three_ints.h
[1.242s] -- Up-to-date: /home/ziad/ziad_ws/ROS2/tutorials_work_sapce/install/ros2_service/include/ros2_service/ros2_service/srv/detail
[1.242s] -- Installing: /home/ziad/ziad_ws/ROS2/tutorials_work_sapce/install/ros2_service/include/ros2_service/ros2_service/srv/detail/add_three_ints__type_support.c
[1.242s] -- Up-to-date: /home/ziad/ziad_ws/ROS2/tutorials_work_sapce/install/ros2_service/include/ros2_service/ros2_service/srv/detail/add_three_ints__struct.h
[1.243s] -- Up-to-date: /home/ziad/ziad_ws/ROS2/tutorials_work_sapce/install/ros2_service/include/ros2_service/ros2_service/srv/detail/add_three_ints__type_support.h
[1.243s] -- Up-to-date: /home/ziad/ziad_ws/ROS2/tutorials_work_sapce/install/ros2_service/include/ros2_service/ros2_service/srv/detail/add_three_ints__description.c
[1.243s] -- Up-to-date: /home/ziad/ziad_ws/ROS2/tutorials_work_sapce/install/ros2_service/include/ros2_service/ros2_service/srv/detail/add_three_ints__functions.c
[1.243s] -- Up-to-date: /home/ziad/ziad_ws/ROS2/tutorials_work_sapce/install/ros2_service/include/ros2_service/ros2_service/srv/detail/add_three_ints__functions.h
[1.244s] -- Up-to-date: /home/ziad/ziad_ws/ROS2/tutorials_work_sapce/install/ros2_service/include/ros2_service/ros2_service/msg
[1.244s] -- Up-to-date: /home/ziad/ziad_ws/ROS2/tutorials_work_sapce/install/ros2_service/include/ros2_service/ros2_service/msg/sphere.h
[1.244s] -- Up-to-date: /home/ziad/ziad_ws/ROS2/tutorials_work_sapce/install/ros2_service/include/ros2_service/ros2_service/msg/num.h
[1.244s] -- Up-to-date: /home/ziad/ziad_ws/ROS2/tutorials_work_sapce/install/ros2_service/include/ros2_service/ros2_service/msg/rosidl_generator_c__visibility_control.h
[1.244s] -- Up-to-date: /home/ziad/ziad_ws/ROS2/tutorials_work_sapce/install/ros2_service/include/ros2_service/ros2_service/msg/detail
[1.244s] -- Up-to-date: /home/ziad/ziad_ws/ROS2/tutorials_work_sapce/install/ros2_service/include/ros2_service/ros2_service/msg/detail/sphere__functions.c
[1.245s] -- Up-to-date: /home/ziad/ziad_ws/ROS2/tutorials_work_sapce/install/ros2_service/include/ros2_service/ros2_service/msg/detail/num__description.c
[1.245s] -- Up-to-date: /home/ziad/ziad_ws/ROS2/tutorials_work_sapce/install/ros2_service/include/ros2_service/ros2_service/msg/detail/num__functions.c
[1.245s] -- Up-to-date: /home/ziad/ziad_ws/ROS2/tutorials_work_sapce/install/ros2_service/include/ros2_service/ros2_service/msg/detail/sphere__type_support.h
[1.245s] -- Up-to-date: /home/ziad/ziad_ws/ROS2/tutorials_work_sapce/install/ros2_service/include/ros2_service/ros2_service/msg/detail/num__functions.h
[1.245s] -- Up-to-date: /home/ziad/ziad_ws/ROS2/tutorials_work_sapce/install/ros2_service/include/ros2_service/ros2_service/msg/detail/sphere__description.c
[1.246s] -- Installing: /home/ziad/ziad_ws/ROS2/tutorials_work_sapce/install/ros2_service/include/ros2_service/ros2_service/msg/detail/num__type_support.c
[1.246s] -- Up-to-date: /home/ziad/ziad_ws/ROS2/tutorials_work_sapce/install/ros2_service/include/ros2_service/ros2_service/msg/detail/sphere__struct.h
[1.246s] -- Installing: /home/ziad/ziad_ws/ROS2/tutorials_work_sapce/install/ros2_service/include/ros2_service/ros2_service/msg/detail/sphere__type_support.c
[1.246s] -- Up-to-date: /home/ziad/ziad_ws/ROS2/tutorials_work_sapce/install/ros2_service/include/ros2_service/ros2_service/msg/detail/num__type_support.h
[1.246s] -- Up-to-date: /home/ziad/ziad_ws/ROS2/tutorials_work_sapce/install/ros2_service/include/ros2_service/ros2_service/msg/detail/sphere__functions.h
[1.246s] -- Up-to-date: /home/ziad/ziad_ws/ROS2/tutorials_work_sapce/install/ros2_service/include/ros2_service/ros2_service/msg/detail/num__struct.h
[1.247s] -- Up-to-date: /home/ziad/ziad_ws/ROS2/tutorials_work_sapce/install/ros2_service/share/ros2_service/environment/library_path.sh
[1.247s] -- Up-to-date: /home/ziad/ziad_ws/ROS2/tutorials_work_sapce/install/ros2_service/share/ros2_service/environment/library_path.dsv
[1.247s] -- Up-to-date: /home/ziad/ziad_ws/ROS2/tutorials_work_sapce/install/ros2_service/lib/libros2_service__rosidl_generator_c.so
[1.247s] -- Up-to-date: /home/ziad/ziad_ws/ROS2/tutorials_work_sapce/install/ros2_service/include/ros2_service/ros2_service
[1.247s] -- Up-to-date: /home/ziad/ziad_ws/ROS2/tutorials_work_sapce/install/ros2_service/include/ros2_service/ros2_service/srv
[1.248s] -- Up-to-date: /home/ziad/ziad_ws/ROS2/tutorials_work_sapce/install/ros2_service/include/ros2_service/ros2_service/srv/detail
[1.248s] -- Up-to-date: /home/ziad/ziad_ws/ROS2/tutorials_work_sapce/install/ros2_service/include/ros2_service/ros2_service/srv/detail/add_three_ints__rosidl_typesupport_fastrtps_c.h
[1.248s] -- Up-to-date: /home/ziad/ziad_ws/ROS2/tutorials_work_sapce/install/ros2_service/include/ros2_service/ros2_service/msg
[1.248s] -- Up-to-date: /home/ziad/ziad_ws/ROS2/tutorials_work_sapce/install/ros2_service/include/ros2_service/ros2_service/msg/rosidl_typesupport_fastrtps_c__visibility_control.h
[1.248s] -- Up-to-date: /home/ziad/ziad_ws/ROS2/tutorials_work_sapce/install/ros2_service/include/ros2_service/ros2_service/msg/detail
[1.248s] -- Up-to-date: /home/ziad/ziad_ws/ROS2/tutorials_work_sapce/install/ros2_service/include/ros2_service/ros2_service/msg/detail/num__rosidl_typesupport_fastrtps_c.h
[1.249s] -- Up-to-date: /home/ziad/ziad_ws/ROS2/tutorials_work_sapce/install/ros2_service/include/ros2_service/ros2_service/msg/detail/sphere__rosidl_typesupport_fastrtps_c.h
[1.249s] -- Up-to-date: /home/ziad/ziad_ws/ROS2/tutorials_work_sapce/install/ros2_service/lib/libros2_service__rosidl_typesupport_fastrtps_c.so
[1.249s] -- Up-to-date: /home/ziad/ziad_ws/ROS2/tutorials_work_sapce/install/ros2_service/include/ros2_service/ros2_service
[1.249s] -- Up-to-date: /home/ziad/ziad_ws/ROS2/tutorials_work_sapce/install/ros2_service/include/ros2_service/ros2_service/srv
[1.249s] -- Up-to-date: /home/ziad/ziad_ws/ROS2/tutorials_work_sapce/install/ros2_service/include/ros2_service/ros2_service/srv/add_three_ints.hpp
[1.249s] -- Up-to-date: /home/ziad/ziad_ws/ROS2/tutorials_work_sapce/install/ros2_service/include/ros2_service/ros2_service/srv/detail
[1.250s] -- Up-to-date: /home/ziad/ziad_ws/ROS2/tutorials_work_sapce/install/ros2_service/include/ros2_service/ros2_service/srv/detail/add_three_ints__traits.hpp
[1.250s] -- Up-to-date: /home/ziad/ziad_ws/ROS2/tutorials_work_sapce/install/ros2_service/include/ros2_service/ros2_service/srv/detail/add_three_ints__struct.hpp
[1.250s] -- Up-to-date: /home/ziad/ziad_ws/ROS2/tutorials_work_sapce/install/ros2_service/include/ros2_service/ros2_service/srv/detail/add_three_ints__type_support.hpp
[1.250s] -- Up-to-date: /home/ziad/ziad_ws/ROS2/tutorials_work_sapce/install/ros2_service/include/ros2_service/ros2_service/srv/detail/add_three_ints__builder.hpp
[1.250s] -- Up-to-date: /home/ziad/ziad_ws/ROS2/tutorials_work_sapce/install/ros2_service/include/ros2_service/ros2_service/msg
[1.251s] -- Up-to-date: /home/ziad/ziad_ws/ROS2/tutorials_work_sapce/install/ros2_service/include/ros2_service/ros2_service/msg/num.hpp
[1.251s] -- Up-to-date: /home/ziad/ziad_ws/ROS2/tutorials_work_sapce/install/ros2_service/include/ros2_service/ros2_service/msg/rosidl_generator_cpp__visibility_control.hpp
[1.251s] -- Up-to-date: /home/ziad/ziad_ws/ROS2/tutorials_work_sapce/install/ros2_service/include/ros2_service/ros2_service/msg/sphere.hpp
[1.251s] -- Up-to-date: /home/ziad/ziad_ws/ROS2/tutorials_work_sapce/install/ros2_service/include/ros2_service/ros2_service/msg/detail
[1.251s] -- Up-to-date: /home/ziad/ziad_ws/ROS2/tutorials_work_sapce/install/ros2_service/include/ros2_service/ros2_service/msg/detail/num__builder.hpp
[1.251s] -- Up-to-date: /home/ziad/ziad_ws/ROS2/tutorials_work_sapce/install/ros2_service/include/ros2_service/ros2_service/msg/detail/sphere__builder.hpp
[1.252s] -- Up-to-date: /home/ziad/ziad_ws/ROS2/tutorials_work_sapce/install/ros2_service/include/ros2_service/ros2_service/msg/detail/sphere__traits.hpp
[1.252s] -- Up-to-date: /home/ziad/ziad_ws/ROS2/tutorials_work_sapce/install/ros2_service/include/ros2_service/ros2_service/msg/detail/num__type_support.hpp
[1.252s] -- Up-to-date: /home/ziad/ziad_ws/ROS2/tutorials_work_sapce/install/ros2_service/include/ros2_service/ros2_service/msg/detail/num__traits.hpp
[1.252s] -- Up-to-date: /home/ziad/ziad_ws/ROS2/tutorials_work_sapce/install/ros2_service/include/ros2_service/ros2_service/msg/detail/num__struct.hpp
[1.252s] -- Up-to-date: /home/ziad/ziad_ws/ROS2/tutorials_work_sapce/install/ros2_service/include/ros2_service/ros2_service/msg/detail/sphere__type_support.hpp
[1.252s] -- Up-to-date: /home/ziad/ziad_ws/ROS2/tutorials_work_sapce/install/ros2_service/include/ros2_service/ros2_service/msg/detail/sphere__struct.hpp
[1.252s] -- Up-to-date: /home/ziad/ziad_ws/ROS2/tutorials_work_sapce/install/ros2_service/include/ros2_service/ros2_service
[1.253s] -- Up-to-date: /home/ziad/ziad_ws/ROS2/tutorials_work_sapce/install/ros2_service/include/ros2_service/ros2_service/srv
[1.253s] -- Up-to-date: /home/ziad/ziad_ws/ROS2/tutorials_work_sapce/install/ros2_service/include/ros2_service/ros2_service/srv/detail
[1.253s] -- Up-to-date: /home/ziad/ziad_ws/ROS2/tutorials_work_sapce/install/ros2_service/include/ros2_service/ros2_service/srv/detail/dds_fastrtps
[1.253s] -- Up-to-date: /home/ziad/ziad_ws/ROS2/tutorials_work_sapce/install/ros2_service/include/ros2_service/ros2_service/srv/detail/add_three_ints__rosidl_typesupport_fastrtps_cpp.hpp
[1.253s] -- Up-to-date: /home/ziad/ziad_ws/ROS2/tutorials_work_sapce/install/ros2_service/include/ros2_service/ros2_service/msg
[1.254s] -- Up-to-date: /home/ziad/ziad_ws/ROS2/tutorials_work_sapce/install/ros2_service/include/ros2_service/ros2_service/msg/detail
[1.254s] -- Up-to-date: /home/ziad/ziad_ws/ROS2/tutorials_work_sapce/install/ros2_service/include/ros2_service/ros2_service/msg/detail/num__rosidl_typesupport_fastrtps_cpp.hpp
[1.254s] -- Up-to-date: /home/ziad/ziad_ws/ROS2/tutorials_work_sapce/install/ros2_service/include/ros2_service/ros2_service/msg/detail/sphere__rosidl_typesupport_fastrtps_cpp.hpp
[1.254s] -- Up-to-date: /home/ziad/ziad_ws/ROS2/tutorials_work_sapce/install/ros2_service/include/ros2_service/ros2_service/msg/detail/dds_fastrtps
[1.254s] -- Up-to-date: /home/ziad/ziad_ws/ROS2/tutorials_work_sapce/install/ros2_service/include/ros2_service/ros2_service/msg/rosidl_typesupport_fastrtps_cpp__visibility_control.h
[1.254s] -- Up-to-date: /home/ziad/ziad_ws/ROS2/tutorials_work_sapce/install/ros2_service/lib/libros2_service__rosidl_typesupport_fastrtps_cpp.so
[1.254s] -- Up-to-date: /home/ziad/ziad_ws/ROS2/tutorials_work_sapce/install/ros2_service/include/ros2_service/ros2_service
[1.255s] -- Up-to-date: /home/ziad/ziad_ws/ROS2/tutorials_work_sapce/install/ros2_service/include/ros2_service/ros2_service/srv
[1.255s] -- Up-to-date: /home/ziad/ziad_ws/ROS2/tutorials_work_sapce/install/ros2_service/include/ros2_service/ros2_service/srv/detail
[1.255s] -- Installing: /home/ziad/ziad_ws/ROS2/tutorials_work_sapce/install/ros2_service/include/ros2_service/ros2_service/srv/detail/add_three_ints__type_support.c
[1.255s] -- Up-to-date: /home/ziad/ziad_ws/ROS2/tutorials_work_sapce/install/ros2_service/include/ros2_service/ros2_service/srv/detail/add_three_ints__rosidl_typesupport_introspection_c.h
[1.255s] -- Up-to-date: /home/ziad/ziad_ws/ROS2/tutorials_work_sapce/install/ros2_service/include/ros2_service/ros2_service/msg
[1.256s] -- Up-to-date: /home/ziad/ziad_ws/ROS2/tutorials_work_sapce/install/ros2_service/include/ros2_service/ros2_service/msg/rosidl_typesupport_introspection_c__visibility_control.h
[1.256s] -- Up-to-date: /home/ziad/ziad_ws/ROS2/tutorials_work_sapce/install/ros2_service/include/ros2_service/ros2_service/msg/detail
[1.256s] -- Installing: /home/ziad/ziad_ws/ROS2/tutorials_work_sapce/install/ros2_service/include/ros2_service/ros2_service/msg/detail/num__type_support.c
[1.256s] -- Up-to-date: /home/ziad/ziad_ws/ROS2/tutorials_work_sapce/install/ros2_service/include/ros2_service/ros2_service/msg/detail/sphere__rosidl_typesupport_introspection_c.h
[1.256s] -- Installing: /home/ziad/ziad_ws/ROS2/tutorials_work_sapce/install/ros2_service/include/ros2_service/ros2_service/msg/detail/sphere__type_support.c
[1.257s] -- Up-to-date: /home/ziad/ziad_ws/ROS2/tutorials_work_sapce/install/ros2_service/include/ros2_service/ros2_service/msg/detail/num__rosidl_typesupport_introspection_c.h
[1.257s] -- Up-to-date: /home/ziad/ziad_ws/ROS2/tutorials_work_sapce/install/ros2_service/lib/libros2_service__rosidl_typesupport_introspection_c.so
[1.257s] -- Up-to-date: /home/ziad/ziad_ws/ROS2/tutorials_work_sapce/install/ros2_service/lib/libros2_service__rosidl_typesupport_c.so
[1.257s] -- Up-to-date: /home/ziad/ziad_ws/ROS2/tutorials_work_sapce/install/ros2_service/include/ros2_service/ros2_service
[1.257s] -- Up-to-date: /home/ziad/ziad_ws/ROS2/tutorials_work_sapce/install/ros2_service/include/ros2_service/ros2_service/srv
[1.258s] -- Up-to-date: /home/ziad/ziad_ws/ROS2/tutorials_work_sapce/install/ros2_service/include/ros2_service/ros2_service/srv/detail
[1.258s] -- Up-to-date: /home/ziad/ziad_ws/ROS2/tutorials_work_sapce/install/ros2_service/include/ros2_service/ros2_service/srv/detail/add_three_ints__rosidl_typesupport_introspection_cpp.hpp
[1.258s] -- Up-to-date: /home/ziad/ziad_ws/ROS2/tutorials_work_sapce/install/ros2_service/include/ros2_service/ros2_service/srv/detail/add_three_ints__type_support.cpp
[1.258s] -- Up-to-date: /home/ziad/ziad_ws/ROS2/tutorials_work_sapce/install/ros2_service/include/ros2_service/ros2_service/msg
[1.258s] -- Up-to-date: /home/ziad/ziad_ws/ROS2/tutorials_work_sapce/install/ros2_service/include/ros2_service/ros2_service/msg/detail
[1.259s] -- Up-to-date: /home/ziad/ziad_ws/ROS2/tutorials_work_sapce/install/ros2_service/include/ros2_service/ros2_service/msg/detail/num__rosidl_typesupport_introspection_cpp.hpp
[1.259s] -- Up-to-date: /home/ziad/ziad_ws/ROS2/tutorials_work_sapce/install/ros2_service/include/ros2_service/ros2_service/msg/detail/num__type_support.cpp
[1.259s] -- Up-to-date: /home/ziad/ziad_ws/ROS2/tutorials_work_sapce/install/ros2_service/include/ros2_service/ros2_service/msg/detail/sphere__rosidl_typesupport_introspection_cpp.hpp
[1.259s] -- Up-to-date: /home/ziad/ziad_ws/ROS2/tutorials_work_sapce/install/ros2_service/include/ros2_service/ros2_service/msg/detail/sphere__type_support.cpp
[1.259s] -- Up-to-date: /home/ziad/ziad_ws/ROS2/tutorials_work_sapce/install/ros2_service/lib/libros2_service__rosidl_typesupport_introspection_cpp.so
[1.259s] -- Up-to-date: /home/ziad/ziad_ws/ROS2/tutorials_work_sapce/install/ros2_service/lib/libros2_service__rosidl_typesupport_cpp.so
[1.260s] -- Up-to-date: /home/ziad/ziad_ws/ROS2/tutorials_work_sapce/install/ros2_service/share/ros2_service/environment/pythonpath.sh
[1.260s] -- Up-to-date: /home/ziad/ziad_ws/ROS2/tutorials_work_sapce/install/ros2_service/share/ros2_service/environment/pythonpath.dsv
[1.260s] -- Up-to-date: /home/ziad/ziad_ws/ROS2/tutorials_work_sapce/install/ros2_service/lib/python3.12/site-packages/ros2_service-0.0.0-py3.12.egg-info
[1.260s] -- Installing: /home/ziad/ziad_ws/ROS2/tutorials_work_sapce/install/ros2_service/lib/python3.12/site-packages/ros2_service-0.0.0-py3.12.egg-info/SOURCES.txt
[1.260s] -- Installing: /home/ziad/ziad_ws/ROS2/tutorials_work_sapce/install/ros2_service/lib/python3.12/site-packages/ros2_service-0.0.0-py3.12.egg-info/dependency_links.txt
[1.260s] -- Installing: /home/ziad/ziad_ws/ROS2/tutorials_work_sapce/install/ros2_service/lib/python3.12/site-packages/ros2_service-0.0.0-py3.12.egg-info/top_level.txt
[1.261s] -- Installing: /home/ziad/ziad_ws/ROS2/tutorials_work_sapce/install/ros2_service/lib/python3.12/site-packages/ros2_service-0.0.0-py3.12.egg-info/PKG-INFO
[1.261s] -- Up-to-date: /home/ziad/ziad_ws/ROS2/tutorials_work_sapce/install/ros2_service/lib/python3.12/site-packages/ros2_service
[1.261s] -- Up-to-date: /home/ziad/ziad_ws/ROS2/tutorials_work_sapce/install/ros2_service/lib/python3.12/site-packages/ros2_service/ros2_service_s__rosidl_typesupport_c.so
[1.261s] -- Up-to-date: /home/ziad/ziad_ws/ROS2/tutorials_work_sapce/install/ros2_service/lib/python3.12/site-packages/ros2_service/srv
[1.261s] -- Up-to-date: /home/ziad/ziad_ws/ROS2/tutorials_work_sapce/install/ros2_service/lib/python3.12/site-packages/ros2_service/srv/__init__.py
[1.261s] -- Up-to-date: /home/ziad/ziad_ws/ROS2/tutorials_work_sapce/install/ros2_service/lib/python3.12/site-packages/ros2_service/srv/_add_three_ints.py
[1.261s] -- Up-to-date: /home/ziad/ziad_ws/ROS2/tutorials_work_sapce/install/ros2_service/lib/python3.12/site-packages/ros2_service/srv/_add_three_ints_s.c
[1.262s] -- Up-to-date: /home/ziad/ziad_ws/ROS2/tutorials_work_sapce/install/ros2_service/lib/python3.12/site-packages/ros2_service/_ros2_service_s.ep.rosidl_typesupport_introspection_c.c
[1.262s] -- Up-to-date: /home/ziad/ziad_ws/ROS2/tutorials_work_sapce/install/ros2_service/lib/python3.12/site-packages/ros2_service/ros2_service_s__rosidl_typesupport_introspection_c.so
[1.262s] -- Up-to-date: /home/ziad/ziad_ws/ROS2/tutorials_work_sapce/install/ros2_service/lib/python3.12/site-packages/ros2_service/__init__.py
[1.262s] -- Up-to-date: /home/ziad/ziad_ws/ROS2/tutorials_work_sapce/install/ros2_service/lib/python3.12/site-packages/ros2_service/_ros2_service_s.ep.rosidl_typesupport_c.c
[1.262s] -- Up-to-date: /home/ziad/ziad_ws/ROS2/tutorials_work_sapce/install/ros2_service/lib/python3.12/site-packages/ros2_service/ros2_service_s__rosidl_typesupport_fastrtps_c.so
[1.262s] -- Up-to-date: /home/ziad/ziad_ws/ROS2/tutorials_work_sapce/install/ros2_service/lib/python3.12/site-packages/ros2_service/msg
[1.262s] -- Up-to-date: /home/ziad/ziad_ws/ROS2/tutorials_work_sapce/install/ros2_service/lib/python3.12/site-packages/ros2_service/msg/__init__.py
[1.263s] -- Up-to-date: /home/ziad/ziad_ws/ROS2/tutorials_work_sapce/install/ros2_service/lib/python3.12/site-packages/ros2_service/msg/_num.py
[1.263s] -- Up-to-date: /home/ziad/ziad_ws/ROS2/tutorials_work_sapce/install/ros2_service/lib/python3.12/site-packages/ros2_service/msg/_num_s.c
[1.263s] -- Up-to-date: /home/ziad/ziad_ws/ROS2/tutorials_work_sapce/install/ros2_service/lib/python3.12/site-packages/ros2_service/msg/_sphere_s.c
[1.263s] -- Up-to-date: /home/ziad/ziad_ws/ROS2/tutorials_work_sapce/install/ros2_service/lib/python3.12/site-packages/ros2_service/msg/_sphere.py
[1.263s] -- Up-to-date: /home/ziad/ziad_ws/ROS2/tutorials_work_sapce/install/ros2_service/lib/python3.12/site-packages/ros2_service/_ros2_service_s.ep.rosidl_typesupport_fastrtps_c.c
[1.316s] Listing '/home/ziad/ziad_ws/ROS2/tutorials_work_sapce/install/ros2_service/lib/python3.12/site-packages/ros2_service'...
[1.317s] Listing '/home/ziad/ziad_ws/ROS2/tutorials_work_sapce/install/ros2_service/lib/python3.12/site-packages/ros2_service/msg'...
[1.317s] Listing '/home/ziad/ziad_ws/ROS2/tutorials_work_sapce/install/ros2_service/lib/python3.12/site-packages/ros2_service/srv'...
[1.329s] -- Up-to-date: /home/ziad/ziad_ws/ROS2/tutorials_work_sapce/install/ros2_service/lib/python3.12/site-packages/ros2_service/ros2_service_s__rosidl_typesupport_fastrtps_c.so
[1.330s] -- Up-to-date: /home/ziad/ziad_ws/ROS2/tutorials_work_sapce/install/ros2_service/lib/python3.12/site-packages/ros2_service/ros2_service_s__rosidl_typesupport_introspection_c.so
[1.331s] -- Up-to-date: /home/ziad/ziad_ws/ROS2/tutorials_work_sapce/install/ros2_service/lib/python3.12/site-packages/ros2_service/ros2_service_s__rosidl_typesupport_c.so
[1.332s] -- Up-to-date: /home/ziad/ziad_ws/ROS2/tutorials_work_sapce/install/ros2_service/lib/libros2_service__rosidl_generator_py.so
[1.332s] -- Up-to-date: /home/ziad/ziad_ws/ROS2/tutorials_work_sapce/install/ros2_service/share/ros2_service/msg/Num.idl
[1.332s] -- Up-to-date: /home/ziad/ziad_ws/ROS2/tutorials_work_sapce/install/ros2_service/share/ros2_service/msg/Sphere.idl
[1.333s] -- Up-to-date: /home/ziad/ziad_ws/ROS2/tutorials_work_sapce/install/ros2_service/share/ros2_service/srv/AddThreeInts.idl
[1.333s] -- Up-to-date: /home/ziad/ziad_ws/ROS2/tutorials_work_sapce/install/ros2_service/share/ros2_service/msg/Num.msg
[1.333s] -- Up-to-date: /home/ziad/ziad_ws/ROS2/tutorials_work_sapce/install/ros2_service/share/ros2_service/msg/Sphere.msg
[1.334s] -- Up-to-date: /home/ziad/ziad_ws/ROS2/tutorials_work_sapce/install/ros2_service/share/ros2_service/srv/AddThreeInts.srv
[1.334s] -- Up-to-date: /home/ziad/ziad_ws/ROS2/tutorials_work_sapce/install/ros2_service/share/ament_index/resource_index/package_run_dependencies/ros2_service
[1.334s] -- Up-to-date: /home/ziad/ziad_ws/ROS2/tutorials_work_sapce/install/ros2_service/share/ament_index/resource_index/parent_prefix_path/ros2_service
[1.334s] -- Up-to-date: /home/ziad/ziad_ws/ROS2/tutorials_work_sapce/install/ros2_service/share/ros2_service/environment/ament_prefix_path.sh
[1.334s] -- Up-to-date: /home/ziad/ziad_ws/ROS2/tutorials_work_sapce/install/ros2_service/share/ros2_service/environment/ament_prefix_path.dsv
[1.334s] -- Up-to-date: /home/ziad/ziad_ws/ROS2/tutorials_work_sapce/install/ros2_service/share/ros2_service/environment/path.sh
[1.335s] -- Up-to-date: /home/ziad/ziad_ws/ROS2/tutorials_work_sapce/install/ros2_service/share/ros2_service/environment/path.dsv
[1.335s] -- Up-to-date: /home/ziad/ziad_ws/ROS2/tutorials_work_sapce/install/ros2_service/share/ros2_service/local_setup.bash
[1.335s] -- Up-to-date: /home/ziad/ziad_ws/ROS2/tutorials_work_sapce/install/ros2_service/share/ros2_service/local_setup.sh
[1.335s] -- Up-to-date: /home/ziad/ziad_ws/ROS2/tutorials_work_sapce/install/ros2_service/share/ros2_service/local_setup.zsh
[1.335s] -- Up-to-date: /home/ziad/ziad_ws/ROS2/tutorials_work_sapce/install/ros2_service/share/ros2_service/local_setup.dsv
[1.335s] -- Installing: /home/ziad/ziad_ws/ROS2/tutorials_work_sapce/install/ros2_service/share/ros2_service/package.dsv
[1.335s] -- Up-to-date: /home/ziad/ziad_ws/ROS2/tutorials_work_sapce/install/ros2_service/share/ament_index/resource_index/packages/ros2_service
[1.336s] -- Up-to-date: /home/ziad/ziad_ws/ROS2/tutorials_work_sapce/install/ros2_service/share/ros2_service/cmake/export_ros2_service__rosidl_generator_cExport.cmake
[1.336s] -- Up-to-date: /home/ziad/ziad_ws/ROS2/tutorials_work_sapce/install/ros2_service/share/ros2_service/cmake/export_ros2_service__rosidl_generator_cExport-noconfig.cmake
[1.336s] -- Up-to-date: /home/ziad/ziad_ws/ROS2/tutorials_work_sapce/install/ros2_service/share/ros2_service/cmake/export_ros2_service__rosidl_typesupport_fastrtps_cExport.cmake
[1.337s] -- Up-to-date: /home/ziad/ziad_ws/ROS2/tutorials_work_sapce/install/ros2_service/share/ros2_service/cmake/export_ros2_service__rosidl_typesupport_fastrtps_cExport-noconfig.cmake
[1.337s] -- Up-to-date: /home/ziad/ziad_ws/ROS2/tutorials_work_sapce/install/ros2_service/share/ros2_service/cmake/export_ros2_service__rosidl_generator_cppExport.cmake
[1.337s] -- Up-to-date: /home/ziad/ziad_ws/ROS2/tutorials_work_sapce/install/ros2_service/share/ros2_service/cmake/export_ros2_service__rosidl_typesupport_fastrtps_cppExport.cmake
[1.337s] -- Up-to-date: /home/ziad/ziad_ws/ROS2/tutorials_work_sapce/install/ros2_service/share/ros2_service/cmake/export_ros2_service__rosidl_typesupport_fastrtps_cppExport-noconfig.cmake
[1.338s] -- Up-to-date: /home/ziad/ziad_ws/ROS2/tutorials_work_sapce/install/ros2_service/share/ros2_service/cmake/ros2_service__rosidl_typesupport_introspection_cExport.cmake
[1.339s] -- Up-to-date: /home/ziad/ziad_ws/ROS2/tutorials_work_sapce/install/ros2_service/share/ros2_service/cmake/ros2_service__rosidl_typesupport_introspection_cExport-noconfig.cmake
[1.340s] -- Up-to-date: /home/ziad/ziad_ws/ROS2/tutorials_work_sapce/install/ros2_service/share/ros2_service/cmake/ros2_service__rosidl_typesupport_cExport.cmake
[1.340s] -- Up-to-date: /home/ziad/ziad_ws/ROS2/tutorials_work_sapce/install/ros2_service/share/ros2_service/cmake/ros2_service__rosidl_typesupport_cExport-noconfig.cmake
[1.340s] -- Up-to-date: /home/ziad/ziad_ws/ROS2/tutorials_work_sapce/install/ros2_service/share/ros2_service/cmake/ros2_service__rosidl_typesupport_introspection_cppExport.cmake
[1.340s] -- Up-to-date: /home/ziad/ziad_ws/ROS2/tutorials_work_sapce/install/ros2_service/share/ros2_service/cmake/ros2_service__rosidl_typesupport_introspection_cppExport-noconfig.cmake
[1.341s] -- Up-to-date: /home/ziad/ziad_ws/ROS2/tutorials_work_sapce/install/ros2_service/share/ros2_service/cmake/ros2_service__rosidl_typesupport_cppExport.cmake
[1.341s] -- Up-to-date: /home/ziad/ziad_ws/ROS2/tutorials_work_sapce/install/ros2_service/share/ros2_service/cmake/ros2_service__rosidl_typesupport_cppExport-noconfig.cmake
[1.342s] -- Up-to-date: /home/ziad/ziad_ws/ROS2/tutorials_work_sapce/install/ros2_service/share/ros2_service/cmake/export_ros2_service__rosidl_generator_pyExport.cmake
[1.343s] -- Up-to-date: /home/ziad/ziad_ws/ROS2/tutorials_work_sapce/install/ros2_service/share/ros2_service/cmake/export_ros2_service__rosidl_generator_pyExport-noconfig.cmake
[1.343s] -- Up-to-date: /home/ziad/ziad_ws/ROS2/tutorials_work_sapce/install/ros2_service/share/ros2_service/cmake/rosidl_cmake-extras.cmake
[1.343s] -- Up-to-date: /home/ziad/ziad_ws/ROS2/tutorials_work_sapce/install/ros2_service/share/ros2_service/cmake/ament_cmake_export_dependencies-extras.cmake
[1.343s] -- Up-to-date: /home/ziad/ziad_ws/ROS2/tutorials_work_sapce/install/ros2_service/share/ros2_service/cmake/ament_cmake_export_include_directories-extras.cmake
[1.345s] -- Up-to-date: /home/ziad/ziad_ws/ROS2/tutorials_work_sapce/install/ros2_service/share/ros2_service/cmake/ament_cmake_export_libraries-extras.cmake
[1.345s] -- Up-to-date: /home/ziad/ziad_ws/ROS2/tutorials_work_sapce/install/ros2_service/share/ros2_service/cmake/ament_cmake_export_targets-extras.cmake
[1.345s] -- Up-to-date: /home/ziad/ziad_ws/ROS2/tutorials_work_sapce/install/ros2_service/share/ros2_service/cmake/rosidl_cmake_export_typesupport_targets-extras.cmake
[1.345s] -- Up-to-date: /home/ziad/ziad_ws/ROS2/tutorials_work_sapce/install/ros2_service/share/ros2_service/cmake/rosidl_cmake_export_typesupport_libraries-extras.cmake
[1.346s] -- Up-to-date: /home/ziad/ziad_ws/ROS2/tutorials_work_sapce/install/ros2_service/share/ros2_service/cmake/ros2_serviceConfig.cmake
[1.346s] -- Up-to-date: /home/ziad/ziad_ws/ROS2/tutorials_work_sapce/install/ros2_service/share/ros2_service/cmake/ros2_serviceConfig-version.cmake
[1.346s] -- Up-to-date: /home/ziad/ziad_ws/ROS2/tutorials_work_sapce/install/ros2_service/share/ros2_service/package.xml
[1.348s] Invoked command in '/home/ziad/ziad_ws/ROS2/tutorials_work_sapce/build/ros2_service' returned '0': CMAKE_PREFIX_PATH=${CMAKE_PREFIX_PATH}:/opt/ros/jazzy DEBUGINFOD_URLS=https://debuginfod.ubuntu.com /usr/bin/cmake --install /home/ziad/ziad_ws/ROS2/tutorials_work_sapce/build/ros2_service
