[0.023s] Invoking command in '/home/ziad/ziad_ws/ROS2/turtlebot3_ws/build/simple_pub_sub': CMAKE_PREFIX_PATH=${CMAKE_PREFIX_PATH}:/home/ziad/ziad_ws/ROS2/turtlebot3_ws/install/turtlebot3_teleop:/home/ziad/ziad_ws/ROS2/turtlebot3_ws/install/turtlebot3_example:/opt/ros/jazzy DEBUGINFOD_URLS=https://debuginfod.ubuntu.com /usr/bin/cmake /home/ziad/ziad_ws/ROS2/turtlebot3_ws/src/tutorials_work_sapce/src/simple_pub_sub -DCMAKE_INSTALL_PREFIX=/home/ziad/ziad_ws/ROS2/turtlebot3_ws/install/simple_pub_sub
[0.055s] -- Found ament_cmake: 2.5.4 (/opt/ros/jazzy/share/ament_cmake/cmake)
[1.047s] -- Override CMake install command with custom implementation using symlinks instead of copying resources
[1.085s] -- Found rclcpp: 28.1.11 (/opt/ros/jazzy/share/rclcpp/cmake)
[1.201s] -- Found rosidl_generator_c: 4.6.6 (/opt/ros/jazzy/share/rosidl_generator_c/cmake)
[1.252s] -- Found rosidl_generator_cpp: 4.6.6 (/opt/ros/jazzy/share/rosidl_generator_cpp/cmake)
[1.326s] -- Using all available rosidl_typesupport_c: rosidl_typesupport_fastrtps_c;rosidl_typesupport_introspection_c
[1.426s] -- Using all available rosidl_typesupport_cpp: rosidl_typesupport_fastrtps_cpp;rosidl_typesupport_introspection_cpp
[1.754s] -- Found rmw_implementation_cmake: 7.3.2 (/opt/ros/jazzy/share/rmw_implementation_cmake/cmake)
[1.762s] -- Found rmw_fastrtps_cpp: 8.4.3 (/opt/ros/jazzy/share/rmw_fastrtps_cpp/cmake)
[2.103s] -- Using RMW implementation 'rmw_fastrtps_cpp' as default
[2.446s] -- Found std_msgs: 5.3.6 (/opt/ros/jazzy/share/std_msgs/cmake)
[2.570s] -- Found ament_lint_auto: 0.17.3 (/opt/ros/jazzy/share/ament_lint_auto/cmake)
[3.438s] -- Added test 'cppcheck' to perform static code analysis on C / C++ code
[3.439s] -- Configured cppcheck include dirs: 
[3.439s] -- Configured cppcheck exclude dirs and/or files: 
[3.462s] -- Added test 'lint_cmake' to check CMake code style
[3.462s] -- Added test 'uncrustify' to check C / C++ code style
[3.470s] -- Configured uncrustify additional arguments: 
[3.470s] -- Added test 'xmllint' to check XML markup files
[3.490s] -- Configuring done (3.4s)
[3.676s] -- Generating done (0.1s)
[3.703s] -- Build files have been written to: /home/ziad/ziad_ws/ROS2/turtlebot3_ws/build/simple_pub_sub
[3.806s] Invoked command in '/home/ziad/ziad_ws/ROS2/turtlebot3_ws/build/simple_pub_sub' returned '0': CMAKE_PREFIX_PATH=${CMAKE_PREFIX_PATH}:/home/ziad/ziad_ws/ROS2/turtlebot3_ws/install/turtlebot3_teleop:/home/ziad/ziad_ws/ROS2/turtlebot3_ws/install/turtlebot3_example:/opt/ros/jazzy DEBUGINFOD_URLS=https://debuginfod.ubuntu.com /usr/bin/cmake /home/ziad/ziad_ws/ROS2/turtlebot3_ws/src/tutorials_work_sapce/src/simple_pub_sub -DCMAKE_INSTALL_PREFIX=/home/ziad/ziad_ws/ROS2/turtlebot3_ws/install/simple_pub_sub
[3.812s] Invoking command in '/home/ziad/ziad_ws/ROS2/turtlebot3_ws/build/simple_pub_sub': CMAKE_PREFIX_PATH=${CMAKE_PREFIX_PATH}:/home/ziad/ziad_ws/ROS2/turtlebot3_ws/install/turtlebot3_teleop:/home/ziad/ziad_ws/ROS2/turtlebot3_ws/install/turtlebot3_example:/opt/ros/jazzy DEBUGINFOD_URLS=https://debuginfod.ubuntu.com /usr/bin/cmake --build /home/ziad/ziad_ws/ROS2/turtlebot3_ws/build/simple_pub_sub -- -j4 -l4
[4.152s] [ 50%] Built target publisher
[4.202s] [100%] Built target subscriber
[4.288s] Invoked command in '/home/ziad/ziad_ws/ROS2/turtlebot3_ws/build/simple_pub_sub' returned '0': CMAKE_PREFIX_PATH=${CMAKE_PREFIX_PATH}:/home/ziad/ziad_ws/ROS2/turtlebot3_ws/install/turtlebot3_teleop:/home/ziad/ziad_ws/ROS2/turtlebot3_ws/install/turtlebot3_example:/opt/ros/jazzy DEBUGINFOD_URLS=https://debuginfod.ubuntu.com /usr/bin/cmake --build /home/ziad/ziad_ws/ROS2/turtlebot3_ws/build/simple_pub_sub -- -j4 -l4
[4.294s] Invoking command in '/home/ziad/ziad_ws/ROS2/turtlebot3_ws/build/simple_pub_sub': CMAKE_PREFIX_PATH=${CMAKE_PREFIX_PATH}:/home/ziad/ziad_ws/ROS2/turtlebot3_ws/install/turtlebot3_teleop:/home/ziad/ziad_ws/ROS2/turtlebot3_ws/install/turtlebot3_example:/opt/ros/jazzy DEBUGINFOD_URLS=https://debuginfod.ubuntu.com /usr/bin/cmake --install /home/ziad/ziad_ws/ROS2/turtlebot3_ws/build/simple_pub_sub
[4.334s] -- Install configuration: ""
[4.335s] -- Execute custom install script
[4.338s] -- Up-to-date symlink: /home/ziad/ziad_ws/ROS2/turtlebot3_ws/install/simple_pub_sub/lib/simple_pub_sub/publisher
[4.338s] -- Up-to-date symlink: /home/ziad/ziad_ws/ROS2/turtlebot3_ws/install/simple_pub_sub/lib/simple_pub_sub/subscriber
[4.338s] -- Up-to-date symlink: /home/ziad/ziad_ws/ROS2/turtlebot3_ws/install/simple_pub_sub/share/ament_index/resource_index/package_run_dependencies/simple_pub_sub
[4.341s] -- Up-to-date symlink: /home/ziad/ziad_ws/ROS2/turtlebot3_ws/install/simple_pub_sub/share/ament_index/resource_index/parent_prefix_path/simple_pub_sub
[4.341s] -- Up-to-date symlink: /home/ziad/ziad_ws/ROS2/turtlebot3_ws/install/simple_pub_sub/share/simple_pub_sub/environment/ament_prefix_path.sh
[4.342s] -- Up-to-date symlink: /home/ziad/ziad_ws/ROS2/turtlebot3_ws/install/simple_pub_sub/share/simple_pub_sub/environment/ament_prefix_path.dsv
[4.344s] -- Up-to-date symlink: /home/ziad/ziad_ws/ROS2/turtlebot3_ws/install/simple_pub_sub/share/simple_pub_sub/environment/path.sh
[4.346s] -- Up-to-date symlink: /home/ziad/ziad_ws/ROS2/turtlebot3_ws/install/simple_pub_sub/share/simple_pub_sub/environment/path.dsv
[4.346s] -- Up-to-date symlink: /home/ziad/ziad_ws/ROS2/turtlebot3_ws/install/simple_pub_sub/share/simple_pub_sub/local_setup.bash
[4.346s] -- Up-to-date symlink: /home/ziad/ziad_ws/ROS2/turtlebot3_ws/install/simple_pub_sub/share/simple_pub_sub/local_setup.sh
[4.347s] -- Up-to-date symlink: /home/ziad/ziad_ws/ROS2/turtlebot3_ws/install/simple_pub_sub/share/simple_pub_sub/local_setup.zsh
[4.347s] -- Up-to-date symlink: /home/ziad/ziad_ws/ROS2/turtlebot3_ws/install/simple_pub_sub/share/simple_pub_sub/local_setup.dsv
[4.347s] -- Symlinking: /home/ziad/ziad_ws/ROS2/turtlebot3_ws/install/simple_pub_sub/share/simple_pub_sub/package.dsv
[4.414s] -- Up-to-date symlink: /home/ziad/ziad_ws/ROS2/turtlebot3_ws/install/simple_pub_sub/share/ament_index/resource_index/packages/simple_pub_sub
[4.415s] -- Up-to-date symlink: /home/ziad/ziad_ws/ROS2/turtlebot3_ws/install/simple_pub_sub/share/simple_pub_sub/cmake/simple_pub_subConfig.cmake
[4.417s] -- Up-to-date symlink: /home/ziad/ziad_ws/ROS2/turtlebot3_ws/install/simple_pub_sub/share/simple_pub_sub/cmake/simple_pub_subConfig-version.cmake
[4.417s] -- Up-to-date symlink: /home/ziad/ziad_ws/ROS2/turtlebot3_ws/install/simple_pub_sub/share/simple_pub_sub/package.xml
[4.431s] Invoked command in '/home/ziad/ziad_ws/ROS2/turtlebot3_ws/build/simple_pub_sub' returned '0': CMAKE_PREFIX_PATH=${CMAKE_PREFIX_PATH}:/home/ziad/ziad_ws/ROS2/turtlebot3_ws/install/turtlebot3_teleop:/home/ziad/ziad_ws/ROS2/turtlebot3_ws/install/turtlebot3_example:/opt/ros/jazzy DEBUGINFOD_URLS=https://debuginfod.ubuntu.com /usr/bin/cmake --install /home/ziad/ziad_ws/ROS2/turtlebot3_ws/build/simple_pub_sub
