[0.033s] Invoking command in '/home/ziad/Ziad_WS/ROS2/work_space/build/moveit2_tutorials': CMAKE_PREFIX_PATH=${CMAKE_PREFIX_PATH}:/opt/ros/humble /usr/bin/cmake /home/ziad/Ziad_WS/ROS2/work_space/src/moveit2_tutorials -DCMAKE_BUILD_TYPE=Release -DCMAKE_INSTALL_PREFIX=/home/ziad/Ziad_WS/ROS2/work_space/install/moveit2_tutorials
[0.063s] -- Found moveit_common: 2.5.9 (/opt/ros/humble/share/moveit_common/cmake)
[0.065s] -- Found ament_cmake: 1.3.12 (/opt/ros/humble/share/ament_cmake/cmake)
[0.991s] -- Found Boost: /usr/lib/x86_64-linux-gnu/cmake/Boost-1.74.0/BoostConfig.cmake (found version "1.74.0") found components: system filesystem date_time thread 
[0.995s] -- Found control_msgs: 4.8.0 (/opt/ros/humble/share/control_msgs/cmake)
[1.090s] -- Found rosidl_generator_c: 3.1.7 (/opt/ros/humble/share/rosidl_generator_c/cmake)
[1.098s] -- Found rosidl_adapter: 3.1.7 (/opt/ros/humble/share/rosidl_adapter/cmake)
[1.118s] -- Found rosidl_generator_cpp: 3.1.7 (/opt/ros/humble/share/rosidl_generator_cpp/cmake)
[1.153s] -- Using all available rosidl_typesupport_c: rosidl_typesupport_fastrtps_c;rosidl_typesupport_introspection_c
[1.200s] -- Using all available rosidl_typesupport_cpp: rosidl_typesupport_fastrtps_cpp;rosidl_typesupport_introspection_cpp
[1.552s] -- Found moveit_core: 2.5.9 (/opt/ros/humble/share/moveit_core/cmake)
[1.579s] -- Found Boost: /usr/lib/x86_64-linux-gnu/cmake/Boost-1.74.0/BoostConfig.cmake (found version "1.74.0") found components: chrono date_time filesystem iostreams program_options regex serialization system thread 
[1.669s] -- Found parameter_traits: 0.5.0 (/opt/ros/humble/share/parameter_traits/cmake)
[1.735s] -- Found rmw_implementation_cmake: 6.1.2 (/opt/ros/humble/share/rmw_implementation_cmake/cmake)
[1.740s] -- Found rmw_fastrtps_cpp: 6.2.8 (/opt/ros/humble/share/rmw_fastrtps_cpp/cmake)
[2.011s] -- Using RMW implementation 'rmw_fastrtps_cpp' as default
[2.112s] -- Found rclcpp_lifecycle: 16.0.14 (/opt/ros/humble/share/rclcpp_lifecycle/cmake)
[2.176s] -- Found Boost: /usr/lib/x86_64-linux-gnu/cmake/Boost-1.74.0/BoostConfig.cmake (found version "1.74.0") found components: filesystem 
[2.273s] -- library: /usr/lib/x86_64-linux-gnu/libcurl.so
[2.384s] -- Ensuring Eigen3 include directory is part of orocos-kdl CMake target
[2.830s] -- Configuring incomplete, errors occurred!
[2.831s] See also "/home/ziad/Ziad_WS/ROS2/work_space/build/moveit2_tutorials/CMakeFiles/CMakeOutput.log".
[2.831s] [31mCMake Error at CMakeLists.txt:13 (find_package):
[2.831s]   By not providing "Findmoveit_task_constructor_core.cmake" in
[2.831s]   CMAKE_MODULE_PATH this project has asked CMake to find a package
[2.831s]   configuration file provided by "moveit_task_constructor_core", but CMake
[2.831s]   did not find one.
[2.831s] 
[2.831s]   Could not find a package configuration file provided by
[2.832s]   "moveit_task_constructor_core" with any of the following names:
[2.832s] 
[2.832s]     moveit_task_constructor_coreConfig.cmake
[2.832s]     moveit_task_constructor_core-config.cmake
[2.832s] 
[2.832s]   Add the installation prefix of "moveit_task_constructor_core" to
[2.832s]   CMAKE_PREFIX_PATH or set "moveit_task_constructor_core_DIR" to a directory
[2.832s]   containing one of the above files.  If "moveit_task_constructor_core"
[2.833s]   provides a separate development package or SDK, be sure it has been
[2.833s]   installed.
[2.837s] 
[2.837s] [0m
[2.859s] Invoked command in '/home/ziad/Ziad_WS/ROS2/work_space/build/moveit2_tutorials' returned '1': CMAKE_PREFIX_PATH=${CMAKE_PREFIX_PATH}:/opt/ros/humble /usr/bin/cmake /home/ziad/Ziad_WS/ROS2/work_space/src/moveit2_tutorials -DCMAKE_BUILD_TYPE=Release -DCMAKE_INSTALL_PREFIX=/home/ziad/Ziad_WS/ROS2/work_space/install/moveit2_tutorials
