[0.036s] Invoking command in '/home/ziad/Ziad_WS/ROS2/ziad_ws/build/move_program': CMAKE_PREFIX_PATH=/opt/ros/humble /usr/bin/cmake --build /home/ziad/Ziad_WS/ROS2/ziad_ws/build/move_program -- -j4 -l4
[0.221s] [35m[1mConsolidate compiler generated dependencies of target move_program[0m
[0.285s] [ 50%] [32mBuilding CXX object CMakeFiles/move_program.dir/src/move_program.cpp.o[0m
[20.556s] [100%] [32m[1mLinking CXX executable move_program[0m
[21.212s] [100%] Built target move_program
[21.228s] Invoked command in '/home/ziad/Ziad_WS/ROS2/ziad_ws/build/move_program' returned '0': CMAKE_PREFIX_PATH=/opt/ros/humble /usr/bin/cmake --build /home/ziad/Ziad_WS/ROS2/ziad_ws/build/move_program -- -j4 -l4
[21.231s] Invoking command in '/home/ziad/Ziad_WS/ROS2/ziad_ws/build/move_program': CMAKE_PREFIX_PATH=/opt/ros/humble /usr/bin/cmake --install /home/ziad/Ziad_WS/ROS2/ziad_ws/build/move_program
[21.242s] -- Install configuration: ""
[21.243s] -- Installing: /home/ziad/Ziad_WS/ROS2/ziad_ws/install/move_program/lib/move_program/move_program
[21.244s] -- Set runtime path of "/home/ziad/Ziad_WS/ROS2/ziad_ws/install/move_program/lib/move_program/move_program" to ""
[21.245s] -- Installing: /home/ziad/Ziad_WS/ROS2/ziad_ws/install/move_program/share/ament_index/resource_index/package_run_dependencies/move_program
[21.246s] -- Installing: /home/ziad/Ziad_WS/ROS2/ziad_ws/install/move_program/share/ament_index/resource_index/parent_prefix_path/move_program
[21.247s] -- Installing: /home/ziad/Ziad_WS/ROS2/ziad_ws/install/move_program/share/move_program/environment/ament_prefix_path.sh
[21.248s] -- Installing: /home/ziad/Ziad_WS/ROS2/ziad_ws/install/move_program/share/move_program/environment/ament_prefix_path.dsv
[21.248s] -- Installing: /home/ziad/Ziad_WS/ROS2/ziad_ws/install/move_program/share/move_program/environment/path.sh
[21.248s] -- Installing: /home/ziad/Ziad_WS/ROS2/ziad_ws/install/move_program/share/move_program/environment/path.dsv
[21.248s] -- Installing: /home/ziad/Ziad_WS/ROS2/ziad_ws/install/move_program/share/move_program/local_setup.bash
[21.249s] -- Installing: /home/ziad/Ziad_WS/ROS2/ziad_ws/install/move_program/share/move_program/local_setup.sh
[21.249s] -- Installing: /home/ziad/Ziad_WS/ROS2/ziad_ws/install/move_program/share/move_program/local_setup.zsh
[21.249s] -- Installing: /home/ziad/Ziad_WS/ROS2/ziad_ws/install/move_program/share/move_program/local_setup.dsv
[21.250s] -- Installing: /home/ziad/Ziad_WS/ROS2/ziad_ws/install/move_program/share/move_program/package.dsv
[21.250s] -- Installing: /home/ziad/Ziad_WS/ROS2/ziad_ws/install/move_program/share/ament_index/resource_index/packages/move_program
[21.250s] -- Installing: /home/ziad/Ziad_WS/ROS2/ziad_ws/install/move_program/share/move_program/cmake/move_programConfig.cmake
[21.251s] -- Installing: /home/ziad/Ziad_WS/ROS2/ziad_ws/install/move_program/share/move_program/cmake/move_programConfig-version.cmake
[21.251s] -- Installing: /home/ziad/Ziad_WS/ROS2/ziad_ws/install/move_program/share/move_program/package.xml
[21.255s] Invoked command in '/home/ziad/Ziad_WS/ROS2/ziad_ws/build/move_program' returned '0': CMAKE_PREFIX_PATH=/opt/ros/humble /usr/bin/cmake --install /home/ziad/Ziad_WS/ROS2/ziad_ws/build/move_program
