[0.031s] Invoking command in '/home/ziad/ziad_ws/ROS2/work_space/build/apriltag_ros': CMAKE_PREFIX_PATH=${CMAKE_PREFIX_PATH}:/opt/ros/jazzy DEBUGINFOD_URLS=https://debuginfod.ubuntu.com /usr/bin/cmake /home/ziad/ziad_ws/ROS2/work_space/src/yahboom_rosmaster/apriltag_ros -DAMENT_CMAKE_SYMLINK_INSTALL=1 -DCMAKE_INSTALL_PREFIX=/home/ziad/ziad_ws/ROS2/work_space/install/apriltag_ros
[0.165s] -- The C compiler identification is GNU 13.3.0
[0.297s] -- The CXX compiler identification is GNU 13.3.0
[0.331s] -- Detecting C compiler ABI info
[0.513s] -- Detecting C compiler ABI info - done
[0.537s] -- Check for working C compiler: /usr/bin/cc - skipped
[0.538s] -- Detecting C compile features
[0.539s] -- Detecting C compile features - done
[0.554s] -- Detecting CXX compiler ABI info
[0.770s] -- Detecting CXX compiler ABI info - done
[0.793s] -- Check for working CXX compiler: /usr/bin/c++ - skipped
[0.793s] -- Detecting CXX compile features
[0.794s] -- Detecting CXX compile features - done
[0.802s] -- Found rclcpp: 28.1.11 (/opt/ros/jazzy/share/rclcpp/cmake)
[1.135s] -- Found Python3: /usr/bin/python3 (found version "3.12.3") found components: Interpreter 
[1.293s] -- Override CMake install command with custom implementation using symlinks instead of copying resources
[1.578s] -- Found rosidl_generator_c: 4.6.6 (/opt/ros/jazzy/share/rosidl_generator_c/cmake)
[1.625s] -- Found rosidl_generator_cpp: 4.6.6 (/opt/ros/jazzy/share/rosidl_generator_cpp/cmake)
[1.678s] -- Using all available rosidl_typesupport_c: rosidl_typesupport_fastrtps_c;rosidl_typesupport_introspection_c
[1.732s] -- Using all available rosidl_typesupport_cpp: rosidl_typesupport_fastrtps_cpp;rosidl_typesupport_introspection_cpp
[1.975s] -- Found rmw_implementation_cmake: 7.3.2 (/opt/ros/jazzy/share/rmw_implementation_cmake/cmake)
[1.987s] -- Found rmw_fastrtps_cpp: 8.4.3 (/opt/ros/jazzy/share/rmw_fastrtps_cpp/cmake)
[2.210s] -- Found OpenSSL: /usr/lib/x86_64-linux-gnu/libcrypto.so (found version "3.0.13")  
[2.273s] -- Found FastRTPS: /opt/ros/jazzy/include (Required is at least version "2.13") 
[2.334s] -- Using RMW implementation 'rmw_fastrtps_cpp' as default
[2.606s] -- Found rclcpp_components: 28.1.11 (/opt/ros/jazzy/share/rclcpp_components/cmake)
[2.719s] -- Found sensor_msgs: 5.3.6 (/opt/ros/jazzy/share/sensor_msgs/cmake)
[2.900s] -- Found apriltag_msgs: 2.0.1 (/opt/ros/jazzy/share/apriltag_msgs/cmake)
[2.953s] -- Found tf2_ros: 0.36.14 (/opt/ros/jazzy/share/tf2_ros/cmake)
[3.231s] -- Found image_transport: 5.1.7 (/opt/ros/jazzy/share/image_transport/cmake)
[3.268s] -- Found cv_bridge: 4.1.0 (/opt/ros/jazzy/share/cv_bridge/cmake)
[3.327s] -- Performing Test CMAKE_HAVE_LIBC_PTHREAD
[3.512s] -- Performing Test CMAKE_HAVE_LIBC_PTHREAD - Success
[3.514s] -- Found Threads: TRUE  
[3.518s] -- Found OpenCV: /usr (found version "4.6.0") found components: core calib3d 
[3.549s] -- Found ament_lint_auto: 0.17.3 (/opt/ros/jazzy/share/ament_lint_auto/cmake)
[3.837s] -- Added test 'clang_format' to check C / C++ code style
[3.846s] -- Added test 'cppcheck' to perform static code analysis on C / C++ code
[3.846s] -- Configured cppcheck include dirs: 
[3.847s] -- Configured cppcheck exclude dirs and/or files: 
[3.851s] -- Configuring done (3.8s)
[3.909s] -- Generating done (0.0s)
[3.927s] -- Build files have been written to: /home/ziad/ziad_ws/ROS2/work_space/build/apriltag_ros
[3.953s] Invoked command in '/home/ziad/ziad_ws/ROS2/work_space/build/apriltag_ros' returned '0': CMAKE_PREFIX_PATH=${CMAKE_PREFIX_PATH}:/opt/ros/jazzy DEBUGINFOD_URLS=https://debuginfod.ubuntu.com /usr/bin/cmake /home/ziad/ziad_ws/ROS2/work_space/src/yahboom_rosmaster/apriltag_ros -DAMENT_CMAKE_SYMLINK_INSTALL=1 -DCMAKE_INSTALL_PREFIX=/home/ziad/ziad_ws/ROS2/work_space/install/apriltag_ros
[3.955s] Invoking command in '/home/ziad/ziad_ws/ROS2/work_space/build/apriltag_ros': CMAKE_PREFIX_PATH=${CMAKE_PREFIX_PATH}:/opt/ros/jazzy DEBUGINFOD_URLS=https://debuginfod.ubuntu.com /usr/bin/cmake --build /home/ziad/ziad_ws/ROS2/work_space/build/apriltag_ros -- -j4 -l4
[4.092s] [ 10%] [32mBuilding CXX object CMakeFiles/conversion.dir/src/conversion.cpp.o[0m
[4.100s] [ 20%] [32mBuilding CXX object CMakeFiles/tags.dir/src/tag_functions.cpp.o[0m
[4.100s] [ 30%] [32mBuilding CXX object CMakeFiles/apriltag_node.dir/rclcpp_components/node_main_apriltag_node.cpp.o[0m
[5.404s] [ 40%] [32m[1mLinking CXX static library libtags.a[0m
[5.715s] [ 40%] Built target tags
[8.763s] [ 50%] [32m[1mLinking CXX static library libconversion.a[0m
[8.953s] [ 50%] Built target conversion
[9.009s] [ 60%] [32mBuilding CXX object CMakeFiles/pose_estimation.dir/src/pose_estimation.cpp.o[0m
[13.600s] [ 70%] [32m[1mLinking CXX executable apriltag_node[0m
[13.640s] [ 80%] [32m[1mLinking CXX static library libpose_estimation.a[0m
[13.795s] [ 80%] Built target pose_estimation
[13.865s] [ 90%] [32mBuilding CXX object CMakeFiles/AprilTagNode.dir/src/AprilTagNode.cpp.o[0m
[14.006s] [ 90%] Built target apriltag_node
[34.984s] [100%] [32m[1mLinking CXX shared library libAprilTagNode.so[0m
[36.720s] [100%] Built target AprilTagNode
[36.769s] Invoked command in '/home/ziad/ziad_ws/ROS2/work_space/build/apriltag_ros' returned '0': CMAKE_PREFIX_PATH=${CMAKE_PREFIX_PATH}:/opt/ros/jazzy DEBUGINFOD_URLS=https://debuginfod.ubuntu.com /usr/bin/cmake --build /home/ziad/ziad_ws/ROS2/work_space/build/apriltag_ros -- -j4 -l4
[36.776s] Invoking command in '/home/ziad/ziad_ws/ROS2/work_space/build/apriltag_ros': CMAKE_PREFIX_PATH=${CMAKE_PREFIX_PATH}:/opt/ros/jazzy DEBUGINFOD_URLS=https://debuginfod.ubuntu.com /usr/bin/cmake --install /home/ziad/ziad_ws/ROS2/work_space/build/apriltag_ros
[36.808s] -- Install configuration: ""
[36.809s] -- Execute custom install script
[36.816s] -- Symlinking: /home/ziad/ziad_ws/ROS2/work_space/install/apriltag_ros/lib/apriltag_ros/apriltag_node
[36.851s] -- Symlinking: /home/ziad/ziad_ws/ROS2/work_space/install/apriltag_ros/share/apriltag_ros/environment/library_path.sh
[36.892s] -- Symlinking: /home/ziad/ziad_ws/ROS2/work_space/install/apriltag_ros/share/apriltag_ros/environment/library_path.dsv
[36.942s] -- Symlinking: /home/ziad/ziad_ws/ROS2/work_space/install/apriltag_ros/lib/libAprilTagNode.so
[36.979s] -- Symlinking: /home/ziad/ziad_ws/ROS2/work_space/install/apriltag_ros/share/apriltag_ros/cfg/tags_36h11.yaml
[37.015s] -- Symlinking: /home/ziad/ziad_ws/ROS2/work_space/install/apriltag_ros/share/apriltag_ros/launch/camera_36h11.launch.yml
[37.036s] -- Symlinking: /home/ziad/ziad_ws/ROS2/work_space/install/apriltag_ros/share/ament_index/resource_index/package_run_dependencies/apriltag_ros
[37.061s] -- Symlinking: /home/ziad/ziad_ws/ROS2/work_space/install/apriltag_ros/share/ament_index/resource_index/parent_prefix_path/apriltag_ros
[37.080s] -- Symlinking: /home/ziad/ziad_ws/ROS2/work_space/install/apriltag_ros/share/apriltag_ros/environment/ament_prefix_path.sh
[37.111s] -- Symlinking: /home/ziad/ziad_ws/ROS2/work_space/install/apriltag_ros/share/apriltag_ros/environment/ament_prefix_path.dsv
[37.129s] -- Symlinking: /home/ziad/ziad_ws/ROS2/work_space/install/apriltag_ros/share/apriltag_ros/environment/path.sh
[37.148s] -- Symlinking: /home/ziad/ziad_ws/ROS2/work_space/install/apriltag_ros/share/apriltag_ros/environment/path.dsv
[37.173s] -- Symlinking: /home/ziad/ziad_ws/ROS2/work_space/install/apriltag_ros/share/apriltag_ros/local_setup.bash
[37.191s] -- Symlinking: /home/ziad/ziad_ws/ROS2/work_space/install/apriltag_ros/share/apriltag_ros/local_setup.sh
[37.211s] -- Symlinking: /home/ziad/ziad_ws/ROS2/work_space/install/apriltag_ros/share/apriltag_ros/local_setup.zsh
[37.258s] -- Symlinking: /home/ziad/ziad_ws/ROS2/work_space/install/apriltag_ros/share/apriltag_ros/local_setup.dsv
[37.307s] -- Symlinking: /home/ziad/ziad_ws/ROS2/work_space/install/apriltag_ros/share/apriltag_ros/package.dsv
[37.334s] -- Symlinking: /home/ziad/ziad_ws/ROS2/work_space/install/apriltag_ros/share/ament_index/resource_index/packages/apriltag_ros
[37.385s] -- Symlinking: /home/ziad/ziad_ws/ROS2/work_space/install/apriltag_ros/share/ament_index/resource_index/rclcpp_components/apriltag_ros
[37.434s] -- Symlinking: /home/ziad/ziad_ws/ROS2/work_space/install/apriltag_ros/share/apriltag_ros/cmake/apriltag_rosConfig.cmake
[37.495s] -- Symlinking: /home/ziad/ziad_ws/ROS2/work_space/install/apriltag_ros/share/apriltag_ros/cmake/apriltag_rosConfig-version.cmake
[37.572s] -- Symlinking: /home/ziad/ziad_ws/ROS2/work_space/install/apriltag_ros/share/apriltag_ros/package.xml
[37.628s] Invoked command in '/home/ziad/ziad_ws/ROS2/work_space/build/apriltag_ros' returned '0': CMAKE_PREFIX_PATH=${CMAKE_PREFIX_PATH}:/opt/ros/jazzy DEBUGINFOD_URLS=https://debuginfod.ubuntu.com /usr/bin/cmake --install /home/ziad/ziad_ws/ROS2/work_space/build/apriltag_ros
