[1.695s] Invoking command in '/home/ziad/ziad_ws/ROS2/turtlebot3_ws/build/turtlebot3_teleop': PYTHONPATH=/home/ziad/ziad_ws/ROS2/turtlebot3_ws/build/turtlebot3_teleop/prefix_override:/usr/lib/python3/dist-packages/colcon_core/task/python/colcon_distutils_commands:/home/ziad/ziad_ws/ROS2/turtlebot3_ws/install/turtlebot3_teleop/lib/python3.10/site-packages:${PYTHONPATH} /usr/bin/python3 -W ignore:setup.py install is deprecated -W ignore:easy_install command is deprecated setup.py develop --uninstall --editable --build-directory /home/ziad/ziad_ws/ROS2/turtlebot3_ws/build/turtlebot3_teleop/build
[2.202s] running develop
[2.555s] Removing /home/ziad/ziad_ws/ROS2/turtlebot3_ws/install/turtlebot3_teleop/lib/python3.10/site-packages/turtlebot3-teleop.egg-link (link to .)
[2.620s] Invoked command in '/home/ziad/ziad_ws/ROS2/turtlebot3_ws/build/turtlebot3_teleop' returned '0': PYTHONPATH=/home/ziad/ziad_ws/ROS2/turtlebot3_ws/build/turtlebot3_teleop/prefix_override:/usr/lib/python3/dist-packages/colcon_core/task/python/colcon_distutils_commands:/home/ziad/ziad_ws/ROS2/turtlebot3_ws/install/turtlebot3_teleop/lib/python3.10/site-packages:${PYTHONPATH} /usr/bin/python3 -W ignore:setup.py install is deprecated -W ignore:easy_install command is deprecated setup.py develop --uninstall --editable --build-directory /home/ziad/ziad_ws/ROS2/turtlebot3_ws/build/turtlebot3_teleop/build
[2.622s] Invoking command in '/home/ziad/ziad_ws/ROS2/turtlebot3_ws/src/turtlebot3/turtlebot3_teleop': PYTHONPATH=/home/ziad/ziad_ws/ROS2/turtlebot3_ws/build/turtlebot3_teleop/prefix_override:/usr/lib/python3/dist-packages/colcon_core/task/python/colcon_distutils_commands:/home/ziad/ziad_ws/ROS2/turtlebot3_ws/install/turtlebot3_teleop/lib/python3.10/site-packages:${PYTHONPATH} /usr/bin/python3 -W ignore:setup.py install is deprecated -W ignore:easy_install command is deprecated setup.py egg_info --egg-base ../../../build/turtlebot3_teleop build --build-base /home/ziad/ziad_ws/ROS2/turtlebot3_ws/build/turtlebot3_teleop/build install --record /home/ziad/ziad_ws/ROS2/turtlebot3_ws/build/turtlebot3_teleop/install.log --single-version-externally-managed install_data --force
[3.212s] running egg_info
[3.212s] writing ../../../build/turtlebot3_teleop/turtlebot3_teleop.egg-info/PKG-INFO
[3.212s] writing dependency_links to ../../../build/turtlebot3_teleop/turtlebot3_teleop.egg-info/dependency_links.txt
[3.213s] writing entry points to ../../../build/turtlebot3_teleop/turtlebot3_teleop.egg-info/entry_points.txt
[3.213s] writing requirements to ../../../build/turtlebot3_teleop/turtlebot3_teleop.egg-info/requires.txt
[3.213s] writing top-level names to ../../../build/turtlebot3_teleop/turtlebot3_teleop.egg-info/top_level.txt
[3.216s] reading manifest file '../../../build/turtlebot3_teleop/turtlebot3_teleop.egg-info/SOURCES.txt'
[3.218s] writing manifest file '../../../build/turtlebot3_teleop/turtlebot3_teleop.egg-info/SOURCES.txt'
[3.219s] running build
[3.219s] running build_py
[3.221s] running install
[3.223s] running install_lib
[3.223s] creating /home/ziad/ziad_ws/ROS2/turtlebot3_ws/install/turtlebot3_teleop/lib/python3.10/site-packages/turtlebot3_teleop
[3.224s] creating /home/ziad/ziad_ws/ROS2/turtlebot3_ws/install/turtlebot3_teleop/lib/python3.10/site-packages/turtlebot3_teleop/script
[3.227s] copying /home/ziad/ziad_ws/ROS2/turtlebot3_ws/build/turtlebot3_teleop/build/lib/turtlebot3_teleop/script/teleop_keyboard.py -> /home/ziad/ziad_ws/ROS2/turtlebot3_ws/install/turtlebot3_teleop/lib/python3.10/site-packages/turtlebot3_teleop/script
[3.227s] copying /home/ziad/ziad_ws/ROS2/turtlebot3_ws/build/turtlebot3_teleop/build/lib/turtlebot3_teleop/script/__init__.py -> /home/ziad/ziad_ws/ROS2/turtlebot3_ws/install/turtlebot3_teleop/lib/python3.10/site-packages/turtlebot3_teleop/script
[3.227s] copying /home/ziad/ziad_ws/ROS2/turtlebot3_ws/build/turtlebot3_teleop/build/lib/turtlebot3_teleop/__init__.py -> /home/ziad/ziad_ws/ROS2/turtlebot3_ws/install/turtlebot3_teleop/lib/python3.10/site-packages/turtlebot3_teleop
[3.228s] byte-compiling /home/ziad/ziad_ws/ROS2/turtlebot3_ws/install/turtlebot3_teleop/lib/python3.10/site-packages/turtlebot3_teleop/script/teleop_keyboard.py to teleop_keyboard.cpython-310.pyc
[3.230s] byte-compiling /home/ziad/ziad_ws/ROS2/turtlebot3_ws/install/turtlebot3_teleop/lib/python3.10/site-packages/turtlebot3_teleop/script/__init__.py to __init__.cpython-310.pyc
[3.231s] byte-compiling /home/ziad/ziad_ws/ROS2/turtlebot3_ws/install/turtlebot3_teleop/lib/python3.10/site-packages/turtlebot3_teleop/__init__.py to __init__.cpython-310.pyc
[3.231s] running install_data
[3.232s] copying resource/turtlebot3_teleop -> /home/ziad/ziad_ws/ROS2/turtlebot3_ws/install/turtlebot3_teleop/share/ament_index/resource_index/packages
[3.233s] copying package.xml -> /home/ziad/ziad_ws/ROS2/turtlebot3_ws/install/turtlebot3_teleop/share/turtlebot3_teleop
[3.236s] running install_egg_info
[3.238s] Copying ../../../build/turtlebot3_teleop/turtlebot3_teleop.egg-info to /home/ziad/ziad_ws/ROS2/turtlebot3_ws/install/turtlebot3_teleop/lib/python3.10/site-packages/turtlebot3_teleop-2.3.3-py3.10.egg-info
[3.240s] running install_scripts
[3.284s] Installing teleop_keyboard script to /home/ziad/ziad_ws/ROS2/turtlebot3_ws/install/turtlebot3_teleop/lib/turtlebot3_teleop
[3.285s] writing list of installed files to '/home/ziad/ziad_ws/ROS2/turtlebot3_ws/build/turtlebot3_teleop/install.log'
[3.341s] Invoked command in '/home/ziad/ziad_ws/ROS2/turtlebot3_ws/src/turtlebot3/turtlebot3_teleop' returned '0': PYTHONPATH=/home/ziad/ziad_ws/ROS2/turtlebot3_ws/build/turtlebot3_teleop/prefix_override:/usr/lib/python3/dist-packages/colcon_core/task/python/colcon_distutils_commands:/home/ziad/ziad_ws/ROS2/turtlebot3_ws/install/turtlebot3_teleop/lib/python3.10/site-packages:${PYTHONPATH} /usr/bin/python3 -W ignore:setup.py install is deprecated -W ignore:easy_install command is deprecated setup.py egg_info --egg-base ../../../build/turtlebot3_teleop build --build-base /home/ziad/ziad_ws/ROS2/turtlebot3_ws/build/turtlebot3_teleop/build install --record /home/ziad/ziad_ws/ROS2/turtlebot3_ws/build/turtlebot3_teleop/install.log --single-version-externally-managed install_data --force
