[0.018s] Invoking command in '/home/ziad/ziad_ws/ROS2/tutorials_work_sapce/build/urdf_tutorial_cpp': CMAKE_PREFIX_PATH=${CMAKE_PREFIX_PATH}:/opt/ros/jazzy DEBUGINFOD_URLS=https://debuginfod.ubuntu.com /usr/bin/cmake /home/ziad/ziad_ws/ROS2/tutorials_work_sapce/src/urdf_tutorial_cpp -DAMENT_CMAKE_SYMLINK_INSTALL=1 -DCMAKE_INSTALL_PREFIX=/home/ziad/ziad_ws/ROS2/tutorials_work_sapce/install/urdf_tutorial_cpp
[0.385s] -- The C compiler identification is GNU 13.3.0
[0.620s] -- The CXX compiler identification is GNU 13.3.0
[0.646s] -- Detecting C compiler ABI info
[0.824s] -- Detecting C compiler ABI info - done
[0.835s] -- Check for working C compiler: /usr/bin/cc - skipped
[0.837s] -- Detecting C compile features
[0.838s] -- Detecting C compile features - done
[0.853s] -- Detecting CXX compiler ABI info
[0.974s] -- Detecting CXX compiler ABI info - done
[0.987s] -- Check for working CXX compiler: /usr/bin/c++ - skipped
[0.987s] -- Detecting CXX compile features
[0.988s] -- Detecting CXX compile features - done
[1.089s] -- Found ament_cmake: 2.5.4 (/opt/ros/jazzy/share/ament_cmake/cmake)
[1.292s] -- Found Python3: /usr/bin/python3 (found version "3.12.3") found components: Interpreter 
[1.397s] -- Override CMake install command with custom implementation using symlinks instead of copying resources
[1.491s] -- Found geometry_msgs: 5.3.6 (/opt/ros/jazzy/share/geometry_msgs/cmake)
[1.608s] -- Found rosidl_generator_c: 4.6.6 (/opt/ros/jazzy/share/rosidl_generator_c/cmake)
[1.699s] -- Found rosidl_generator_cpp: 4.6.6 (/opt/ros/jazzy/share/rosidl_generator_cpp/cmake)
[1.739s] -- Using all available rosidl_typesupport_c: rosidl_typesupport_fastrtps_c;rosidl_typesupport_introspection_c
[1.779s] -- Using all available rosidl_typesupport_cpp: rosidl_typesupport_fastrtps_cpp;rosidl_typesupport_introspection_cpp
[1.871s] -- Found sensor_msgs: 5.3.6 (/opt/ros/jazzy/share/sensor_msgs/cmake)
[1.938s] -- Found tf2_ros: 0.36.14 (/opt/ros/jazzy/share/tf2_ros/cmake)
[2.129s] -- Found rmw_implementation_cmake: 7.3.2 (/opt/ros/jazzy/share/rmw_implementation_cmake/cmake)
[2.137s] -- Found rmw_fastrtps_cpp: 8.4.3 (/opt/ros/jazzy/share/rmw_fastrtps_cpp/cmake)
[2.290s] -- Found OpenSSL: /usr/lib/x86_64-linux-gnu/libcrypto.so (found version "3.0.13")  
[2.321s] -- Found FastRTPS: /opt/ros/jazzy/include (Required is at least version "2.13") 
[2.353s] -- Using RMW implementation 'rmw_fastrtps_cpp' as default
[2.657s] -- Found tf2_geometry_msgs: 0.36.14 (/opt/ros/jazzy/share/tf2_geometry_msgs/cmake)
[2.692s] -- Found eigen3_cmake_module: 0.3.0 (/opt/ros/jazzy/share/eigen3_cmake_module/cmake)
[2.695s] -- Found Eigen3: TRUE (found version "3.4.0") 
[2.695s] -- Ensuring Eigen3 include directory is part of orocos-kdl CMake target
[2.844s] -- Configuring done (2.8s)
[2.870s] -- Generating done (0.0s)
[2.878s] -- Build files have been written to: /home/ziad/ziad_ws/ROS2/tutorials_work_sapce/build/urdf_tutorial_cpp
[2.892s] Invoked command in '/home/ziad/ziad_ws/ROS2/tutorials_work_sapce/build/urdf_tutorial_cpp' returned '0': CMAKE_PREFIX_PATH=${CMAKE_PREFIX_PATH}:/opt/ros/jazzy DEBUGINFOD_URLS=https://debuginfod.ubuntu.com /usr/bin/cmake /home/ziad/ziad_ws/ROS2/tutorials_work_sapce/src/urdf_tutorial_cpp -DAMENT_CMAKE_SYMLINK_INSTALL=1 -DCMAKE_INSTALL_PREFIX=/home/ziad/ziad_ws/ROS2/tutorials_work_sapce/install/urdf_tutorial_cpp
[2.894s] Invoking command in '/home/ziad/ziad_ws/ROS2/tutorials_work_sapce/build/urdf_tutorial_cpp': CMAKE_PREFIX_PATH=${CMAKE_PREFIX_PATH}:/opt/ros/jazzy DEBUGINFOD_URLS=https://debuginfod.ubuntu.com /usr/bin/cmake --build /home/ziad/ziad_ws/ROS2/tutorials_work_sapce/build/urdf_tutorial_cpp -- -j4 -l4
[2.962s] [ 50%] [32mBuilding CXX object CMakeFiles/urdf_tutorial_cpp.dir/src/urdf_tutorial.cpp.o[0m
[10.531s] [100%] [32m[1mLinking CXX executable urdf_tutorial_cpp[0m
[10.966s] [100%] Built target urdf_tutorial_cpp
[10.980s] Invoked command in '/home/ziad/ziad_ws/ROS2/tutorials_work_sapce/build/urdf_tutorial_cpp' returned '0': CMAKE_PREFIX_PATH=${CMAKE_PREFIX_PATH}:/opt/ros/jazzy DEBUGINFOD_URLS=https://debuginfod.ubuntu.com /usr/bin/cmake --build /home/ziad/ziad_ws/ROS2/tutorials_work_sapce/build/urdf_tutorial_cpp -- -j4 -l4
[10.992s] Invoking command in '/home/ziad/ziad_ws/ROS2/tutorials_work_sapce/build/urdf_tutorial_cpp': CMAKE_PREFIX_PATH=${CMAKE_PREFIX_PATH}:/opt/ros/jazzy DEBUGINFOD_URLS=https://debuginfod.ubuntu.com /usr/bin/cmake --install /home/ziad/ziad_ws/ROS2/tutorials_work_sapce/build/urdf_tutorial_cpp
[11.002s] -- Install configuration: ""
[11.003s] -- Execute custom install script
[11.003s] -- Symlinking: /home/ziad/ziad_ws/ROS2/tutorials_work_sapce/install/urdf_tutorial_cpp/lib/urdf_tutorial_cpp/urdf_tutorial_cpp
[11.015s] -- Symlinking: /home/ziad/ziad_ws/ROS2/tutorials_work_sapce/install/urdf_tutorial_cpp/share/urdf_tutorial_cpp/launch/launch.py
[11.027s] -- Symlinking: /home/ziad/ziad_ws/ROS2/tutorials_work_sapce/install/urdf_tutorial_cpp/share/urdf_tutorial_cpp/urdf/r2d2.urdf.xml
[11.039s] -- Symlinking: /home/ziad/ziad_ws/ROS2/tutorials_work_sapce/install/urdf_tutorial_cpp/share/ament_index/resource_index/package_run_dependencies/urdf_tutorial_cpp
[11.053s] -- Symlinking: /home/ziad/ziad_ws/ROS2/tutorials_work_sapce/install/urdf_tutorial_cpp/share/ament_index/resource_index/parent_prefix_path/urdf_tutorial_cpp
[11.065s] -- Symlinking: /home/ziad/ziad_ws/ROS2/tutorials_work_sapce/install/urdf_tutorial_cpp/share/urdf_tutorial_cpp/environment/ament_prefix_path.sh
[11.077s] -- Symlinking: /home/ziad/ziad_ws/ROS2/tutorials_work_sapce/install/urdf_tutorial_cpp/share/urdf_tutorial_cpp/environment/ament_prefix_path.dsv
[11.089s] -- Symlinking: /home/ziad/ziad_ws/ROS2/tutorials_work_sapce/install/urdf_tutorial_cpp/share/urdf_tutorial_cpp/environment/path.sh
[11.101s] -- Symlinking: /home/ziad/ziad_ws/ROS2/tutorials_work_sapce/install/urdf_tutorial_cpp/share/urdf_tutorial_cpp/environment/path.dsv
[11.114s] -- Symlinking: /home/ziad/ziad_ws/ROS2/tutorials_work_sapce/install/urdf_tutorial_cpp/share/urdf_tutorial_cpp/local_setup.bash
[11.125s] -- Symlinking: /home/ziad/ziad_ws/ROS2/tutorials_work_sapce/install/urdf_tutorial_cpp/share/urdf_tutorial_cpp/local_setup.sh
[11.138s] -- Symlinking: /home/ziad/ziad_ws/ROS2/tutorials_work_sapce/install/urdf_tutorial_cpp/share/urdf_tutorial_cpp/local_setup.zsh
[11.152s] -- Symlinking: /home/ziad/ziad_ws/ROS2/tutorials_work_sapce/install/urdf_tutorial_cpp/share/urdf_tutorial_cpp/local_setup.dsv
[11.164s] -- Symlinking: /home/ziad/ziad_ws/ROS2/tutorials_work_sapce/install/urdf_tutorial_cpp/share/urdf_tutorial_cpp/package.dsv
[11.175s] -- Symlinking: /home/ziad/ziad_ws/ROS2/tutorials_work_sapce/install/urdf_tutorial_cpp/share/ament_index/resource_index/packages/urdf_tutorial_cpp
[11.186s] -- Symlinking: /home/ziad/ziad_ws/ROS2/tutorials_work_sapce/install/urdf_tutorial_cpp/share/urdf_tutorial_cpp/cmake/urdf_tutorial_cppConfig.cmake
[11.197s] -- Symlinking: /home/ziad/ziad_ws/ROS2/tutorials_work_sapce/install/urdf_tutorial_cpp/share/urdf_tutorial_cpp/cmake/urdf_tutorial_cppConfig-version.cmake
[11.208s] -- Symlinking: /home/ziad/ziad_ws/ROS2/tutorials_work_sapce/install/urdf_tutorial_cpp/share/urdf_tutorial_cpp/package.xml
[11.221s] Invoked command in '/home/ziad/ziad_ws/ROS2/tutorials_work_sapce/build/urdf_tutorial_cpp' returned '0': CMAKE_PREFIX_PATH=${CMAKE_PREFIX_PATH}:/opt/ros/jazzy DEBUGINFOD_URLS=https://debuginfod.ubuntu.com /usr/bin/cmake --install /home/ziad/ziad_ws/ROS2/tutorials_work_sapce/build/urdf_tutorial_cpp
