[0.036s] Invoking command in '/home/ziad/ziad_ws/ROS2/work_space/build/custom_robot': CMAKE_PREFIX_PATH=${CMAKE_PREFIX_PATH}:/home/ziad/ziad_ws/ROS2/turtlebot3_ws/install/turtlebot3_teleop:/home/ziad/ziad_ws/ROS2/turtlebot3_ws/install/turtlebot3_example:/opt/ros/humble /usr/bin/cmake --build /home/ziad/ziad_ws/ROS2/work_space/build/custom_robot -- -j4 -l4
[0.113s] Invoked command in '/home/ziad/ziad_ws/ROS2/work_space/build/custom_robot' returned '0': CMAKE_PREFIX_PATH=${CMAKE_PREFIX_PATH}:/home/ziad/ziad_ws/ROS2/turtlebot3_ws/install/turtlebot3_teleop:/home/ziad/ziad_ws/ROS2/turtlebot3_ws/install/turtlebot3_example:/opt/ros/humble /usr/bin/cmake --build /home/ziad/ziad_ws/ROS2/work_space/build/custom_robot -- -j4 -l4
[0.116s] Invoking command in '/home/ziad/ziad_ws/ROS2/work_space/build/custom_robot': CMAKE_PREFIX_PATH=${CMAKE_PREFIX_PATH}:/home/ziad/ziad_ws/ROS2/turtlebot3_ws/install/turtlebot3_teleop:/home/ziad/ziad_ws/ROS2/turtlebot3_ws/install/turtlebot3_example:/opt/ros/humble /usr/bin/cmake --install /home/ziad/ziad_ws/ROS2/work_space/build/custom_robot
[0.135s] -- Install configuration: ""
[0.135s] -- Up-to-date: /home/ziad/ziad_ws/ROS2/work_space/install/custom_robot/share/custom_robot/launch
[0.135s] -- Up-to-date: /home/ziad/ziad_ws/ROS2/work_space/install/custom_robot/share/custom_robot/launch/display.launch.py
[0.135s] -- Up-to-date: /home/ziad/ziad_ws/ROS2/work_space/install/custom_robot/share/custom_robot/launch/gazebo.launch.py
[0.135s] -- Up-to-date: /home/ziad/ziad_ws/ROS2/work_space/install/custom_robot/share/custom_robot/urdf
[0.135s] -- Installing: /home/ziad/ziad_ws/ROS2/work_space/install/custom_robot/share/custom_robot/urdf/robot.urdf
[0.135s] -- Up-to-date: /home/ziad/ziad_ws/ROS2/work_space/install/custom_robot/share/ament_index/resource_index/package_run_dependencies/custom_robot
[0.136s] -- Up-to-date: /home/ziad/ziad_ws/ROS2/work_space/install/custom_robot/share/ament_index/resource_index/parent_prefix_path/custom_robot
[0.136s] -- Up-to-date: /home/ziad/ziad_ws/ROS2/work_space/install/custom_robot/share/custom_robot/environment/ament_prefix_path.sh
[0.136s] -- Up-to-date: /home/ziad/ziad_ws/ROS2/work_space/install/custom_robot/share/custom_robot/environment/ament_prefix_path.dsv
[0.136s] -- Up-to-date: /home/ziad/ziad_ws/ROS2/work_space/install/custom_robot/share/custom_robot/environment/path.sh
[0.139s] -- Up-to-date: /home/ziad/ziad_ws/ROS2/work_space/install/custom_robot/share/custom_robot/environment/path.dsv
[0.139s] -- Up-to-date: /home/ziad/ziad_ws/ROS2/work_space/install/custom_robot/share/custom_robot/local_setup.bash
[0.140s] -- Up-to-date: /home/ziad/ziad_ws/ROS2/work_space/install/custom_robot/share/custom_robot/local_setup.sh
[0.140s] -- Up-to-date: /home/ziad/ziad_ws/ROS2/work_space/install/custom_robot/share/custom_robot/local_setup.zsh
[0.140s] -- Up-to-date: /home/ziad/ziad_ws/ROS2/work_space/install/custom_robot/share/custom_robot/local_setup.dsv
[0.140s] -- Installing: /home/ziad/ziad_ws/ROS2/work_space/install/custom_robot/share/custom_robot/package.dsv
[0.141s] -- Up-to-date: /home/ziad/ziad_ws/ROS2/work_space/install/custom_robot/share/ament_index/resource_index/packages/custom_robot
[0.141s] -- Up-to-date: /home/ziad/ziad_ws/ROS2/work_space/install/custom_robot/share/custom_robot/cmake/custom_robotConfig.cmake
[0.141s] -- Up-to-date: /home/ziad/ziad_ws/ROS2/work_space/install/custom_robot/share/custom_robot/cmake/custom_robotConfig-version.cmake
[0.141s] -- Up-to-date: /home/ziad/ziad_ws/ROS2/work_space/install/custom_robot/share/custom_robot/package.xml
[0.153s] Invoked command in '/home/ziad/ziad_ws/ROS2/work_space/build/custom_robot' returned '0': CMAKE_PREFIX_PATH=${CMAKE_PREFIX_PATH}:/home/ziad/ziad_ws/ROS2/turtlebot3_ws/install/turtlebot3_teleop:/home/ziad/ziad_ws/ROS2/turtlebot3_ws/install/turtlebot3_example:/opt/ros/humble /usr/bin/cmake --install /home/ziad/ziad_ws/ROS2/work_space/build/custom_robot
