-- The C compiler identification is GNU 11.4.0
-- The CXX compiler identification is GNU 11.4.0
-- Detecting C compiler ABI info
-- Detecting C compiler ABI info - done
-- Check for working C compiler: /usr/bin/cc - skipped
-- Detecting C compile features
-- Detecting C compile features - done
-- Detecting CXX compiler ABI info
-- Detecting CXX compiler ABI info - done
-- Check for working CXX compiler: /usr/bin/c++ - skipped
-- Detecting CXX compile features
-- Detecting CXX compile features - done
-- Found ament_cmake: 1.3.12 (/opt/ros/humble/share/ament_cmake/cmake)
-- Found Python3: /usr/bin/python3 (found version "3.10.12") found components: Interpreter 
-- Override CMake install command with custom implementation using symlinks instead of copying resources
-- Configuring incomplete, errors occurred!
See also "/home/ziad/ziad_ws/ROS2/work_space/build/yahboom_rosmaster_bringup/CMakeFiles/CMakeOutput.log".
[31mCMake Error at CMakeLists.txt:22 (find_package):
  By not providing "Findament_lint_auto.cmake" in CMAKE_MODULE_PATH this
  project has asked CMake to find a package configuration file provided by
  "ament_lint_auto", but CMake did not find one.

  Could not find a package configuration file provided by "ament_lint_auto"
  with any of the following names:

    ament_lint_autoConfig.cmake
    ament_lint_auto-config.cmake

  Add the installation prefix of "ament_lint_auto" to CMAKE_PREFIX_PATH or
  set "ament_lint_auto_DIR" to a directory containing one of the above files.
  If "ament_lint_auto" provides a separate development package or SDK, be
  sure it has been installed.

[0m
