[0.318s] DEBUG:colcon:Command line arguments: ['/usr/bin/colcon', 'build']
[0.318s] DEBUG:colcon:Parsed command line arguments: Namespace(log_base=None, log_level=None, verb_name='build', build_base='build', install_base='install', merge_install=False, symlink_install=False, test_result_base=None, continue_on_error=False, executor='parallel', parallel_workers=4, event_handlers=None, ignore_user_meta=False, metas=['./colcon.meta'], base_paths=['.'], packages_ignore=None, packages_ignore_regex=None, paths=None, packages_up_to=None, packages_up_to_regex=None, packages_above=None, packages_above_and_dependencies=None, packages_above_depth=None, packages_select_by_dep=None, packages_skip_by_dep=None, packages_skip_up_to=None, packages_select_build_failed=False, packages_skip_build_finished=False, packages_select_test_failures=False, packages_skip_test_passed=False, packages_select=None, packages_skip=None, packages_select_regex=None, packages_skip_regex=None, packages_start=None, packages_end=None, allow_overriding=[], cmake_args=None, cmake_target=None, cmake_target_skip_unavailable=False, cmake_clean_cache=False, cmake_clean_first=False, cmake_force_configure=False, ament_cmake_args=None, catkin_cmake_args=None, catkin_skip_building_tests=False, mixin_files=None, mixin=None, verb_parser=<colcon_mixin.mixin.mixin_argument.MixinArgumentDecorator object at 0x7b74a6595b20>, verb_extension=<colcon_core.verb.build.BuildVerb object at 0x7b74a66b5b50>, main=<bound method BuildVerb.main of <colcon_core.verb.build.BuildVerb object at 0x7b74a66b5b50>>, mixin_verb=('build',))
[0.397s] Level 1:colcon.colcon_core.package_discovery:discover_packages(colcon_meta) check parameters
[0.397s] Level 1:colcon.colcon_core.package_discovery:discover_packages(recursive) check parameters
[0.398s] Level 1:colcon.colcon_core.package_discovery:discover_packages(ignore) check parameters
[0.398s] Level 1:colcon.colcon_core.package_discovery:discover_packages(path) check parameters
[0.398s] Level 1:colcon.colcon_core.package_discovery:discover_packages(colcon_meta) discover
[0.398s] Level 1:colcon.colcon_core.package_discovery:discover_packages(recursive) discover
[0.398s] INFO:colcon.colcon_core.package_discovery:Crawling recursively for packages in '/home/ziad/ziad_ws/ROS2/tutorials_work_sapce'
[0.398s] Level 1:colcon.colcon_core.package_identification:_identify(.) by extensions ['ignore', 'ignore_ament_install']
[0.398s] Level 1:colcon.colcon_core.package_identification:_identify(.) by extension 'ignore'
[0.398s] Level 1:colcon.colcon_core.package_identification:_identify(.) by extension 'ignore_ament_install'
[0.398s] Level 1:colcon.colcon_core.package_identification:_identify(.) by extensions ['colcon_pkg']
[0.398s] Level 1:colcon.colcon_core.package_identification:_identify(.) by extension 'colcon_pkg'
[0.398s] Level 1:colcon.colcon_core.package_identification:_identify(.) by extensions ['colcon_meta']
[0.398s] Level 1:colcon.colcon_core.package_identification:_identify(.) by extension 'colcon_meta'
[0.398s] Level 1:colcon.colcon_core.package_identification:_identify(.) by extensions ['ros']
[0.398s] Level 1:colcon.colcon_core.package_identification:_identify(.) by extension 'ros'
[0.440s] Level 1:colcon.colcon_core.package_identification:_identify(.) by extensions ['cmake', 'python']
[0.440s] Level 1:colcon.colcon_core.package_identification:_identify(.) by extension 'cmake'
[0.440s] Level 1:colcon.colcon_core.package_identification:_identify(.) by extension 'python'
[0.440s] Level 1:colcon.colcon_core.package_identification:_identify(.) by extensions ['python_setup_py']
[0.440s] Level 1:colcon.colcon_core.package_identification:_identify(.) by extension 'python_setup_py'
[0.440s] Level 1:colcon.colcon_core.package_identification:_identify(build) by extensions ['ignore', 'ignore_ament_install']
[0.440s] Level 1:colcon.colcon_core.package_identification:_identify(build) by extension 'ignore'
[0.440s] Level 1:colcon.colcon_core.package_identification:_identify(build) ignored
[0.440s] Level 1:colcon.colcon_core.package_identification:_identify(install) by extensions ['ignore', 'ignore_ament_install']
[0.440s] Level 1:colcon.colcon_core.package_identification:_identify(install) by extension 'ignore'
[0.440s] Level 1:colcon.colcon_core.package_identification:_identify(install) ignored
[0.441s] Level 1:colcon.colcon_core.package_identification:_identify(log) by extensions ['ignore', 'ignore_ament_install']
[0.441s] Level 1:colcon.colcon_core.package_identification:_identify(log) by extension 'ignore'
[0.441s] Level 1:colcon.colcon_core.package_identification:_identify(log) ignored
[0.441s] Level 1:colcon.colcon_core.package_identification:_identify(src) by extensions ['ignore', 'ignore_ament_install']
[0.441s] Level 1:colcon.colcon_core.package_identification:_identify(src) by extension 'ignore'
[0.441s] Level 1:colcon.colcon_core.package_identification:_identify(src) by extension 'ignore_ament_install'
[0.441s] Level 1:colcon.colcon_core.package_identification:_identify(src) by extensions ['colcon_pkg']
[0.441s] Level 1:colcon.colcon_core.package_identification:_identify(src) by extension 'colcon_pkg'
[0.441s] Level 1:colcon.colcon_core.package_identification:_identify(src) by extensions ['colcon_meta']
[0.441s] Level 1:colcon.colcon_core.package_identification:_identify(src) by extension 'colcon_meta'
[0.441s] Level 1:colcon.colcon_core.package_identification:_identify(src) by extensions ['ros']
[0.441s] Level 1:colcon.colcon_core.package_identification:_identify(src) by extension 'ros'
[0.441s] Level 1:colcon.colcon_core.package_identification:_identify(src) by extensions ['cmake', 'python']
[0.441s] Level 1:colcon.colcon_core.package_identification:_identify(src) by extension 'cmake'
[0.441s] Level 1:colcon.colcon_core.package_identification:_identify(src) by extension 'python'
[0.442s] Level 1:colcon.colcon_core.package_identification:_identify(src) by extensions ['python_setup_py']
[0.442s] Level 1:colcon.colcon_core.package_identification:_identify(src) by extension 'python_setup_py'
[0.442s] Level 1:colcon.colcon_core.package_identification:_identify(src/learning_tf2_cpp) by extensions ['ignore', 'ignore_ament_install']
[0.442s] Level 1:colcon.colcon_core.package_identification:_identify(src/learning_tf2_cpp) by extension 'ignore'
[0.442s] Level 1:colcon.colcon_core.package_identification:_identify(src/learning_tf2_cpp) by extension 'ignore_ament_install'
[0.442s] Level 1:colcon.colcon_core.package_identification:_identify(src/learning_tf2_cpp) by extensions ['colcon_pkg']
[0.442s] Level 1:colcon.colcon_core.package_identification:_identify(src/learning_tf2_cpp) by extension 'colcon_pkg'
[0.442s] Level 1:colcon.colcon_core.package_identification:_identify(src/learning_tf2_cpp) by extensions ['colcon_meta']
[0.442s] Level 1:colcon.colcon_core.package_identification:_identify(src/learning_tf2_cpp) by extension 'colcon_meta'
[0.442s] Level 1:colcon.colcon_core.package_identification:_identify(src/learning_tf2_cpp) by extensions ['ros']
[0.442s] Level 1:colcon.colcon_core.package_identification:_identify(src/learning_tf2_cpp) by extension 'ros'
[0.447s] DEBUG:colcon.colcon_core.package_identification:Package 'src/learning_tf2_cpp' with type 'ros.ament_cmake' and name 'learning_tf2_cpp'
[0.447s] Level 1:colcon.colcon_core.package_identification:_identify(src/simple_pub_sub) by extensions ['ignore', 'ignore_ament_install']
[0.447s] Level 1:colcon.colcon_core.package_identification:_identify(src/simple_pub_sub) by extension 'ignore'
[0.447s] Level 1:colcon.colcon_core.package_identification:_identify(src/simple_pub_sub) by extension 'ignore_ament_install'
[0.447s] Level 1:colcon.colcon_core.package_identification:_identify(src/simple_pub_sub) by extensions ['colcon_pkg']
[0.447s] Level 1:colcon.colcon_core.package_identification:_identify(src/simple_pub_sub) by extension 'colcon_pkg'
[0.447s] Level 1:colcon.colcon_core.package_identification:_identify(src/simple_pub_sub) by extensions ['colcon_meta']
[0.448s] Level 1:colcon.colcon_core.package_identification:_identify(src/simple_pub_sub) by extension 'colcon_meta'
[0.448s] Level 1:colcon.colcon_core.package_identification:_identify(src/simple_pub_sub) by extensions ['ros']
[0.448s] Level 1:colcon.colcon_core.package_identification:_identify(src/simple_pub_sub) by extension 'ros'
[0.448s] DEBUG:colcon.colcon_core.package_identification:Package 'src/simple_pub_sub' with type 'ros.ament_cmake' and name 'simple_pub_sub'
[0.449s] Level 1:colcon.colcon_core.package_discovery:discover_packages(recursive) using defaults
[0.449s] Level 1:colcon.colcon_core.package_discovery:discover_packages(ignore) discover
[0.449s] Level 1:colcon.colcon_core.package_discovery:discover_packages(ignore) using defaults
[0.449s] Level 1:colcon.colcon_core.package_discovery:discover_packages(path) discover
[0.449s] Level 1:colcon.colcon_core.package_discovery:discover_packages(path) using defaults
[0.482s] Level 1:colcon.colcon_core.package_discovery:discover_packages(prefix_path) check parameters
[0.482s] Level 1:colcon.colcon_core.package_discovery:discover_packages(prefix_path) discover
[0.486s] DEBUG:colcon.colcon_installed_package_information.package_discovery:Found 2 installed packages in /home/ziad/ziad_ws/ROS2/tutorials_work_sapce/install
[0.490s] DEBUG:colcon.colcon_installed_package_information.package_discovery:Found 490 installed packages in /opt/ros/jazzy
[0.492s] Level 1:colcon.colcon_core.package_discovery:discover_packages(prefix_path) using defaults
[0.669s] Level 5:colcon.colcon_core.verb:set package 'learning_tf2_cpp' build argument 'cmake_args' from command line to 'None'
[0.669s] Level 5:colcon.colcon_core.verb:set package 'learning_tf2_cpp' build argument 'cmake_target' from command line to 'None'
[0.669s] Level 5:colcon.colcon_core.verb:set package 'learning_tf2_cpp' build argument 'cmake_target_skip_unavailable' from command line to 'False'
[0.669s] Level 5:colcon.colcon_core.verb:set package 'learning_tf2_cpp' build argument 'cmake_clean_cache' from command line to 'False'
[0.669s] Level 5:colcon.colcon_core.verb:set package 'learning_tf2_cpp' build argument 'cmake_clean_first' from command line to 'False'
[0.669s] Level 5:colcon.colcon_core.verb:set package 'learning_tf2_cpp' build argument 'cmake_force_configure' from command line to 'False'
[0.669s] Level 5:colcon.colcon_core.verb:set package 'learning_tf2_cpp' build argument 'ament_cmake_args' from command line to 'None'
[0.669s] Level 5:colcon.colcon_core.verb:set package 'learning_tf2_cpp' build argument 'catkin_cmake_args' from command line to 'None'
[0.670s] Level 5:colcon.colcon_core.verb:set package 'learning_tf2_cpp' build argument 'catkin_skip_building_tests' from command line to 'False'
[0.670s] DEBUG:colcon.colcon_core.verb:Building package 'learning_tf2_cpp' with the following arguments: {'ament_cmake_args': None, 'build_base': '/home/ziad/ziad_ws/ROS2/tutorials_work_sapce/build/learning_tf2_cpp', 'catkin_cmake_args': None, 'catkin_skip_building_tests': False, 'cmake_args': None, 'cmake_clean_cache': False, 'cmake_clean_first': False, 'cmake_force_configure': False, 'cmake_target': None, 'cmake_target_skip_unavailable': False, 'install_base': '/home/ziad/ziad_ws/ROS2/tutorials_work_sapce/install/learning_tf2_cpp', 'merge_install': False, 'path': '/home/ziad/ziad_ws/ROS2/tutorials_work_sapce/src/learning_tf2_cpp', 'symlink_install': False, 'test_result_base': None}
[0.670s] Level 5:colcon.colcon_core.verb:set package 'simple_pub_sub' build argument 'cmake_args' from command line to 'None'
[0.670s] Level 5:colcon.colcon_core.verb:set package 'simple_pub_sub' build argument 'cmake_target' from command line to 'None'
[0.670s] Level 5:colcon.colcon_core.verb:set package 'simple_pub_sub' build argument 'cmake_target_skip_unavailable' from command line to 'False'
[0.670s] Level 5:colcon.colcon_core.verb:set package 'simple_pub_sub' build argument 'cmake_clean_cache' from command line to 'False'
[0.670s] Level 5:colcon.colcon_core.verb:set package 'simple_pub_sub' build argument 'cmake_clean_first' from command line to 'False'
[0.670s] Level 5:colcon.colcon_core.verb:set package 'simple_pub_sub' build argument 'cmake_force_configure' from command line to 'False'
[0.670s] Level 5:colcon.colcon_core.verb:set package 'simple_pub_sub' build argument 'ament_cmake_args' from command line to 'None'
[0.670s] Level 5:colcon.colcon_core.verb:set package 'simple_pub_sub' build argument 'catkin_cmake_args' from command line to 'None'
[0.670s] Level 5:colcon.colcon_core.verb:set package 'simple_pub_sub' build argument 'catkin_skip_building_tests' from command line to 'False'
[0.670s] DEBUG:colcon.colcon_core.verb:Building package 'simple_pub_sub' with the following arguments: {'ament_cmake_args': None, 'build_base': '/home/ziad/ziad_ws/ROS2/tutorials_work_sapce/build/simple_pub_sub', 'catkin_cmake_args': None, 'catkin_skip_building_tests': False, 'cmake_args': None, 'cmake_clean_cache': False, 'cmake_clean_first': False, 'cmake_force_configure': False, 'cmake_target': None, 'cmake_target_skip_unavailable': False, 'install_base': '/home/ziad/ziad_ws/ROS2/tutorials_work_sapce/install/simple_pub_sub', 'merge_install': False, 'path': '/home/ziad/ziad_ws/ROS2/tutorials_work_sapce/src/simple_pub_sub', 'symlink_install': False, 'test_result_base': None}
[0.670s] INFO:colcon.colcon_core.executor:Executing jobs using 'parallel' executor
[0.671s] DEBUG:colcon.colcon_parallel_executor.executor.parallel:run_until_complete
[0.672s] INFO:colcon.colcon_ros.task.ament_cmake.build:Building ROS package in '/home/ziad/ziad_ws/ROS2/tutorials_work_sapce/src/learning_tf2_cpp' with build type 'ament_cmake'
[0.672s] INFO:colcon.colcon_cmake.task.cmake.build:Building CMake package in '/home/ziad/ziad_ws/ROS2/tutorials_work_sapce/src/learning_tf2_cpp'
[0.678s] INFO:colcon.colcon_core.plugin_system:Skipping extension 'colcon_core.shell.bat': Not used on non-Windows systems
[0.678s] INFO:colcon.colcon_core.shell:Skip shell extension 'powershell' for command environment: Not usable outside of PowerShell
[0.678s] DEBUG:colcon.colcon_core.shell:Skip shell extension 'dsv' for command environment
[0.684s] INFO:colcon.colcon_ros.task.ament_cmake.build:Building ROS package in '/home/ziad/ziad_ws/ROS2/tutorials_work_sapce/src/simple_pub_sub' with build type 'ament_cmake'
[0.684s] INFO:colcon.colcon_cmake.task.cmake.build:Building CMake package in '/home/ziad/ziad_ws/ROS2/tutorials_work_sapce/src/simple_pub_sub'
[0.684s] INFO:colcon.colcon_core.shell:Skip shell extension 'powershell' for command environment: Not usable outside of PowerShell
[0.684s] DEBUG:colcon.colcon_core.shell:Skip shell extension 'dsv' for command environment
[0.693s] DEBUG:colcon.colcon_core.event_handler.log_command:Invoking command in '/home/ziad/ziad_ws/ROS2/tutorials_work_sapce/build/learning_tf2_cpp': CMAKE_PREFIX_PATH=${CMAKE_PREFIX_PATH}:/opt/ros/jazzy DEBUGINFOD_URLS=https://debuginfod.ubuntu.com /usr/bin/cmake /home/ziad/ziad_ws/ROS2/tutorials_work_sapce/src/learning_tf2_cpp -DCMAKE_INSTALL_PREFIX=/home/ziad/ziad_ws/ROS2/tutorials_work_sapce/install/learning_tf2_cpp
[0.722s] DEBUG:colcon.colcon_core.event_handler.log_command:Invoking command in '/home/ziad/ziad_ws/ROS2/tutorials_work_sapce/build/simple_pub_sub': CMAKE_PREFIX_PATH=${CMAKE_PREFIX_PATH}:/opt/ros/jazzy DEBUGINFOD_URLS=https://debuginfod.ubuntu.com /usr/bin/cmake --build /home/ziad/ziad_ws/ROS2/tutorials_work_sapce/build/simple_pub_sub -- -j4 -l4
[0.830s] DEBUG:colcon.colcon_core.event_handler.log_command:Invoked command in '/home/ziad/ziad_ws/ROS2/tutorials_work_sapce/build/simple_pub_sub' returned '0': CMAKE_PREFIX_PATH=${CMAKE_PREFIX_PATH}:/opt/ros/jazzy DEBUGINFOD_URLS=https://debuginfod.ubuntu.com /usr/bin/cmake --build /home/ziad/ziad_ws/ROS2/tutorials_work_sapce/build/simple_pub_sub -- -j4 -l4
[0.845s] DEBUG:colcon.colcon_core.event_handler.log_command:Invoking command in '/home/ziad/ziad_ws/ROS2/tutorials_work_sapce/build/simple_pub_sub': CMAKE_PREFIX_PATH=${CMAKE_PREFIX_PATH}:/opt/ros/jazzy DEBUGINFOD_URLS=https://debuginfod.ubuntu.com /usr/bin/cmake --install /home/ziad/ziad_ws/ROS2/tutorials_work_sapce/build/simple_pub_sub
[0.864s] Level 1:colcon.colcon_core.environment:create_environment_scripts_only(simple_pub_sub)
[0.865s] DEBUG:colcon.colcon_core.event_handler.log_command:Invoked command in '/home/ziad/ziad_ws/ROS2/tutorials_work_sapce/build/simple_pub_sub' returned '0': CMAKE_PREFIX_PATH=${CMAKE_PREFIX_PATH}:/opt/ros/jazzy DEBUGINFOD_URLS=https://debuginfod.ubuntu.com /usr/bin/cmake --install /home/ziad/ziad_ws/ROS2/tutorials_work_sapce/build/simple_pub_sub
[0.871s] Level 1:colcon.colcon_core.environment:checking '/home/ziad/ziad_ws/ROS2/tutorials_work_sapce/install/simple_pub_sub' for CMake module files
[0.873s] Level 1:colcon.colcon_core.environment:checking '/home/ziad/ziad_ws/ROS2/tutorials_work_sapce/install/simple_pub_sub' for CMake config files
[0.873s] Level 1:colcon.colcon_core.shell:create_environment_hook('simple_pub_sub', 'cmake_prefix_path')
[0.873s] INFO:colcon.colcon_core.shell:Creating environment hook '/home/ziad/ziad_ws/ROS2/tutorials_work_sapce/install/simple_pub_sub/share/simple_pub_sub/hook/cmake_prefix_path.ps1'
[0.875s] INFO:colcon.colcon_core.shell:Creating environment descriptor '/home/ziad/ziad_ws/ROS2/tutorials_work_sapce/install/simple_pub_sub/share/simple_pub_sub/hook/cmake_prefix_path.dsv'
[0.875s] INFO:colcon.colcon_core.shell:Creating environment hook '/home/ziad/ziad_ws/ROS2/tutorials_work_sapce/install/simple_pub_sub/share/simple_pub_sub/hook/cmake_prefix_path.sh'
[0.878s] Level 1:colcon.colcon_core.environment:checking '/home/ziad/ziad_ws/ROS2/tutorials_work_sapce/install/simple_pub_sub/lib'
[0.878s] Level 1:colcon.colcon_core.environment:checking '/home/ziad/ziad_ws/ROS2/tutorials_work_sapce/install/simple_pub_sub/bin'
[0.878s] Level 1:colcon.colcon_core.environment:checking '/home/ziad/ziad_ws/ROS2/tutorials_work_sapce/install/simple_pub_sub/lib/pkgconfig/simple_pub_sub.pc'
[0.879s] Level 1:colcon.colcon_core.environment:checking '/home/ziad/ziad_ws/ROS2/tutorials_work_sapce/install/simple_pub_sub/lib/python3.12/site-packages'
[0.879s] Level 1:colcon.colcon_core.environment:checking '/home/ziad/ziad_ws/ROS2/tutorials_work_sapce/install/simple_pub_sub/bin'
[0.879s] INFO:colcon.colcon_core.shell:Creating package script '/home/ziad/ziad_ws/ROS2/tutorials_work_sapce/install/simple_pub_sub/share/simple_pub_sub/package.ps1'
[0.881s] INFO:colcon.colcon_core.shell:Creating package descriptor '/home/ziad/ziad_ws/ROS2/tutorials_work_sapce/install/simple_pub_sub/share/simple_pub_sub/package.dsv'
[0.883s] INFO:colcon.colcon_core.shell:Creating package script '/home/ziad/ziad_ws/ROS2/tutorials_work_sapce/install/simple_pub_sub/share/simple_pub_sub/package.sh'
[0.884s] INFO:colcon.colcon_core.shell:Creating package script '/home/ziad/ziad_ws/ROS2/tutorials_work_sapce/install/simple_pub_sub/share/simple_pub_sub/package.bash'
[0.886s] INFO:colcon.colcon_core.shell:Creating package script '/home/ziad/ziad_ws/ROS2/tutorials_work_sapce/install/simple_pub_sub/share/simple_pub_sub/package.zsh'
[0.888s] Level 1:colcon.colcon_core.environment:create_file_with_runtime_dependencies(/home/ziad/ziad_ws/ROS2/tutorials_work_sapce/install/simple_pub_sub/share/colcon-core/packages/simple_pub_sub)
[0.889s] Level 1:colcon.colcon_core.environment:create_environment_scripts_only(simple_pub_sub)
[0.889s] Level 1:colcon.colcon_core.environment:checking '/home/ziad/ziad_ws/ROS2/tutorials_work_sapce/install/simple_pub_sub' for CMake module files
[0.890s] Level 1:colcon.colcon_core.environment:checking '/home/ziad/ziad_ws/ROS2/tutorials_work_sapce/install/simple_pub_sub' for CMake config files
[0.891s] Level 1:colcon.colcon_core.shell:create_environment_hook('simple_pub_sub', 'cmake_prefix_path')
[0.891s] INFO:colcon.colcon_core.shell:Creating environment hook '/home/ziad/ziad_ws/ROS2/tutorials_work_sapce/install/simple_pub_sub/share/simple_pub_sub/hook/cmake_prefix_path.ps1'
[0.892s] INFO:colcon.colcon_core.shell:Creating environment descriptor '/home/ziad/ziad_ws/ROS2/tutorials_work_sapce/install/simple_pub_sub/share/simple_pub_sub/hook/cmake_prefix_path.dsv'
[0.893s] INFO:colcon.colcon_core.shell:Creating environment hook '/home/ziad/ziad_ws/ROS2/tutorials_work_sapce/install/simple_pub_sub/share/simple_pub_sub/hook/cmake_prefix_path.sh'
[0.894s] Level 1:colcon.colcon_core.environment:checking '/home/ziad/ziad_ws/ROS2/tutorials_work_sapce/install/simple_pub_sub/lib'
[0.894s] Level 1:colcon.colcon_core.environment:checking '/home/ziad/ziad_ws/ROS2/tutorials_work_sapce/install/simple_pub_sub/bin'
[0.894s] Level 1:colcon.colcon_core.environment:checking '/home/ziad/ziad_ws/ROS2/tutorials_work_sapce/install/simple_pub_sub/lib/pkgconfig/simple_pub_sub.pc'
[0.895s] Level 1:colcon.colcon_core.environment:checking '/home/ziad/ziad_ws/ROS2/tutorials_work_sapce/install/simple_pub_sub/lib/python3.12/site-packages'
[0.895s] Level 1:colcon.colcon_core.environment:checking '/home/ziad/ziad_ws/ROS2/tutorials_work_sapce/install/simple_pub_sub/bin'
[0.896s] INFO:colcon.colcon_core.shell:Creating package script '/home/ziad/ziad_ws/ROS2/tutorials_work_sapce/install/simple_pub_sub/share/simple_pub_sub/package.ps1'
[0.897s] INFO:colcon.colcon_core.shell:Creating package descriptor '/home/ziad/ziad_ws/ROS2/tutorials_work_sapce/install/simple_pub_sub/share/simple_pub_sub/package.dsv'
[0.897s] INFO:colcon.colcon_core.shell:Creating package script '/home/ziad/ziad_ws/ROS2/tutorials_work_sapce/install/simple_pub_sub/share/simple_pub_sub/package.sh'
[0.898s] INFO:colcon.colcon_core.shell:Creating package script '/home/ziad/ziad_ws/ROS2/tutorials_work_sapce/install/simple_pub_sub/share/simple_pub_sub/package.bash'
[0.899s] INFO:colcon.colcon_core.shell:Creating package script '/home/ziad/ziad_ws/ROS2/tutorials_work_sapce/install/simple_pub_sub/share/simple_pub_sub/package.zsh'
[0.900s] Level 1:colcon.colcon_core.environment:create_file_with_runtime_dependencies(/home/ziad/ziad_ws/ROS2/tutorials_work_sapce/install/simple_pub_sub/share/colcon-core/packages/simple_pub_sub)
[3.122s] DEBUG:colcon.colcon_core.event_handler.log_command:Invoked command in '/home/ziad/ziad_ws/ROS2/tutorials_work_sapce/build/learning_tf2_cpp' returned '0': CMAKE_PREFIX_PATH=${CMAKE_PREFIX_PATH}:/opt/ros/jazzy DEBUGINFOD_URLS=https://debuginfod.ubuntu.com /usr/bin/cmake /home/ziad/ziad_ws/ROS2/tutorials_work_sapce/src/learning_tf2_cpp -DCMAKE_INSTALL_PREFIX=/home/ziad/ziad_ws/ROS2/tutorials_work_sapce/install/learning_tf2_cpp
[3.123s] DEBUG:colcon.colcon_core.event_handler.log_command:Invoking command in '/home/ziad/ziad_ws/ROS2/tutorials_work_sapce/build/learning_tf2_cpp': CMAKE_PREFIX_PATH=${CMAKE_PREFIX_PATH}:/opt/ros/jazzy DEBUGINFOD_URLS=https://debuginfod.ubuntu.com /usr/bin/cmake --build /home/ziad/ziad_ws/ROS2/tutorials_work_sapce/build/learning_tf2_cpp -- -j4 -l4
[8.847s] DEBUG:colcon.colcon_core.event_handler.log_command:Invoked command in '/home/ziad/ziad_ws/ROS2/tutorials_work_sapce/build/learning_tf2_cpp' returned '0': CMAKE_PREFIX_PATH=${CMAKE_PREFIX_PATH}:/opt/ros/jazzy DEBUGINFOD_URLS=https://debuginfod.ubuntu.com /usr/bin/cmake --build /home/ziad/ziad_ws/ROS2/tutorials_work_sapce/build/learning_tf2_cpp -- -j4 -l4
[8.848s] DEBUG:colcon.colcon_core.event_handler.log_command:Invoking command in '/home/ziad/ziad_ws/ROS2/tutorials_work_sapce/build/learning_tf2_cpp': CMAKE_PREFIX_PATH=${CMAKE_PREFIX_PATH}:/opt/ros/jazzy DEBUGINFOD_URLS=https://debuginfod.ubuntu.com /usr/bin/cmake --install /home/ziad/ziad_ws/ROS2/tutorials_work_sapce/build/learning_tf2_cpp
[8.866s] Level 1:colcon.colcon_core.environment:create_environment_scripts_only(learning_tf2_cpp)
[8.866s] DEBUG:colcon.colcon_core.event_handler.log_command:Invoked command in '/home/ziad/ziad_ws/ROS2/tutorials_work_sapce/build/learning_tf2_cpp' returned '0': CMAKE_PREFIX_PATH=${CMAKE_PREFIX_PATH}:/opt/ros/jazzy DEBUGINFOD_URLS=https://debuginfod.ubuntu.com /usr/bin/cmake --install /home/ziad/ziad_ws/ROS2/tutorials_work_sapce/build/learning_tf2_cpp
[8.866s] Level 1:colcon.colcon_core.environment:checking '/home/ziad/ziad_ws/ROS2/tutorials_work_sapce/install/learning_tf2_cpp' for CMake module files
[8.867s] Level 1:colcon.colcon_core.environment:checking '/home/ziad/ziad_ws/ROS2/tutorials_work_sapce/install/learning_tf2_cpp' for CMake config files
[8.867s] Level 1:colcon.colcon_core.shell:create_environment_hook('learning_tf2_cpp', 'cmake_prefix_path')
[8.868s] INFO:colcon.colcon_core.shell:Creating environment hook '/home/ziad/ziad_ws/ROS2/tutorials_work_sapce/install/learning_tf2_cpp/share/learning_tf2_cpp/hook/cmake_prefix_path.ps1'
[8.868s] INFO:colcon.colcon_core.shell:Creating environment descriptor '/home/ziad/ziad_ws/ROS2/tutorials_work_sapce/install/learning_tf2_cpp/share/learning_tf2_cpp/hook/cmake_prefix_path.dsv'
[8.869s] INFO:colcon.colcon_core.shell:Creating environment hook '/home/ziad/ziad_ws/ROS2/tutorials_work_sapce/install/learning_tf2_cpp/share/learning_tf2_cpp/hook/cmake_prefix_path.sh'
[8.869s] Level 1:colcon.colcon_core.environment:checking '/home/ziad/ziad_ws/ROS2/tutorials_work_sapce/install/learning_tf2_cpp/lib'
[8.869s] Level 1:colcon.colcon_core.environment:checking '/home/ziad/ziad_ws/ROS2/tutorials_work_sapce/install/learning_tf2_cpp/bin'
[8.869s] Level 1:colcon.colcon_core.environment:checking '/home/ziad/ziad_ws/ROS2/tutorials_work_sapce/install/learning_tf2_cpp/lib/pkgconfig/learning_tf2_cpp.pc'
[8.870s] Level 1:colcon.colcon_core.environment:checking '/home/ziad/ziad_ws/ROS2/tutorials_work_sapce/install/learning_tf2_cpp/lib/python3.12/site-packages'
[8.870s] Level 1:colcon.colcon_core.environment:checking '/home/ziad/ziad_ws/ROS2/tutorials_work_sapce/install/learning_tf2_cpp/bin'
[8.870s] INFO:colcon.colcon_core.shell:Creating package script '/home/ziad/ziad_ws/ROS2/tutorials_work_sapce/install/learning_tf2_cpp/share/learning_tf2_cpp/package.ps1'
[8.870s] INFO:colcon.colcon_core.shell:Creating package descriptor '/home/ziad/ziad_ws/ROS2/tutorials_work_sapce/install/learning_tf2_cpp/share/learning_tf2_cpp/package.dsv'
[8.871s] INFO:colcon.colcon_core.shell:Creating package script '/home/ziad/ziad_ws/ROS2/tutorials_work_sapce/install/learning_tf2_cpp/share/learning_tf2_cpp/package.sh'
[8.871s] INFO:colcon.colcon_core.shell:Creating package script '/home/ziad/ziad_ws/ROS2/tutorials_work_sapce/install/learning_tf2_cpp/share/learning_tf2_cpp/package.bash'
[8.872s] INFO:colcon.colcon_core.shell:Creating package script '/home/ziad/ziad_ws/ROS2/tutorials_work_sapce/install/learning_tf2_cpp/share/learning_tf2_cpp/package.zsh'
[8.872s] Level 1:colcon.colcon_core.environment:create_file_with_runtime_dependencies(/home/ziad/ziad_ws/ROS2/tutorials_work_sapce/install/learning_tf2_cpp/share/colcon-core/packages/learning_tf2_cpp)
[8.873s] Level 1:colcon.colcon_core.environment:create_environment_scripts_only(learning_tf2_cpp)
[8.873s] Level 1:colcon.colcon_core.environment:checking '/home/ziad/ziad_ws/ROS2/tutorials_work_sapce/install/learning_tf2_cpp' for CMake module files
[8.873s] Level 1:colcon.colcon_core.environment:checking '/home/ziad/ziad_ws/ROS2/tutorials_work_sapce/install/learning_tf2_cpp' for CMake config files
[8.874s] Level 1:colcon.colcon_core.shell:create_environment_hook('learning_tf2_cpp', 'cmake_prefix_path')
[8.874s] INFO:colcon.colcon_core.shell:Creating environment hook '/home/ziad/ziad_ws/ROS2/tutorials_work_sapce/install/learning_tf2_cpp/share/learning_tf2_cpp/hook/cmake_prefix_path.ps1'
[8.874s] INFO:colcon.colcon_core.shell:Creating environment descriptor '/home/ziad/ziad_ws/ROS2/tutorials_work_sapce/install/learning_tf2_cpp/share/learning_tf2_cpp/hook/cmake_prefix_path.dsv'
[8.875s] INFO:colcon.colcon_core.shell:Creating environment hook '/home/ziad/ziad_ws/ROS2/tutorials_work_sapce/install/learning_tf2_cpp/share/learning_tf2_cpp/hook/cmake_prefix_path.sh'
[8.875s] Level 1:colcon.colcon_core.environment:checking '/home/ziad/ziad_ws/ROS2/tutorials_work_sapce/install/learning_tf2_cpp/lib'
[8.875s] Level 1:colcon.colcon_core.environment:checking '/home/ziad/ziad_ws/ROS2/tutorials_work_sapce/install/learning_tf2_cpp/bin'
[8.875s] Level 1:colcon.colcon_core.environment:checking '/home/ziad/ziad_ws/ROS2/tutorials_work_sapce/install/learning_tf2_cpp/lib/pkgconfig/learning_tf2_cpp.pc'
[8.876s] Level 1:colcon.colcon_core.environment:checking '/home/ziad/ziad_ws/ROS2/tutorials_work_sapce/install/learning_tf2_cpp/lib/python3.12/site-packages'
[8.876s] Level 1:colcon.colcon_core.environment:checking '/home/ziad/ziad_ws/ROS2/tutorials_work_sapce/install/learning_tf2_cpp/bin'
[8.876s] INFO:colcon.colcon_core.shell:Creating package script '/home/ziad/ziad_ws/ROS2/tutorials_work_sapce/install/learning_tf2_cpp/share/learning_tf2_cpp/package.ps1'
[8.877s] INFO:colcon.colcon_core.shell:Creating package descriptor '/home/ziad/ziad_ws/ROS2/tutorials_work_sapce/install/learning_tf2_cpp/share/learning_tf2_cpp/package.dsv'
[8.879s] INFO:colcon.colcon_core.shell:Creating package script '/home/ziad/ziad_ws/ROS2/tutorials_work_sapce/install/learning_tf2_cpp/share/learning_tf2_cpp/package.sh'
[8.880s] INFO:colcon.colcon_core.shell:Creating package script '/home/ziad/ziad_ws/ROS2/tutorials_work_sapce/install/learning_tf2_cpp/share/learning_tf2_cpp/package.bash'
[8.882s] INFO:colcon.colcon_core.shell:Creating package script '/home/ziad/ziad_ws/ROS2/tutorials_work_sapce/install/learning_tf2_cpp/share/learning_tf2_cpp/package.zsh'
[8.883s] Level 1:colcon.colcon_core.environment:create_file_with_runtime_dependencies(/home/ziad/ziad_ws/ROS2/tutorials_work_sapce/install/learning_tf2_cpp/share/colcon-core/packages/learning_tf2_cpp)
[8.884s] DEBUG:colcon.colcon_parallel_executor.executor.parallel:closing loop
[8.885s] DEBUG:colcon.colcon_parallel_executor.executor.parallel:loop closed
[8.885s] DEBUG:colcon.colcon_parallel_executor.executor.parallel:run_until_complete finished with '0'
[8.885s] DEBUG:colcon.colcon_core.event_reactor:joining thread
[8.908s] INFO:colcon.colcon_core.plugin_system:Skipping extension 'colcon_notification.desktop_notification.terminal_notifier': Not used on non-Darwin systems
[8.908s] INFO:colcon.colcon_core.plugin_system:Skipping extension 'colcon_notification.desktop_notification.win32': Not used on non-Windows systems
[8.908s] INFO:colcon.colcon_notification.desktop_notification:Sending desktop notification using 'notify2'
[8.982s] DEBUG:colcon.colcon_core.event_reactor:joined thread
[8.983s] INFO:colcon.colcon_core.shell:Creating prefix script '/home/ziad/ziad_ws/ROS2/tutorials_work_sapce/install/local_setup.ps1'
[8.984s] INFO:colcon.colcon_core.shell:Creating prefix util module '/home/ziad/ziad_ws/ROS2/tutorials_work_sapce/install/_local_setup_util_ps1.py'
[8.987s] INFO:colcon.colcon_core.shell:Creating prefix chain script '/home/ziad/ziad_ws/ROS2/tutorials_work_sapce/install/setup.ps1'
[8.988s] INFO:colcon.colcon_core.shell:Creating prefix script '/home/ziad/ziad_ws/ROS2/tutorials_work_sapce/install/local_setup.sh'
[8.989s] INFO:colcon.colcon_core.shell:Creating prefix util module '/home/ziad/ziad_ws/ROS2/tutorials_work_sapce/install/_local_setup_util_sh.py'
[8.990s] INFO:colcon.colcon_core.shell:Creating prefix chain script '/home/ziad/ziad_ws/ROS2/tutorials_work_sapce/install/setup.sh'
[8.993s] INFO:colcon.colcon_core.shell:Creating prefix script '/home/ziad/ziad_ws/ROS2/tutorials_work_sapce/install/local_setup.bash'
[8.993s] INFO:colcon.colcon_core.shell:Creating prefix chain script '/home/ziad/ziad_ws/ROS2/tutorials_work_sapce/install/setup.bash'
[8.995s] INFO:colcon.colcon_core.shell:Creating prefix script '/home/ziad/ziad_ws/ROS2/tutorials_work_sapce/install/local_setup.zsh'
[8.997s] INFO:colcon.colcon_core.shell:Creating prefix chain script '/home/ziad/ziad_ws/ROS2/tutorials_work_sapce/install/setup.zsh'
