[0.020s] Invoking command in '/home/ziad/ziad_ws/ROS2/work_space/build/yahboom_rosmaster_msgs': CMAKE_PREFIX_PATH=/opt/ros/humble /usr/bin/cmake /home/ziad/ziad_ws/ROS2/work_space/src/yahboom_rosmaster/yahboom_rosmaster_msgs -DAMENT_CMAKE_SYMLINK_INSTALL=1 -DCMAKE_INSTALL_PREFIX=/home/ziad/ziad_ws/ROS2/work_space/install/yahboom_rosmaster_msgs
[0.139s] -- The C compiler identification is GNU 11.4.0
[0.252s] -- The CXX compiler identification is GNU 11.4.0
[0.266s] -- Detecting C compiler ABI info
[0.390s] -- Detecting C compiler ABI info - done
[0.408s] -- Check for working C compiler: /usr/bin/cc - skipped
[0.410s] -- Detecting C compile features
[0.411s] -- Detecting C compile features - done
[0.416s] -- Detecting CXX compiler ABI info
[0.560s] -- Detecting CXX compiler ABI info - done
[0.577s] -- Check for working CXX compiler: /usr/bin/c++ - skipped
[0.580s] -- Detecting CXX compile features
[0.581s] -- Detecting CXX compile features - done
[0.582s] -- Found ament_cmake: 1.3.12 (/opt/ros/humble/share/ament_cmake/cmake)
[0.892s] -- Found Python3: /usr/bin/python3 (found version "3.10.12") found components: Interpreter 
[1.032s] -- Override CMake install command with custom implementation using symlinks instead of copying resources
[1.074s] -- Found rosidl_default_generators: 1.2.0 (/opt/ros/humble/share/rosidl_default_generators/cmake)
[1.080s] -- Using all available rosidl_typesupport_c: rosidl_typesupport_fastrtps_c;rosidl_typesupport_introspection_c
[1.091s] -- Found rosidl_adapter: 3.1.7 (/opt/ros/humble/share/rosidl_adapter/cmake)
[1.169s] -- Using all available rosidl_typesupport_cpp: rosidl_typesupport_fastrtps_cpp;rosidl_typesupport_introspection_cpp
[1.594s] -- Found ament_cmake_ros: 0.10.0 (/opt/ros/humble/share/ament_cmake_ros/cmake)
[1.836s] -- Using all available rosidl_typesupport_c: rosidl_typesupport_fastrtps_c;rosidl_typesupport_introspection_c
[2.119s] -- Using all available rosidl_typesupport_cpp: rosidl_typesupport_fastrtps_cpp;rosidl_typesupport_introspection_cpp
[2.148s] -- Found PythonInterp: /usr/bin/python3 (found suitable version "3.10.12", minimum required is "3.6") 
[2.150s] -- Found python_cmake_module: 0.10.0 (/opt/ros/humble/share/python_cmake_module/cmake)
[2.179s] -- Found PythonLibs: /usr/lib/x86_64-linux-gnu/libpython3.10.so (found suitable version "3.10.12", minimum required is "3.5") 
[2.179s] -- Using PYTHON_EXECUTABLE: /usr/bin/python3
[2.179s] -- Using PYTHON_INCLUDE_DIRS: /usr/include/python3.10
[2.179s] -- Using PYTHON_LIBRARIES: /usr/lib/x86_64-linux-gnu/libpython3.10.so
[2.203s] -- Found PythonExtra: .so  
[2.270s] [31mCMake Error at CMakeLists.txt:18 (find_package):
[2.271s]   By not providing "Findament_lint_auto.cmake" in CMAKE_MODULE_PATH this
[2.271s]   project has asked CMake to find a package configuration file provided by
[2.271s]   "ament_lint_auto", but CMake did not find one.
[2.271s] 
[2.271s]   Could not find a package configuration file provided by "ament_lint_auto"
[2.271s]   with any of the following names:
[2.271s] 
[2.271s]     ament_lint_autoConfig.cmake
[2.271s]     ament_lint_auto-config.cmake
[2.271s] 
[2.271s]   Add the installation prefix of "ament_lint_auto" to CMAKE_PREFIX_PATH or
[2.272s]   set "ament_lint_auto_DIR" to a directory containing one of the above files.
[2.272s]   If "ament_lint_auto" provides a separate development package or SDK, be
[2.272s]   sure it has been installed.
[2.272s] 
[2.272s] [0m
[2.272s] -- Configuring incomplete, errors occurred!
[2.272s] See also "/home/ziad/ziad_ws/ROS2/work_space/build/yahboom_rosmaster_msgs/CMakeFiles/CMakeOutput.log".
