[0.014s] Invoking command in '/home/ziad/Ziad_WS/ROS2/work_space/build/hand_control_robot': CMAKE_PREFIX_PATH=${CMAKE_PREFIX_PATH}:/opt/ros/humble /usr/bin/cmake --build /home/ziad/Ziad_WS/ROS2/work_space/build/hand_control_robot -- -j4 -l4
[0.094s] [ 50%] [32mBuilding CXX object CMakeFiles/hand_control.dir/src/hand_control.cpp.o[0m
[6.277s] [100%] [32m[1mLinking CXX executable hand_control[0m
[14.814s] [100%] Built target hand_control
[14.828s] Invoked command in '/home/ziad/Ziad_WS/ROS2/work_space/build/hand_control_robot' returned '0': CMAKE_PREFIX_PATH=${CMAKE_PREFIX_PATH}:/opt/ros/humble /usr/bin/cmake --build /home/ziad/Ziad_WS/ROS2/work_space/build/hand_control_robot -- -j4 -l4
[14.841s] Invoking command in '/home/ziad/Ziad_WS/ROS2/work_space/build/hand_control_robot': CMAKE_PREFIX_PATH=${CMAKE_PREFIX_PATH}:/opt/ros/humble /usr/bin/cmake --install /home/ziad/Ziad_WS/ROS2/work_space/build/hand_control_robot
[14.850s] -- Install configuration: "Release"
[14.851s] -- Execute custom install script
[14.851s] -- Up-to-date symlink: /home/ziad/Ziad_WS/ROS2/work_space/install/hand_control_robot/lib/hand_control_robot/hand_control
[14.852s] -- Up-to-date symlink: /home/ziad/Ziad_WS/ROS2/work_space/install/hand_control_robot/share/hand_control_robot//launch/hand_control.launch.py
[14.853s] -- Up-to-date symlink: /home/ziad/Ziad_WS/ROS2/work_space/install/hand_control_robot/share/ament_index/resource_index/package_run_dependencies/hand_control_robot
[14.853s] -- Up-to-date symlink: /home/ziad/Ziad_WS/ROS2/work_space/install/hand_control_robot/share/ament_index/resource_index/parent_prefix_path/hand_control_robot
[14.854s] -- Up-to-date symlink: /home/ziad/Ziad_WS/ROS2/work_space/install/hand_control_robot/share/hand_control_robot/environment/ament_prefix_path.sh
[14.854s] -- Up-to-date symlink: /home/ziad/Ziad_WS/ROS2/work_space/install/hand_control_robot/share/hand_control_robot/environment/ament_prefix_path.dsv
[14.854s] -- Up-to-date symlink: /home/ziad/Ziad_WS/ROS2/work_space/install/hand_control_robot/share/hand_control_robot/environment/path.sh
[14.855s] -- Up-to-date symlink: /home/ziad/Ziad_WS/ROS2/work_space/install/hand_control_robot/share/hand_control_robot/environment/path.dsv
[14.855s] -- Up-to-date symlink: /home/ziad/Ziad_WS/ROS2/work_space/install/hand_control_robot/share/hand_control_robot/local_setup.bash
[14.855s] -- Up-to-date symlink: /home/ziad/Ziad_WS/ROS2/work_space/install/hand_control_robot/share/hand_control_robot/local_setup.sh
[14.856s] -- Up-to-date symlink: /home/ziad/Ziad_WS/ROS2/work_space/install/hand_control_robot/share/hand_control_robot/local_setup.zsh
[14.856s] -- Up-to-date symlink: /home/ziad/Ziad_WS/ROS2/work_space/install/hand_control_robot/share/hand_control_robot/local_setup.dsv
[14.856s] -- Symlinking: /home/ziad/Ziad_WS/ROS2/work_space/install/hand_control_robot/share/hand_control_robot/package.dsv
[14.867s] -- Up-to-date symlink: /home/ziad/Ziad_WS/ROS2/work_space/install/hand_control_robot/share/ament_index/resource_index/packages/hand_control_robot
[14.867s] -- Up-to-date symlink: /home/ziad/Ziad_WS/ROS2/work_space/install/hand_control_robot/share/hand_control_robot/cmake/hand_control_robotConfig.cmake
[14.867s] -- Up-to-date symlink: /home/ziad/Ziad_WS/ROS2/work_space/install/hand_control_robot/share/hand_control_robot/cmake/hand_control_robotConfig-version.cmake
[14.867s] -- Up-to-date symlink: /home/ziad/Ziad_WS/ROS2/work_space/install/hand_control_robot/share/hand_control_robot/package.xml
[14.870s] Invoked command in '/home/ziad/Ziad_WS/ROS2/work_space/build/hand_control_robot' returned '0': CMAKE_PREFIX_PATH=${CMAKE_PREFIX_PATH}:/opt/ros/humble /usr/bin/cmake --install /home/ziad/Ziad_WS/ROS2/work_space/build/hand_control_robot
