[1.068s] Invoking command in '/home/ziad/ziad_ws/ROS2/turtlebot3_ws/src/turtlebot3/turtlebot3_teleop': PYTHONPATH=/home/ziad/ziad_ws/ROS2/turtlebot3_ws/build/turtlebot3_teleop/prefix_override:/usr/lib/python3/dist-packages/colcon_core/task/python/colcon_distutils_commands:/home/ziad/ziad_ws/ROS2/turtlebot3_ws/install/turtlebot3_teleop/lib/python3.10/site-packages:${PYTHONPATH} /usr/bin/python3 -W ignore:setup.py install is deprecated -W ignore:easy_install command is deprecated setup.py egg_info --egg-base ../../../build/turtlebot3_teleop build --build-base /home/ziad/ziad_ws/ROS2/turtlebot3_ws/build/turtlebot3_teleop/build install --record /home/ziad/ziad_ws/ROS2/turtlebot3_ws/build/turtlebot3_teleop/install.log --single-version-externally-managed install_data
[1.471s] running egg_info
[1.472s] creating ../../../build/turtlebot3_teleop/turtlebot3_teleop.egg-info
[1.472s] writing ../../../build/turtlebot3_teleop/turtlebot3_teleop.egg-info/PKG-INFO
[1.473s] writing dependency_links to ../../../build/turtlebot3_teleop/turtlebot3_teleop.egg-info/dependency_links.txt
[1.473s] writing entry points to ../../../build/turtlebot3_teleop/turtlebot3_teleop.egg-info/entry_points.txt
[1.473s] writing requirements to ../../../build/turtlebot3_teleop/turtlebot3_teleop.egg-info/requires.txt
[1.474s] writing top-level names to ../../../build/turtlebot3_teleop/turtlebot3_teleop.egg-info/top_level.txt
[1.474s] writing manifest file '../../../build/turtlebot3_teleop/turtlebot3_teleop.egg-info/SOURCES.txt'
[1.477s] reading manifest file '../../../build/turtlebot3_teleop/turtlebot3_teleop.egg-info/SOURCES.txt'
[1.478s] writing manifest file '../../../build/turtlebot3_teleop/turtlebot3_teleop.egg-info/SOURCES.txt'
[1.479s] running build
[1.479s] running build_py
[1.479s] creating /home/ziad/ziad_ws/ROS2/turtlebot3_ws/build/turtlebot3_teleop/build
[1.479s] creating /home/ziad/ziad_ws/ROS2/turtlebot3_ws/build/turtlebot3_teleop/build/lib
[1.479s] creating /home/ziad/ziad_ws/ROS2/turtlebot3_ws/build/turtlebot3_teleop/build/lib/turtlebot3_teleop
[1.480s] copying turtlebot3_teleop/__init__.py -> /home/ziad/ziad_ws/ROS2/turtlebot3_ws/build/turtlebot3_teleop/build/lib/turtlebot3_teleop
[1.480s] creating /home/ziad/ziad_ws/ROS2/turtlebot3_ws/build/turtlebot3_teleop/build/lib/turtlebot3_teleop/script
[1.480s] copying turtlebot3_teleop/script/teleop_keyboard.py -> /home/ziad/ziad_ws/ROS2/turtlebot3_ws/build/turtlebot3_teleop/build/lib/turtlebot3_teleop/script
[1.480s] copying turtlebot3_teleop/script/__init__.py -> /home/ziad/ziad_ws/ROS2/turtlebot3_ws/build/turtlebot3_teleop/build/lib/turtlebot3_teleop/script
[1.481s] running install
[1.481s] running install_lib
[1.483s] creating /home/ziad/ziad_ws/ROS2/turtlebot3_ws/install/turtlebot3_teleop/lib/python3.10/site-packages/turtlebot3_teleop
[1.483s] creating /home/ziad/ziad_ws/ROS2/turtlebot3_ws/install/turtlebot3_teleop/lib/python3.10/site-packages/turtlebot3_teleop/script
[1.483s] copying /home/ziad/ziad_ws/ROS2/turtlebot3_ws/build/turtlebot3_teleop/build/lib/turtlebot3_teleop/script/teleop_keyboard.py -> /home/ziad/ziad_ws/ROS2/turtlebot3_ws/install/turtlebot3_teleop/lib/python3.10/site-packages/turtlebot3_teleop/script
[1.484s] copying /home/ziad/ziad_ws/ROS2/turtlebot3_ws/build/turtlebot3_teleop/build/lib/turtlebot3_teleop/script/__init__.py -> /home/ziad/ziad_ws/ROS2/turtlebot3_ws/install/turtlebot3_teleop/lib/python3.10/site-packages/turtlebot3_teleop/script
[1.484s] copying /home/ziad/ziad_ws/ROS2/turtlebot3_ws/build/turtlebot3_teleop/build/lib/turtlebot3_teleop/__init__.py -> /home/ziad/ziad_ws/ROS2/turtlebot3_ws/install/turtlebot3_teleop/lib/python3.10/site-packages/turtlebot3_teleop
[1.484s] byte-compiling /home/ziad/ziad_ws/ROS2/turtlebot3_ws/install/turtlebot3_teleop/lib/python3.10/site-packages/turtlebot3_teleop/script/teleop_keyboard.py to teleop_keyboard.cpython-310.pyc
[1.487s] byte-compiling /home/ziad/ziad_ws/ROS2/turtlebot3_ws/install/turtlebot3_teleop/lib/python3.10/site-packages/turtlebot3_teleop/script/__init__.py to __init__.cpython-310.pyc
[1.487s] byte-compiling /home/ziad/ziad_ws/ROS2/turtlebot3_ws/install/turtlebot3_teleop/lib/python3.10/site-packages/turtlebot3_teleop/__init__.py to __init__.cpython-310.pyc
[1.488s] running install_data
[1.488s] creating /home/ziad/ziad_ws/ROS2/turtlebot3_ws/install/turtlebot3_teleop/share/ament_index
[1.488s] creating /home/ziad/ziad_ws/ROS2/turtlebot3_ws/install/turtlebot3_teleop/share/ament_index/resource_index
[1.488s] creating /home/ziad/ziad_ws/ROS2/turtlebot3_ws/install/turtlebot3_teleop/share/ament_index/resource_index/packages
[1.488s] copying resource/turtlebot3_teleop -> /home/ziad/ziad_ws/ROS2/turtlebot3_ws/install/turtlebot3_teleop/share/ament_index/resource_index/packages
[1.488s] copying package.xml -> /home/ziad/ziad_ws/ROS2/turtlebot3_ws/install/turtlebot3_teleop/share/turtlebot3_teleop
[1.489s] running install_egg_info
[1.491s] Copying ../../../build/turtlebot3_teleop/turtlebot3_teleop.egg-info to /home/ziad/ziad_ws/ROS2/turtlebot3_ws/install/turtlebot3_teleop/lib/python3.10/site-packages/turtlebot3_teleop-2.3.3-py3.10.egg-info
[1.492s] running install_scripts
[1.533s] Installing teleop_keyboard script to /home/ziad/ziad_ws/ROS2/turtlebot3_ws/install/turtlebot3_teleop/lib/turtlebot3_teleop
[1.533s] writing list of installed files to '/home/ziad/ziad_ws/ROS2/turtlebot3_ws/build/turtlebot3_teleop/install.log'
[1.586s] Invoked command in '/home/ziad/ziad_ws/ROS2/turtlebot3_ws/src/turtlebot3/turtlebot3_teleop' returned '0': PYTHONPATH=/home/ziad/ziad_ws/ROS2/turtlebot3_ws/build/turtlebot3_teleop/prefix_override:/usr/lib/python3/dist-packages/colcon_core/task/python/colcon_distutils_commands:/home/ziad/ziad_ws/ROS2/turtlebot3_ws/install/turtlebot3_teleop/lib/python3.10/site-packages:${PYTHONPATH} /usr/bin/python3 -W ignore:setup.py install is deprecated -W ignore:easy_install command is deprecated setup.py egg_info --egg-base ../../../build/turtlebot3_teleop build --build-base /home/ziad/ziad_ws/ROS2/turtlebot3_ws/build/turtlebot3_teleop/build install --record /home/ziad/ziad_ws/ROS2/turtlebot3_ws/build/turtlebot3_teleop/install.log --single-version-externally-managed install_data
