[0.022s] Invoking command in '/home/ziad/Ziad_WS/ROS2/ziad_ws/build/custom_panda_controller': CMAKE_PREFIX_PATH=${CMAKE_PREFIX_PATH}:/opt/ros/humble /usr/bin/cmake --build /home/ziad/Ziad_WS/ROS2/ziad_ws/build/custom_panda_controller -- -j4 -l4
[0.129s] [100%] Built target panda_pick_place
[0.162s] Invoked command in '/home/ziad/Ziad_WS/ROS2/ziad_ws/build/custom_panda_controller' returned '0': CMAKE_PREFIX_PATH=${CMAKE_PREFIX_PATH}:/opt/ros/humble /usr/bin/cmake --build /home/ziad/Ziad_WS/ROS2/ziad_ws/build/custom_panda_controller -- -j4 -l4
[0.165s] Invoking command in '/home/ziad/Ziad_WS/ROS2/ziad_ws/build/custom_panda_controller': CMAKE_PREFIX_PATH=${CMAKE_PREFIX_PATH}:/opt/ros/humble /usr/bin/cmake --install /home/ziad/Ziad_WS/ROS2/ziad_ws/build/custom_panda_controller
[0.175s] -- Install configuration: ""
[0.176s] -- Up-to-date: /home/ziad/Ziad_WS/ROS2/ziad_ws/install/custom_panda_controller/lib/custom_panda_controller/panda_pick_place
[0.176s] -- Up-to-date: /home/ziad/Ziad_WS/ROS2/ziad_ws/install/custom_panda_controller/share/custom_panda_controller/launch
[0.176s] -- Installing: /home/ziad/Ziad_WS/ROS2/ziad_ws/install/custom_panda_controller/share/custom_panda_controller/launch/simple_panda_demo.launch.py
[0.176s] -- Up-to-date: /home/ziad/Ziad_WS/ROS2/ziad_ws/install/custom_panda_controller/share/ament_index/resource_index/package_run_dependencies/custom_panda_controller
[0.176s] -- Up-to-date: /home/ziad/Ziad_WS/ROS2/ziad_ws/install/custom_panda_controller/share/ament_index/resource_index/parent_prefix_path/custom_panda_controller
[0.176s] -- Up-to-date: /home/ziad/Ziad_WS/ROS2/ziad_ws/install/custom_panda_controller/share/custom_panda_controller/environment/ament_prefix_path.sh
[0.177s] -- Up-to-date: /home/ziad/Ziad_WS/ROS2/ziad_ws/install/custom_panda_controller/share/custom_panda_controller/environment/ament_prefix_path.dsv
[0.177s] -- Up-to-date: /home/ziad/Ziad_WS/ROS2/ziad_ws/install/custom_panda_controller/share/custom_panda_controller/environment/path.sh
[0.177s] -- Up-to-date: /home/ziad/Ziad_WS/ROS2/ziad_ws/install/custom_panda_controller/share/custom_panda_controller/environment/path.dsv
[0.177s] -- Up-to-date: /home/ziad/Ziad_WS/ROS2/ziad_ws/install/custom_panda_controller/share/custom_panda_controller/local_setup.bash
[0.177s] -- Up-to-date: /home/ziad/Ziad_WS/ROS2/ziad_ws/install/custom_panda_controller/share/custom_panda_controller/local_setup.sh
[0.177s] -- Up-to-date: /home/ziad/Ziad_WS/ROS2/ziad_ws/install/custom_panda_controller/share/custom_panda_controller/local_setup.zsh
[0.178s] -- Up-to-date: /home/ziad/Ziad_WS/ROS2/ziad_ws/install/custom_panda_controller/share/custom_panda_controller/local_setup.dsv
[0.178s] -- Installing: /home/ziad/Ziad_WS/ROS2/ziad_ws/install/custom_panda_controller/share/custom_panda_controller/package.dsv
[0.178s] -- Up-to-date: /home/ziad/Ziad_WS/ROS2/ziad_ws/install/custom_panda_controller/share/ament_index/resource_index/packages/custom_panda_controller
[0.179s] -- Up-to-date: /home/ziad/Ziad_WS/ROS2/ziad_ws/install/custom_panda_controller/share/custom_panda_controller/cmake/custom_panda_controllerConfig.cmake
[0.179s] -- Up-to-date: /home/ziad/Ziad_WS/ROS2/ziad_ws/install/custom_panda_controller/share/custom_panda_controller/cmake/custom_panda_controllerConfig-version.cmake
[0.179s] -- Up-to-date: /home/ziad/Ziad_WS/ROS2/ziad_ws/install/custom_panda_controller/share/custom_panda_controller/package.xml
[0.197s] Invoked command in '/home/ziad/Ziad_WS/ROS2/ziad_ws/build/custom_panda_controller' returned '0': CMAKE_PREFIX_PATH=${CMAKE_PREFIX_PATH}:/opt/ros/humble /usr/bin/cmake --install /home/ziad/Ziad_WS/ROS2/ziad_ws/build/custom_panda_controller
