[0.027s] Invoking command in '/home/ziad/ziad_ws/ROS2/turtlebot3_ws/build/turtlebot3_node': CMAKE_PREFIX_PATH=/home/ziad/ziad_ws/ROS2/turtlebot3_ws/install/turtlebot3_msgs:/home/ziad/ziad_ws/ROS2/turtlebot3_ws/install/dynamixel_sdk:/home/ziad/ziad_ws/ROS2/turtlebot3_ws/install/turtlebot3:/home/ziad/ziad_ws/ROS2/turtlebot3_ws/install/turtlebot3_bringup:/home/ziad/ziad_ws/ROS2/turtlebot3_ws/install/turtlebot3_node:/home/ziad/ziad_ws/ROS2/turtlebot3_ws/install/turtlebot3_navigation2:/home/ziad/ziad_ws/ROS2/turtlebot3_ws/install/turtlebot3_description:/home/ziad/ziad_ws/ROS2/turtlebot3_ws/install/turtlebot3_cartographer:/home/ziad/ziad_ws/ROS2/turtlebot3_ws/install/dynamixel_sdk_examples:/home/ziad/ziad_ws/ROS2/turtlebot3_ws/install/dynamixel_sdk_custom_interfaces:/home/ziad/ziad_ws/ROS2/turtlebot3_ws/install/turtlebot3_teleop:/home/ziad/ziad_ws/ROS2/turtlebot3_ws/install/turtlebot3_example:/opt/ros/humble LD_LIBRARY_PATH=/home/ziad/ziad_ws/ROS2/turtlebot3_ws/install/turtlebot3_msgs/lib:/home/ziad/ziad_ws/ROS2/turtlebot3_ws/install/dynamixel_sdk/lib:/home/ziad/ziad_ws/ROS2/turtlebot3_ws/install/dynamixel_sdk_custom_interfaces/lib:/opt/ros/humble/opt/rviz_ogre_vendor/lib:/opt/ros/humble/lib/x86_64-linux-gnu:/opt/ros/humble/lib /usr/bin/cmake --build /home/ziad/ziad_ws/ROS2/turtlebot3_ws/build/turtlebot3_node -- -j4 -l4
[0.174s] [ 85%] Built target turtlebot3_node_lib
[0.226s] [100%] Built target turtlebot3_ros
[0.673s] Invoked command in '/home/ziad/ziad_ws/ROS2/turtlebot3_ws/build/turtlebot3_node' returned '0': CMAKE_PREFIX_PATH=/home/ziad/ziad_ws/ROS2/turtlebot3_ws/install/turtlebot3_msgs:/home/ziad/ziad_ws/ROS2/turtlebot3_ws/install/dynamixel_sdk:/home/ziad/ziad_ws/ROS2/turtlebot3_ws/install/turtlebot3:/home/ziad/ziad_ws/ROS2/turtlebot3_ws/install/turtlebot3_bringup:/home/ziad/ziad_ws/ROS2/turtlebot3_ws/install/turtlebot3_node:/home/ziad/ziad_ws/ROS2/turtlebot3_ws/install/turtlebot3_navigation2:/home/ziad/ziad_ws/ROS2/turtlebot3_ws/install/turtlebot3_description:/home/ziad/ziad_ws/ROS2/turtlebot3_ws/install/turtlebot3_cartographer:/home/ziad/ziad_ws/ROS2/turtlebot3_ws/install/dynamixel_sdk_examples:/home/ziad/ziad_ws/ROS2/turtlebot3_ws/install/dynamixel_sdk_custom_interfaces:/home/ziad/ziad_ws/ROS2/turtlebot3_ws/install/turtlebot3_teleop:/home/ziad/ziad_ws/ROS2/turtlebot3_ws/install/turtlebot3_example:/opt/ros/humble LD_LIBRARY_PATH=/home/ziad/ziad_ws/ROS2/turtlebot3_ws/install/turtlebot3_msgs/lib:/home/ziad/ziad_ws/ROS2/turtlebot3_ws/install/dynamixel_sdk/lib:/home/ziad/ziad_ws/ROS2/turtlebot3_ws/install/dynamixel_sdk_custom_interfaces/lib:/opt/ros/humble/opt/rviz_ogre_vendor/lib:/opt/ros/humble/lib/x86_64-linux-gnu:/opt/ros/humble/lib /usr/bin/cmake --build /home/ziad/ziad_ws/ROS2/turtlebot3_ws/build/turtlebot3_node -- -j4 -l4
[0.675s] Invoking command in '/home/ziad/ziad_ws/ROS2/turtlebot3_ws/build/turtlebot3_node': CMAKE_PREFIX_PATH=/home/ziad/ziad_ws/ROS2/turtlebot3_ws/install/turtlebot3_msgs:/home/ziad/ziad_ws/ROS2/turtlebot3_ws/install/dynamixel_sdk:/home/ziad/ziad_ws/ROS2/turtlebot3_ws/install/turtlebot3:/home/ziad/ziad_ws/ROS2/turtlebot3_ws/install/turtlebot3_bringup:/home/ziad/ziad_ws/ROS2/turtlebot3_ws/install/turtlebot3_node:/home/ziad/ziad_ws/ROS2/turtlebot3_ws/install/turtlebot3_navigation2:/home/ziad/ziad_ws/ROS2/turtlebot3_ws/install/turtlebot3_description:/home/ziad/ziad_ws/ROS2/turtlebot3_ws/install/turtlebot3_cartographer:/home/ziad/ziad_ws/ROS2/turtlebot3_ws/install/dynamixel_sdk_examples:/home/ziad/ziad_ws/ROS2/turtlebot3_ws/install/dynamixel_sdk_custom_interfaces:/home/ziad/ziad_ws/ROS2/turtlebot3_ws/install/turtlebot3_teleop:/home/ziad/ziad_ws/ROS2/turtlebot3_ws/install/turtlebot3_example:/opt/ros/humble LD_LIBRARY_PATH=/home/ziad/ziad_ws/ROS2/turtlebot3_ws/install/turtlebot3_msgs/lib:/home/ziad/ziad_ws/ROS2/turtlebot3_ws/install/dynamixel_sdk/lib:/home/ziad/ziad_ws/ROS2/turtlebot3_ws/install/dynamixel_sdk_custom_interfaces/lib:/opt/ros/humble/opt/rviz_ogre_vendor/lib:/opt/ros/humble/lib/x86_64-linux-gnu:/opt/ros/humble/lib /usr/bin/cmake --install /home/ziad/ziad_ws/ROS2/turtlebot3_ws/build/turtlebot3_node
[0.690s] -- Install configuration: ""
[0.691s] -- Execute custom install script
[0.692s] -- Up-to-date symlink: /home/ziad/ziad_ws/ROS2/turtlebot3_ws/install/turtlebot3_node/share/turtlebot3_node/param/burger.yaml
[0.693s] -- Up-to-date symlink: /home/ziad/ziad_ws/ROS2/turtlebot3_ws/install/turtlebot3_node/share/turtlebot3_node/param/waffle.yaml
[0.694s] -- Up-to-date symlink: /home/ziad/ziad_ws/ROS2/turtlebot3_ws/install/turtlebot3_node/share/turtlebot3_node/param/waffle_pi.yaml
[0.695s] -- Up-to-date symlink: /home/ziad/ziad_ws/ROS2/turtlebot3_ws/install/turtlebot3_node/lib/turtlebot3_node/turtlebot3_ros
[0.695s] -- Up-to-date symlink: /home/ziad/ziad_ws/ROS2/turtlebot3_ws/install/turtlebot3_node/share/ament_index/resource_index/package_run_dependencies/turtlebot3_node
[0.696s] -- Up-to-date symlink: /home/ziad/ziad_ws/ROS2/turtlebot3_ws/install/turtlebot3_node/share/ament_index/resource_index/parent_prefix_path/turtlebot3_node
[0.697s] -- Up-to-date symlink: /home/ziad/ziad_ws/ROS2/turtlebot3_ws/install/turtlebot3_node/share/turtlebot3_node/environment/ament_prefix_path.sh
[0.697s] -- Up-to-date symlink: /home/ziad/ziad_ws/ROS2/turtlebot3_ws/install/turtlebot3_node/share/turtlebot3_node/environment/ament_prefix_path.dsv
[0.698s] -- Up-to-date symlink: /home/ziad/ziad_ws/ROS2/turtlebot3_ws/install/turtlebot3_node/share/turtlebot3_node/environment/path.sh
[0.699s] -- Up-to-date symlink: /home/ziad/ziad_ws/ROS2/turtlebot3_ws/install/turtlebot3_node/share/turtlebot3_node/environment/path.dsv
[0.700s] -- Up-to-date symlink: /home/ziad/ziad_ws/ROS2/turtlebot3_ws/install/turtlebot3_node/share/turtlebot3_node/local_setup.bash
[0.700s] -- Up-to-date symlink: /home/ziad/ziad_ws/ROS2/turtlebot3_ws/install/turtlebot3_node/share/turtlebot3_node/local_setup.sh
[0.700s] -- Up-to-date symlink: /home/ziad/ziad_ws/ROS2/turtlebot3_ws/install/turtlebot3_node/share/turtlebot3_node/local_setup.zsh
[0.700s] -- Up-to-date symlink: /home/ziad/ziad_ws/ROS2/turtlebot3_ws/install/turtlebot3_node/share/turtlebot3_node/local_setup.dsv
[0.700s] -- Symlinking: /home/ziad/ziad_ws/ROS2/turtlebot3_ws/install/turtlebot3_node/share/turtlebot3_node/package.dsv
[0.720s] -- Up-to-date symlink: /home/ziad/ziad_ws/ROS2/turtlebot3_ws/install/turtlebot3_node/share/ament_index/resource_index/packages/turtlebot3_node
[0.721s] -- Up-to-date symlink: /home/ziad/ziad_ws/ROS2/turtlebot3_ws/install/turtlebot3_node/share/turtlebot3_node/cmake/ament_cmake_export_dependencies-extras.cmake
[0.722s] -- Up-to-date symlink: /home/ziad/ziad_ws/ROS2/turtlebot3_ws/install/turtlebot3_node/share/turtlebot3_node/cmake/ament_cmake_export_include_directories-extras.cmake
[0.722s] -- Up-to-date symlink: /home/ziad/ziad_ws/ROS2/turtlebot3_ws/install/turtlebot3_node/share/turtlebot3_node/cmake/turtlebot3_nodeConfig.cmake
[0.723s] -- Up-to-date symlink: /home/ziad/ziad_ws/ROS2/turtlebot3_ws/install/turtlebot3_node/share/turtlebot3_node/cmake/turtlebot3_nodeConfig-version.cmake
[0.724s] -- Up-to-date symlink: /home/ziad/ziad_ws/ROS2/turtlebot3_ws/install/turtlebot3_node/share/turtlebot3_node/package.xml
