[0.030s] Invoking command in '/home/ziad/Ziad_WS/ROS2/ziad_ws/build/bt_demo': CMAKE_PREFIX_PATH=${CMAKE_PREFIX_PATH}:/opt/ros/humble /usr/bin/cmake /home/ziad/Ziad_WS/ROS2/ziad_ws/src/bt_demo -DAMENT_CMAKE_SYMLINK_INSTALL=1 -DCMAKE_INSTALL_PREFIX=/home/ziad/Ziad_WS/ROS2/ziad_ws/install/bt_demo
[0.094s] -- Found ament_cmake: 1.3.12 (/opt/ros/humble/share/ament_cmake/cmake)
[0.409s] -- Override CMake install command with custom implementation using symlinks instead of copying resources
[0.451s] -- Found rclcpp: 16.0.14 (/opt/ros/humble/share/rclcpp/cmake)
[0.565s] -- Found rosidl_generator_c: 3.1.7 (/opt/ros/humble/share/rosidl_generator_c/cmake)
[0.577s] -- Found rosidl_adapter: 3.1.7 (/opt/ros/humble/share/rosidl_adapter/cmake)
[0.594s] -- Found rosidl_generator_cpp: 3.1.7 (/opt/ros/humble/share/rosidl_generator_cpp/cmake)
[0.616s] -- Using all available rosidl_typesupport_c: rosidl_typesupport_fastrtps_c;rosidl_typesupport_introspection_c
[0.639s] -- Using all available rosidl_typesupport_cpp: rosidl_typesupport_fastrtps_cpp;rosidl_typesupport_introspection_cpp
[0.753s] -- Found rmw_implementation_cmake: 6.1.2 (/opt/ros/humble/share/rmw_implementation_cmake/cmake)
[0.758s] -- Found rmw_fastrtps_cpp: 6.2.8 (/opt/ros/humble/share/rmw_fastrtps_cpp/cmake)
[0.974s] -- Using RMW implementation 'rmw_fastrtps_cpp' as default
[1.109s] -- Found ament_lint_auto: 0.12.14 (/opt/ros/humble/share/ament_lint_auto/cmake)
[1.339s] -- Added test 'cppcheck' to perform static code analysis on C / C++ code
[1.339s] -- Configured cppcheck include dirs: /home/ziad/Ziad_WS/ROS2/ziad_ws/src/bt_demo/include
[1.339s] -- Configured cppcheck exclude dirs and/or files: 
[1.341s] -- Added test 'lint_cmake' to check CMake code style
[1.343s] -- Added test 'uncrustify' to check C / C++ code style
[1.344s] -- Configured uncrustify additional arguments: 
[1.344s] -- Added test 'xmllint' to check XML markup files
[1.348s] -- Configuring done
[1.389s] -- Generating done
[1.400s] -- Build files have been written to: /home/ziad/Ziad_WS/ROS2/ziad_ws/build/bt_demo
[1.416s] Invoked command in '/home/ziad/Ziad_WS/ROS2/ziad_ws/build/bt_demo' returned '0': CMAKE_PREFIX_PATH=${CMAKE_PREFIX_PATH}:/opt/ros/humble /usr/bin/cmake /home/ziad/Ziad_WS/ROS2/ziad_ws/src/bt_demo -DAMENT_CMAKE_SYMLINK_INSTALL=1 -DCMAKE_INSTALL_PREFIX=/home/ziad/Ziad_WS/ROS2/ziad_ws/install/bt_demo
[1.418s] Invoking command in '/home/ziad/Ziad_WS/ROS2/ziad_ws/build/bt_demo': CMAKE_PREFIX_PATH=${CMAKE_PREFIX_PATH}:/opt/ros/humble /usr/bin/cmake --build /home/ziad/Ziad_WS/ROS2/ziad_ws/build/bt_demo -- -j4 -l4
[1.504s] [35m[1mConsolidate compiler generated dependencies of target bt_main[0m
[1.530s] [ 50%] [32m[1mLinking CXX executable bt_main[0m
[1.873s] [100%] Built target bt_main
[1.893s] Invoked command in '/home/ziad/Ziad_WS/ROS2/ziad_ws/build/bt_demo' returned '0': CMAKE_PREFIX_PATH=${CMAKE_PREFIX_PATH}:/opt/ros/humble /usr/bin/cmake --build /home/ziad/Ziad_WS/ROS2/ziad_ws/build/bt_demo -- -j4 -l4
[1.908s] Invoking command in '/home/ziad/Ziad_WS/ROS2/ziad_ws/build/bt_demo': CMAKE_PREFIX_PATH=${CMAKE_PREFIX_PATH}:/opt/ros/humble /usr/bin/cmake --install /home/ziad/Ziad_WS/ROS2/ziad_ws/build/bt_demo
[1.917s] -- Install configuration: ""
[1.918s] -- Execute custom install script
[1.918s] -- Symlinking: /home/ziad/Ziad_WS/ROS2/ziad_ws/install/bt_demo/lib/bt_demo/bt_main
[1.931s] -- Symlinking: /home/ziad/Ziad_WS/ROS2/ziad_ws/install/bt_demo/share/bt_demo/my_tree.xml
[1.944s] -- Symlinking: /home/ziad/Ziad_WS/ROS2/ziad_ws/install/bt_demo/share/ament_index/resource_index/package_run_dependencies/bt_demo
[1.958s] -- Symlinking: /home/ziad/Ziad_WS/ROS2/ziad_ws/install/bt_demo/share/ament_index/resource_index/parent_prefix_path/bt_demo
[1.970s] -- Symlinking: /home/ziad/Ziad_WS/ROS2/ziad_ws/install/bt_demo/share/bt_demo/environment/ament_prefix_path.sh
[1.981s] -- Symlinking: /home/ziad/Ziad_WS/ROS2/ziad_ws/install/bt_demo/share/bt_demo/environment/ament_prefix_path.dsv
[2.004s] -- Symlinking: /home/ziad/Ziad_WS/ROS2/ziad_ws/install/bt_demo/share/bt_demo/environment/path.sh
[2.016s] -- Symlinking: /home/ziad/Ziad_WS/ROS2/ziad_ws/install/bt_demo/share/bt_demo/environment/path.dsv
[2.027s] -- Symlinking: /home/ziad/Ziad_WS/ROS2/ziad_ws/install/bt_demo/share/bt_demo/local_setup.bash
[2.039s] -- Symlinking: /home/ziad/Ziad_WS/ROS2/ziad_ws/install/bt_demo/share/bt_demo/local_setup.sh
[2.052s] -- Symlinking: /home/ziad/Ziad_WS/ROS2/ziad_ws/install/bt_demo/share/bt_demo/local_setup.zsh
[2.064s] -- Symlinking: /home/ziad/Ziad_WS/ROS2/ziad_ws/install/bt_demo/share/bt_demo/local_setup.dsv
[2.075s] -- Symlinking: /home/ziad/Ziad_WS/ROS2/ziad_ws/install/bt_demo/share/bt_demo/package.dsv
[2.086s] -- Symlinking: /home/ziad/Ziad_WS/ROS2/ziad_ws/install/bt_demo/share/ament_index/resource_index/packages/bt_demo
[2.103s] -- Symlinking: /home/ziad/Ziad_WS/ROS2/ziad_ws/install/bt_demo/share/bt_demo/cmake/bt_demoConfig.cmake
[2.119s] -- Symlinking: /home/ziad/Ziad_WS/ROS2/ziad_ws/install/bt_demo/share/bt_demo/cmake/bt_demoConfig-version.cmake
[2.136s] -- Symlinking: /home/ziad/Ziad_WS/ROS2/ziad_ws/install/bt_demo/share/bt_demo/package.xml
[2.162s] Invoked command in '/home/ziad/Ziad_WS/ROS2/ziad_ws/build/bt_demo' returned '0': CMAKE_PREFIX_PATH=${CMAKE_PREFIX_PATH}:/opt/ros/humble /usr/bin/cmake --install /home/ziad/Ziad_WS/ROS2/ziad_ws/build/bt_demo
