-- Found ament_cmake: 1.3.12 (/opt/ros/humble/share/ament_cmake/cmake)
-- Override CMake install command with custom implementation using symlinks instead of copying resources
-- Found dynamixel_sdk: 3.8.4 (/home/ziad/ziad_ws/ROS2/turtlebot3_ws/install/dynamixel_sdk/share/dynamixel_sdk/cmake)
-- Found geometry_msgs: 4.9.0 (/opt/ros/humble/share/geometry_msgs/cmake)
-- Found rosidl_generator_c: 3.1.7 (/opt/ros/humble/share/rosidl_generator_c/cmake)
-- Found rosidl_adapter: 3.1.7 (/opt/ros/humble/share/rosidl_adapter/cmake)
-- Found rosidl_generator_cpp: 3.1.7 (/opt/ros/humble/share/rosidl_generator_cpp/cmake)
-- Using all available rosidl_typesupport_c: rosidl_typesupport_fastrtps_c;rosidl_typesupport_introspection_c
-- Using all available rosidl_typesupport_cpp: rosidl_typesupport_fastrtps_cpp;rosidl_typesupport_introspection_cpp
-- Found message_filters: 4.3.8 (/opt/ros/humble/share/message_filters/cmake)
-- Found rmw_implementation_cmake: 6.1.2 (/opt/ros/humble/share/rmw_implementation_cmake/cmake)
-- Found rmw_fastrtps_cpp: 6.2.8 (/opt/ros/humble/share/rmw_fastrtps_cpp/cmake)
-- Using RMW implementation 'rmw_fastrtps_cpp' as default
-- Found nav_msgs: 4.9.0 (/opt/ros/humble/share/nav_msgs/cmake)
-- Found sensor_msgs: 4.9.0 (/opt/ros/humble/share/sensor_msgs/cmake)
-- Found std_srvs: 4.9.0 (/opt/ros/humble/share/std_srvs/cmake)
-- Found tf2: 0.25.16 (/opt/ros/humble/share/tf2/cmake)
-- Found tf2_ros: 0.25.16 (/opt/ros/humble/share/tf2_ros/cmake)
-- Found turtlebot3_msgs: 2.4.0 (/home/ziad/ziad_ws/ROS2/turtlebot3_ws/install/turtlebot3_msgs/share/turtlebot3_msgs/cmake)
-- Configuring done
-- Generating done
-- Build files have been written to: /home/ziad/ziad_ws/ROS2/turtlebot3_ws/build/turtlebot3_node
[35m[1mConsolidate compiler generated dependencies of target turtlebot3_node_lib[0m
[ 85%] Built target turtlebot3_node_lib
[35m[1mConsolidate compiler generated dependencies of target turtlebot3_ros[0m
[ 92%] [32m[1mLinking CXX executable turtlebot3_ros[0m
[100%] Built target turtlebot3_ros
-- Install configuration: ""
-- Execute custom install script
-- Symlinking: /home/ziad/ziad_ws/ROS2/turtlebot3_ws/install/turtlebot3_node/share/turtlebot3_node/param/burger.yaml
-- Symlinking: /home/ziad/ziad_ws/ROS2/turtlebot3_ws/install/turtlebot3_node/share/turtlebot3_node/param/waffle.yaml
-- Symlinking: /home/ziad/ziad_ws/ROS2/turtlebot3_ws/install/turtlebot3_node/share/turtlebot3_node/param/waffle_pi.yaml
-- Symlinking: /home/ziad/ziad_ws/ROS2/turtlebot3_ws/install/turtlebot3_node/lib/turtlebot3_node/turtlebot3_ros
-- Symlinking: /home/ziad/ziad_ws/ROS2/turtlebot3_ws/install/turtlebot3_node/share/ament_index/resource_index/package_run_dependencies/turtlebot3_node
-- Symlinking: /home/ziad/ziad_ws/ROS2/turtlebot3_ws/install/turtlebot3_node/share/ament_index/resource_index/parent_prefix_path/turtlebot3_node
-- Symlinking: /home/ziad/ziad_ws/ROS2/turtlebot3_ws/install/turtlebot3_node/share/turtlebot3_node/environment/ament_prefix_path.sh
-- Symlinking: /home/ziad/ziad_ws/ROS2/turtlebot3_ws/install/turtlebot3_node/share/turtlebot3_node/environment/ament_prefix_path.dsv
-- Symlinking: /home/ziad/ziad_ws/ROS2/turtlebot3_ws/install/turtlebot3_node/share/turtlebot3_node/environment/path.sh
-- Symlinking: /home/ziad/ziad_ws/ROS2/turtlebot3_ws/install/turtlebot3_node/share/turtlebot3_node/environment/path.dsv
-- Symlinking: /home/ziad/ziad_ws/ROS2/turtlebot3_ws/install/turtlebot3_node/share/turtlebot3_node/local_setup.bash
-- Symlinking: /home/ziad/ziad_ws/ROS2/turtlebot3_ws/install/turtlebot3_node/share/turtlebot3_node/local_setup.sh
-- Symlinking: /home/ziad/ziad_ws/ROS2/turtlebot3_ws/install/turtlebot3_node/share/turtlebot3_node/local_setup.zsh
-- Symlinking: /home/ziad/ziad_ws/ROS2/turtlebot3_ws/install/turtlebot3_node/share/turtlebot3_node/local_setup.dsv
-- Symlinking: /home/ziad/ziad_ws/ROS2/turtlebot3_ws/install/turtlebot3_node/share/turtlebot3_node/package.dsv
-- Symlinking: /home/ziad/ziad_ws/ROS2/turtlebot3_ws/install/turtlebot3_node/share/ament_index/resource_index/packages/turtlebot3_node
-- Symlinking: /home/ziad/ziad_ws/ROS2/turtlebot3_ws/install/turtlebot3_node/share/turtlebot3_node/cmake/ament_cmake_export_dependencies-extras.cmake
-- Symlinking: /home/ziad/ziad_ws/ROS2/turtlebot3_ws/install/turtlebot3_node/share/turtlebot3_node/cmake/ament_cmake_export_include_directories-extras.cmake
-- Symlinking: /home/ziad/ziad_ws/ROS2/turtlebot3_ws/install/turtlebot3_node/share/turtlebot3_node/cmake/turtlebot3_nodeConfig.cmake
-- Symlinking: /home/ziad/ziad_ws/ROS2/turtlebot3_ws/install/turtlebot3_node/share/turtlebot3_node/cmake/turtlebot3_nodeConfig-version.cmake
-- Symlinking: /home/ziad/ziad_ws/ROS2/turtlebot3_ws/install/turtlebot3_node/share/turtlebot3_node/package.xml
