[0.071s] Invoking command in '/home/ziad/ziad_ws/ROS2/work_space/build/apriltag_ros': CMAKE_PREFIX_PATH=${CMAKE_PREFIX_PATH}:/opt/ros/jazzy DEBUGINFOD_URLS=https://debuginfod.ubuntu.com /usr/bin/cmake --build /home/ziad/ziad_ws/ROS2/work_space/build/apriltag_ros -- -j4 -l4
[0.421s] [ 20%] Built target tags
[0.437s] [ 40%] Built target conversion
[0.477s] [ 60%] Built target apriltag_node
[0.640s] [ 80%] Built target pose_estimation
[0.844s] [100%] Built target AprilTagNode
[0.946s] Invoked command in '/home/ziad/ziad_ws/ROS2/work_space/build/apriltag_ros' returned '0': CMAKE_PREFIX_PATH=${CMAKE_PREFIX_PATH}:/opt/ros/jazzy DEBUGINFOD_URLS=https://debuginfod.ubuntu.com /usr/bin/cmake --build /home/ziad/ziad_ws/ROS2/work_space/build/apriltag_ros -- -j4 -l4
[0.946s] Invoking command in '/home/ziad/ziad_ws/ROS2/work_space/build/apriltag_ros': CMAKE_PREFIX_PATH=${CMAKE_PREFIX_PATH}:/opt/ros/jazzy DEBUGINFOD_URLS=https://debuginfod.ubuntu.com /usr/bin/cmake --install /home/ziad/ziad_ws/ROS2/work_space/build/apriltag_ros
[0.997s] -- Install configuration: ""
[0.998s] -- Execute custom install script
[1.002s] -- Up-to-date symlink: /home/ziad/ziad_ws/ROS2/work_space/install/apriltag_ros/lib/apriltag_ros/apriltag_node
[1.002s] -- Up-to-date symlink: /home/ziad/ziad_ws/ROS2/work_space/install/apriltag_ros/share/apriltag_ros/environment/library_path.sh
[1.002s] -- Up-to-date symlink: /home/ziad/ziad_ws/ROS2/work_space/install/apriltag_ros/share/apriltag_ros/environment/library_path.dsv
[1.010s] -- Up-to-date symlink: /home/ziad/ziad_ws/ROS2/work_space/install/apriltag_ros/lib/libAprilTagNode.so
[1.011s] -- Up-to-date symlink: /home/ziad/ziad_ws/ROS2/work_space/install/apriltag_ros/share/apriltag_ros/cfg/tags_36h11.yaml
[1.011s] -- Up-to-date symlink: /home/ziad/ziad_ws/ROS2/work_space/install/apriltag_ros/share/apriltag_ros/launch/camera_36h11.launch.yml
[1.018s] -- Up-to-date symlink: /home/ziad/ziad_ws/ROS2/work_space/install/apriltag_ros/share/ament_index/resource_index/package_run_dependencies/apriltag_ros
[1.018s] -- Up-to-date symlink: /home/ziad/ziad_ws/ROS2/work_space/install/apriltag_ros/share/ament_index/resource_index/parent_prefix_path/apriltag_ros
[1.018s] -- Up-to-date symlink: /home/ziad/ziad_ws/ROS2/work_space/install/apriltag_ros/share/apriltag_ros/environment/ament_prefix_path.sh
[1.027s] -- Up-to-date symlink: /home/ziad/ziad_ws/ROS2/work_space/install/apriltag_ros/share/apriltag_ros/environment/ament_prefix_path.dsv
[1.027s] -- Up-to-date symlink: /home/ziad/ziad_ws/ROS2/work_space/install/apriltag_ros/share/apriltag_ros/environment/path.sh
[1.027s] -- Up-to-date symlink: /home/ziad/ziad_ws/ROS2/work_space/install/apriltag_ros/share/apriltag_ros/environment/path.dsv
[1.028s] -- Up-to-date symlink: /home/ziad/ziad_ws/ROS2/work_space/install/apriltag_ros/share/apriltag_ros/local_setup.bash
[1.028s] -- Up-to-date symlink: /home/ziad/ziad_ws/ROS2/work_space/install/apriltag_ros/share/apriltag_ros/local_setup.sh
[1.029s] -- Up-to-date symlink: /home/ziad/ziad_ws/ROS2/work_space/install/apriltag_ros/share/apriltag_ros/local_setup.zsh
[1.031s] -- Up-to-date symlink: /home/ziad/ziad_ws/ROS2/work_space/install/apriltag_ros/share/apriltag_ros/local_setup.dsv
[1.039s] -- Symlinking: /home/ziad/ziad_ws/ROS2/work_space/install/apriltag_ros/share/apriltag_ros/package.dsv
[1.091s] -- Up-to-date symlink: /home/ziad/ziad_ws/ROS2/work_space/install/apriltag_ros/share/ament_index/resource_index/packages/apriltag_ros
[1.109s] -- Up-to-date symlink: /home/ziad/ziad_ws/ROS2/work_space/install/apriltag_ros/share/ament_index/resource_index/rclcpp_components/apriltag_ros
[1.110s] -- Up-to-date symlink: /home/ziad/ziad_ws/ROS2/work_space/install/apriltag_ros/share/apriltag_ros/cmake/apriltag_rosConfig.cmake
[1.110s] -- Up-to-date symlink: /home/ziad/ziad_ws/ROS2/work_space/install/apriltag_ros/share/apriltag_ros/cmake/apriltag_rosConfig-version.cmake
[1.110s] -- Up-to-date symlink: /home/ziad/ziad_ws/ROS2/work_space/install/apriltag_ros/share/apriltag_ros/package.xml
[1.230s] Invoked command in '/home/ziad/ziad_ws/ROS2/work_space/build/apriltag_ros' returned '0': CMAKE_PREFIX_PATH=${CMAKE_PREFIX_PATH}:/opt/ros/jazzy DEBUGINFOD_URLS=https://debuginfod.ubuntu.com /usr/bin/cmake --install /home/ziad/ziad_ws/ROS2/work_space/build/apriltag_ros
