[0.027s] Invoking command in '/home/ziad/Ziad_WS/ROS2/ziad_ws/build/move_program': CMAKE_PREFIX_PATH=${CMAKE_PREFIX_PATH}:/opt/ros/humble /usr/bin/cmake /home/ziad/Ziad_WS/ROS2/ziad_ws/src/move_program -DAMENT_CMAKE_SYMLINK_INSTALL=1 -DCMAKE_INSTALL_PREFIX=/home/ziad/Ziad_WS/ROS2/ziad_ws/install/move_program
[0.083s] -- Found ament_cmake: 1.3.12 (/opt/ros/humble/share/ament_cmake/cmake)
[0.397s] -- Override CMake install command with custom implementation using symlinks instead of copying resources
[0.435s] -- Found moveit_ros_planning_interface: 2.5.9 (/opt/ros/humble/share/moveit_ros_planning_interface/cmake)
[0.476s] -- Found Boost: /usr/lib/x86_64-linux-gnu/cmake/Boost-1.74.0/BoostConfig.cmake (found version "1.74.0") found components: date_time filesystem program_options system thread 
[0.553s] -- Found rosidl_generator_c: 3.1.7 (/opt/ros/humble/share/rosidl_generator_c/cmake)
[0.566s] -- Found rosidl_adapter: 3.1.7 (/opt/ros/humble/share/rosidl_adapter/cmake)
[0.583s] -- Found rosidl_generator_cpp: 3.1.7 (/opt/ros/humble/share/rosidl_generator_cpp/cmake)
[0.604s] -- Using all available rosidl_typesupport_c: rosidl_typesupport_fastrtps_c;rosidl_typesupport_introspection_c
[0.632s] -- Using all available rosidl_typesupport_cpp: rosidl_typesupport_fastrtps_cpp;rosidl_typesupport_introspection_cpp
[1.061s] -- Found Boost: /usr/lib/x86_64-linux-gnu/cmake/Boost-1.74.0/BoostConfig.cmake (found version "1.74.0") found components: chrono date_time filesystem iostreams program_options regex serialization system thread 
[1.157s] -- Found parameter_traits: 0.5.0 (/opt/ros/humble/share/parameter_traits/cmake)
[1.204s] -- Found rmw_implementation_cmake: 6.1.2 (/opt/ros/humble/share/rmw_implementation_cmake/cmake)
[1.211s] -- Found rmw_fastrtps_cpp: 6.2.8 (/opt/ros/humble/share/rmw_fastrtps_cpp/cmake)
[1.415s] -- Using RMW implementation 'rmw_fastrtps_cpp' as default
[1.542s] -- Found rclcpp_lifecycle: 16.0.14 (/opt/ros/humble/share/rclcpp_lifecycle/cmake)
[1.588s] -- Found Boost: /usr/lib/x86_64-linux-gnu/cmake/Boost-1.74.0/BoostConfig.cmake (found version "1.74.0") found components: filesystem 
[1.662s] -- library: /usr/lib/x86_64-linux-gnu/libcurl.so
[1.745s] -- Ensuring Eigen3 include directory is part of orocos-kdl CMake target
[2.011s] -- Found Boost: /usr/lib/x86_64-linux-gnu/cmake/Boost-1.74.0/BoostConfig.cmake (found version "1.74.0") found components: system filesystem date_time program_options thread chrono 
[2.083s] -- Found Boost: /usr/lib/x86_64-linux-gnu/cmake/Boost-1.74.0/BoostConfig.cmake (found version "1.74.0") found components: thread system filesystem regex date_time program_options 
[2.120s] -- Found Boost: /usr/lib/x86_64-linux-gnu/cmake/Boost-1.74.0/BoostConfig.cmake (found version "1.74.0") found components: system filesystem date_time program_options thread 
[2.191s] -- Found ament_lint_auto: 0.12.14 (/opt/ros/humble/share/ament_lint_auto/cmake)
[2.329s] -- Added test 'cppcheck' to perform static code analysis on C / C++ code
[2.329s] -- Configured cppcheck include dirs: $<BUILD_INTERFACE:/home/ziad/Ziad_WS/ROS2/ziad_ws/src/move_program/include>
[2.329s] -- Configured cppcheck exclude dirs and/or files: 
[2.330s] -- Added test 'lint_cmake' to check CMake code style
[2.333s] -- Added test 'uncrustify' to check C / C++ code style
[2.333s] -- Configured uncrustify additional arguments: 
[2.334s] -- Added test 'xmllint' to check XML markup files
[2.337s] -- Configuring done
[2.410s] -- Generating done
[2.426s] -- Build files have been written to: /home/ziad/Ziad_WS/ROS2/ziad_ws/build/move_program
[2.475s] Invoked command in '/home/ziad/Ziad_WS/ROS2/ziad_ws/build/move_program' returned '0': CMAKE_PREFIX_PATH=${CMAKE_PREFIX_PATH}:/opt/ros/humble /usr/bin/cmake /home/ziad/Ziad_WS/ROS2/ziad_ws/src/move_program -DAMENT_CMAKE_SYMLINK_INSTALL=1 -DCMAKE_INSTALL_PREFIX=/home/ziad/Ziad_WS/ROS2/ziad_ws/install/move_program
[2.477s] Invoking command in '/home/ziad/Ziad_WS/ROS2/ziad_ws/build/move_program': CMAKE_PREFIX_PATH=${CMAKE_PREFIX_PATH}:/opt/ros/humble /usr/bin/cmake --build /home/ziad/Ziad_WS/ROS2/ziad_ws/build/move_program -- -j4 -l4
[2.534s] [35m[1mConsolidate compiler generated dependencies of target move_program[0m
[2.624s] [ 50%] [32m[1mLinking CXX executable move_program[0m
[3.267s] [100%] Built target move_program
[3.283s] Invoked command in '/home/ziad/Ziad_WS/ROS2/ziad_ws/build/move_program' returned '0': CMAKE_PREFIX_PATH=${CMAKE_PREFIX_PATH}:/opt/ros/humble /usr/bin/cmake --build /home/ziad/Ziad_WS/ROS2/ziad_ws/build/move_program -- -j4 -l4
[3.286s] Invoking command in '/home/ziad/Ziad_WS/ROS2/ziad_ws/build/move_program': CMAKE_PREFIX_PATH=${CMAKE_PREFIX_PATH}:/opt/ros/humble /usr/bin/cmake --install /home/ziad/Ziad_WS/ROS2/ziad_ws/build/move_program
[3.294s] -- Install configuration: ""
[3.295s] -- Execute custom install script
[3.295s] -- Symlinking: /home/ziad/Ziad_WS/ROS2/ziad_ws/install/move_program/lib/move_program/move_program
[3.307s] -- Symlinking: /home/ziad/Ziad_WS/ROS2/ziad_ws/install/move_program/share/ament_index/resource_index/package_run_dependencies/move_program
[3.318s] -- Symlinking: /home/ziad/Ziad_WS/ROS2/ziad_ws/install/move_program/share/ament_index/resource_index/parent_prefix_path/move_program
[3.328s] -- Symlinking: /home/ziad/Ziad_WS/ROS2/ziad_ws/install/move_program/share/move_program/environment/ament_prefix_path.sh
[3.339s] -- Symlinking: /home/ziad/Ziad_WS/ROS2/ziad_ws/install/move_program/share/move_program/environment/ament_prefix_path.dsv
[3.350s] -- Symlinking: /home/ziad/Ziad_WS/ROS2/ziad_ws/install/move_program/share/move_program/environment/path.sh
[3.361s] -- Symlinking: /home/ziad/Ziad_WS/ROS2/ziad_ws/install/move_program/share/move_program/environment/path.dsv
[3.372s] -- Symlinking: /home/ziad/Ziad_WS/ROS2/ziad_ws/install/move_program/share/move_program/local_setup.bash
[3.382s] -- Symlinking: /home/ziad/Ziad_WS/ROS2/ziad_ws/install/move_program/share/move_program/local_setup.sh
[3.393s] -- Symlinking: /home/ziad/Ziad_WS/ROS2/ziad_ws/install/move_program/share/move_program/local_setup.zsh
[3.403s] -- Symlinking: /home/ziad/Ziad_WS/ROS2/ziad_ws/install/move_program/share/move_program/local_setup.dsv
[3.414s] -- Symlinking: /home/ziad/Ziad_WS/ROS2/ziad_ws/install/move_program/share/move_program/package.dsv
[3.424s] -- Symlinking: /home/ziad/Ziad_WS/ROS2/ziad_ws/install/move_program/share/ament_index/resource_index/packages/move_program
[3.448s] -- Symlinking: /home/ziad/Ziad_WS/ROS2/ziad_ws/install/move_program/share/move_program/cmake/move_programConfig.cmake
[3.464s] -- Symlinking: /home/ziad/Ziad_WS/ROS2/ziad_ws/install/move_program/share/move_program/cmake/move_programConfig-version.cmake
[3.478s] -- Symlinking: /home/ziad/Ziad_WS/ROS2/ziad_ws/install/move_program/share/move_program/package.xml
[3.492s] Invoked command in '/home/ziad/Ziad_WS/ROS2/ziad_ws/build/move_program' returned '0': CMAKE_PREFIX_PATH=${CMAKE_PREFIX_PATH}:/opt/ros/humble /usr/bin/cmake --install /home/ziad/Ziad_WS/ROS2/ziad_ws/build/move_program
