[0.032s] Invoking command in '/home/ziad/Ziad_WS/ROS2/work_space/build/publisher_subscriber': CMAKE_PREFIX_PATH=${CMAKE_PREFIX_PATH}:/opt/ros/humble /usr/bin/cmake /home/ziad/Ziad_WS/ROS2/work_space/src/publisher_subscriber -DAMENT_CMAKE_SYMLINK_INSTALL=1 -DCMAKE_INSTALL_PREFIX=/home/ziad/Ziad_WS/ROS2/work_space/install/publisher_subscriber
[0.057s] -- Found ament_cmake: 1.3.12 (/opt/ros/humble/share/ament_cmake/cmake)
[0.349s] -- Override CMake install command with custom implementation using symlinks instead of copying resources
[0.395s] -- Found rclcpp: 16.0.14 (/opt/ros/humble/share/rclcpp/cmake)
[0.519s] -- Found rosidl_generator_c: 3.1.7 (/opt/ros/humble/share/rosidl_generator_c/cmake)
[0.527s] -- Found rosidl_adapter: 3.1.7 (/opt/ros/humble/share/rosidl_adapter/cmake)
[0.543s] -- Found rosidl_generator_cpp: 3.1.7 (/opt/ros/humble/share/rosidl_generator_cpp/cmake)
[0.573s] -- Using all available rosidl_typesupport_c: rosidl_typesupport_fastrtps_c;rosidl_typesupport_introspection_c
[0.604s] -- Using all available rosidl_typesupport_cpp: rosidl_typesupport_fastrtps_cpp;rosidl_typesupport_introspection_cpp
[0.705s] -- Found rmw_implementation_cmake: 6.1.2 (/opt/ros/humble/share/rmw_implementation_cmake/cmake)
[0.709s] -- Found rmw_fastrtps_cpp: 6.2.8 (/opt/ros/humble/share/rmw_fastrtps_cpp/cmake)
[0.970s] -- Using RMW implementation 'rmw_fastrtps_cpp' as default
[1.112s] -- Found ament_lint_auto: 0.12.14 (/opt/ros/humble/share/ament_lint_auto/cmake)
[1.329s] -- Added test 'cppcheck' to perform static code analysis on C / C++ code
[1.329s] -- Configured cppcheck include dirs: 
[1.330s] -- Configured cppcheck exclude dirs and/or files: 
[1.330s] -- Added test 'flake8' to check Python code syntax and style conventions
[1.330s] -- Added test 'lint_cmake' to check CMake code style
[1.331s] -- Added test 'pep257' to check Python code against some of the docstring style conventions in PEP 257
[1.334s] -- Added test 'uncrustify' to check C / C++ code style
[1.334s] -- Configured uncrustify additional arguments: 
[1.334s] -- Added test 'xmllint' to check XML markup files
[1.337s] -- Configuring done
[1.391s] -- Generating done
[1.402s] -- Build files have been written to: /home/ziad/Ziad_WS/ROS2/work_space/build/publisher_subscriber
[1.423s] Invoked command in '/home/ziad/Ziad_WS/ROS2/work_space/build/publisher_subscriber' returned '0': CMAKE_PREFIX_PATH=${CMAKE_PREFIX_PATH}:/opt/ros/humble /usr/bin/cmake /home/ziad/Ziad_WS/ROS2/work_space/src/publisher_subscriber -DAMENT_CMAKE_SYMLINK_INSTALL=1 -DCMAKE_INSTALL_PREFIX=/home/ziad/Ziad_WS/ROS2/work_space/install/publisher_subscriber
[1.427s] Invoking command in '/home/ziad/Ziad_WS/ROS2/work_space/build/publisher_subscriber': CMAKE_PREFIX_PATH=${CMAKE_PREFIX_PATH}:/opt/ros/humble /usr/bin/cmake --build /home/ziad/Ziad_WS/ROS2/work_space/build/publisher_subscriber -- -j4 -l4
[1.509s] [35m[1mConsolidate compiler generated dependencies of target publisher[0m
[1.513s] [35m[1mConsolidate compiler generated dependencies of target subscriber[0m
[1.566s] [ 25%] [32m[1mLinking CXX executable publisher[0m
[1.569s] [ 50%] [32m[1mLinking CXX executable subscriber[0m
[2.503s] [ 75%] Built target publisher
[2.857s] [100%] Built target subscriber
[2.876s] Invoked command in '/home/ziad/Ziad_WS/ROS2/work_space/build/publisher_subscriber' returned '0': CMAKE_PREFIX_PATH=${CMAKE_PREFIX_PATH}:/opt/ros/humble /usr/bin/cmake --build /home/ziad/Ziad_WS/ROS2/work_space/build/publisher_subscriber -- -j4 -l4
[2.878s] Invoking command in '/home/ziad/Ziad_WS/ROS2/work_space/build/publisher_subscriber': CMAKE_PREFIX_PATH=${CMAKE_PREFIX_PATH}:/opt/ros/humble /usr/bin/cmake --install /home/ziad/Ziad_WS/ROS2/work_space/build/publisher_subscriber
[2.890s] -- Install configuration: ""
[2.891s] -- Execute custom install script
[2.895s] -- Symlinking: /home/ziad/Ziad_WS/ROS2/work_space/install/publisher_subscriber/lib/publisher_subscriber/subscriber
[2.911s] -- Symlinking: /home/ziad/Ziad_WS/ROS2/work_space/install/publisher_subscriber/lib/publisher_subscriber/publisher
[2.925s] -- Symlinking: /home/ziad/Ziad_WS/ROS2/work_space/install/publisher_subscriber/share/publisher_subscriber/launch/run.launch.py
[2.941s] -- Symlinking: /home/ziad/Ziad_WS/ROS2/work_space/install/publisher_subscriber/share/ament_index/resource_index/package_run_dependencies/publisher_subscriber
[2.960s] -- Symlinking: /home/ziad/Ziad_WS/ROS2/work_space/install/publisher_subscriber/share/ament_index/resource_index/parent_prefix_path/publisher_subscriber
[2.976s] -- Symlinking: /home/ziad/Ziad_WS/ROS2/work_space/install/publisher_subscriber/share/publisher_subscriber/environment/ament_prefix_path.sh
[2.994s] -- Symlinking: /home/ziad/Ziad_WS/ROS2/work_space/install/publisher_subscriber/share/publisher_subscriber/environment/ament_prefix_path.dsv
[3.012s] -- Symlinking: /home/ziad/Ziad_WS/ROS2/work_space/install/publisher_subscriber/share/publisher_subscriber/environment/path.sh
[3.036s] -- Symlinking: /home/ziad/Ziad_WS/ROS2/work_space/install/publisher_subscriber/share/publisher_subscriber/environment/path.dsv
[3.049s] -- Symlinking: /home/ziad/Ziad_WS/ROS2/work_space/install/publisher_subscriber/share/publisher_subscriber/local_setup.bash
[3.067s] -- Symlinking: /home/ziad/Ziad_WS/ROS2/work_space/install/publisher_subscriber/share/publisher_subscriber/local_setup.sh
[3.087s] -- Symlinking: /home/ziad/Ziad_WS/ROS2/work_space/install/publisher_subscriber/share/publisher_subscriber/local_setup.zsh
[3.100s] -- Symlinking: /home/ziad/Ziad_WS/ROS2/work_space/install/publisher_subscriber/share/publisher_subscriber/local_setup.dsv
[3.123s] -- Symlinking: /home/ziad/Ziad_WS/ROS2/work_space/install/publisher_subscriber/share/publisher_subscriber/package.dsv
[3.141s] -- Symlinking: /home/ziad/Ziad_WS/ROS2/work_space/install/publisher_subscriber/share/ament_index/resource_index/packages/publisher_subscriber
[3.167s] -- Symlinking: /home/ziad/Ziad_WS/ROS2/work_space/install/publisher_subscriber/share/publisher_subscriber/cmake/publisher_subscriberConfig.cmake
[3.179s] -- Symlinking: /home/ziad/Ziad_WS/ROS2/work_space/install/publisher_subscriber/share/publisher_subscriber/cmake/publisher_subscriberConfig-version.cmake
[3.193s] -- Symlinking: /home/ziad/Ziad_WS/ROS2/work_space/install/publisher_subscriber/share/publisher_subscriber/package.xml
[3.211s] Invoked command in '/home/ziad/Ziad_WS/ROS2/work_space/build/publisher_subscriber' returned '0': CMAKE_PREFIX_PATH=${CMAKE_PREFIX_PATH}:/opt/ros/humble /usr/bin/cmake --install /home/ziad/Ziad_WS/ROS2/work_space/build/publisher_subscriber
