[0.027s] Invoking command in '/home/ziad/ziad_ws/ROS2/turtlebot3_ws/build/turtlebot3_cartographer': CMAKE_PREFIX_PATH=/opt/ros/humble /usr/bin/cmake /home/ziad/ziad_ws/ROS2/turtlebot3_ws/src/turtlebot3/turtlebot3_cartographer -DAMENT_CMAKE_SYMLINK_INSTALL=1 -DCMAKE_INSTALL_PREFIX=/home/ziad/ziad_ws/ROS2/turtlebot3_ws/install/turtlebot3_cartographer
[0.052s] -- Found ament_cmake: 1.3.12 (/opt/ros/humble/share/ament_cmake/cmake)
[0.347s] -- Override CMake install command with custom implementation using symlinks instead of copying resources
[0.534s] -- Configuring done
[0.543s] -- Generating done
[0.544s] -- Build files have been written to: /home/ziad/ziad_ws/ROS2/turtlebot3_ws/build/turtlebot3_cartographer
[0.550s] Invoked command in '/home/ziad/ziad_ws/ROS2/turtlebot3_ws/build/turtlebot3_cartographer' returned '0': CMAKE_PREFIX_PATH=/opt/ros/humble /usr/bin/cmake /home/ziad/ziad_ws/ROS2/turtlebot3_ws/src/turtlebot3/turtlebot3_cartographer -DAMENT_CMAKE_SYMLINK_INSTALL=1 -DCMAKE_INSTALL_PREFIX=/home/ziad/ziad_ws/ROS2/turtlebot3_ws/install/turtlebot3_cartographer
[0.551s] Invoking command in '/home/ziad/ziad_ws/ROS2/turtlebot3_ws/build/turtlebot3_cartographer': CMAKE_PREFIX_PATH=/opt/ros/humble /usr/bin/cmake --build /home/ziad/ziad_ws/ROS2/turtlebot3_ws/build/turtlebot3_cartographer -- -j4 -l4
[0.637s] Invoked command in '/home/ziad/ziad_ws/ROS2/turtlebot3_ws/build/turtlebot3_cartographer' returned '0': CMAKE_PREFIX_PATH=/opt/ros/humble /usr/bin/cmake --build /home/ziad/ziad_ws/ROS2/turtlebot3_ws/build/turtlebot3_cartographer -- -j4 -l4
[0.642s] Invoking command in '/home/ziad/ziad_ws/ROS2/turtlebot3_ws/build/turtlebot3_cartographer': CMAKE_PREFIX_PATH=/opt/ros/humble /usr/bin/cmake --install /home/ziad/ziad_ws/ROS2/turtlebot3_ws/build/turtlebot3_cartographer
[0.656s] -- Install configuration: ""
[0.657s] -- Execute custom install script
[0.661s] -- Up-to-date symlink: /home/ziad/ziad_ws/ROS2/turtlebot3_ws/install/turtlebot3_cartographer/share/turtlebot3_cartographer/config/turtlebot3_lds_2d.lua
[0.661s] -- Up-to-date symlink: /home/ziad/ziad_ws/ROS2/turtlebot3_ws/install/turtlebot3_cartographer/share/turtlebot3_cartographer/launch/cartographer.launch.py
[0.662s] -- Up-to-date symlink: /home/ziad/ziad_ws/ROS2/turtlebot3_ws/install/turtlebot3_cartographer/share/turtlebot3_cartographer/launch/occupancy_grid.launch.py
[0.663s] -- Up-to-date symlink: /home/ziad/ziad_ws/ROS2/turtlebot3_ws/install/turtlebot3_cartographer/share/turtlebot3_cartographer/rviz/tb3_cartographer.rviz
[0.664s] -- Up-to-date symlink: /home/ziad/ziad_ws/ROS2/turtlebot3_ws/install/turtlebot3_cartographer/share/ament_index/resource_index/package_run_dependencies/turtlebot3_cartographer
[0.664s] -- Up-to-date symlink: /home/ziad/ziad_ws/ROS2/turtlebot3_ws/install/turtlebot3_cartographer/share/ament_index/resource_index/parent_prefix_path/turtlebot3_cartographer
[0.664s] -- Up-to-date symlink: /home/ziad/ziad_ws/ROS2/turtlebot3_ws/install/turtlebot3_cartographer/share/turtlebot3_cartographer/environment/ament_prefix_path.sh
[0.668s] -- Up-to-date symlink: /home/ziad/ziad_ws/ROS2/turtlebot3_ws/install/turtlebot3_cartographer/share/turtlebot3_cartographer/environment/ament_prefix_path.dsv
[0.668s] -- Up-to-date symlink: /home/ziad/ziad_ws/ROS2/turtlebot3_ws/install/turtlebot3_cartographer/share/turtlebot3_cartographer/environment/path.sh
[0.668s] -- Up-to-date symlink: /home/ziad/ziad_ws/ROS2/turtlebot3_ws/install/turtlebot3_cartographer/share/turtlebot3_cartographer/environment/path.dsv
[0.668s] -- Up-to-date symlink: /home/ziad/ziad_ws/ROS2/turtlebot3_ws/install/turtlebot3_cartographer/share/turtlebot3_cartographer/local_setup.bash
[0.668s] -- Up-to-date symlink: /home/ziad/ziad_ws/ROS2/turtlebot3_ws/install/turtlebot3_cartographer/share/turtlebot3_cartographer/local_setup.sh
[0.669s] -- Up-to-date symlink: /home/ziad/ziad_ws/ROS2/turtlebot3_ws/install/turtlebot3_cartographer/share/turtlebot3_cartographer/local_setup.zsh
[0.669s] -- Up-to-date symlink: /home/ziad/ziad_ws/ROS2/turtlebot3_ws/install/turtlebot3_cartographer/share/turtlebot3_cartographer/local_setup.dsv
[0.669s] -- Symlinking: /home/ziad/ziad_ws/ROS2/turtlebot3_ws/install/turtlebot3_cartographer/share/turtlebot3_cartographer/package.dsv
[0.685s] -- Up-to-date symlink: /home/ziad/ziad_ws/ROS2/turtlebot3_ws/install/turtlebot3_cartographer/share/ament_index/resource_index/packages/turtlebot3_cartographer
[0.685s] -- Up-to-date symlink: /home/ziad/ziad_ws/ROS2/turtlebot3_ws/install/turtlebot3_cartographer/share/turtlebot3_cartographer/cmake/turtlebot3_cartographerConfig.cmake
[0.686s] -- Up-to-date symlink: /home/ziad/ziad_ws/ROS2/turtlebot3_ws/install/turtlebot3_cartographer/share/turtlebot3_cartographer/cmake/turtlebot3_cartographerConfig-version.cmake
[0.687s] -- Up-to-date symlink: /home/ziad/ziad_ws/ROS2/turtlebot3_ws/install/turtlebot3_cartographer/share/turtlebot3_cartographer/package.xml
[0.690s] Invoked command in '/home/ziad/ziad_ws/ROS2/turtlebot3_ws/build/turtlebot3_cartographer' returned '0': CMAKE_PREFIX_PATH=/opt/ros/humble /usr/bin/cmake --install /home/ziad/ziad_ws/ROS2/turtlebot3_ws/build/turtlebot3_cartographer
