[0.744s] DEBUG:colcon:Command line arguments: ['/usr/bin/colcon', 'list', '-p', '--base-paths', '/home/ziad/ziad_ws/ROS2/work_space']
[0.744s] DEBUG:colcon:Parsed command line arguments: Namespace(log_base=None, log_level=None, verb_name='list', build_base='build', ignore_user_meta=False, metas=['./colcon.meta'], base_paths=['/home/ziad/ziad_ws/ROS2/work_space'], packages_ignore=None, packages_ignore_regex=None, paths=None, packages_up_to=None, packages_up_to_regex=None, packages_above=None, packages_above_and_dependencies=None, packages_above_depth=None, packages_select_by_dep=None, packages_skip_by_dep=None, packages_skip_up_to=None, packages_select_build_failed=False, packages_skip_build_finished=False, packages_select_test_failures=False, packages_skip_test_passed=False, packages_select=None, packages_skip=None, packages_select_regex=None, packages_skip_regex=None, packages_start=None, packages_end=None, allow_overriding=[], topological_order=False, names_only=False, paths_only=True, topological_graph=False, topological_graph_dot=False, topological_graph_density=False, topological_graph_legend=False, topological_graph_dot_cluster=False, topological_graph_dot_include_skipped=False, mixin_files=None, mixin=None, verb_parser=<colcon_mixin.mixin.mixin_argument.MixinArgumentDecorator object at 0x7a66534bbe00>, verb_extension=<colcon_package_information.verb.list.ListVerb object at 0x7a6653f2f830>, main=<bound method ListVerb.main of <colcon_package_information.verb.list.ListVerb object at 0x7a6653f2f830>>, mixin_verb=('list',))
[0.888s] Level 1:colcon.colcon_core.package_discovery:discover_packages(colcon_meta) check parameters
[0.888s] Level 1:colcon.colcon_core.package_discovery:discover_packages(recursive) check parameters
[0.888s] Level 1:colcon.colcon_core.package_discovery:discover_packages(ignore) check parameters
[0.888s] Level 1:colcon.colcon_core.package_discovery:discover_packages(path) check parameters
[0.888s] Level 1:colcon.colcon_core.package_discovery:discover_packages(recursive) discover
[0.888s] INFO:colcon.colcon_core.package_discovery:Crawling recursively for packages in '/home/ziad/ziad_ws/ROS2/work_space'
[0.888s] Level 1:colcon.colcon_core.package_identification:_identify(/home/ziad/ziad_ws/ROS2/work_space) by extensions ['ignore', 'ignore_ament_install']
[0.889s] Level 1:colcon.colcon_core.package_identification:_identify(/home/ziad/ziad_ws/ROS2/work_space) by extension 'ignore'
[0.889s] Level 1:colcon.colcon_core.package_identification:_identify(/home/ziad/ziad_ws/ROS2/work_space) by extension 'ignore_ament_install'
[0.889s] Level 1:colcon.colcon_core.package_identification:_identify(/home/ziad/ziad_ws/ROS2/work_space) by extensions ['colcon_pkg']
[0.889s] Level 1:colcon.colcon_core.package_identification:_identify(/home/ziad/ziad_ws/ROS2/work_space) by extension 'colcon_pkg'
[0.889s] Level 1:colcon.colcon_core.package_identification:_identify(/home/ziad/ziad_ws/ROS2/work_space) by extensions ['colcon_meta']
[0.889s] Level 1:colcon.colcon_core.package_identification:_identify(/home/ziad/ziad_ws/ROS2/work_space) by extension 'colcon_meta'
[0.889s] Level 1:colcon.colcon_core.package_identification:_identify(/home/ziad/ziad_ws/ROS2/work_space) by extensions ['ros']
[0.890s] Level 1:colcon.colcon_core.package_identification:_identify(/home/ziad/ziad_ws/ROS2/work_space) by extension 'ros'
[0.978s] Level 1:colcon.colcon_core.package_identification:_identify(/home/ziad/ziad_ws/ROS2/work_space) by extensions ['cmake', 'python']
[0.978s] Level 1:colcon.colcon_core.package_identification:_identify(/home/ziad/ziad_ws/ROS2/work_space) by extension 'cmake'
[0.978s] Level 1:colcon.colcon_core.package_identification:_identify(/home/ziad/ziad_ws/ROS2/work_space) by extension 'python'
[0.978s] Level 1:colcon.colcon_core.package_identification:_identify(/home/ziad/ziad_ws/ROS2/work_space) by extensions ['python_setup_py']
[0.978s] Level 1:colcon.colcon_core.package_identification:_identify(/home/ziad/ziad_ws/ROS2/work_space) by extension 'python_setup_py'
[0.979s] Level 1:colcon.colcon_core.package_identification:_identify(/home/ziad/ziad_ws/ROS2/work_space/build) by extensions ['ignore', 'ignore_ament_install']
[0.979s] Level 1:colcon.colcon_core.package_identification:_identify(/home/ziad/ziad_ws/ROS2/work_space/build) by extension 'ignore'
[0.979s] Level 1:colcon.colcon_core.package_identification:_identify(/home/ziad/ziad_ws/ROS2/work_space/build) ignored
[0.980s] Level 1:colcon.colcon_core.package_identification:_identify(/home/ziad/ziad_ws/ROS2/work_space/install) by extensions ['ignore', 'ignore_ament_install']
[0.980s] Level 1:colcon.colcon_core.package_identification:_identify(/home/ziad/ziad_ws/ROS2/work_space/install) by extension 'ignore'
[0.980s] Level 1:colcon.colcon_core.package_identification:_identify(/home/ziad/ziad_ws/ROS2/work_space/install) ignored
[0.980s] Level 1:colcon.colcon_core.package_identification:_identify(/home/ziad/ziad_ws/ROS2/work_space/log) by extensions ['ignore', 'ignore_ament_install']
[0.981s] Level 1:colcon.colcon_core.package_identification:_identify(/home/ziad/ziad_ws/ROS2/work_space/log) by extension 'ignore'
[0.981s] Level 1:colcon.colcon_core.package_identification:_identify(/home/ziad/ziad_ws/ROS2/work_space/log) ignored
[0.981s] Level 1:colcon.colcon_core.package_identification:_identify(/home/ziad/ziad_ws/ROS2/work_space/src) by extensions ['ignore', 'ignore_ament_install']
[0.981s] Level 1:colcon.colcon_core.package_identification:_identify(/home/ziad/ziad_ws/ROS2/work_space/src) by extension 'ignore'
[0.982s] Level 1:colcon.colcon_core.package_identification:_identify(/home/ziad/ziad_ws/ROS2/work_space/src) by extension 'ignore_ament_install'
[0.982s] Level 1:colcon.colcon_core.package_identification:_identify(/home/ziad/ziad_ws/ROS2/work_space/src) by extensions ['colcon_pkg']
[0.982s] Level 1:colcon.colcon_core.package_identification:_identify(/home/ziad/ziad_ws/ROS2/work_space/src) by extension 'colcon_pkg'
[0.982s] Level 1:colcon.colcon_core.package_identification:_identify(/home/ziad/ziad_ws/ROS2/work_space/src) by extensions ['colcon_meta']
[0.982s] Level 1:colcon.colcon_core.package_identification:_identify(/home/ziad/ziad_ws/ROS2/work_space/src) by extension 'colcon_meta'
[0.982s] Level 1:colcon.colcon_core.package_identification:_identify(/home/ziad/ziad_ws/ROS2/work_space/src) by extensions ['ros']
[0.982s] Level 1:colcon.colcon_core.package_identification:_identify(/home/ziad/ziad_ws/ROS2/work_space/src) by extension 'ros'
[0.983s] Level 1:colcon.colcon_core.package_identification:_identify(/home/ziad/ziad_ws/ROS2/work_space/src) by extensions ['cmake', 'python']
[0.983s] Level 1:colcon.colcon_core.package_identification:_identify(/home/ziad/ziad_ws/ROS2/work_space/src) by extension 'cmake'
[0.983s] Level 1:colcon.colcon_core.package_identification:_identify(/home/ziad/ziad_ws/ROS2/work_space/src) by extension 'python'
[0.983s] Level 1:colcon.colcon_core.package_identification:_identify(/home/ziad/ziad_ws/ROS2/work_space/src) by extensions ['python_setup_py']
[0.983s] Level 1:colcon.colcon_core.package_identification:_identify(/home/ziad/ziad_ws/ROS2/work_space/src) by extension 'python_setup_py'
[0.983s] Level 1:colcon.colcon_core.package_identification:_identify(/home/ziad/ziad_ws/ROS2/work_space/src/custom_action_interfaces) by extensions ['ignore', 'ignore_ament_install']
[0.983s] Level 1:colcon.colcon_core.package_identification:_identify(/home/ziad/ziad_ws/ROS2/work_space/src/custom_action_interfaces) by extension 'ignore'
[0.984s] Level 1:colcon.colcon_core.package_identification:_identify(/home/ziad/ziad_ws/ROS2/work_space/src/custom_action_interfaces) by extension 'ignore_ament_install'
[0.984s] Level 1:colcon.colcon_core.package_identification:_identify(/home/ziad/ziad_ws/ROS2/work_space/src/custom_action_interfaces) by extensions ['colcon_pkg']
[0.984s] Level 1:colcon.colcon_core.package_identification:_identify(/home/ziad/ziad_ws/ROS2/work_space/src/custom_action_interfaces) by extension 'colcon_pkg'
[0.984s] Level 1:colcon.colcon_core.package_identification:_identify(/home/ziad/ziad_ws/ROS2/work_space/src/custom_action_interfaces) by extensions ['colcon_meta']
[0.984s] Level 1:colcon.colcon_core.package_identification:_identify(/home/ziad/ziad_ws/ROS2/work_space/src/custom_action_interfaces) by extension 'colcon_meta'
[0.984s] Level 1:colcon.colcon_core.package_identification:_identify(/home/ziad/ziad_ws/ROS2/work_space/src/custom_action_interfaces) by extensions ['ros']
[0.984s] Level 1:colcon.colcon_core.package_identification:_identify(/home/ziad/ziad_ws/ROS2/work_space/src/custom_action_interfaces) by extension 'ros'
[0.990s] DEBUG:colcon.colcon_core.package_identification:Package '/home/ziad/ziad_ws/ROS2/work_space/src/custom_action_interfaces' with type 'ros.ament_cmake' and name 'custom_action_interfaces'
[0.991s] Level 1:colcon.colcon_core.package_identification:_identify(/home/ziad/ziad_ws/ROS2/work_space/src/ros2_control_turtel_bot) by extensions ['ignore', 'ignore_ament_install']
[0.991s] Level 1:colcon.colcon_core.package_identification:_identify(/home/ziad/ziad_ws/ROS2/work_space/src/ros2_control_turtel_bot) by extension 'ignore'
[0.991s] Level 1:colcon.colcon_core.package_identification:_identify(/home/ziad/ziad_ws/ROS2/work_space/src/ros2_control_turtel_bot) by extension 'ignore_ament_install'
[0.992s] Level 1:colcon.colcon_core.package_identification:_identify(/home/ziad/ziad_ws/ROS2/work_space/src/ros2_control_turtel_bot) by extensions ['colcon_pkg']
[0.992s] Level 1:colcon.colcon_core.package_identification:_identify(/home/ziad/ziad_ws/ROS2/work_space/src/ros2_control_turtel_bot) by extension 'colcon_pkg'
[0.992s] Level 1:colcon.colcon_core.package_identification:_identify(/home/ziad/ziad_ws/ROS2/work_space/src/ros2_control_turtel_bot) by extensions ['colcon_meta']
[0.992s] Level 1:colcon.colcon_core.package_identification:_identify(/home/ziad/ziad_ws/ROS2/work_space/src/ros2_control_turtel_bot) by extension 'colcon_meta'
[0.992s] Level 1:colcon.colcon_core.package_identification:_identify(/home/ziad/ziad_ws/ROS2/work_space/src/ros2_control_turtel_bot) by extensions ['ros']
[0.992s] Level 1:colcon.colcon_core.package_identification:_identify(/home/ziad/ziad_ws/ROS2/work_space/src/ros2_control_turtel_bot) by extension 'ros'
[0.994s] DEBUG:colcon.colcon_core.package_identification:Package '/home/ziad/ziad_ws/ROS2/work_space/src/ros2_control_turtel_bot' with type 'ros.ament_cmake' and name 'ros2_control_turtel_bot'
[0.994s] Level 1:colcon.colcon_core.package_identification:_identify(/home/ziad/ziad_ws/ROS2/work_space/src/three_wheel_robot) by extensions ['ignore', 'ignore_ament_install']
[0.994s] Level 1:colcon.colcon_core.package_identification:_identify(/home/ziad/ziad_ws/ROS2/work_space/src/three_wheel_robot) by extension 'ignore'
[0.995s] Level 1:colcon.colcon_core.package_identification:_identify(/home/ziad/ziad_ws/ROS2/work_space/src/three_wheel_robot) by extension 'ignore_ament_install'
[0.995s] Level 1:colcon.colcon_core.package_identification:_identify(/home/ziad/ziad_ws/ROS2/work_space/src/three_wheel_robot) by extensions ['colcon_pkg']
[0.995s] Level 1:colcon.colcon_core.package_identification:_identify(/home/ziad/ziad_ws/ROS2/work_space/src/three_wheel_robot) by extension 'colcon_pkg'
[0.995s] Level 1:colcon.colcon_core.package_identification:_identify(/home/ziad/ziad_ws/ROS2/work_space/src/three_wheel_robot) by extensions ['colcon_meta']
[0.995s] Level 1:colcon.colcon_core.package_identification:_identify(/home/ziad/ziad_ws/ROS2/work_space/src/three_wheel_robot) by extension 'colcon_meta'
[0.995s] Level 1:colcon.colcon_core.package_identification:_identify(/home/ziad/ziad_ws/ROS2/work_space/src/three_wheel_robot) by extensions ['ros']
[0.995s] Level 1:colcon.colcon_core.package_identification:_identify(/home/ziad/ziad_ws/ROS2/work_space/src/three_wheel_robot) by extension 'ros'
[0.997s] DEBUG:colcon.colcon_core.package_identification:Package '/home/ziad/ziad_ws/ROS2/work_space/src/three_wheel_robot' with type 'ros.ament_cmake' and name 'three_wheel_robot'
[0.997s] Level 1:colcon.colcon_core.package_identification:_identify(/home/ziad/ziad_ws/ROS2/work_space/src/yahboom_rosmaster) by extensions ['ignore', 'ignore_ament_install']
[0.997s] Level 1:colcon.colcon_core.package_identification:_identify(/home/ziad/ziad_ws/ROS2/work_space/src/yahboom_rosmaster) by extension 'ignore'
[0.998s] Level 1:colcon.colcon_core.package_identification:_identify(/home/ziad/ziad_ws/ROS2/work_space/src/yahboom_rosmaster) by extension 'ignore_ament_install'
[0.998s] Level 1:colcon.colcon_core.package_identification:_identify(/home/ziad/ziad_ws/ROS2/work_space/src/yahboom_rosmaster) by extensions ['colcon_pkg']
[0.998s] Level 1:colcon.colcon_core.package_identification:_identify(/home/ziad/ziad_ws/ROS2/work_space/src/yahboom_rosmaster) by extension 'colcon_pkg'
[0.998s] Level 1:colcon.colcon_core.package_identification:_identify(/home/ziad/ziad_ws/ROS2/work_space/src/yahboom_rosmaster) by extensions ['colcon_meta']
[0.998s] Level 1:colcon.colcon_core.package_identification:_identify(/home/ziad/ziad_ws/ROS2/work_space/src/yahboom_rosmaster) by extension 'colcon_meta'
[0.999s] Level 1:colcon.colcon_core.package_identification:_identify(/home/ziad/ziad_ws/ROS2/work_space/src/yahboom_rosmaster) by extensions ['ros']
[0.999s] Level 1:colcon.colcon_core.package_identification:_identify(/home/ziad/ziad_ws/ROS2/work_space/src/yahboom_rosmaster) by extension 'ros'
[0.999s] Level 1:colcon.colcon_core.package_identification:_identify(/home/ziad/ziad_ws/ROS2/work_space/src/yahboom_rosmaster) by extensions ['cmake', 'python']
[0.999s] Level 1:colcon.colcon_core.package_identification:_identify(/home/ziad/ziad_ws/ROS2/work_space/src/yahboom_rosmaster) by extension 'cmake'
[0.999s] Level 1:colcon.colcon_core.package_identification:_identify(/home/ziad/ziad_ws/ROS2/work_space/src/yahboom_rosmaster) by extension 'python'
[0.999s] Level 1:colcon.colcon_core.package_identification:_identify(/home/ziad/ziad_ws/ROS2/work_space/src/yahboom_rosmaster) by extensions ['python_setup_py']
[0.999s] Level 1:colcon.colcon_core.package_identification:_identify(/home/ziad/ziad_ws/ROS2/work_space/src/yahboom_rosmaster) by extension 'python_setup_py'
[1.000s] Level 1:colcon.colcon_core.package_identification:_identify(/home/ziad/ziad_ws/ROS2/work_space/src/yahboom_rosmaster/apriltag_ros) by extensions ['ignore', 'ignore_ament_install']
[1.000s] Level 1:colcon.colcon_core.package_identification:_identify(/home/ziad/ziad_ws/ROS2/work_space/src/yahboom_rosmaster/apriltag_ros) by extension 'ignore'
[1.000s] Level 1:colcon.colcon_core.package_identification:_identify(/home/ziad/ziad_ws/ROS2/work_space/src/yahboom_rosmaster/apriltag_ros) by extension 'ignore_ament_install'
[1.000s] Level 1:colcon.colcon_core.package_identification:_identify(/home/ziad/ziad_ws/ROS2/work_space/src/yahboom_rosmaster/apriltag_ros) by extensions ['colcon_pkg']
[1.000s] Level 1:colcon.colcon_core.package_identification:_identify(/home/ziad/ziad_ws/ROS2/work_space/src/yahboom_rosmaster/apriltag_ros) by extension 'colcon_pkg'
[1.000s] Level 1:colcon.colcon_core.package_identification:_identify(/home/ziad/ziad_ws/ROS2/work_space/src/yahboom_rosmaster/apriltag_ros) by extensions ['colcon_meta']
[1.000s] Level 1:colcon.colcon_core.package_identification:_identify(/home/ziad/ziad_ws/ROS2/work_space/src/yahboom_rosmaster/apriltag_ros) by extension 'colcon_meta'
[1.001s] Level 1:colcon.colcon_core.package_identification:_identify(/home/ziad/ziad_ws/ROS2/work_space/src/yahboom_rosmaster/apriltag_ros) by extensions ['ros']
[1.001s] Level 1:colcon.colcon_core.package_identification:_identify(/home/ziad/ziad_ws/ROS2/work_space/src/yahboom_rosmaster/apriltag_ros) by extension 'ros'
[1.009s] DEBUG:colcon.colcon_core.package_identification:Package '/home/ziad/ziad_ws/ROS2/work_space/src/yahboom_rosmaster/apriltag_ros' with type 'ros.ament_cmake' and name 'apriltag_ros'
[1.010s] Level 1:colcon.colcon_core.package_identification:_identify(/home/ziad/ziad_ws/ROS2/work_space/src/yahboom_rosmaster/mecanum_drive_controller) by extensions ['ignore', 'ignore_ament_install']
[1.010s] Level 1:colcon.colcon_core.package_identification:_identify(/home/ziad/ziad_ws/ROS2/work_space/src/yahboom_rosmaster/mecanum_drive_controller) by extension 'ignore'
[1.010s] Level 1:colcon.colcon_core.package_identification:_identify(/home/ziad/ziad_ws/ROS2/work_space/src/yahboom_rosmaster/mecanum_drive_controller) by extension 'ignore_ament_install'
[1.010s] Level 1:colcon.colcon_core.package_identification:_identify(/home/ziad/ziad_ws/ROS2/work_space/src/yahboom_rosmaster/mecanum_drive_controller) by extensions ['colcon_pkg']
[1.010s] Level 1:colcon.colcon_core.package_identification:_identify(/home/ziad/ziad_ws/ROS2/work_space/src/yahboom_rosmaster/mecanum_drive_controller) by extension 'colcon_pkg'
[1.010s] Level 1:colcon.colcon_core.package_identification:_identify(/home/ziad/ziad_ws/ROS2/work_space/src/yahboom_rosmaster/mecanum_drive_controller) by extensions ['colcon_meta']
[1.011s] Level 1:colcon.colcon_core.package_identification:_identify(/home/ziad/ziad_ws/ROS2/work_space/src/yahboom_rosmaster/mecanum_drive_controller) by extension 'colcon_meta'
[1.011s] Level 1:colcon.colcon_core.package_identification:_identify(/home/ziad/ziad_ws/ROS2/work_space/src/yahboom_rosmaster/mecanum_drive_controller) by extensions ['ros']
[1.011s] Level 1:colcon.colcon_core.package_identification:_identify(/home/ziad/ziad_ws/ROS2/work_space/src/yahboom_rosmaster/mecanum_drive_controller) by extension 'ros'
[1.014s] DEBUG:colcon.colcon_core.package_identification:Package '/home/ziad/ziad_ws/ROS2/work_space/src/yahboom_rosmaster/mecanum_drive_controller' with type 'ros.ament_cmake' and name 'mecanum_drive_controller'
[1.014s] Level 1:colcon.colcon_core.package_identification:_identify(/home/ziad/ziad_ws/ROS2/work_space/src/yahboom_rosmaster/yahboom_rosmaster) by extensions ['ignore', 'ignore_ament_install']
[1.014s] Level 1:colcon.colcon_core.package_identification:_identify(/home/ziad/ziad_ws/ROS2/work_space/src/yahboom_rosmaster/yahboom_rosmaster) by extension 'ignore'
[1.014s] Level 1:colcon.colcon_core.package_identification:_identify(/home/ziad/ziad_ws/ROS2/work_space/src/yahboom_rosmaster/yahboom_rosmaster) by extension 'ignore_ament_install'
[1.015s] Level 1:colcon.colcon_core.package_identification:_identify(/home/ziad/ziad_ws/ROS2/work_space/src/yahboom_rosmaster/yahboom_rosmaster) by extensions ['colcon_pkg']
[1.015s] Level 1:colcon.colcon_core.package_identification:_identify(/home/ziad/ziad_ws/ROS2/work_space/src/yahboom_rosmaster/yahboom_rosmaster) by extension 'colcon_pkg'
[1.015s] Level 1:colcon.colcon_core.package_identification:_identify(/home/ziad/ziad_ws/ROS2/work_space/src/yahboom_rosmaster/yahboom_rosmaster) by extensions ['colcon_meta']
[1.015s] Level 1:colcon.colcon_core.package_identification:_identify(/home/ziad/ziad_ws/ROS2/work_space/src/yahboom_rosmaster/yahboom_rosmaster) by extension 'colcon_meta'
[1.015s] Level 1:colcon.colcon_core.package_identification:_identify(/home/ziad/ziad_ws/ROS2/work_space/src/yahboom_rosmaster/yahboom_rosmaster) by extensions ['ros']
[1.015s] Level 1:colcon.colcon_core.package_identification:_identify(/home/ziad/ziad_ws/ROS2/work_space/src/yahboom_rosmaster/yahboom_rosmaster) by extension 'ros'
[1.016s] DEBUG:colcon.colcon_core.package_identification:Package '/home/ziad/ziad_ws/ROS2/work_space/src/yahboom_rosmaster/yahboom_rosmaster' with type 'ros.ament_cmake' and name 'yahboom_rosmaster'
[1.017s] Level 1:colcon.colcon_core.package_identification:_identify(/home/ziad/ziad_ws/ROS2/work_space/src/yahboom_rosmaster/yahboom_rosmaster_bringup) by extensions ['ignore', 'ignore_ament_install']
[1.017s] Level 1:colcon.colcon_core.package_identification:_identify(/home/ziad/ziad_ws/ROS2/work_space/src/yahboom_rosmaster/yahboom_rosmaster_bringup) by extension 'ignore'
[1.017s] Level 1:colcon.colcon_core.package_identification:_identify(/home/ziad/ziad_ws/ROS2/work_space/src/yahboom_rosmaster/yahboom_rosmaster_bringup) by extension 'ignore_ament_install'
[1.017s] Level 1:colcon.colcon_core.package_identification:_identify(/home/ziad/ziad_ws/ROS2/work_space/src/yahboom_rosmaster/yahboom_rosmaster_bringup) by extensions ['colcon_pkg']
[1.017s] Level 1:colcon.colcon_core.package_identification:_identify(/home/ziad/ziad_ws/ROS2/work_space/src/yahboom_rosmaster/yahboom_rosmaster_bringup) by extension 'colcon_pkg'
[1.017s] Level 1:colcon.colcon_core.package_identification:_identify(/home/ziad/ziad_ws/ROS2/work_space/src/yahboom_rosmaster/yahboom_rosmaster_bringup) by extensions ['colcon_meta']
[1.018s] Level 1:colcon.colcon_core.package_identification:_identify(/home/ziad/ziad_ws/ROS2/work_space/src/yahboom_rosmaster/yahboom_rosmaster_bringup) by extension 'colcon_meta'
[1.018s] Level 1:colcon.colcon_core.package_identification:_identify(/home/ziad/ziad_ws/ROS2/work_space/src/yahboom_rosmaster/yahboom_rosmaster_bringup) by extensions ['ros']
[1.018s] Level 1:colcon.colcon_core.package_identification:_identify(/home/ziad/ziad_ws/ROS2/work_space/src/yahboom_rosmaster/yahboom_rosmaster_bringup) by extension 'ros'
[1.019s] DEBUG:colcon.colcon_core.package_identification:Package '/home/ziad/ziad_ws/ROS2/work_space/src/yahboom_rosmaster/yahboom_rosmaster_bringup' with type 'ros.ament_cmake' and name 'yahboom_rosmaster_bringup'
[1.019s] Level 1:colcon.colcon_core.package_identification:_identify(/home/ziad/ziad_ws/ROS2/work_space/src/yahboom_rosmaster/yahboom_rosmaster_description) by extensions ['ignore', 'ignore_ament_install']
[1.019s] Level 1:colcon.colcon_core.package_identification:_identify(/home/ziad/ziad_ws/ROS2/work_space/src/yahboom_rosmaster/yahboom_rosmaster_description) by extension 'ignore'
[1.020s] Level 1:colcon.colcon_core.package_identification:_identify(/home/ziad/ziad_ws/ROS2/work_space/src/yahboom_rosmaster/yahboom_rosmaster_description) by extension 'ignore_ament_install'
[1.020s] Level 1:colcon.colcon_core.package_identification:_identify(/home/ziad/ziad_ws/ROS2/work_space/src/yahboom_rosmaster/yahboom_rosmaster_description) by extensions ['colcon_pkg']
[1.020s] Level 1:colcon.colcon_core.package_identification:_identify(/home/ziad/ziad_ws/ROS2/work_space/src/yahboom_rosmaster/yahboom_rosmaster_description) by extension 'colcon_pkg'
[1.020s] Level 1:colcon.colcon_core.package_identification:_identify(/home/ziad/ziad_ws/ROS2/work_space/src/yahboom_rosmaster/yahboom_rosmaster_description) by extensions ['colcon_meta']
[1.020s] Level 1:colcon.colcon_core.package_identification:_identify(/home/ziad/ziad_ws/ROS2/work_space/src/yahboom_rosmaster/yahboom_rosmaster_description) by extension 'colcon_meta'
[1.020s] Level 1:colcon.colcon_core.package_identification:_identify(/home/ziad/ziad_ws/ROS2/work_space/src/yahboom_rosmaster/yahboom_rosmaster_description) by extensions ['ros']
[1.020s] Level 1:colcon.colcon_core.package_identification:_identify(/home/ziad/ziad_ws/ROS2/work_space/src/yahboom_rosmaster/yahboom_rosmaster_description) by extension 'ros'
[1.022s] DEBUG:colcon.colcon_core.package_identification:Package '/home/ziad/ziad_ws/ROS2/work_space/src/yahboom_rosmaster/yahboom_rosmaster_description' with type 'ros.ament_cmake' and name 'yahboom_rosmaster_description'
[1.022s] Level 1:colcon.colcon_core.package_identification:_identify(/home/ziad/ziad_ws/ROS2/work_space/src/yahboom_rosmaster/yahboom_rosmaster_docking) by extensions ['ignore', 'ignore_ament_install']
[1.022s] Level 1:colcon.colcon_core.package_identification:_identify(/home/ziad/ziad_ws/ROS2/work_space/src/yahboom_rosmaster/yahboom_rosmaster_docking) by extension 'ignore'
[1.023s] Level 1:colcon.colcon_core.package_identification:_identify(/home/ziad/ziad_ws/ROS2/work_space/src/yahboom_rosmaster/yahboom_rosmaster_docking) by extension 'ignore_ament_install'
[1.023s] Level 1:colcon.colcon_core.package_identification:_identify(/home/ziad/ziad_ws/ROS2/work_space/src/yahboom_rosmaster/yahboom_rosmaster_docking) by extensions ['colcon_pkg']
[1.023s] Level 1:colcon.colcon_core.package_identification:_identify(/home/ziad/ziad_ws/ROS2/work_space/src/yahboom_rosmaster/yahboom_rosmaster_docking) by extension 'colcon_pkg'
[1.023s] Level 1:colcon.colcon_core.package_identification:_identify(/home/ziad/ziad_ws/ROS2/work_space/src/yahboom_rosmaster/yahboom_rosmaster_docking) by extensions ['colcon_meta']
[1.023s] Level 1:colcon.colcon_core.package_identification:_identify(/home/ziad/ziad_ws/ROS2/work_space/src/yahboom_rosmaster/yahboom_rosmaster_docking) by extension 'colcon_meta'
[1.023s] Level 1:colcon.colcon_core.package_identification:_identify(/home/ziad/ziad_ws/ROS2/work_space/src/yahboom_rosmaster/yahboom_rosmaster_docking) by extensions ['ros']
[1.023s] Level 1:colcon.colcon_core.package_identification:_identify(/home/ziad/ziad_ws/ROS2/work_space/src/yahboom_rosmaster/yahboom_rosmaster_docking) by extension 'ros'
[1.026s] DEBUG:colcon.colcon_core.package_identification:Package '/home/ziad/ziad_ws/ROS2/work_space/src/yahboom_rosmaster/yahboom_rosmaster_docking' with type 'ros.ament_cmake' and name 'yahboom_rosmaster_docking'
[1.027s] Level 1:colcon.colcon_core.package_identification:_identify(/home/ziad/ziad_ws/ROS2/work_space/src/yahboom_rosmaster/yahboom_rosmaster_gazebo) by extensions ['ignore', 'ignore_ament_install']
[1.027s] Level 1:colcon.colcon_core.package_identification:_identify(/home/ziad/ziad_ws/ROS2/work_space/src/yahboom_rosmaster/yahboom_rosmaster_gazebo) by extension 'ignore'
[1.028s] Level 1:colcon.colcon_core.package_identification:_identify(/home/ziad/ziad_ws/ROS2/work_space/src/yahboom_rosmaster/yahboom_rosmaster_gazebo) by extension 'ignore_ament_install'
[1.028s] Level 1:colcon.colcon_core.package_identification:_identify(/home/ziad/ziad_ws/ROS2/work_space/src/yahboom_rosmaster/yahboom_rosmaster_gazebo) by extensions ['colcon_pkg']
[1.028s] Level 1:colcon.colcon_core.package_identification:_identify(/home/ziad/ziad_ws/ROS2/work_space/src/yahboom_rosmaster/yahboom_rosmaster_gazebo) by extension 'colcon_pkg'
[1.028s] Level 1:colcon.colcon_core.package_identification:_identify(/home/ziad/ziad_ws/ROS2/work_space/src/yahboom_rosmaster/yahboom_rosmaster_gazebo) by extensions ['colcon_meta']
[1.028s] Level 1:colcon.colcon_core.package_identification:_identify(/home/ziad/ziad_ws/ROS2/work_space/src/yahboom_rosmaster/yahboom_rosmaster_gazebo) by extension 'colcon_meta'
[1.028s] Level 1:colcon.colcon_core.package_identification:_identify(/home/ziad/ziad_ws/ROS2/work_space/src/yahboom_rosmaster/yahboom_rosmaster_gazebo) by extensions ['ros']
[1.029s] Level 1:colcon.colcon_core.package_identification:_identify(/home/ziad/ziad_ws/ROS2/work_space/src/yahboom_rosmaster/yahboom_rosmaster_gazebo) by extension 'ros'
[1.032s] DEBUG:colcon.colcon_core.package_identification:Package '/home/ziad/ziad_ws/ROS2/work_space/src/yahboom_rosmaster/yahboom_rosmaster_gazebo' with type 'ros.ament_cmake' and name 'yahboom_rosmaster_gazebo'
[1.032s] Level 1:colcon.colcon_core.package_identification:_identify(/home/ziad/ziad_ws/ROS2/work_space/src/yahboom_rosmaster/yahboom_rosmaster_localization) by extensions ['ignore', 'ignore_ament_install']
[1.032s] Level 1:colcon.colcon_core.package_identification:_identify(/home/ziad/ziad_ws/ROS2/work_space/src/yahboom_rosmaster/yahboom_rosmaster_localization) by extension 'ignore'
[1.032s] Level 1:colcon.colcon_core.package_identification:_identify(/home/ziad/ziad_ws/ROS2/work_space/src/yahboom_rosmaster/yahboom_rosmaster_localization) by extension 'ignore_ament_install'
[1.033s] Level 1:colcon.colcon_core.package_identification:_identify(/home/ziad/ziad_ws/ROS2/work_space/src/yahboom_rosmaster/yahboom_rosmaster_localization) by extensions ['colcon_pkg']
[1.033s] Level 1:colcon.colcon_core.package_identification:_identify(/home/ziad/ziad_ws/ROS2/work_space/src/yahboom_rosmaster/yahboom_rosmaster_localization) by extension 'colcon_pkg'
[1.033s] Level 1:colcon.colcon_core.package_identification:_identify(/home/ziad/ziad_ws/ROS2/work_space/src/yahboom_rosmaster/yahboom_rosmaster_localization) by extensions ['colcon_meta']
[1.033s] Level 1:colcon.colcon_core.package_identification:_identify(/home/ziad/ziad_ws/ROS2/work_space/src/yahboom_rosmaster/yahboom_rosmaster_localization) by extension 'colcon_meta'
[1.033s] Level 1:colcon.colcon_core.package_identification:_identify(/home/ziad/ziad_ws/ROS2/work_space/src/yahboom_rosmaster/yahboom_rosmaster_localization) by extensions ['ros']
[1.033s] Level 1:colcon.colcon_core.package_identification:_identify(/home/ziad/ziad_ws/ROS2/work_space/src/yahboom_rosmaster/yahboom_rosmaster_localization) by extension 'ros'
[1.034s] DEBUG:colcon.colcon_core.package_identification:Package '/home/ziad/ziad_ws/ROS2/work_space/src/yahboom_rosmaster/yahboom_rosmaster_localization' with type 'ros.ament_cmake' and name 'yahboom_rosmaster_localization'
[1.035s] Level 1:colcon.colcon_core.package_identification:_identify(/home/ziad/ziad_ws/ROS2/work_space/src/yahboom_rosmaster/yahboom_rosmaster_msgs) by extensions ['ignore', 'ignore_ament_install']
[1.035s] Level 1:colcon.colcon_core.package_identification:_identify(/home/ziad/ziad_ws/ROS2/work_space/src/yahboom_rosmaster/yahboom_rosmaster_msgs) by extension 'ignore'
[1.036s] Level 1:colcon.colcon_core.package_identification:_identify(/home/ziad/ziad_ws/ROS2/work_space/src/yahboom_rosmaster/yahboom_rosmaster_msgs) by extension 'ignore_ament_install'
[1.038s] Level 1:colcon.colcon_core.package_identification:_identify(/home/ziad/ziad_ws/ROS2/work_space/src/yahboom_rosmaster/yahboom_rosmaster_msgs) by extensions ['colcon_pkg']
[1.041s] Level 1:colcon.colcon_core.package_identification:_identify(/home/ziad/ziad_ws/ROS2/work_space/src/yahboom_rosmaster/yahboom_rosmaster_msgs) by extension 'colcon_pkg'
[1.044s] Level 1:colcon.colcon_core.package_identification:_identify(/home/ziad/ziad_ws/ROS2/work_space/src/yahboom_rosmaster/yahboom_rosmaster_msgs) by extensions ['colcon_meta']
[1.045s] Level 1:colcon.colcon_core.package_identification:_identify(/home/ziad/ziad_ws/ROS2/work_space/src/yahboom_rosmaster/yahboom_rosmaster_msgs) by extension 'colcon_meta'
[1.048s] Level 1:colcon.colcon_core.package_identification:_identify(/home/ziad/ziad_ws/ROS2/work_space/src/yahboom_rosmaster/yahboom_rosmaster_msgs) by extensions ['ros']
[1.048s] Level 1:colcon.colcon_core.package_identification:_identify(/home/ziad/ziad_ws/ROS2/work_space/src/yahboom_rosmaster/yahboom_rosmaster_msgs) by extension 'ros'
[1.055s] DEBUG:colcon.colcon_core.package_identification:Package '/home/ziad/ziad_ws/ROS2/work_space/src/yahboom_rosmaster/yahboom_rosmaster_msgs' with type 'ros.ament_cmake' and name 'yahboom_rosmaster_msgs'
[1.056s] Level 1:colcon.colcon_core.package_identification:_identify(/home/ziad/ziad_ws/ROS2/work_space/src/yahboom_rosmaster/yahboom_rosmaster_navigation) by extensions ['ignore', 'ignore_ament_install']
[1.058s] Level 1:colcon.colcon_core.package_identification:_identify(/home/ziad/ziad_ws/ROS2/work_space/src/yahboom_rosmaster/yahboom_rosmaster_navigation) by extension 'ignore'
[1.059s] Level 1:colcon.colcon_core.package_identification:_identify(/home/ziad/ziad_ws/ROS2/work_space/src/yahboom_rosmaster/yahboom_rosmaster_navigation) by extension 'ignore_ament_install'
[1.059s] Level 1:colcon.colcon_core.package_identification:_identify(/home/ziad/ziad_ws/ROS2/work_space/src/yahboom_rosmaster/yahboom_rosmaster_navigation) by extensions ['colcon_pkg']
[1.059s] Level 1:colcon.colcon_core.package_identification:_identify(/home/ziad/ziad_ws/ROS2/work_space/src/yahboom_rosmaster/yahboom_rosmaster_navigation) by extension 'colcon_pkg'
[1.060s] Level 1:colcon.colcon_core.package_identification:_identify(/home/ziad/ziad_ws/ROS2/work_space/src/yahboom_rosmaster/yahboom_rosmaster_navigation) by extensions ['colcon_meta']
[1.060s] Level 1:colcon.colcon_core.package_identification:_identify(/home/ziad/ziad_ws/ROS2/work_space/src/yahboom_rosmaster/yahboom_rosmaster_navigation) by extension 'colcon_meta'
[1.061s] Level 1:colcon.colcon_core.package_identification:_identify(/home/ziad/ziad_ws/ROS2/work_space/src/yahboom_rosmaster/yahboom_rosmaster_navigation) by extensions ['ros']
[1.061s] Level 1:colcon.colcon_core.package_identification:_identify(/home/ziad/ziad_ws/ROS2/work_space/src/yahboom_rosmaster/yahboom_rosmaster_navigation) by extension 'ros'
[1.064s] DEBUG:colcon.colcon_core.package_identification:Package '/home/ziad/ziad_ws/ROS2/work_space/src/yahboom_rosmaster/yahboom_rosmaster_navigation' with type 'ros.ament_cmake' and name 'yahboom_rosmaster_navigation'
[1.065s] Level 1:colcon.colcon_core.package_identification:_identify(/home/ziad/ziad_ws/ROS2/work_space/src/yahboom_rosmaster/yahboom_rosmaster_system_tests) by extensions ['ignore', 'ignore_ament_install']
[1.065s] Level 1:colcon.colcon_core.package_identification:_identify(/home/ziad/ziad_ws/ROS2/work_space/src/yahboom_rosmaster/yahboom_rosmaster_system_tests) by extension 'ignore'
[1.065s] Level 1:colcon.colcon_core.package_identification:_identify(/home/ziad/ziad_ws/ROS2/work_space/src/yahboom_rosmaster/yahboom_rosmaster_system_tests) by extension 'ignore_ament_install'
[1.065s] Level 1:colcon.colcon_core.package_identification:_identify(/home/ziad/ziad_ws/ROS2/work_space/src/yahboom_rosmaster/yahboom_rosmaster_system_tests) by extensions ['colcon_pkg']
[1.065s] Level 1:colcon.colcon_core.package_identification:_identify(/home/ziad/ziad_ws/ROS2/work_space/src/yahboom_rosmaster/yahboom_rosmaster_system_tests) by extension 'colcon_pkg'
[1.066s] Level 1:colcon.colcon_core.package_identification:_identify(/home/ziad/ziad_ws/ROS2/work_space/src/yahboom_rosmaster/yahboom_rosmaster_system_tests) by extensions ['colcon_meta']
[1.066s] Level 1:colcon.colcon_core.package_identification:_identify(/home/ziad/ziad_ws/ROS2/work_space/src/yahboom_rosmaster/yahboom_rosmaster_system_tests) by extension 'colcon_meta'
[1.066s] Level 1:colcon.colcon_core.package_identification:_identify(/home/ziad/ziad_ws/ROS2/work_space/src/yahboom_rosmaster/yahboom_rosmaster_system_tests) by extensions ['ros']
[1.066s] Level 1:colcon.colcon_core.package_identification:_identify(/home/ziad/ziad_ws/ROS2/work_space/src/yahboom_rosmaster/yahboom_rosmaster_system_tests) by extension 'ros'
[1.068s] DEBUG:colcon.colcon_core.package_identification:Package '/home/ziad/ziad_ws/ROS2/work_space/src/yahboom_rosmaster/yahboom_rosmaster_system_tests' with type 'ros.ament_cmake' and name 'yahboom_rosmaster_system_tests'
[1.068s] Level 1:colcon.colcon_core.package_discovery:discover_packages(recursive) using defaults
