-- The C compiler identification is GNU 13.3.0
-- The CXX compiler identification is GNU 13.3.0
-- Detecting C compiler ABI info
-- Detecting C compiler ABI info - done
-- Check for working C compiler: /usr/bin/cc - skipped
-- Detecting C compile features
-- Detecting C compile features - done
-- Detecting CXX compiler ABI info
-- Detecting CXX compiler ABI info - done
-- Check for working CXX compiler: /usr/bin/c++ - skipped
-- Detecting CXX compile features
-- Detecting CXX compile features - done
-- Found ament_cmake: 2.5.4 (/opt/ros/jazzy/share/ament_cmake/cmake)
-- Found Python3: /usr/bin/python3 (found version "3.12.3") found components: Interpreter 
-- Override CMake install command with custom implementation using symlinks instead of copying resources
-- Found robot_localization: 3.8.2 (/opt/ros/jazzy/share/robot_localization/cmake)
-- Found rosidl_generator_c: 4.6.6 (/opt/ros/jazzy/share/rosidl_generator_c/cmake)
-- Found rosidl_generator_cpp: 4.6.6 (/opt/ros/jazzy/share/rosidl_generator_cpp/cmake)
-- Using all available rosidl_typesupport_c: rosidl_typesupport_fastrtps_c;rosidl_typesupport_introspection_c
-- Using all available rosidl_typesupport_cpp: rosidl_typesupport_fastrtps_cpp;rosidl_typesupport_introspection_cpp
-- Found ament_lint_auto: 0.17.3 (/opt/ros/jazzy/share/ament_lint_auto/cmake)
-- Added test 'flake8' to check Python code syntax and style conventions
-- Configured 'flake8' exclude dirs and/or files: 
-- Added test 'lint_cmake' to check CMake code style
-- Added test 'pep257' to check Python code against some of the docstring style conventions in PEP 257
-- Added test 'xmllint' to check XML markup files
-- Configuring done (3.0s)
-- Generating done (0.0s)
-- Build files have been written to: /home/ziad/ziad_ws/ROS2/work_space/build/yahboom_rosmaster_localization
-- Install configuration: ""
-- Execute custom install script
-- Symlinking: /home/ziad/ziad_ws/ROS2/work_space/install/yahboom_rosmaster_localization/share/yahboom_rosmaster_localization/config/ekf.yaml
-- Symlinking: /home/ziad/ziad_ws/ROS2/work_space/install/yahboom_rosmaster_localization/share/yahboom_rosmaster_localization/launch/ekf_gazebo.launch.py
-- Symlinking: /home/ziad/ziad_ws/ROS2/work_space/install/yahboom_rosmaster_localization/share/ament_index/resource_index/package_run_dependencies/yahboom_rosmaster_localization
-- Symlinking: /home/ziad/ziad_ws/ROS2/work_space/install/yahboom_rosmaster_localization/share/ament_index/resource_index/parent_prefix_path/yahboom_rosmaster_localization
-- Symlinking: /home/ziad/ziad_ws/ROS2/work_space/install/yahboom_rosmaster_localization/share/yahboom_rosmaster_localization/environment/ament_prefix_path.sh
-- Symlinking: /home/ziad/ziad_ws/ROS2/work_space/install/yahboom_rosmaster_localization/share/yahboom_rosmaster_localization/environment/ament_prefix_path.dsv
-- Symlinking: /home/ziad/ziad_ws/ROS2/work_space/install/yahboom_rosmaster_localization/share/yahboom_rosmaster_localization/environment/path.sh
-- Symlinking: /home/ziad/ziad_ws/ROS2/work_space/install/yahboom_rosmaster_localization/share/yahboom_rosmaster_localization/environment/path.dsv
-- Symlinking: /home/ziad/ziad_ws/ROS2/work_space/install/yahboom_rosmaster_localization/share/yahboom_rosmaster_localization/local_setup.bash
-- Symlinking: /home/ziad/ziad_ws/ROS2/work_space/install/yahboom_rosmaster_localization/share/yahboom_rosmaster_localization/local_setup.sh
-- Symlinking: /home/ziad/ziad_ws/ROS2/work_space/install/yahboom_rosmaster_localization/share/yahboom_rosmaster_localization/local_setup.zsh
-- Symlinking: /home/ziad/ziad_ws/ROS2/work_space/install/yahboom_rosmaster_localization/share/yahboom_rosmaster_localization/local_setup.dsv
-- Symlinking: /home/ziad/ziad_ws/ROS2/work_space/install/yahboom_rosmaster_localization/share/yahboom_rosmaster_localization/package.dsv
-- Symlinking: /home/ziad/ziad_ws/ROS2/work_space/install/yahboom_rosmaster_localization/share/ament_index/resource_index/packages/yahboom_rosmaster_localization
-- Symlinking: /home/ziad/ziad_ws/ROS2/work_space/install/yahboom_rosmaster_localization/share/yahboom_rosmaster_localization/cmake/yahboom_rosmaster_localizationConfig.cmake
-- Symlinking: /home/ziad/ziad_ws/ROS2/work_space/install/yahboom_rosmaster_localization/share/yahboom_rosmaster_localization/cmake/yahboom_rosmaster_localizationConfig-version.cmake
-- Symlinking: /home/ziad/ziad_ws/ROS2/work_space/install/yahboom_rosmaster_localization/share/yahboom_rosmaster_localization/package.xml
