[0.026s] Invoking command in '/home/ziad/Ziad_WS/ROS2/work_space/build/publisher_subscriber': CMAKE_PREFIX_PATH=${CMAKE_PREFIX_PATH}:/opt/ros/humble /usr/bin/cmake /home/ziad/Ziad_WS/ROS2/work_space/src/publisher_subscriber -DCMAKE_BUILD_TYPE=Release -DCMAKE_INSTALL_PREFIX=/home/ziad/Ziad_WS/ROS2/work_space/install/publisher_subscriber
[0.050s] -- Found ament_cmake: 1.3.12 (/opt/ros/humble/share/ament_cmake/cmake)
[0.319s] -- Override CMake install command with custom implementation using symlinks instead of copying resources
[0.335s] -- Found rclcpp: 16.0.14 (/opt/ros/humble/share/rclcpp/cmake)
[0.403s] -- Found rosidl_generator_c: 3.1.7 (/opt/ros/humble/share/rosidl_generator_c/cmake)
[0.411s] -- Found rosidl_adapter: 3.1.7 (/opt/ros/humble/share/rosidl_adapter/cmake)
[0.424s] -- Found rosidl_generator_cpp: 3.1.7 (/opt/ros/humble/share/rosidl_generator_cpp/cmake)
[0.448s] -- Using all available rosidl_typesupport_c: rosidl_typesupport_fastrtps_c;rosidl_typesupport_introspection_c
[0.475s] -- Using all available rosidl_typesupport_cpp: rosidl_typesupport_fastrtps_cpp;rosidl_typesupport_introspection_cpp
[0.583s] -- Found rmw_implementation_cmake: 6.1.2 (/opt/ros/humble/share/rmw_implementation_cmake/cmake)
[0.588s] -- Found rmw_fastrtps_cpp: 6.2.8 (/opt/ros/humble/share/rmw_fastrtps_cpp/cmake)
[0.856s] -- Using RMW implementation 'rmw_fastrtps_cpp' as default
[1.007s] -- Found ament_lint_auto: 0.12.14 (/opt/ros/humble/share/ament_lint_auto/cmake)
[1.205s] -- Added test 'cppcheck' to perform static code analysis on C / C++ code
[1.206s] -- Configured cppcheck include dirs: 
[1.206s] -- Configured cppcheck exclude dirs and/or files: 
[1.207s] -- Added test 'flake8' to check Python code syntax and style conventions
[1.209s] -- Added test 'lint_cmake' to check CMake code style
[1.210s] -- Added test 'pep257' to check Python code against some of the docstring style conventions in PEP 257
[1.217s] -- Added test 'uncrustify' to check C / C++ code style
[1.218s] -- Configured uncrustify additional arguments: 
[1.219s] -- Added test 'xmllint' to check XML markup files
[1.221s] -- Configuring done
[1.251s] -- Generating done
[1.261s] -- Build files have been written to: /home/ziad/Ziad_WS/ROS2/work_space/build/publisher_subscriber
[1.280s] Invoked command in '/home/ziad/Ziad_WS/ROS2/work_space/build/publisher_subscriber' returned '0': CMAKE_PREFIX_PATH=${CMAKE_PREFIX_PATH}:/opt/ros/humble /usr/bin/cmake /home/ziad/Ziad_WS/ROS2/work_space/src/publisher_subscriber -DCMAKE_BUILD_TYPE=Release -DCMAKE_INSTALL_PREFIX=/home/ziad/Ziad_WS/ROS2/work_space/install/publisher_subscriber
[1.281s] Invoking command in '/home/ziad/Ziad_WS/ROS2/work_space/build/publisher_subscriber': CMAKE_PREFIX_PATH=${CMAKE_PREFIX_PATH}:/opt/ros/humble /usr/bin/cmake --build /home/ziad/Ziad_WS/ROS2/work_space/build/publisher_subscriber -- -j4 -l4
[1.371s] [35m[1mConsolidate compiler generated dependencies of target publisher[0m
[1.379s] [35m[1mConsolidate compiler generated dependencies of target subscriber[0m
[1.434s] [ 25%] [32mBuilding CXX object CMakeFiles/publisher.dir/src/publisher.cpp.o[0m
[1.445s] [ 50%] [32mBuilding CXX object CMakeFiles/subscriber.dir/src/subscriber.cpp.o[0m
[20.171s] [ 75%] [32m[1mLinking CXX executable publisher[0m
[21.103s] [ 75%] Built target publisher
[37.255s] [100%] [32m[1mLinking CXX executable subscriber[0m
[37.850s] [100%] Built target subscriber
