[0.044s] Invoking command in '/home/ziad/ziad_ws/ROS2/work_space/build/navigation': CMAKE_PREFIX_PATH=${CMAKE_PREFIX_PATH}:/home/ziad/ziad_ws/ROS2/turtlebot3_ws/install/turtlebot3_teleop:/home/ziad/ziad_ws/ROS2/turtlebot3_ws/install/turtlebot3_example:/opt/ros/humble /usr/bin/cmake /home/ziad/ziad_ws/ROS2/work_space/src/navigation -DAMENT_CMAKE_SYMLINK_INSTALL=1 -DCMAKE_INSTALL_PREFIX=/home/ziad/ziad_ws/ROS2/work_space/install/navigation
[0.093s] -- Found ament_cmake: 1.3.12 (/opt/ros/humble/share/ament_cmake/cmake)
[0.416s] -- Override CMake install command with custom implementation using symlinks instead of copying resources
[0.480s] -- Found nav2_bringup: 1.1.18 (/opt/ros/humble/share/nav2_bringup/cmake)
[0.481s] -- Found nav2_core: 1.1.18 (/opt/ros/humble/share/nav2_core/cmake)
[0.638s] -- Found rosidl_generator_c: 3.1.7 (/opt/ros/humble/share/rosidl_generator_c/cmake)
[0.649s] -- Found rosidl_adapter: 3.1.7 (/opt/ros/humble/share/rosidl_adapter/cmake)
[0.678s] -- Found rosidl_generator_cpp: 3.1.7 (/opt/ros/humble/share/rosidl_generator_cpp/cmake)
[0.731s] -- Using all available rosidl_typesupport_c: rosidl_typesupport_fastrtps_c;rosidl_typesupport_introspection_c
[0.784s] -- Using all available rosidl_typesupport_cpp: rosidl_typesupport_fastrtps_cpp;rosidl_typesupport_introspection_cpp
[0.899s] -- Found rmw_implementation_cmake: 6.1.2 (/opt/ros/humble/share/rmw_implementation_cmake/cmake)
[0.903s] -- Found rmw_fastrtps_cpp: 6.2.8 (/opt/ros/humble/share/rmw_fastrtps_cpp/cmake)
[1.165s] -- Using RMW implementation 'rmw_fastrtps_cpp' as default
[2.029s] -- Ensuring Eigen3 include directory is part of orocos-kdl CMake target
[2.506s] -- Found nav2_amcl: 1.1.18 (/opt/ros/humble/share/nav2_amcl/cmake)
[2.573s] [31mCMake Error at CMakeLists.txt:28 (find_package):
[2.573s]   By not providing "Findlaunch_ros.cmake" in CMAKE_MODULE_PATH this project
[2.573s]   has asked CMake to find a package configuration file provided by
[2.573s]   "launch_ros", but CMake did not find one.
[2.574s] 
[2.574s]   Could not find a package configuration file provided by "launch_ros" with
[2.574s]   any of the following names:
[2.574s] 
[2.574s]     launch_rosConfig.cmake
[2.574s]     launch_ros-config.cmake
[2.574s] 
[2.574s]   Add the installation prefix of "launch_ros" to CMAKE_PREFIX_PATH or set
[2.574s]   "launch_ros_DIR" to a directory containing one of the above files.  If
[2.575s]   "launch_ros" provides a separate development package or SDK, be sure it has
[2.575s]   been installed.
[2.575s] 
[2.575s] [0m
[2.580s] -- Configuring incomplete, errors occurred!
[2.581s] See also "/home/ziad/ziad_ws/ROS2/work_space/build/navigation/CMakeFiles/CMakeOutput.log".
[2.602s] Invoked command in '/home/ziad/ziad_ws/ROS2/work_space/build/navigation' returned '1': CMAKE_PREFIX_PATH=${CMAKE_PREFIX_PATH}:/home/ziad/ziad_ws/ROS2/turtlebot3_ws/install/turtlebot3_teleop:/home/ziad/ziad_ws/ROS2/turtlebot3_ws/install/turtlebot3_example:/opt/ros/humble /usr/bin/cmake /home/ziad/ziad_ws/ROS2/work_space/src/navigation -DAMENT_CMAKE_SYMLINK_INSTALL=1 -DCMAKE_INSTALL_PREFIX=/home/ziad/ziad_ws/ROS2/work_space/install/navigation
