[0.058s] Invoking command in '/home/ziad/ziad_ws/ROS2/turtlebot3_ws/build/turtlebot3_navigation2': CMAKE_PREFIX_PATH=${CMAKE_PREFIX_PATH}:/home/ziad/ziad_ws/ROS2/turtlebot3_ws/install/turtlebot3_teleop:/home/ziad/ziad_ws/ROS2/turtlebot3_ws/install/turtlebot3_example:/opt/ros/jazzy DEBUGINFOD_URLS=https://debuginfod.ubuntu.com /usr/bin/cmake /home/ziad/ziad_ws/ROS2/turtlebot3_ws/src/turtlebot3/turtlebot3_navigation2 -DCMAKE_INSTALL_PREFIX=/home/ziad/ziad_ws/ROS2/turtlebot3_ws/install/turtlebot3_navigation2
[0.089s] -- Found ament_cmake: 2.5.4 (/opt/ros/jazzy/share/ament_cmake/cmake)
[0.653s] -- Override CMake install command with custom implementation using symlinks instead of copying resources
[1.047s] -- Configuring done (1.0s)
[1.064s] -- Generating done (0.0s)
[1.070s] -- Build files have been written to: /home/ziad/ziad_ws/ROS2/turtlebot3_ws/build/turtlebot3_navigation2
[1.079s] Invoked command in '/home/ziad/ziad_ws/ROS2/turtlebot3_ws/build/turtlebot3_navigation2' returned '0': CMAKE_PREFIX_PATH=${CMAKE_PREFIX_PATH}:/home/ziad/ziad_ws/ROS2/turtlebot3_ws/install/turtlebot3_teleop:/home/ziad/ziad_ws/ROS2/turtlebot3_ws/install/turtlebot3_example:/opt/ros/jazzy DEBUGINFOD_URLS=https://debuginfod.ubuntu.com /usr/bin/cmake /home/ziad/ziad_ws/ROS2/turtlebot3_ws/src/turtlebot3/turtlebot3_navigation2 -DCMAKE_INSTALL_PREFIX=/home/ziad/ziad_ws/ROS2/turtlebot3_ws/install/turtlebot3_navigation2
[1.079s] Invoking command in '/home/ziad/ziad_ws/ROS2/turtlebot3_ws/build/turtlebot3_navigation2': CMAKE_PREFIX_PATH=${CMAKE_PREFIX_PATH}:/home/ziad/ziad_ws/ROS2/turtlebot3_ws/install/turtlebot3_teleop:/home/ziad/ziad_ws/ROS2/turtlebot3_ws/install/turtlebot3_example:/opt/ros/jazzy DEBUGINFOD_URLS=https://debuginfod.ubuntu.com /usr/bin/cmake --build /home/ziad/ziad_ws/ROS2/turtlebot3_ws/build/turtlebot3_navigation2 -- -j4 -l4
[1.233s] Invoked command in '/home/ziad/ziad_ws/ROS2/turtlebot3_ws/build/turtlebot3_navigation2' returned '0': CMAKE_PREFIX_PATH=${CMAKE_PREFIX_PATH}:/home/ziad/ziad_ws/ROS2/turtlebot3_ws/install/turtlebot3_teleop:/home/ziad/ziad_ws/ROS2/turtlebot3_ws/install/turtlebot3_example:/opt/ros/jazzy DEBUGINFOD_URLS=https://debuginfod.ubuntu.com /usr/bin/cmake --build /home/ziad/ziad_ws/ROS2/turtlebot3_ws/build/turtlebot3_navigation2 -- -j4 -l4
[1.238s] Invoking command in '/home/ziad/ziad_ws/ROS2/turtlebot3_ws/build/turtlebot3_navigation2': CMAKE_PREFIX_PATH=${CMAKE_PREFIX_PATH}:/home/ziad/ziad_ws/ROS2/turtlebot3_ws/install/turtlebot3_teleop:/home/ziad/ziad_ws/ROS2/turtlebot3_ws/install/turtlebot3_example:/opt/ros/jazzy DEBUGINFOD_URLS=https://debuginfod.ubuntu.com /usr/bin/cmake --install /home/ziad/ziad_ws/ROS2/turtlebot3_ws/build/turtlebot3_navigation2
[1.272s] -- Install configuration: ""
[1.276s] -- Execute custom install script
[1.277s] -- Up-to-date symlink: /home/ziad/ziad_ws/ROS2/turtlebot3_ws/install/turtlebot3_navigation2/share/turtlebot3_navigation2/launch/navigation2.launch.py
[1.277s] -- Up-to-date symlink: /home/ziad/ziad_ws/ROS2/turtlebot3_ws/install/turtlebot3_navigation2/share/turtlebot3_navigation2/map/map.pgm
[1.277s] -- Up-to-date symlink: /home/ziad/ziad_ws/ROS2/turtlebot3_ws/install/turtlebot3_navigation2/share/turtlebot3_navigation2/map/map.yaml
[1.280s] -- Up-to-date symlink: /home/ziad/ziad_ws/ROS2/turtlebot3_ws/install/turtlebot3_navigation2/share/turtlebot3_navigation2/param/burger.yaml
[1.280s] -- Up-to-date symlink: /home/ziad/ziad_ws/ROS2/turtlebot3_ws/install/turtlebot3_navigation2/share/turtlebot3_navigation2/param/burger_cam.yaml
[1.280s] -- Up-to-date symlink: /home/ziad/ziad_ws/ROS2/turtlebot3_ws/install/turtlebot3_navigation2/share/turtlebot3_navigation2/param/humble/burger.yaml
[1.280s] -- Up-to-date symlink: /home/ziad/ziad_ws/ROS2/turtlebot3_ws/install/turtlebot3_navigation2/share/turtlebot3_navigation2/param/humble/burger_cam.yaml
[1.284s] -- Up-to-date symlink: /home/ziad/ziad_ws/ROS2/turtlebot3_ws/install/turtlebot3_navigation2/share/turtlebot3_navigation2/param/humble/waffle.yaml
[1.284s] -- Up-to-date symlink: /home/ziad/ziad_ws/ROS2/turtlebot3_ws/install/turtlebot3_navigation2/share/turtlebot3_navigation2/param/humble/waffle_pi.yaml
[1.284s] -- Up-to-date symlink: /home/ziad/ziad_ws/ROS2/turtlebot3_ws/install/turtlebot3_navigation2/share/turtlebot3_navigation2/param/waffle.yaml
[1.284s] -- Up-to-date symlink: /home/ziad/ziad_ws/ROS2/turtlebot3_ws/install/turtlebot3_navigation2/share/turtlebot3_navigation2/param/waffle_pi.yaml
[1.284s] -- Up-to-date symlink: /home/ziad/ziad_ws/ROS2/turtlebot3_ws/install/turtlebot3_navigation2/share/turtlebot3_navigation2/rviz/tb3_navigation2.rviz
[1.290s] -- Up-to-date symlink: /home/ziad/ziad_ws/ROS2/turtlebot3_ws/install/turtlebot3_navigation2/share/ament_index/resource_index/package_run_dependencies/turtlebot3_navigation2
[1.290s] -- Up-to-date symlink: /home/ziad/ziad_ws/ROS2/turtlebot3_ws/install/turtlebot3_navigation2/share/ament_index/resource_index/parent_prefix_path/turtlebot3_navigation2
[1.290s] -- Up-to-date symlink: /home/ziad/ziad_ws/ROS2/turtlebot3_ws/install/turtlebot3_navigation2/share/turtlebot3_navigation2/environment/ament_prefix_path.sh
[1.290s] -- Up-to-date symlink: /home/ziad/ziad_ws/ROS2/turtlebot3_ws/install/turtlebot3_navigation2/share/turtlebot3_navigation2/environment/ament_prefix_path.dsv
[1.291s] -- Up-to-date symlink: /home/ziad/ziad_ws/ROS2/turtlebot3_ws/install/turtlebot3_navigation2/share/turtlebot3_navigation2/environment/path.sh
[1.294s] -- Up-to-date symlink: /home/ziad/ziad_ws/ROS2/turtlebot3_ws/install/turtlebot3_navigation2/share/turtlebot3_navigation2/environment/path.dsv
[1.296s] -- Up-to-date symlink: /home/ziad/ziad_ws/ROS2/turtlebot3_ws/install/turtlebot3_navigation2/share/turtlebot3_navigation2/local_setup.bash
[1.296s] -- Up-to-date symlink: /home/ziad/ziad_ws/ROS2/turtlebot3_ws/install/turtlebot3_navigation2/share/turtlebot3_navigation2/local_setup.sh
[1.297s] -- Up-to-date symlink: /home/ziad/ziad_ws/ROS2/turtlebot3_ws/install/turtlebot3_navigation2/share/turtlebot3_navigation2/local_setup.zsh
[1.298s] -- Up-to-date symlink: /home/ziad/ziad_ws/ROS2/turtlebot3_ws/install/turtlebot3_navigation2/share/turtlebot3_navigation2/local_setup.dsv
[1.298s] -- Symlinking: /home/ziad/ziad_ws/ROS2/turtlebot3_ws/install/turtlebot3_navigation2/share/turtlebot3_navigation2/package.dsv
[1.319s] -- Up-to-date symlink: /home/ziad/ziad_ws/ROS2/turtlebot3_ws/install/turtlebot3_navigation2/share/ament_index/resource_index/packages/turtlebot3_navigation2
[1.320s] -- Up-to-date symlink: /home/ziad/ziad_ws/ROS2/turtlebot3_ws/install/turtlebot3_navigation2/share/turtlebot3_navigation2/cmake/turtlebot3_navigation2Config.cmake
[1.321s] -- Up-to-date symlink: /home/ziad/ziad_ws/ROS2/turtlebot3_ws/install/turtlebot3_navigation2/share/turtlebot3_navigation2/cmake/turtlebot3_navigation2Config-version.cmake
[1.322s] -- Up-to-date symlink: /home/ziad/ziad_ws/ROS2/turtlebot3_ws/install/turtlebot3_navigation2/share/turtlebot3_navigation2/package.xml
[1.326s] Invoked command in '/home/ziad/ziad_ws/ROS2/turtlebot3_ws/build/turtlebot3_navigation2' returned '0': CMAKE_PREFIX_PATH=${CMAKE_PREFIX_PATH}:/home/ziad/ziad_ws/ROS2/turtlebot3_ws/install/turtlebot3_teleop:/home/ziad/ziad_ws/ROS2/turtlebot3_ws/install/turtlebot3_example:/opt/ros/jazzy DEBUGINFOD_URLS=https://debuginfod.ubuntu.com /usr/bin/cmake --install /home/ziad/ziad_ws/ROS2/turtlebot3_ws/build/turtlebot3_navigation2
