[0.046s] Invoking command in '/home/ziad/ziad_ws/ROS2/work_space/build/apriltag_ros': CMAKE_PREFIX_PATH=${CMAKE_PREFIX_PATH}:/home/ziad/ziad_ws/ROS2/turtlebot3_ws/install/turtlebot3_teleop:/home/ziad/ziad_ws/ROS2/turtlebot3_ws/install/turtlebot3_example:/opt/ros/jazzy DEBUGINFOD_URLS=https://debuginfod.ubuntu.com /usr/bin/cmake --build /home/ziad/ziad_ws/ROS2/work_space/build/apriltag_ros -- -j4 -l4
[0.269s] [ 20%] Built target tags
[0.280s] [ 40%] Built target apriltag_node
[0.302s] [ 60%] Built target conversion
[0.383s] [ 80%] Built target pose_estimation
[0.522s] [100%] Built target AprilTagNode
[0.550s] Invoked command in '/home/ziad/ziad_ws/ROS2/work_space/build/apriltag_ros' returned '0': CMAKE_PREFIX_PATH=${CMAKE_PREFIX_PATH}:/home/ziad/ziad_ws/ROS2/turtlebot3_ws/install/turtlebot3_teleop:/home/ziad/ziad_ws/ROS2/turtlebot3_ws/install/turtlebot3_example:/opt/ros/jazzy DEBUGINFOD_URLS=https://debuginfod.ubuntu.com /usr/bin/cmake --build /home/ziad/ziad_ws/ROS2/work_space/build/apriltag_ros -- -j4 -l4
[0.557s] Invoking command in '/home/ziad/ziad_ws/ROS2/work_space/build/apriltag_ros': CMAKE_PREFIX_PATH=${CMAKE_PREFIX_PATH}:/home/ziad/ziad_ws/ROS2/turtlebot3_ws/install/turtlebot3_teleop:/home/ziad/ziad_ws/ROS2/turtlebot3_ws/install/turtlebot3_example:/opt/ros/jazzy DEBUGINFOD_URLS=https://debuginfod.ubuntu.com /usr/bin/cmake --install /home/ziad/ziad_ws/ROS2/work_space/build/apriltag_ros
[0.587s] -- Install configuration: ""
[0.588s] -- Execute custom install script
[0.589s] -- Up-to-date symlink: /home/ziad/ziad_ws/ROS2/work_space/install/apriltag_ros/lib/apriltag_ros/apriltag_node
[0.591s] -- Up-to-date symlink: /home/ziad/ziad_ws/ROS2/work_space/install/apriltag_ros/share/apriltag_ros/environment/library_path.sh
[0.592s] -- Up-to-date symlink: /home/ziad/ziad_ws/ROS2/work_space/install/apriltag_ros/share/apriltag_ros/environment/library_path.dsv
[0.593s] -- Up-to-date symlink: /home/ziad/ziad_ws/ROS2/work_space/install/apriltag_ros/lib/libAprilTagNode.so
[0.594s] -- Up-to-date symlink: /home/ziad/ziad_ws/ROS2/work_space/install/apriltag_ros/share/apriltag_ros/cfg/tags_36h11.yaml
[0.595s] -- Up-to-date symlink: /home/ziad/ziad_ws/ROS2/work_space/install/apriltag_ros/share/apriltag_ros/launch/camera_36h11.launch.yml
[0.596s] -- Up-to-date symlink: /home/ziad/ziad_ws/ROS2/work_space/install/apriltag_ros/share/ament_index/resource_index/package_run_dependencies/apriltag_ros
[0.597s] -- Up-to-date symlink: /home/ziad/ziad_ws/ROS2/work_space/install/apriltag_ros/share/ament_index/resource_index/parent_prefix_path/apriltag_ros
[0.597s] -- Up-to-date symlink: /home/ziad/ziad_ws/ROS2/work_space/install/apriltag_ros/share/apriltag_ros/environment/ament_prefix_path.sh
[0.597s] -- Up-to-date symlink: /home/ziad/ziad_ws/ROS2/work_space/install/apriltag_ros/share/apriltag_ros/environment/ament_prefix_path.dsv
[0.599s] -- Up-to-date symlink: /home/ziad/ziad_ws/ROS2/work_space/install/apriltag_ros/share/apriltag_ros/environment/path.sh
[0.599s] -- Up-to-date symlink: /home/ziad/ziad_ws/ROS2/work_space/install/apriltag_ros/share/apriltag_ros/environment/path.dsv
[0.599s] -- Up-to-date symlink: /home/ziad/ziad_ws/ROS2/work_space/install/apriltag_ros/share/apriltag_ros/local_setup.bash
[0.600s] -- Up-to-date symlink: /home/ziad/ziad_ws/ROS2/work_space/install/apriltag_ros/share/apriltag_ros/local_setup.sh
[0.600s] -- Up-to-date symlink: /home/ziad/ziad_ws/ROS2/work_space/install/apriltag_ros/share/apriltag_ros/local_setup.zsh
[0.601s] -- Up-to-date symlink: /home/ziad/ziad_ws/ROS2/work_space/install/apriltag_ros/share/apriltag_ros/local_setup.dsv
[0.601s] -- Symlinking: /home/ziad/ziad_ws/ROS2/work_space/install/apriltag_ros/share/apriltag_ros/package.dsv
[0.622s] -- Up-to-date symlink: /home/ziad/ziad_ws/ROS2/work_space/install/apriltag_ros/share/ament_index/resource_index/packages/apriltag_ros
[0.622s] -- Up-to-date symlink: /home/ziad/ziad_ws/ROS2/work_space/install/apriltag_ros/share/ament_index/resource_index/rclcpp_components/apriltag_ros
[0.622s] -- Up-to-date symlink: /home/ziad/ziad_ws/ROS2/work_space/install/apriltag_ros/share/apriltag_ros/cmake/apriltag_rosConfig.cmake
[0.623s] -- Up-to-date symlink: /home/ziad/ziad_ws/ROS2/work_space/install/apriltag_ros/share/apriltag_ros/cmake/apriltag_rosConfig-version.cmake
[0.624s] -- Up-to-date symlink: /home/ziad/ziad_ws/ROS2/work_space/install/apriltag_ros/share/apriltag_ros/package.xml
[0.628s] Invoked command in '/home/ziad/ziad_ws/ROS2/work_space/build/apriltag_ros' returned '0': CMAKE_PREFIX_PATH=${CMAKE_PREFIX_PATH}:/home/ziad/ziad_ws/ROS2/turtlebot3_ws/install/turtlebot3_teleop:/home/ziad/ziad_ws/ROS2/turtlebot3_ws/install/turtlebot3_example:/opt/ros/jazzy DEBUGINFOD_URLS=https://debuginfod.ubuntu.com /usr/bin/cmake --install /home/ziad/ziad_ws/ROS2/work_space/build/apriltag_ros
