[0.158s] Invoking command in '/home/ziad/ziad_ws/ROS2/work_space/build/three_wheel_robot': CMAKE_PREFIX_PATH=${CMAKE_PREFIX_PATH}:/home/ziad/ziad_ws/ROS2/turtlebot3_ws/install/turtlebot3_teleop:/home/ziad/ziad_ws/ROS2/turtlebot3_ws/install/turtlebot3_example:/opt/ros/humble /usr/bin/cmake /home/ziad/ziad_ws/ROS2/work_space/src/three_wheel_robot -DCMAKE_INSTALL_PREFIX=/home/ziad/ziad_ws/ROS2/work_space/install/three_wheel_robot
[0.248s] -- Found ament_cmake: 1.3.12 (/opt/ros/humble/share/ament_cmake/cmake)
[0.594s] -- Override CMake install command with custom implementation using symlinks instead of copying resources
[0.629s] -- Found ament_lint_auto: 0.12.14 (/opt/ros/humble/share/ament_lint_auto/cmake)
[0.891s] -- Added test 'lint_cmake' to check CMake code style
[0.894s] -- Added test 'xmllint' to check XML markup files
[0.899s] -- Configuring done
[0.909s] -- Generating done
[0.914s] -- Build files have been written to: /home/ziad/ziad_ws/ROS2/work_space/build/three_wheel_robot
[0.922s] Invoked command in '/home/ziad/ziad_ws/ROS2/work_space/build/three_wheel_robot' returned '0': CMAKE_PREFIX_PATH=${CMAKE_PREFIX_PATH}:/home/ziad/ziad_ws/ROS2/turtlebot3_ws/install/turtlebot3_teleop:/home/ziad/ziad_ws/ROS2/turtlebot3_ws/install/turtlebot3_example:/opt/ros/humble /usr/bin/cmake /home/ziad/ziad_ws/ROS2/work_space/src/three_wheel_robot -DCMAKE_INSTALL_PREFIX=/home/ziad/ziad_ws/ROS2/work_space/install/three_wheel_robot
[0.924s] Invoking command in '/home/ziad/ziad_ws/ROS2/work_space/build/three_wheel_robot': CMAKE_PREFIX_PATH=${CMAKE_PREFIX_PATH}:/home/ziad/ziad_ws/ROS2/turtlebot3_ws/install/turtlebot3_teleop:/home/ziad/ziad_ws/ROS2/turtlebot3_ws/install/turtlebot3_example:/opt/ros/humble /usr/bin/cmake --build /home/ziad/ziad_ws/ROS2/work_space/build/three_wheel_robot -- -j4 -l4
[1.074s] Invoked command in '/home/ziad/ziad_ws/ROS2/work_space/build/three_wheel_robot' returned '0': CMAKE_PREFIX_PATH=${CMAKE_PREFIX_PATH}:/home/ziad/ziad_ws/ROS2/turtlebot3_ws/install/turtlebot3_teleop:/home/ziad/ziad_ws/ROS2/turtlebot3_ws/install/turtlebot3_example:/opt/ros/humble /usr/bin/cmake --build /home/ziad/ziad_ws/ROS2/work_space/build/three_wheel_robot -- -j4 -l4
[1.081s] Invoking command in '/home/ziad/ziad_ws/ROS2/work_space/build/three_wheel_robot': CMAKE_PREFIX_PATH=${CMAKE_PREFIX_PATH}:/home/ziad/ziad_ws/ROS2/turtlebot3_ws/install/turtlebot3_teleop:/home/ziad/ziad_ws/ROS2/turtlebot3_ws/install/turtlebot3_example:/opt/ros/humble /usr/bin/cmake --install /home/ziad/ziad_ws/ROS2/work_space/build/three_wheel_robot
[1.102s] -- Install configuration: ""
[1.102s] -- Execute custom install script
[1.104s] -- Up-to-date symlink: /home/ziad/ziad_ws/ROS2/work_space/install/three_wheel_robot/share/ament_index/resource_index/package_run_dependencies/three_wheel_robot
[1.105s] -- Up-to-date symlink: /home/ziad/ziad_ws/ROS2/work_space/install/three_wheel_robot/share/ament_index/resource_index/parent_prefix_path/three_wheel_robot
[1.111s] -- Up-to-date symlink: /home/ziad/ziad_ws/ROS2/work_space/install/three_wheel_robot/share/three_wheel_robot/environment/ament_prefix_path.sh
[1.112s] -- Up-to-date symlink: /home/ziad/ziad_ws/ROS2/work_space/install/three_wheel_robot/share/three_wheel_robot/environment/ament_prefix_path.dsv
[1.112s] -- Up-to-date symlink: /home/ziad/ziad_ws/ROS2/work_space/install/three_wheel_robot/share/three_wheel_robot/environment/path.sh
[1.112s] -- Up-to-date symlink: /home/ziad/ziad_ws/ROS2/work_space/install/three_wheel_robot/share/three_wheel_robot/environment/path.dsv
[1.112s] -- Up-to-date symlink: /home/ziad/ziad_ws/ROS2/work_space/install/three_wheel_robot/share/three_wheel_robot/local_setup.bash
[1.115s] -- Up-to-date symlink: /home/ziad/ziad_ws/ROS2/work_space/install/three_wheel_robot/share/three_wheel_robot/local_setup.sh
[1.116s] -- Up-to-date symlink: /home/ziad/ziad_ws/ROS2/work_space/install/three_wheel_robot/share/three_wheel_robot/local_setup.zsh
[1.116s] -- Up-to-date symlink: /home/ziad/ziad_ws/ROS2/work_space/install/three_wheel_robot/share/three_wheel_robot/local_setup.dsv
[1.118s] -- Symlinking: /home/ziad/ziad_ws/ROS2/work_space/install/three_wheel_robot/share/three_wheel_robot/package.dsv
[1.145s] -- Up-to-date symlink: /home/ziad/ziad_ws/ROS2/work_space/install/three_wheel_robot/share/ament_index/resource_index/packages/three_wheel_robot
[1.145s] -- Up-to-date symlink: /home/ziad/ziad_ws/ROS2/work_space/install/three_wheel_robot/share/three_wheel_robot/cmake/three_wheel_robotConfig.cmake
[1.146s] -- Up-to-date symlink: /home/ziad/ziad_ws/ROS2/work_space/install/three_wheel_robot/share/three_wheel_robot/cmake/three_wheel_robotConfig-version.cmake
[1.146s] -- Up-to-date symlink: /home/ziad/ziad_ws/ROS2/work_space/install/three_wheel_robot/share/three_wheel_robot/package.xml
[1.160s] Invoked command in '/home/ziad/ziad_ws/ROS2/work_space/build/three_wheel_robot' returned '0': CMAKE_PREFIX_PATH=${CMAKE_PREFIX_PATH}:/home/ziad/ziad_ws/ROS2/turtlebot3_ws/install/turtlebot3_teleop:/home/ziad/ziad_ws/ROS2/turtlebot3_ws/install/turtlebot3_example:/opt/ros/humble /usr/bin/cmake --install /home/ziad/ziad_ws/ROS2/work_space/build/three_wheel_robot
