[0.042s] Invoking command in '/home/ziad/ziad_ws/ROS2/turtlebot3_ws/build/turtlebot3_navigation2': CMAKE_PREFIX_PATH=/opt/ros/humble /usr/bin/cmake --build /home/ziad/ziad_ws/ROS2/turtlebot3_ws/build/turtlebot3_navigation2 -- -j4 -l4
[0.120s] Invoked command in '/home/ziad/ziad_ws/ROS2/turtlebot3_ws/build/turtlebot3_navigation2' returned '0': CMAKE_PREFIX_PATH=/opt/ros/humble /usr/bin/cmake --build /home/ziad/ziad_ws/ROS2/turtlebot3_ws/build/turtlebot3_navigation2 -- -j4 -l4
[0.126s] Invoking command in '/home/ziad/ziad_ws/ROS2/turtlebot3_ws/build/turtlebot3_navigation2': CMAKE_PREFIX_PATH=/opt/ros/humble /usr/bin/cmake --install /home/ziad/ziad_ws/ROS2/turtlebot3_ws/build/turtlebot3_navigation2
[0.135s] -- Install configuration: ""
[0.135s] -- Installing: /home/ziad/ziad_ws/ROS2/turtlebot3_ws/install/turtlebot3_navigation2/share/turtlebot3_navigation2/launch
[0.136s] -- Installing: /home/ziad/ziad_ws/ROS2/turtlebot3_ws/install/turtlebot3_navigation2/share/turtlebot3_navigation2/launch/navigation2.launch.py
[0.136s] -- Installing: /home/ziad/ziad_ws/ROS2/turtlebot3_ws/install/turtlebot3_navigation2/share/turtlebot3_navigation2/map
[0.137s] -- Installing: /home/ziad/ziad_ws/ROS2/turtlebot3_ws/install/turtlebot3_navigation2/share/turtlebot3_navigation2/map/map.yaml
[0.137s] -- Installing: /home/ziad/ziad_ws/ROS2/turtlebot3_ws/install/turtlebot3_navigation2/share/turtlebot3_navigation2/map/map.pgm
[0.138s] -- Installing: /home/ziad/ziad_ws/ROS2/turtlebot3_ws/install/turtlebot3_navigation2/share/turtlebot3_navigation2/param
[0.138s] -- Installing: /home/ziad/ziad_ws/ROS2/turtlebot3_ws/install/turtlebot3_navigation2/share/turtlebot3_navigation2/param/burger.yaml
[0.138s] -- Installing: /home/ziad/ziad_ws/ROS2/turtlebot3_ws/install/turtlebot3_navigation2/share/turtlebot3_navigation2/param/waffle_pi.yaml
[0.139s] -- Installing: /home/ziad/ziad_ws/ROS2/turtlebot3_ws/install/turtlebot3_navigation2/share/turtlebot3_navigation2/param/waffle.yaml
[0.139s] -- Installing: /home/ziad/ziad_ws/ROS2/turtlebot3_ws/install/turtlebot3_navigation2/share/turtlebot3_navigation2/param/humble
[0.139s] -- Installing: /home/ziad/ziad_ws/ROS2/turtlebot3_ws/install/turtlebot3_navigation2/share/turtlebot3_navigation2/param/humble/burger.yaml
[0.140s] -- Installing: /home/ziad/ziad_ws/ROS2/turtlebot3_ws/install/turtlebot3_navigation2/share/turtlebot3_navigation2/param/humble/waffle_pi.yaml
[0.140s] -- Installing: /home/ziad/ziad_ws/ROS2/turtlebot3_ws/install/turtlebot3_navigation2/share/turtlebot3_navigation2/param/humble/waffle.yaml
[0.141s] -- Installing: /home/ziad/ziad_ws/ROS2/turtlebot3_ws/install/turtlebot3_navigation2/share/turtlebot3_navigation2/param/humble/burger_cam.yaml
[0.141s] -- Installing: /home/ziad/ziad_ws/ROS2/turtlebot3_ws/install/turtlebot3_navigation2/share/turtlebot3_navigation2/param/burger_cam.yaml
[0.142s] -- Installing: /home/ziad/ziad_ws/ROS2/turtlebot3_ws/install/turtlebot3_navigation2/share/turtlebot3_navigation2/rviz
[0.142s] -- Installing: /home/ziad/ziad_ws/ROS2/turtlebot3_ws/install/turtlebot3_navigation2/share/turtlebot3_navigation2/rviz/tb3_navigation2.rviz
[0.143s] -- Installing: /home/ziad/ziad_ws/ROS2/turtlebot3_ws/install/turtlebot3_navigation2/share/ament_index/resource_index/package_run_dependencies/turtlebot3_navigation2
[0.144s] -- Installing: /home/ziad/ziad_ws/ROS2/turtlebot3_ws/install/turtlebot3_navigation2/share/ament_index/resource_index/parent_prefix_path/turtlebot3_navigation2
[0.144s] -- Installing: /home/ziad/ziad_ws/ROS2/turtlebot3_ws/install/turtlebot3_navigation2/share/turtlebot3_navigation2/environment/ament_prefix_path.sh
[0.145s] -- Installing: /home/ziad/ziad_ws/ROS2/turtlebot3_ws/install/turtlebot3_navigation2/share/turtlebot3_navigation2/environment/ament_prefix_path.dsv
[0.145s] -- Installing: /home/ziad/ziad_ws/ROS2/turtlebot3_ws/install/turtlebot3_navigation2/share/turtlebot3_navigation2/environment/path.sh
[0.145s] -- Installing: /home/ziad/ziad_ws/ROS2/turtlebot3_ws/install/turtlebot3_navigation2/share/turtlebot3_navigation2/environment/path.dsv
[0.146s] -- Installing: /home/ziad/ziad_ws/ROS2/turtlebot3_ws/install/turtlebot3_navigation2/share/turtlebot3_navigation2/local_setup.bash
[0.146s] -- Installing: /home/ziad/ziad_ws/ROS2/turtlebot3_ws/install/turtlebot3_navigation2/share/turtlebot3_navigation2/local_setup.sh
[0.146s] -- Installing: /home/ziad/ziad_ws/ROS2/turtlebot3_ws/install/turtlebot3_navigation2/share/turtlebot3_navigation2/local_setup.zsh
[0.146s] -- Installing: /home/ziad/ziad_ws/ROS2/turtlebot3_ws/install/turtlebot3_navigation2/share/turtlebot3_navigation2/local_setup.dsv
[0.147s] -- Installing: /home/ziad/ziad_ws/ROS2/turtlebot3_ws/install/turtlebot3_navigation2/share/turtlebot3_navigation2/package.dsv
[0.147s] -- Installing: /home/ziad/ziad_ws/ROS2/turtlebot3_ws/install/turtlebot3_navigation2/share/ament_index/resource_index/packages/turtlebot3_navigation2
[0.148s] -- Installing: /home/ziad/ziad_ws/ROS2/turtlebot3_ws/install/turtlebot3_navigation2/share/turtlebot3_navigation2/cmake/turtlebot3_navigation2Config.cmake
[0.149s] -- Installing: /home/ziad/ziad_ws/ROS2/turtlebot3_ws/install/turtlebot3_navigation2/share/turtlebot3_navigation2/cmake/turtlebot3_navigation2Config-version.cmake
[0.151s] -- Installing: /home/ziad/ziad_ws/ROS2/turtlebot3_ws/install/turtlebot3_navigation2/share/turtlebot3_navigation2/package.xml
[0.152s] Invoked command in '/home/ziad/ziad_ws/ROS2/turtlebot3_ws/build/turtlebot3_navigation2' returned '0': CMAKE_PREFIX_PATH=/opt/ros/humble /usr/bin/cmake --install /home/ziad/ziad_ws/ROS2/turtlebot3_ws/build/turtlebot3_navigation2
