[0.028s] Invoking command in '/home/ziad/ziad_ws/ROS2/tutorials_work_sapce/build/simple_pub_sub': CMAKE_PREFIX_PATH=${CMAKE_PREFIX_PATH}:/opt/ros/jazzy DEBUGINFOD_URLS=https://debuginfod.ubuntu.com /usr/bin/cmake --build /home/ziad/ziad_ws/ROS2/tutorials_work_sapce/build/simple_pub_sub -- -j4 -l4
[0.340s] [ 50%] Built target publisher
[0.345s] [100%] Built target subscriber
[0.366s] Invoked command in '/home/ziad/ziad_ws/ROS2/tutorials_work_sapce/build/simple_pub_sub' returned '0': CMAKE_PREFIX_PATH=${CMAKE_PREFIX_PATH}:/opt/ros/jazzy DEBUGINFOD_URLS=https://debuginfod.ubuntu.com /usr/bin/cmake --build /home/ziad/ziad_ws/ROS2/tutorials_work_sapce/build/simple_pub_sub -- -j4 -l4
[0.402s] Invoking command in '/home/ziad/ziad_ws/ROS2/tutorials_work_sapce/build/simple_pub_sub': CMAKE_PREFIX_PATH=${CMAKE_PREFIX_PATH}:/opt/ros/jazzy DEBUGINFOD_URLS=https://debuginfod.ubuntu.com /usr/bin/cmake --install /home/ziad/ziad_ws/ROS2/tutorials_work_sapce/build/simple_pub_sub
[0.432s] -- Install configuration: ""
[0.449s] -- Up-to-date: /home/ziad/ziad_ws/ROS2/tutorials_work_sapce/install/simple_pub_sub/lib/simple_pub_sub/publisher
[0.451s] -- Up-to-date: /home/ziad/ziad_ws/ROS2/tutorials_work_sapce/install/simple_pub_sub/lib/simple_pub_sub/subscriber
[0.452s] -- Up-to-date: /home/ziad/ziad_ws/ROS2/tutorials_work_sapce/install/simple_pub_sub/share/ament_index/resource_index/package_run_dependencies/simple_pub_sub
[0.457s] -- Up-to-date: /home/ziad/ziad_ws/ROS2/tutorials_work_sapce/install/simple_pub_sub/share/ament_index/resource_index/parent_prefix_path/simple_pub_sub
[0.464s] -- Up-to-date: /home/ziad/ziad_ws/ROS2/tutorials_work_sapce/install/simple_pub_sub/share/simple_pub_sub/environment/ament_prefix_path.sh
[0.465s] -- Up-to-date: /home/ziad/ziad_ws/ROS2/tutorials_work_sapce/install/simple_pub_sub/share/simple_pub_sub/environment/ament_prefix_path.dsv
[0.465s] -- Up-to-date: /home/ziad/ziad_ws/ROS2/tutorials_work_sapce/install/simple_pub_sub/share/simple_pub_sub/environment/path.sh
[0.466s] -- Up-to-date: /home/ziad/ziad_ws/ROS2/tutorials_work_sapce/install/simple_pub_sub/share/simple_pub_sub/environment/path.dsv
[0.466s] -- Up-to-date: /home/ziad/ziad_ws/ROS2/tutorials_work_sapce/install/simple_pub_sub/share/simple_pub_sub/local_setup.bash
[0.466s] -- Up-to-date: /home/ziad/ziad_ws/ROS2/tutorials_work_sapce/install/simple_pub_sub/share/simple_pub_sub/local_setup.sh
[0.466s] -- Up-to-date: /home/ziad/ziad_ws/ROS2/tutorials_work_sapce/install/simple_pub_sub/share/simple_pub_sub/local_setup.zsh
[0.466s] -- Up-to-date: /home/ziad/ziad_ws/ROS2/tutorials_work_sapce/install/simple_pub_sub/share/simple_pub_sub/local_setup.dsv
[0.466s] -- Installing: /home/ziad/ziad_ws/ROS2/tutorials_work_sapce/install/simple_pub_sub/share/simple_pub_sub/package.dsv
[0.473s] -- Up-to-date: /home/ziad/ziad_ws/ROS2/tutorials_work_sapce/install/simple_pub_sub/share/ament_index/resource_index/packages/simple_pub_sub
[0.475s] -- Up-to-date: /home/ziad/ziad_ws/ROS2/tutorials_work_sapce/install/simple_pub_sub/share/simple_pub_sub/cmake/simple_pub_subConfig.cmake
[0.475s] -- Up-to-date: /home/ziad/ziad_ws/ROS2/tutorials_work_sapce/install/simple_pub_sub/share/simple_pub_sub/cmake/simple_pub_subConfig-version.cmake
[0.475s] -- Up-to-date: /home/ziad/ziad_ws/ROS2/tutorials_work_sapce/install/simple_pub_sub/share/simple_pub_sub/package.xml
[0.479s] Invoked command in '/home/ziad/ziad_ws/ROS2/tutorials_work_sapce/build/simple_pub_sub' returned '0': CMAKE_PREFIX_PATH=${CMAKE_PREFIX_PATH}:/opt/ros/jazzy DEBUGINFOD_URLS=https://debuginfod.ubuntu.com /usr/bin/cmake --install /home/ziad/ziad_ws/ROS2/tutorials_work_sapce/build/simple_pub_sub
