[0.102s] Invoking command in '/home/ziad/ziad_ws/ROS2/work_space/build/mecanum_drive_controller': CMAKE_PREFIX_PATH=${CMAKE_PREFIX_PATH}:/opt/ros/jazzy DEBUGINFOD_URLS=https://debuginfod.ubuntu.com /usr/bin/cmake --build /home/ziad/ziad_ws/ROS2/work_space/build/mecanum_drive_controller -- -j4 -l4
[0.424s] [ 33%] Built target mecanum_drive_controller_parameters
[0.563s] [100%] Built target mecanum_drive_controller
[0.617s] Invoked command in '/home/ziad/ziad_ws/ROS2/work_space/build/mecanum_drive_controller' returned '0': CMAKE_PREFIX_PATH=${CMAKE_PREFIX_PATH}:/opt/ros/jazzy DEBUGINFOD_URLS=https://debuginfod.ubuntu.com /usr/bin/cmake --build /home/ziad/ziad_ws/ROS2/work_space/build/mecanum_drive_controller -- -j4 -l4
[0.620s] Invoking command in '/home/ziad/ziad_ws/ROS2/work_space/build/mecanum_drive_controller': CMAKE_PREFIX_PATH=${CMAKE_PREFIX_PATH}:/opt/ros/jazzy DEBUGINFOD_URLS=https://debuginfod.ubuntu.com /usr/bin/cmake --install /home/ziad/ziad_ws/ROS2/work_space/build/mecanum_drive_controller
[0.662s] -- Install configuration: ""
[0.665s] -- Execute custom install script
[0.667s] -- Up-to-date symlink: /home/ziad/ziad_ws/ROS2/work_space/install/mecanum_drive_controller/include/mecanum_drive_controller/mecanum_drive_controller_parameters.hpp
[0.669s] -- Up-to-date symlink: /home/ziad/ziad_ws/ROS2/work_space/install/mecanum_drive_controller/share/mecanum_drive_controller//mecanum_drive_plugin.xml
[0.670s] -- Up-to-date symlink: /home/ziad/ziad_ws/ROS2/work_space/install/mecanum_drive_controller/include/mecanum_drive_controller/mecanum_drive_controller/mecanum_drive_controller.hpp
[0.671s] -- Up-to-date symlink: /home/ziad/ziad_ws/ROS2/work_space/install/mecanum_drive_controller/include/mecanum_drive_controller/mecanum_drive_controller/odometry.hpp
[0.672s] -- Up-to-date symlink: /home/ziad/ziad_ws/ROS2/work_space/install/mecanum_drive_controller/include/mecanum_drive_controller/mecanum_drive_controller/speed_limiter.hpp
[0.673s] -- Up-to-date symlink: /home/ziad/ziad_ws/ROS2/work_space/install/mecanum_drive_controller/include/mecanum_drive_controller/mecanum_drive_controller/visibility_control.h
[0.674s] -- Up-to-date symlink: /home/ziad/ziad_ws/ROS2/work_space/install/mecanum_drive_controller/share/mecanum_drive_controller/environment/library_path.sh
[0.675s] -- Up-to-date symlink: /home/ziad/ziad_ws/ROS2/work_space/install/mecanum_drive_controller/share/mecanum_drive_controller/environment/library_path.dsv
[0.677s] -- Up-to-date symlink: /home/ziad/ziad_ws/ROS2/work_space/install/mecanum_drive_controller/share/ament_index/resource_index/package_run_dependencies/mecanum_drive_controller
[0.678s] -- Up-to-date symlink: /home/ziad/ziad_ws/ROS2/work_space/install/mecanum_drive_controller/share/ament_index/resource_index/parent_prefix_path/mecanum_drive_controller
[0.679s] -- Up-to-date symlink: /home/ziad/ziad_ws/ROS2/work_space/install/mecanum_drive_controller/share/mecanum_drive_controller/environment/ament_prefix_path.sh
[0.680s] -- Up-to-date symlink: /home/ziad/ziad_ws/ROS2/work_space/install/mecanum_drive_controller/share/mecanum_drive_controller/environment/ament_prefix_path.dsv
[0.681s] -- Up-to-date symlink: /home/ziad/ziad_ws/ROS2/work_space/install/mecanum_drive_controller/share/mecanum_drive_controller/environment/path.sh
[0.682s] -- Up-to-date symlink: /home/ziad/ziad_ws/ROS2/work_space/install/mecanum_drive_controller/share/mecanum_drive_controller/environment/path.dsv
[0.683s] -- Up-to-date symlink: /home/ziad/ziad_ws/ROS2/work_space/install/mecanum_drive_controller/share/mecanum_drive_controller/local_setup.bash
[0.684s] -- Up-to-date symlink: /home/ziad/ziad_ws/ROS2/work_space/install/mecanum_drive_controller/share/mecanum_drive_controller/local_setup.sh
[0.685s] -- Up-to-date symlink: /home/ziad/ziad_ws/ROS2/work_space/install/mecanum_drive_controller/share/mecanum_drive_controller/local_setup.zsh
[0.688s] -- Up-to-date symlink: /home/ziad/ziad_ws/ROS2/work_space/install/mecanum_drive_controller/share/mecanum_drive_controller/local_setup.dsv
[0.689s] -- Symlinking: /home/ziad/ziad_ws/ROS2/work_space/install/mecanum_drive_controller/share/mecanum_drive_controller/package.dsv
[0.768s] -- Up-to-date symlink: /home/ziad/ziad_ws/ROS2/work_space/install/mecanum_drive_controller/share/ament_index/resource_index/packages/mecanum_drive_controller
[0.769s] -- Up-to-date symlink: /home/ziad/ziad_ws/ROS2/work_space/install/mecanum_drive_controller/share/ament_index/resource_index/controller_interface__pluginlib__plugin/mecanum_drive_controller
[0.769s] -- Up-to-date symlink: /home/ziad/ziad_ws/ROS2/work_space/install/mecanum_drive_controller/share/mecanum_drive_controller/cmake/ament_cmake_export_dependencies-extras.cmake
[0.769s] -- Up-to-date symlink: /home/ziad/ziad_ws/ROS2/work_space/install/mecanum_drive_controller/share/mecanum_drive_controller/cmake/ament_cmake_export_targets-extras.cmake
[0.769s] -- Up-to-date symlink: /home/ziad/ziad_ws/ROS2/work_space/install/mecanum_drive_controller/share/mecanum_drive_controller/cmake/mecanum_drive_controllerConfig.cmake
[0.770s] -- Up-to-date symlink: /home/ziad/ziad_ws/ROS2/work_space/install/mecanum_drive_controller/share/mecanum_drive_controller/cmake/mecanum_drive_controllerConfig-version.cmake
[0.770s] -- Up-to-date symlink: /home/ziad/ziad_ws/ROS2/work_space/install/mecanum_drive_controller/share/mecanum_drive_controller/package.xml
[0.770s] -- Up-to-date: /home/ziad/ziad_ws/ROS2/work_space/install/mecanum_drive_controller/lib/libmecanum_drive_controller.so
[0.770s] -- Up-to-date: /home/ziad/ziad_ws/ROS2/work_space/install/mecanum_drive_controller/share/mecanum_drive_controller/cmake/export_mecanum_drive_controllerExport.cmake
[0.770s] -- Up-to-date: /home/ziad/ziad_ws/ROS2/work_space/install/mecanum_drive_controller/share/mecanum_drive_controller/cmake/export_mecanum_drive_controllerExport-noconfig.cmake
[0.783s] Invoked command in '/home/ziad/ziad_ws/ROS2/work_space/build/mecanum_drive_controller' returned '0': CMAKE_PREFIX_PATH=${CMAKE_PREFIX_PATH}:/opt/ros/jazzy DEBUGINFOD_URLS=https://debuginfod.ubuntu.com /usr/bin/cmake --install /home/ziad/ziad_ws/ROS2/work_space/build/mecanum_drive_controller
