-- Found rclcpp: 28.1.11 (/opt/ros/jazzy/share/rclcpp/cmake)
-- Override CMake install command with custom implementation using symlinks instead of copying resources
-- Found rosidl_generator_c: 4.6.6 (/opt/ros/jazzy/share/rosidl_generator_c/cmake)
-- Found rosidl_generator_cpp: 4.6.6 (/opt/ros/jazzy/share/rosidl_generator_cpp/cmake)
-- Using all available rosidl_typesupport_c: rosidl_typesupport_fastrtps_c;rosidl_typesupport_introspection_c
-- Using all available rosidl_typesupport_cpp: rosidl_typesupport_fastrtps_cpp;rosidl_typesupport_introspection_cpp
-- Found rmw_implementation_cmake: 7.3.2 (/opt/ros/jazzy/share/rmw_implementation_cmake/cmake)
-- Found rmw_fastrtps_cpp: 8.4.3 (/opt/ros/jazzy/share/rmw_fastrtps_cpp/cmake)
-- Using RMW implementation 'rmw_fastrtps_cpp' as default
-- Found rclcpp_components: 28.1.11 (/opt/ros/jazzy/share/rclcpp_components/cmake)
-- Found sensor_msgs: 5.3.6 (/opt/ros/jazzy/share/sensor_msgs/cmake)
-- Found apriltag_msgs: 2.0.1 (/opt/ros/jazzy/share/apriltag_msgs/cmake)
-- Found tf2_ros: 0.36.14 (/opt/ros/jazzy/share/tf2_ros/cmake)
-- Found image_transport: 5.1.7 (/opt/ros/jazzy/share/image_transport/cmake)
-- Found cv_bridge: 4.1.0 (/opt/ros/jazzy/share/cv_bridge/cmake)
-- Found ament_lint_auto: 0.17.3 (/opt/ros/jazzy/share/ament_lint_auto/cmake)
-- Added test 'clang_format' to check C / C++ code style
-- Added test 'cppcheck' to perform static code analysis on C / C++ code
-- Configured cppcheck include dirs: 
-- Configured cppcheck exclude dirs and/or files: 
-- Configuring done (7.2s)
-- Generating done (0.2s)
-- Build files have been written to: /home/ziad/ziad_ws/ROS2/work_space/build/apriltag_ros
[ 20%] Built target tags
[ 40%] Built target apriltag_node
[ 60%] Built target conversion
[ 80%] Built target pose_estimation
[100%] Built target AprilTagNode
-- Install configuration: ""
-- Execute custom install script
-- Up-to-date symlink: /home/ziad/ziad_ws/ROS2/work_space/install/apriltag_ros/lib/apriltag_ros/apriltag_node
-- Up-to-date symlink: /home/ziad/ziad_ws/ROS2/work_space/install/apriltag_ros/share/apriltag_ros/environment/library_path.sh
-- Up-to-date symlink: /home/ziad/ziad_ws/ROS2/work_space/install/apriltag_ros/share/apriltag_ros/environment/library_path.dsv
-- Up-to-date symlink: /home/ziad/ziad_ws/ROS2/work_space/install/apriltag_ros/lib/libAprilTagNode.so
-- Up-to-date symlink: /home/ziad/ziad_ws/ROS2/work_space/install/apriltag_ros/share/apriltag_ros/cfg/tags_36h11.yaml
-- Up-to-date symlink: /home/ziad/ziad_ws/ROS2/work_space/install/apriltag_ros/share/apriltag_ros/launch/camera_36h11.launch.yml
-- Up-to-date symlink: /home/ziad/ziad_ws/ROS2/work_space/install/apriltag_ros/share/ament_index/resource_index/package_run_dependencies/apriltag_ros
-- Up-to-date symlink: /home/ziad/ziad_ws/ROS2/work_space/install/apriltag_ros/share/ament_index/resource_index/parent_prefix_path/apriltag_ros
-- Up-to-date symlink: /home/ziad/ziad_ws/ROS2/work_space/install/apriltag_ros/share/apriltag_ros/environment/ament_prefix_path.sh
-- Up-to-date symlink: /home/ziad/ziad_ws/ROS2/work_space/install/apriltag_ros/share/apriltag_ros/environment/ament_prefix_path.dsv
-- Up-to-date symlink: /home/ziad/ziad_ws/ROS2/work_space/install/apriltag_ros/share/apriltag_ros/environment/path.sh
-- Up-to-date symlink: /home/ziad/ziad_ws/ROS2/work_space/install/apriltag_ros/share/apriltag_ros/environment/path.dsv
-- Up-to-date symlink: /home/ziad/ziad_ws/ROS2/work_space/install/apriltag_ros/share/apriltag_ros/local_setup.bash
-- Up-to-date symlink: /home/ziad/ziad_ws/ROS2/work_space/install/apriltag_ros/share/apriltag_ros/local_setup.sh
-- Up-to-date symlink: /home/ziad/ziad_ws/ROS2/work_space/install/apriltag_ros/share/apriltag_ros/local_setup.zsh
-- Up-to-date symlink: /home/ziad/ziad_ws/ROS2/work_space/install/apriltag_ros/share/apriltag_ros/local_setup.dsv
-- Symlinking: /home/ziad/ziad_ws/ROS2/work_space/install/apriltag_ros/share/apriltag_ros/package.dsv
-- Up-to-date symlink: /home/ziad/ziad_ws/ROS2/work_space/install/apriltag_ros/share/ament_index/resource_index/packages/apriltag_ros
-- Up-to-date symlink: /home/ziad/ziad_ws/ROS2/work_space/install/apriltag_ros/share/ament_index/resource_index/rclcpp_components/apriltag_ros
-- Up-to-date symlink: /home/ziad/ziad_ws/ROS2/work_space/install/apriltag_ros/share/apriltag_ros/cmake/apriltag_rosConfig.cmake
-- Up-to-date symlink: /home/ziad/ziad_ws/ROS2/work_space/install/apriltag_ros/share/apriltag_ros/cmake/apriltag_rosConfig-version.cmake
-- Up-to-date symlink: /home/ziad/ziad_ws/ROS2/work_space/install/apriltag_ros/share/apriltag_ros/package.xml
