[0.035s] Invoking command in '/home/ziad/Ziad_WS/ROS2/work_space/build/franka_msgs': CMAKE_PREFIX_PATH=${CMAKE_PREFIX_PATH}:/opt/ros/humble /usr/bin/cmake --build /home/ziad/Ziad_WS/ROS2/work_space/build/franka_msgs -- -j4 -l4
[0.158s] [35m[1mConsolidate compiler generated dependencies of target franka_msgs__rosidl_generator_c[0m
[0.183s] [  0%] Built target franka_msgs__cpp
[0.239s] [ 12%] Built target franka_msgs__rosidl_generator_c
[0.244s] [ 12%] Built target ament_cmake_python_copy_franka_msgs
[0.264s] [35m[1mConsolidate compiler generated dependencies of target franka_msgs__rosidl_typesupport_fastrtps_cpp[0m
[0.293s] [35m[1mConsolidate compiler generated dependencies of target franka_msgs__rosidl_typesupport_cpp[0m
[0.347s] [35m[1mConsolidate compiler generated dependencies of target franka_msgs__rosidl_typesupport_introspection_cpp[0m
[0.380s] [ 24%] Built target franka_msgs__rosidl_typesupport_fastrtps_cpp
[0.395s] [ 36%] Built target franka_msgs__rosidl_typesupport_cpp
[0.424s] [35m[1mConsolidate compiler generated dependencies of target franka_msgs__rosidl_typesupport_fastrtps_c[0m
[0.445s] [ 48%] Built target franka_msgs__rosidl_typesupport_introspection_cpp
[0.470s] [35m[1mConsolidate compiler generated dependencies of target franka_msgs__rosidl_typesupport_introspection_c[0m
[0.513s] [35m[1mConsolidate compiler generated dependencies of target franka_msgs__rosidl_typesupport_c[0m
[0.546s] [ 60%] Built target franka_msgs__rosidl_typesupport_fastrtps_c
[0.562s] [ 72%] Built target franka_msgs__rosidl_typesupport_introspection_c
[0.567s] [ 84%] Built target franka_msgs__rosidl_typesupport_c
[0.641s] [ 84%] Built target franka_msgs
[0.722s] [ 85%] Built target franka_msgs__py
[0.752s] [35m[1mConsolidate compiler generated dependencies of target franka_msgs__rosidl_generator_py[0m
[0.808s] [ 96%] Built target franka_msgs__rosidl_generator_py
[0.857s] [35m[1mConsolidate compiler generated dependencies of target franka_msgs__rosidl_typesupport_fastrtps_c__pyext[0m
[0.858s] [35m[1mConsolidate compiler generated dependencies of target franka_msgs__rosidl_typesupport_c__pyext[0m
[0.863s] [35m[1mConsolidate compiler generated dependencies of target franka_msgs__rosidl_typesupport_introspection_c__pyext[0m
[0.911s] [ 97%] Built target franka_msgs__rosidl_typesupport_fastrtps_c__pyext
[0.911s] [ 98%] Built target franka_msgs__rosidl_typesupport_c__pyext
[0.911s] [100%] Built target franka_msgs__rosidl_typesupport_introspection_c__pyext
[1.530s] running egg_info
[1.585s] writing franka_msgs.egg-info/PKG-INFO
[1.586s] writing dependency_links to franka_msgs.egg-info/dependency_links.txt
[1.586s] writing top-level names to franka_msgs.egg-info/top_level.txt
[1.746s] reading manifest file 'franka_msgs.egg-info/SOURCES.txt'
[1.747s] writing manifest file 'franka_msgs.egg-info/SOURCES.txt'
[1.842s] [100%] Built target ament_cmake_python_build_franka_msgs_egg
[1.870s] Invoked command in '/home/ziad/Ziad_WS/ROS2/work_space/build/franka_msgs' returned '0': CMAKE_PREFIX_PATH=${CMAKE_PREFIX_PATH}:/opt/ros/humble /usr/bin/cmake --build /home/ziad/Ziad_WS/ROS2/work_space/build/franka_msgs -- -j4 -l4
[1.871s] Invoking command in '/home/ziad/Ziad_WS/ROS2/work_space/build/franka_msgs': CMAKE_PREFIX_PATH=${CMAKE_PREFIX_PATH}:/opt/ros/humble /usr/bin/cmake --install /home/ziad/Ziad_WS/ROS2/work_space/build/franka_msgs
[1.887s] -- Install configuration: "Release"
[1.887s] -- Installing: /home/ziad/Ziad_WS/ROS2/work_space/install/franka_msgs/share/ament_index/resource_index/rosidl_interfaces/franka_msgs
[1.887s] -- Installing: /home/ziad/Ziad_WS/ROS2/work_space/install/franka_msgs/include/franka_msgs/franka_msgs
[1.888s] -- Installing: /home/ziad/Ziad_WS/ROS2/work_space/install/franka_msgs/include/franka_msgs/franka_msgs/action
[1.888s] -- Installing: /home/ziad/Ziad_WS/ROS2/work_space/install/franka_msgs/include/franka_msgs/franka_msgs/action/detail
[1.888s] -- Installing: /home/ziad/Ziad_WS/ROS2/work_space/install/franka_msgs/include/franka_msgs/franka_msgs/action/detail/grasp__functions.c
[1.888s] -- Installing: /home/ziad/Ziad_WS/ROS2/work_space/install/franka_msgs/include/franka_msgs/franka_msgs/action/detail/grasp__struct.h
[1.888s] -- Installing: /home/ziad/Ziad_WS/ROS2/work_space/install/franka_msgs/include/franka_msgs/franka_msgs/action/detail/error_recovery__functions.c
[1.888s] -- Installing: /home/ziad/Ziad_WS/ROS2/work_space/install/franka_msgs/include/franka_msgs/franka_msgs/action/detail/move__functions.h
[1.889s] -- Installing: /home/ziad/Ziad_WS/ROS2/work_space/install/franka_msgs/include/franka_msgs/franka_msgs/action/detail/move__functions.c
[1.892s] -- Installing: /home/ziad/Ziad_WS/ROS2/work_space/install/franka_msgs/include/franka_msgs/franka_msgs/action/detail/grasp__functions.h
[1.892s] -- Installing: /home/ziad/Ziad_WS/ROS2/work_space/install/franka_msgs/include/franka_msgs/franka_msgs/action/detail/homing__struct.h
[1.892s] -- Installing: /home/ziad/Ziad_WS/ROS2/work_space/install/franka_msgs/include/franka_msgs/franka_msgs/action/detail/move__type_support.h
[1.893s] -- Installing: /home/ziad/Ziad_WS/ROS2/work_space/install/franka_msgs/include/franka_msgs/franka_msgs/action/detail/error_recovery__struct.h
[1.893s] -- Installing: /home/ziad/Ziad_WS/ROS2/work_space/install/franka_msgs/include/franka_msgs/franka_msgs/action/detail/error_recovery__functions.h
[1.893s] -- Installing: /home/ziad/Ziad_WS/ROS2/work_space/install/franka_msgs/include/franka_msgs/franka_msgs/action/detail/homing__type_support.h
[1.893s] -- Installing: /home/ziad/Ziad_WS/ROS2/work_space/install/franka_msgs/include/franka_msgs/franka_msgs/action/detail/homing__functions.c
[1.893s] -- Installing: /home/ziad/Ziad_WS/ROS2/work_space/install/franka_msgs/include/franka_msgs/franka_msgs/action/detail/move__struct.h
[1.893s] -- Installing: /home/ziad/Ziad_WS/ROS2/work_space/install/franka_msgs/include/franka_msgs/franka_msgs/action/detail/homing__functions.h
[1.893s] -- Installing: /home/ziad/Ziad_WS/ROS2/work_space/install/franka_msgs/include/franka_msgs/franka_msgs/action/detail/error_recovery__type_support.h
[1.893s] -- Installing: /home/ziad/Ziad_WS/ROS2/work_space/install/franka_msgs/include/franka_msgs/franka_msgs/action/detail/grasp__type_support.h
[1.894s] -- Installing: /home/ziad/Ziad_WS/ROS2/work_space/install/franka_msgs/include/franka_msgs/franka_msgs/action/move.h
[1.894s] -- Installing: /home/ziad/Ziad_WS/ROS2/work_space/install/franka_msgs/include/franka_msgs/franka_msgs/action/homing.h
[1.894s] -- Installing: /home/ziad/Ziad_WS/ROS2/work_space/install/franka_msgs/include/franka_msgs/franka_msgs/action/error_recovery.h
[1.894s] -- Installing: /home/ziad/Ziad_WS/ROS2/work_space/install/franka_msgs/include/franka_msgs/franka_msgs/action/grasp.h
[1.894s] -- Installing: /home/ziad/Ziad_WS/ROS2/work_space/install/franka_msgs/include/franka_msgs/franka_msgs/srv
[1.894s] -- Installing: /home/ziad/Ziad_WS/ROS2/work_space/install/franka_msgs/include/franka_msgs/franka_msgs/srv/set_full_collision_behavior.h
[1.895s] -- Installing: /home/ziad/Ziad_WS/ROS2/work_space/install/franka_msgs/include/franka_msgs/franka_msgs/srv/set_force_torque_collision_behavior.h
[1.895s] -- Installing: /home/ziad/Ziad_WS/ROS2/work_space/install/franka_msgs/include/franka_msgs/franka_msgs/srv/detail
[1.895s] -- Installing: /home/ziad/Ziad_WS/ROS2/work_space/install/franka_msgs/include/franka_msgs/franka_msgs/srv/detail/set_cartesian_stiffness__type_support.h
[1.898s] -- Installing: /home/ziad/Ziad_WS/ROS2/work_space/install/franka_msgs/include/franka_msgs/franka_msgs/srv/detail/set_joint_stiffness__struct.h
[1.898s] -- Installing: /home/ziad/Ziad_WS/ROS2/work_space/install/franka_msgs/include/franka_msgs/franka_msgs/srv/detail/set_joint_stiffness__functions.c
[1.898s] -- Installing: /home/ziad/Ziad_WS/ROS2/work_space/install/franka_msgs/include/franka_msgs/franka_msgs/srv/detail/set_tcp_frame__type_support.h
[1.899s] -- Installing: /home/ziad/Ziad_WS/ROS2/work_space/install/franka_msgs/include/franka_msgs/franka_msgs/srv/detail/set_full_collision_behavior__functions.c
[1.899s] -- Installing: /home/ziad/Ziad_WS/ROS2/work_space/install/franka_msgs/include/franka_msgs/franka_msgs/srv/detail/set_force_torque_collision_behavior__struct.h
[1.899s] -- Installing: /home/ziad/Ziad_WS/ROS2/work_space/install/franka_msgs/include/franka_msgs/franka_msgs/srv/detail/set_full_collision_behavior__type_support.h
[1.899s] -- Installing: /home/ziad/Ziad_WS/ROS2/work_space/install/franka_msgs/include/franka_msgs/franka_msgs/srv/detail/set_load__type_support.h
[1.899s] -- Installing: /home/ziad/Ziad_WS/ROS2/work_space/install/franka_msgs/include/franka_msgs/franka_msgs/srv/detail/set_full_collision_behavior__struct.h
[1.899s] -- Installing: /home/ziad/Ziad_WS/ROS2/work_space/install/franka_msgs/include/franka_msgs/franka_msgs/srv/detail/set_tcp_frame__struct.h
[1.900s] -- Installing: /home/ziad/Ziad_WS/ROS2/work_space/install/franka_msgs/include/franka_msgs/franka_msgs/srv/detail/set_tcp_frame__functions.h
[1.900s] -- Installing: /home/ziad/Ziad_WS/ROS2/work_space/install/franka_msgs/include/franka_msgs/franka_msgs/srv/detail/set_force_torque_collision_behavior__type_support.h
[1.900s] -- Installing: /home/ziad/Ziad_WS/ROS2/work_space/install/franka_msgs/include/franka_msgs/franka_msgs/srv/detail/set_joint_stiffness__functions.h
[1.900s] -- Installing: /home/ziad/Ziad_WS/ROS2/work_space/install/franka_msgs/include/franka_msgs/franka_msgs/srv/detail/set_cartesian_stiffness__functions.h
[1.900s] -- Installing: /home/ziad/Ziad_WS/ROS2/work_space/install/franka_msgs/include/franka_msgs/franka_msgs/srv/detail/set_cartesian_stiffness__struct.h
[1.901s] -- Installing: /home/ziad/Ziad_WS/ROS2/work_space/install/franka_msgs/include/franka_msgs/franka_msgs/srv/detail/set_stiffness_frame__functions.h
[1.901s] -- Installing: /home/ziad/Ziad_WS/ROS2/work_space/install/franka_msgs/include/franka_msgs/franka_msgs/srv/detail/set_stiffness_frame__struct.h
[1.901s] -- Installing: /home/ziad/Ziad_WS/ROS2/work_space/install/franka_msgs/include/franka_msgs/franka_msgs/srv/detail/set_joint_stiffness__type_support.h
[1.901s] -- Installing: /home/ziad/Ziad_WS/ROS2/work_space/install/franka_msgs/include/franka_msgs/franka_msgs/srv/detail/set_load__functions.h
[1.901s] -- Installing: /home/ziad/Ziad_WS/ROS2/work_space/install/franka_msgs/include/franka_msgs/franka_msgs/srv/detail/set_cartesian_stiffness__functions.c
[1.901s] -- Installing: /home/ziad/Ziad_WS/ROS2/work_space/install/franka_msgs/include/franka_msgs/franka_msgs/srv/detail/set_tcp_frame__functions.c
[1.901s] -- Installing: /home/ziad/Ziad_WS/ROS2/work_space/install/franka_msgs/include/franka_msgs/franka_msgs/srv/detail/set_full_collision_behavior__functions.h
[1.902s] -- Installing: /home/ziad/Ziad_WS/ROS2/work_space/install/franka_msgs/include/franka_msgs/franka_msgs/srv/detail/set_load__functions.c
[1.902s] -- Installing: /home/ziad/Ziad_WS/ROS2/work_space/install/franka_msgs/include/franka_msgs/franka_msgs/srv/detail/set_force_torque_collision_behavior__functions.c
[1.902s] -- Installing: /home/ziad/Ziad_WS/ROS2/work_space/install/franka_msgs/include/franka_msgs/franka_msgs/srv/detail/set_stiffness_frame__type_support.h
[1.902s] -- Installing: /home/ziad/Ziad_WS/ROS2/work_space/install/franka_msgs/include/franka_msgs/franka_msgs/srv/detail/set_force_torque_collision_behavior__functions.h
[1.902s] -- Installing: /home/ziad/Ziad_WS/ROS2/work_space/install/franka_msgs/include/franka_msgs/franka_msgs/srv/detail/set_stiffness_frame__functions.c
[1.902s] -- Installing: /home/ziad/Ziad_WS/ROS2/work_space/install/franka_msgs/include/franka_msgs/franka_msgs/srv/detail/set_load__struct.h
[1.902s] -- Installing: /home/ziad/Ziad_WS/ROS2/work_space/install/franka_msgs/include/franka_msgs/franka_msgs/srv/set_load.h
[1.902s] -- Installing: /home/ziad/Ziad_WS/ROS2/work_space/install/franka_msgs/include/franka_msgs/franka_msgs/srv/set_cartesian_stiffness.h
[1.903s] -- Installing: /home/ziad/Ziad_WS/ROS2/work_space/install/franka_msgs/include/franka_msgs/franka_msgs/srv/set_joint_stiffness.h
[1.903s] -- Installing: /home/ziad/Ziad_WS/ROS2/work_space/install/franka_msgs/include/franka_msgs/franka_msgs/srv/set_stiffness_frame.h
[1.903s] -- Installing: /home/ziad/Ziad_WS/ROS2/work_space/install/franka_msgs/include/franka_msgs/franka_msgs/srv/set_tcp_frame.h
[1.903s] -- Installing: /home/ziad/Ziad_WS/ROS2/work_space/install/franka_msgs/include/franka_msgs/franka_msgs/msg
[1.903s] -- Installing: /home/ziad/Ziad_WS/ROS2/work_space/install/franka_msgs/include/franka_msgs/franka_msgs/msg/grasp_epsilon.h
[1.904s] -- Installing: /home/ziad/Ziad_WS/ROS2/work_space/install/franka_msgs/include/franka_msgs/franka_msgs/msg/errors.h
[1.904s] -- Installing: /home/ziad/Ziad_WS/ROS2/work_space/install/franka_msgs/include/franka_msgs/franka_msgs/msg/collision_indicators.h
[1.904s] -- Installing: /home/ziad/Ziad_WS/ROS2/work_space/install/franka_msgs/include/franka_msgs/franka_msgs/msg/detail
[1.904s] -- Installing: /home/ziad/Ziad_WS/ROS2/work_space/install/franka_msgs/include/franka_msgs/franka_msgs/msg/detail/errors__type_support.h
[1.904s] -- Installing: /home/ziad/Ziad_WS/ROS2/work_space/install/franka_msgs/include/franka_msgs/franka_msgs/msg/detail/grasp_epsilon__functions.c
[1.904s] -- Installing: /home/ziad/Ziad_WS/ROS2/work_space/install/franka_msgs/include/franka_msgs/franka_msgs/msg/detail/collision_indicators__functions.c
[1.904s] -- Installing: /home/ziad/Ziad_WS/ROS2/work_space/install/franka_msgs/include/franka_msgs/franka_msgs/msg/detail/errors__functions.c
[1.905s] -- Installing: /home/ziad/Ziad_WS/ROS2/work_space/install/franka_msgs/include/franka_msgs/franka_msgs/msg/detail/elbow__functions.c
[1.905s] -- Installing: /home/ziad/Ziad_WS/ROS2/work_space/install/franka_msgs/include/franka_msgs/franka_msgs/msg/detail/errors__struct.h
[1.905s] -- Installing: /home/ziad/Ziad_WS/ROS2/work_space/install/franka_msgs/include/franka_msgs/franka_msgs/msg/detail/collision_indicators__functions.h
[1.905s] -- Installing: /home/ziad/Ziad_WS/ROS2/work_space/install/franka_msgs/include/franka_msgs/franka_msgs/msg/detail/collision_indicators__type_support.h
[1.906s] -- Installing: /home/ziad/Ziad_WS/ROS2/work_space/install/franka_msgs/include/franka_msgs/franka_msgs/msg/detail/grasp_epsilon__type_support.h
[1.906s] -- Installing: /home/ziad/Ziad_WS/ROS2/work_space/install/franka_msgs/include/franka_msgs/franka_msgs/msg/detail/franka_robot_state__struct.h
[1.906s] -- Installing: /home/ziad/Ziad_WS/ROS2/work_space/install/franka_msgs/include/franka_msgs/franka_msgs/msg/detail/franka_robot_state__functions.h
[1.906s] -- Installing: /home/ziad/Ziad_WS/ROS2/work_space/install/franka_msgs/include/franka_msgs/franka_msgs/msg/detail/franka_robot_state__functions.c
[1.906s] -- Installing: /home/ziad/Ziad_WS/ROS2/work_space/install/franka_msgs/include/franka_msgs/franka_msgs/msg/detail/franka_robot_state__type_support.h
[1.906s] -- Installing: /home/ziad/Ziad_WS/ROS2/work_space/install/franka_msgs/include/franka_msgs/franka_msgs/msg/detail/grasp_epsilon__struct.h
[1.906s] -- Installing: /home/ziad/Ziad_WS/ROS2/work_space/install/franka_msgs/include/franka_msgs/franka_msgs/msg/detail/grasp_epsilon__functions.h
[1.907s] -- Installing: /home/ziad/Ziad_WS/ROS2/work_space/install/franka_msgs/include/franka_msgs/franka_msgs/msg/detail/elbow__type_support.h
[1.907s] -- Installing: /home/ziad/Ziad_WS/ROS2/work_space/install/franka_msgs/include/franka_msgs/franka_msgs/msg/detail/elbow__functions.h
[1.907s] -- Installing: /home/ziad/Ziad_WS/ROS2/work_space/install/franka_msgs/include/franka_msgs/franka_msgs/msg/detail/elbow__struct.h
[1.907s] -- Installing: /home/ziad/Ziad_WS/ROS2/work_space/install/franka_msgs/include/franka_msgs/franka_msgs/msg/detail/collision_indicators__struct.h
[1.907s] -- Installing: /home/ziad/Ziad_WS/ROS2/work_space/install/franka_msgs/include/franka_msgs/franka_msgs/msg/detail/errors__functions.h
[1.907s] -- Installing: /home/ziad/Ziad_WS/ROS2/work_space/install/franka_msgs/include/franka_msgs/franka_msgs/msg/elbow.h
[1.907s] -- Installing: /home/ziad/Ziad_WS/ROS2/work_space/install/franka_msgs/include/franka_msgs/franka_msgs/msg/rosidl_generator_c__visibility_control.h
[1.908s] -- Installing: /home/ziad/Ziad_WS/ROS2/work_space/install/franka_msgs/include/franka_msgs/franka_msgs/msg/franka_robot_state.h
[1.908s] -- Installing: /home/ziad/Ziad_WS/ROS2/work_space/install/franka_msgs/share/franka_msgs/environment/library_path.sh
[1.908s] -- Installing: /home/ziad/Ziad_WS/ROS2/work_space/install/franka_msgs/share/franka_msgs/environment/library_path.dsv
[1.908s] -- Installing: /home/ziad/Ziad_WS/ROS2/work_space/install/franka_msgs/lib/libfranka_msgs__rosidl_generator_c.so
[1.908s] -- Set runtime path of "/home/ziad/Ziad_WS/ROS2/work_space/install/franka_msgs/lib/libfranka_msgs__rosidl_generator_c.so" to ""
[1.908s] -- Up-to-date: /home/ziad/Ziad_WS/ROS2/work_space/install/franka_msgs/include/franka_msgs/franka_msgs
[1.908s] -- Up-to-date: /home/ziad/Ziad_WS/ROS2/work_space/install/franka_msgs/include/franka_msgs/franka_msgs/action
[1.909s] -- Up-to-date: /home/ziad/Ziad_WS/ROS2/work_space/install/franka_msgs/include/franka_msgs/franka_msgs/action/detail
[1.909s] -- Installing: /home/ziad/Ziad_WS/ROS2/work_space/install/franka_msgs/include/franka_msgs/franka_msgs/action/detail/grasp__rosidl_typesupport_fastrtps_c.h
[1.909s] -- Installing: /home/ziad/Ziad_WS/ROS2/work_space/install/franka_msgs/include/franka_msgs/franka_msgs/action/detail/error_recovery__rosidl_typesupport_fastrtps_c.h
[1.909s] -- Installing: /home/ziad/Ziad_WS/ROS2/work_space/install/franka_msgs/include/franka_msgs/franka_msgs/action/detail/move__rosidl_typesupport_fastrtps_c.h
[1.910s] -- Installing: /home/ziad/Ziad_WS/ROS2/work_space/install/franka_msgs/include/franka_msgs/franka_msgs/action/detail/homing__rosidl_typesupport_fastrtps_c.h
[1.910s] -- Up-to-date: /home/ziad/Ziad_WS/ROS2/work_space/install/franka_msgs/include/franka_msgs/franka_msgs/srv
[1.910s] -- Up-to-date: /home/ziad/Ziad_WS/ROS2/work_space/install/franka_msgs/include/franka_msgs/franka_msgs/srv/detail
[1.910s] -- Installing: /home/ziad/Ziad_WS/ROS2/work_space/install/franka_msgs/include/franka_msgs/franka_msgs/srv/detail/set_tcp_frame__rosidl_typesupport_fastrtps_c.h
[1.910s] -- Installing: /home/ziad/Ziad_WS/ROS2/work_space/install/franka_msgs/include/franka_msgs/franka_msgs/srv/detail/set_force_torque_collision_behavior__rosidl_typesupport_fastrtps_c.h
[1.911s] -- Installing: /home/ziad/Ziad_WS/ROS2/work_space/install/franka_msgs/include/franka_msgs/franka_msgs/srv/detail/set_stiffness_frame__rosidl_typesupport_fastrtps_c.h
[1.911s] -- Installing: /home/ziad/Ziad_WS/ROS2/work_space/install/franka_msgs/include/franka_msgs/franka_msgs/srv/detail/set_joint_stiffness__rosidl_typesupport_fastrtps_c.h
[1.911s] -- Installing: /home/ziad/Ziad_WS/ROS2/work_space/install/franka_msgs/include/franka_msgs/franka_msgs/srv/detail/set_load__rosidl_typesupport_fastrtps_c.h
[1.911s] -- Installing: /home/ziad/Ziad_WS/ROS2/work_space/install/franka_msgs/include/franka_msgs/franka_msgs/srv/detail/set_full_collision_behavior__rosidl_typesupport_fastrtps_c.h
[1.911s] -- Installing: /home/ziad/Ziad_WS/ROS2/work_space/install/franka_msgs/include/franka_msgs/franka_msgs/srv/detail/set_cartesian_stiffness__rosidl_typesupport_fastrtps_c.h
[1.911s] -- Up-to-date: /home/ziad/Ziad_WS/ROS2/work_space/install/franka_msgs/include/franka_msgs/franka_msgs/msg
[1.911s] -- Up-to-date: /home/ziad/Ziad_WS/ROS2/work_space/install/franka_msgs/include/franka_msgs/franka_msgs/msg/detail
[1.912s] -- Installing: /home/ziad/Ziad_WS/ROS2/work_space/install/franka_msgs/include/franka_msgs/franka_msgs/msg/detail/errors__rosidl_typesupport_fastrtps_c.h
[1.912s] -- Installing: /home/ziad/Ziad_WS/ROS2/work_space/install/franka_msgs/include/franka_msgs/franka_msgs/msg/detail/elbow__rosidl_typesupport_fastrtps_c.h
[1.912s] -- Installing: /home/ziad/Ziad_WS/ROS2/work_space/install/franka_msgs/include/franka_msgs/franka_msgs/msg/detail/grasp_epsilon__rosidl_typesupport_fastrtps_c.h
[1.912s] -- Installing: /home/ziad/Ziad_WS/ROS2/work_space/install/franka_msgs/include/franka_msgs/franka_msgs/msg/detail/collision_indicators__rosidl_typesupport_fastrtps_c.h
[1.912s] -- Installing: /home/ziad/Ziad_WS/ROS2/work_space/install/franka_msgs/include/franka_msgs/franka_msgs/msg/detail/franka_robot_state__rosidl_typesupport_fastrtps_c.h
[1.912s] -- Installing: /home/ziad/Ziad_WS/ROS2/work_space/install/franka_msgs/include/franka_msgs/franka_msgs/msg/rosidl_typesupport_fastrtps_c__visibility_control.h
[1.912s] -- Installing: /home/ziad/Ziad_WS/ROS2/work_space/install/franka_msgs/lib/libfranka_msgs__rosidl_typesupport_fastrtps_c.so
[1.913s] -- Set runtime path of "/home/ziad/Ziad_WS/ROS2/work_space/install/franka_msgs/lib/libfranka_msgs__rosidl_typesupport_fastrtps_c.so" to ""
[1.914s] -- Up-to-date: /home/ziad/Ziad_WS/ROS2/work_space/install/franka_msgs/include/franka_msgs/franka_msgs
[1.914s] -- Up-to-date: /home/ziad/Ziad_WS/ROS2/work_space/install/franka_msgs/include/franka_msgs/franka_msgs/action
[1.914s] -- Up-to-date: /home/ziad/Ziad_WS/ROS2/work_space/install/franka_msgs/include/franka_msgs/franka_msgs/action/detail
[1.915s] -- Installing: /home/ziad/Ziad_WS/ROS2/work_space/install/franka_msgs/include/franka_msgs/franka_msgs/action/detail/homing__rosidl_typesupport_introspection_c.h
[1.915s] -- Installing: /home/ziad/Ziad_WS/ROS2/work_space/install/franka_msgs/include/franka_msgs/franka_msgs/action/detail/move__type_support.c
[1.916s] -- Installing: /home/ziad/Ziad_WS/ROS2/work_space/install/franka_msgs/include/franka_msgs/franka_msgs/action/detail/error_recovery__rosidl_typesupport_introspection_c.h
[1.917s] -- Installing: /home/ziad/Ziad_WS/ROS2/work_space/install/franka_msgs/include/franka_msgs/franka_msgs/action/detail/grasp__rosidl_typesupport_introspection_c.h
[1.917s] -- Installing: /home/ziad/Ziad_WS/ROS2/work_space/install/franka_msgs/include/franka_msgs/franka_msgs/action/detail/homing__type_support.c
[1.917s] -- Installing: /home/ziad/Ziad_WS/ROS2/work_space/install/franka_msgs/include/franka_msgs/franka_msgs/action/detail/grasp__type_support.c
[1.917s] -- Installing: /home/ziad/Ziad_WS/ROS2/work_space/install/franka_msgs/include/franka_msgs/franka_msgs/action/detail/move__rosidl_typesupport_introspection_c.h
[1.917s] -- Installing: /home/ziad/Ziad_WS/ROS2/work_space/install/franka_msgs/include/franka_msgs/franka_msgs/action/detail/error_recovery__type_support.c
[1.918s] -- Up-to-date: /home/ziad/Ziad_WS/ROS2/work_space/install/franka_msgs/include/franka_msgs/franka_msgs/srv
[1.918s] -- Up-to-date: /home/ziad/Ziad_WS/ROS2/work_space/install/franka_msgs/include/franka_msgs/franka_msgs/srv/detail
[1.919s] -- Installing: /home/ziad/Ziad_WS/ROS2/work_space/install/franka_msgs/include/franka_msgs/franka_msgs/srv/detail/set_full_collision_behavior__type_support.c
[1.919s] -- Installing: /home/ziad/Ziad_WS/ROS2/work_space/install/franka_msgs/include/franka_msgs/franka_msgs/srv/detail/set_joint_stiffness__rosidl_typesupport_introspection_c.h
[1.919s] -- Installing: /home/ziad/Ziad_WS/ROS2/work_space/install/franka_msgs/include/franka_msgs/franka_msgs/srv/detail/set_tcp_frame__type_support.c
[1.919s] -- Installing: /home/ziad/Ziad_WS/ROS2/work_space/install/franka_msgs/include/franka_msgs/franka_msgs/srv/detail/set_cartesian_stiffness__type_support.c
[1.919s] -- Installing: /home/ziad/Ziad_WS/ROS2/work_space/install/franka_msgs/include/franka_msgs/franka_msgs/srv/detail/set_full_collision_behavior__rosidl_typesupport_introspection_c.h
[1.920s] -- Installing: /home/ziad/Ziad_WS/ROS2/work_space/install/franka_msgs/include/franka_msgs/franka_msgs/srv/detail/set_stiffness_frame__rosidl_typesupport_introspection_c.h
[1.920s] -- Installing: /home/ziad/Ziad_WS/ROS2/work_space/install/franka_msgs/include/franka_msgs/franka_msgs/srv/detail/set_cartesian_stiffness__rosidl_typesupport_introspection_c.h
[1.923s] -- Installing: /home/ziad/Ziad_WS/ROS2/work_space/install/franka_msgs/include/franka_msgs/franka_msgs/srv/detail/set_load__type_support.c
[1.926s] -- Installing: /home/ziad/Ziad_WS/ROS2/work_space/install/franka_msgs/include/franka_msgs/franka_msgs/srv/detail/set_force_torque_collision_behavior__type_support.c
[1.927s] -- Installing: /home/ziad/Ziad_WS/ROS2/work_space/install/franka_msgs/include/franka_msgs/franka_msgs/srv/detail/set_tcp_frame__rosidl_typesupport_introspection_c.h
[1.927s] -- Installing: /home/ziad/Ziad_WS/ROS2/work_space/install/franka_msgs/include/franka_msgs/franka_msgs/srv/detail/set_force_torque_collision_behavior__rosidl_typesupport_introspection_c.h
[1.927s] -- Installing: /home/ziad/Ziad_WS/ROS2/work_space/install/franka_msgs/include/franka_msgs/franka_msgs/srv/detail/set_load__rosidl_typesupport_introspection_c.h
[1.927s] -- Installing: /home/ziad/Ziad_WS/ROS2/work_space/install/franka_msgs/include/franka_msgs/franka_msgs/srv/detail/set_joint_stiffness__type_support.c
[1.928s] -- Installing: /home/ziad/Ziad_WS/ROS2/work_space/install/franka_msgs/include/franka_msgs/franka_msgs/srv/detail/set_stiffness_frame__type_support.c
[1.928s] -- Up-to-date: /home/ziad/Ziad_WS/ROS2/work_space/install/franka_msgs/include/franka_msgs/franka_msgs/msg
[1.928s] -- Up-to-date: /home/ziad/Ziad_WS/ROS2/work_space/install/franka_msgs/include/franka_msgs/franka_msgs/msg/detail
[1.928s] -- Installing: /home/ziad/Ziad_WS/ROS2/work_space/install/franka_msgs/include/franka_msgs/franka_msgs/msg/detail/grasp_epsilon__type_support.c
[1.929s] -- Installing: /home/ziad/Ziad_WS/ROS2/work_space/install/franka_msgs/include/franka_msgs/franka_msgs/msg/detail/grasp_epsilon__rosidl_typesupport_introspection_c.h
[1.929s] -- Installing: /home/ziad/Ziad_WS/ROS2/work_space/install/franka_msgs/include/franka_msgs/franka_msgs/msg/detail/elbow__rosidl_typesupport_introspection_c.h
[1.929s] -- Installing: /home/ziad/Ziad_WS/ROS2/work_space/install/franka_msgs/include/franka_msgs/franka_msgs/msg/detail/errors__type_support.c
[1.929s] -- Installing: /home/ziad/Ziad_WS/ROS2/work_space/install/franka_msgs/include/franka_msgs/franka_msgs/msg/detail/collision_indicators__rosidl_typesupport_introspection_c.h
[1.930s] -- Installing: /home/ziad/Ziad_WS/ROS2/work_space/install/franka_msgs/include/franka_msgs/franka_msgs/msg/detail/franka_robot_state__type_support.c
[1.930s] -- Installing: /home/ziad/Ziad_WS/ROS2/work_space/install/franka_msgs/include/franka_msgs/franka_msgs/msg/detail/elbow__type_support.c
[1.930s] -- Installing: /home/ziad/Ziad_WS/ROS2/work_space/install/franka_msgs/include/franka_msgs/franka_msgs/msg/detail/franka_robot_state__rosidl_typesupport_introspection_c.h
[1.930s] -- Installing: /home/ziad/Ziad_WS/ROS2/work_space/install/franka_msgs/include/franka_msgs/franka_msgs/msg/detail/errors__rosidl_typesupport_introspection_c.h
[1.930s] -- Installing: /home/ziad/Ziad_WS/ROS2/work_space/install/franka_msgs/include/franka_msgs/franka_msgs/msg/detail/collision_indicators__type_support.c
[1.930s] -- Installing: /home/ziad/Ziad_WS/ROS2/work_space/install/franka_msgs/include/franka_msgs/franka_msgs/msg/rosidl_typesupport_introspection_c__visibility_control.h
[1.931s] -- Installing: /home/ziad/Ziad_WS/ROS2/work_space/install/franka_msgs/lib/libfranka_msgs__rosidl_typesupport_introspection_c.so
[1.931s] -- Set runtime path of "/home/ziad/Ziad_WS/ROS2/work_space/install/franka_msgs/lib/libfranka_msgs__rosidl_typesupport_introspection_c.so" to ""
[1.931s] -- Installing: /home/ziad/Ziad_WS/ROS2/work_space/install/franka_msgs/lib/libfranka_msgs__rosidl_typesupport_c.so
[1.931s] -- Set runtime path of "/home/ziad/Ziad_WS/ROS2/work_space/install/franka_msgs/lib/libfranka_msgs__rosidl_typesupport_c.so" to ""
[1.931s] -- Up-to-date: /home/ziad/Ziad_WS/ROS2/work_space/install/franka_msgs/include/franka_msgs/franka_msgs
[1.932s] -- Up-to-date: /home/ziad/Ziad_WS/ROS2/work_space/install/franka_msgs/include/franka_msgs/franka_msgs/action
[1.932s] -- Installing: /home/ziad/Ziad_WS/ROS2/work_space/install/franka_msgs/include/franka_msgs/franka_msgs/action/move.hpp
[1.932s] -- Up-to-date: /home/ziad/Ziad_WS/ROS2/work_space/install/franka_msgs/include/franka_msgs/franka_msgs/action/detail
[1.932s] -- Installing: /home/ziad/Ziad_WS/ROS2/work_space/install/franka_msgs/include/franka_msgs/franka_msgs/action/detail/move__struct.hpp
[1.932s] -- Installing: /home/ziad/Ziad_WS/ROS2/work_space/install/franka_msgs/include/franka_msgs/franka_msgs/action/detail/grasp__type_support.hpp
[1.932s] -- Installing: /home/ziad/Ziad_WS/ROS2/work_space/install/franka_msgs/include/franka_msgs/franka_msgs/action/detail/homing__traits.hpp
[1.933s] -- Installing: /home/ziad/Ziad_WS/ROS2/work_space/install/franka_msgs/include/franka_msgs/franka_msgs/action/detail/error_recovery__struct.hpp
[1.933s] -- Installing: /home/ziad/Ziad_WS/ROS2/work_space/install/franka_msgs/include/franka_msgs/franka_msgs/action/detail/grasp__traits.hpp
[1.933s] -- Installing: /home/ziad/Ziad_WS/ROS2/work_space/install/franka_msgs/include/franka_msgs/franka_msgs/action/detail/grasp__builder.hpp
[1.933s] -- Installing: /home/ziad/Ziad_WS/ROS2/work_space/install/franka_msgs/include/franka_msgs/franka_msgs/action/detail/error_recovery__builder.hpp
[1.933s] -- Installing: /home/ziad/Ziad_WS/ROS2/work_space/install/franka_msgs/include/franka_msgs/franka_msgs/action/detail/move__builder.hpp
[1.934s] -- Installing: /home/ziad/Ziad_WS/ROS2/work_space/install/franka_msgs/include/franka_msgs/franka_msgs/action/detail/error_recovery__traits.hpp
[1.934s] -- Installing: /home/ziad/Ziad_WS/ROS2/work_space/install/franka_msgs/include/franka_msgs/franka_msgs/action/detail/homing__type_support.hpp
[1.934s] -- Installing: /home/ziad/Ziad_WS/ROS2/work_space/install/franka_msgs/include/franka_msgs/franka_msgs/action/detail/error_recovery__type_support.hpp
[1.934s] -- Installing: /home/ziad/Ziad_WS/ROS2/work_space/install/franka_msgs/include/franka_msgs/franka_msgs/action/detail/homing__builder.hpp
[1.934s] -- Installing: /home/ziad/Ziad_WS/ROS2/work_space/install/franka_msgs/include/franka_msgs/franka_msgs/action/detail/move__traits.hpp
[1.934s] -- Installing: /home/ziad/Ziad_WS/ROS2/work_space/install/franka_msgs/include/franka_msgs/franka_msgs/action/detail/homing__struct.hpp
[1.935s] -- Installing: /home/ziad/Ziad_WS/ROS2/work_space/install/franka_msgs/include/franka_msgs/franka_msgs/action/detail/move__type_support.hpp
[1.935s] -- Installing: /home/ziad/Ziad_WS/ROS2/work_space/install/franka_msgs/include/franka_msgs/franka_msgs/action/detail/grasp__struct.hpp
[1.935s] -- Installing: /home/ziad/Ziad_WS/ROS2/work_space/install/franka_msgs/include/franka_msgs/franka_msgs/action/error_recovery.hpp
[1.935s] -- Installing: /home/ziad/Ziad_WS/ROS2/work_space/install/franka_msgs/include/franka_msgs/franka_msgs/action/homing.hpp
[1.935s] -- Installing: /home/ziad/Ziad_WS/ROS2/work_space/install/franka_msgs/include/franka_msgs/franka_msgs/action/grasp.hpp
[1.935s] -- Up-to-date: /home/ziad/Ziad_WS/ROS2/work_space/install/franka_msgs/include/franka_msgs/franka_msgs/srv
[1.936s] -- Installing: /home/ziad/Ziad_WS/ROS2/work_space/install/franka_msgs/include/franka_msgs/franka_msgs/srv/set_joint_stiffness.hpp
[1.936s] -- Installing: /home/ziad/Ziad_WS/ROS2/work_space/install/franka_msgs/include/franka_msgs/franka_msgs/srv/set_load.hpp
[1.936s] -- Installing: /home/ziad/Ziad_WS/ROS2/work_space/install/franka_msgs/include/franka_msgs/franka_msgs/srv/set_cartesian_stiffness.hpp
[1.936s] -- Installing: /home/ziad/Ziad_WS/ROS2/work_space/install/franka_msgs/include/franka_msgs/franka_msgs/srv/set_force_torque_collision_behavior.hpp
[1.936s] -- Up-to-date: /home/ziad/Ziad_WS/ROS2/work_space/install/franka_msgs/include/franka_msgs/franka_msgs/srv/detail
[1.937s] -- Installing: /home/ziad/Ziad_WS/ROS2/work_space/install/franka_msgs/include/franka_msgs/franka_msgs/srv/detail/set_load__traits.hpp
[1.937s] -- Installing: /home/ziad/Ziad_WS/ROS2/work_space/install/franka_msgs/include/franka_msgs/franka_msgs/srv/detail/set_force_torque_collision_behavior__traits.hpp
[1.937s] -- Installing: /home/ziad/Ziad_WS/ROS2/work_space/install/franka_msgs/include/franka_msgs/franka_msgs/srv/detail/set_joint_stiffness__traits.hpp
[1.938s] -- Installing: /home/ziad/Ziad_WS/ROS2/work_space/install/franka_msgs/include/franka_msgs/franka_msgs/srv/detail/set_cartesian_stiffness__traits.hpp
[1.938s] -- Installing: /home/ziad/Ziad_WS/ROS2/work_space/install/franka_msgs/include/franka_msgs/franka_msgs/srv/detail/set_joint_stiffness__type_support.hpp
[1.938s] -- Installing: /home/ziad/Ziad_WS/ROS2/work_space/install/franka_msgs/include/franka_msgs/franka_msgs/srv/detail/set_full_collision_behavior__builder.hpp
[1.939s] -- Installing: /home/ziad/Ziad_WS/ROS2/work_space/install/franka_msgs/include/franka_msgs/franka_msgs/srv/detail/set_load__builder.hpp
[1.939s] -- Installing: /home/ziad/Ziad_WS/ROS2/work_space/install/franka_msgs/include/franka_msgs/franka_msgs/srv/detail/set_force_torque_collision_behavior__struct.hpp
[1.939s] -- Installing: /home/ziad/Ziad_WS/ROS2/work_space/install/franka_msgs/include/franka_msgs/franka_msgs/srv/detail/set_tcp_frame__type_support.hpp
[1.939s] -- Installing: /home/ziad/Ziad_WS/ROS2/work_space/install/franka_msgs/include/franka_msgs/franka_msgs/srv/detail/set_tcp_frame__builder.hpp
[1.939s] -- Installing: /home/ziad/Ziad_WS/ROS2/work_space/install/franka_msgs/include/franka_msgs/franka_msgs/srv/detail/set_full_collision_behavior__type_support.hpp
[1.939s] -- Installing: /home/ziad/Ziad_WS/ROS2/work_space/install/franka_msgs/include/franka_msgs/franka_msgs/srv/detail/set_tcp_frame__struct.hpp
[1.940s] -- Installing: /home/ziad/Ziad_WS/ROS2/work_space/install/franka_msgs/include/franka_msgs/franka_msgs/srv/detail/set_load__type_support.hpp
[1.940s] -- Installing: /home/ziad/Ziad_WS/ROS2/work_space/install/franka_msgs/include/franka_msgs/franka_msgs/srv/detail/set_full_collision_behavior__struct.hpp
[1.940s] -- Installing: /home/ziad/Ziad_WS/ROS2/work_space/install/franka_msgs/include/franka_msgs/franka_msgs/srv/detail/set_joint_stiffness__struct.hpp
[1.940s] -- Installing: /home/ziad/Ziad_WS/ROS2/work_space/install/franka_msgs/include/franka_msgs/franka_msgs/srv/detail/set_stiffness_frame__type_support.hpp
[1.940s] -- Installing: /home/ziad/Ziad_WS/ROS2/work_space/install/franka_msgs/include/franka_msgs/franka_msgs/srv/detail/set_load__struct.hpp
[1.940s] -- Installing: /home/ziad/Ziad_WS/ROS2/work_space/install/franka_msgs/include/franka_msgs/franka_msgs/srv/detail/set_cartesian_stiffness__type_support.hpp
[1.940s] -- Installing: /home/ziad/Ziad_WS/ROS2/work_space/install/franka_msgs/include/franka_msgs/franka_msgs/srv/detail/set_tcp_frame__traits.hpp
[1.940s] -- Installing: /home/ziad/Ziad_WS/ROS2/work_space/install/franka_msgs/include/franka_msgs/franka_msgs/srv/detail/set_stiffness_frame__builder.hpp
[1.941s] -- Installing: /home/ziad/Ziad_WS/ROS2/work_space/install/franka_msgs/include/franka_msgs/franka_msgs/srv/detail/set_force_torque_collision_behavior__builder.hpp
[1.941s] -- Installing: /home/ziad/Ziad_WS/ROS2/work_space/install/franka_msgs/include/franka_msgs/franka_msgs/srv/detail/set_stiffness_frame__struct.hpp
[1.941s] -- Installing: /home/ziad/Ziad_WS/ROS2/work_space/install/franka_msgs/include/franka_msgs/franka_msgs/srv/detail/set_full_collision_behavior__traits.hpp
[1.941s] -- Installing: /home/ziad/Ziad_WS/ROS2/work_space/install/franka_msgs/include/franka_msgs/franka_msgs/srv/detail/set_force_torque_collision_behavior__type_support.hpp
[1.941s] -- Installing: /home/ziad/Ziad_WS/ROS2/work_space/install/franka_msgs/include/franka_msgs/franka_msgs/srv/detail/set_stiffness_frame__traits.hpp
[1.941s] -- Installing: /home/ziad/Ziad_WS/ROS2/work_space/install/franka_msgs/include/franka_msgs/franka_msgs/srv/detail/set_joint_stiffness__builder.hpp
[1.941s] -- Installing: /home/ziad/Ziad_WS/ROS2/work_space/install/franka_msgs/include/franka_msgs/franka_msgs/srv/detail/set_cartesian_stiffness__builder.hpp
[1.942s] -- Installing: /home/ziad/Ziad_WS/ROS2/work_space/install/franka_msgs/include/franka_msgs/franka_msgs/srv/detail/set_cartesian_stiffness__struct.hpp
[1.942s] -- Installing: /home/ziad/Ziad_WS/ROS2/work_space/install/franka_msgs/include/franka_msgs/franka_msgs/srv/set_stiffness_frame.hpp
[1.942s] -- Installing: /home/ziad/Ziad_WS/ROS2/work_space/install/franka_msgs/include/franka_msgs/franka_msgs/srv/set_full_collision_behavior.hpp
[1.942s] -- Installing: /home/ziad/Ziad_WS/ROS2/work_space/install/franka_msgs/include/franka_msgs/franka_msgs/srv/set_tcp_frame.hpp
[1.942s] -- Up-to-date: /home/ziad/Ziad_WS/ROS2/work_space/install/franka_msgs/include/franka_msgs/franka_msgs/msg
[1.942s] -- Installing: /home/ziad/Ziad_WS/ROS2/work_space/install/franka_msgs/include/franka_msgs/franka_msgs/msg/franka_robot_state.hpp
[1.943s] -- Installing: /home/ziad/Ziad_WS/ROS2/work_space/install/franka_msgs/include/franka_msgs/franka_msgs/msg/grasp_epsilon.hpp
[1.943s] -- Installing: /home/ziad/Ziad_WS/ROS2/work_space/install/franka_msgs/include/franka_msgs/franka_msgs/msg/elbow.hpp
[1.943s] -- Installing: /home/ziad/Ziad_WS/ROS2/work_space/install/franka_msgs/include/franka_msgs/franka_msgs/msg/errors.hpp
[1.943s] -- Up-to-date: /home/ziad/Ziad_WS/ROS2/work_space/install/franka_msgs/include/franka_msgs/franka_msgs/msg/detail
[1.944s] -- Installing: /home/ziad/Ziad_WS/ROS2/work_space/install/franka_msgs/include/franka_msgs/franka_msgs/msg/detail/collision_indicators__builder.hpp
[1.944s] -- Installing: /home/ziad/Ziad_WS/ROS2/work_space/install/franka_msgs/include/franka_msgs/franka_msgs/msg/detail/errors__type_support.hpp
[1.944s] -- Installing: /home/ziad/Ziad_WS/ROS2/work_space/install/franka_msgs/include/franka_msgs/franka_msgs/msg/detail/collision_indicators__traits.hpp
[1.944s] -- Installing: /home/ziad/Ziad_WS/ROS2/work_space/install/franka_msgs/include/franka_msgs/franka_msgs/msg/detail/elbow__struct.hpp
[1.944s] -- Installing: /home/ziad/Ziad_WS/ROS2/work_space/install/franka_msgs/include/franka_msgs/franka_msgs/msg/detail/grasp_epsilon__builder.hpp
[1.945s] -- Installing: /home/ziad/Ziad_WS/ROS2/work_space/install/franka_msgs/include/franka_msgs/franka_msgs/msg/detail/grasp_epsilon__struct.hpp
[1.945s] -- Installing: /home/ziad/Ziad_WS/ROS2/work_space/install/franka_msgs/include/franka_msgs/franka_msgs/msg/detail/grasp_epsilon__traits.hpp
[1.945s] -- Installing: /home/ziad/Ziad_WS/ROS2/work_space/install/franka_msgs/include/franka_msgs/franka_msgs/msg/detail/franka_robot_state__struct.hpp
[1.945s] -- Installing: /home/ziad/Ziad_WS/ROS2/work_space/install/franka_msgs/include/franka_msgs/franka_msgs/msg/detail/elbow__type_support.hpp
[1.945s] -- Installing: /home/ziad/Ziad_WS/ROS2/work_space/install/franka_msgs/include/franka_msgs/franka_msgs/msg/detail/errors__builder.hpp
[1.946s] -- Installing: /home/ziad/Ziad_WS/ROS2/work_space/install/franka_msgs/include/franka_msgs/franka_msgs/msg/detail/collision_indicators__struct.hpp
[1.946s] -- Installing: /home/ziad/Ziad_WS/ROS2/work_space/install/franka_msgs/include/franka_msgs/franka_msgs/msg/detail/errors__traits.hpp
[1.946s] -- Installing: /home/ziad/Ziad_WS/ROS2/work_space/install/franka_msgs/include/franka_msgs/franka_msgs/msg/detail/grasp_epsilon__type_support.hpp
[1.946s] -- Installing: /home/ziad/Ziad_WS/ROS2/work_space/install/franka_msgs/include/franka_msgs/franka_msgs/msg/detail/franka_robot_state__builder.hpp
[1.946s] -- Installing: /home/ziad/Ziad_WS/ROS2/work_space/install/franka_msgs/include/franka_msgs/franka_msgs/msg/detail/franka_robot_state__traits.hpp
[1.946s] -- Installing: /home/ziad/Ziad_WS/ROS2/work_space/install/franka_msgs/include/franka_msgs/franka_msgs/msg/detail/elbow__traits.hpp
[1.947s] -- Installing: /home/ziad/Ziad_WS/ROS2/work_space/install/franka_msgs/include/franka_msgs/franka_msgs/msg/detail/collision_indicators__type_support.hpp
[1.947s] -- Installing: /home/ziad/Ziad_WS/ROS2/work_space/install/franka_msgs/include/franka_msgs/franka_msgs/msg/detail/elbow__builder.hpp
[1.947s] -- Installing: /home/ziad/Ziad_WS/ROS2/work_space/install/franka_msgs/include/franka_msgs/franka_msgs/msg/detail/franka_robot_state__type_support.hpp
[1.947s] -- Installing: /home/ziad/Ziad_WS/ROS2/work_space/install/franka_msgs/include/franka_msgs/franka_msgs/msg/detail/errors__struct.hpp
[1.947s] -- Installing: /home/ziad/Ziad_WS/ROS2/work_space/install/franka_msgs/include/franka_msgs/franka_msgs/msg/collision_indicators.hpp
[1.948s] -- Installing: /home/ziad/Ziad_WS/ROS2/work_space/install/franka_msgs/include/franka_msgs/franka_msgs/msg/rosidl_generator_cpp__visibility_control.hpp
[1.948s] -- Up-to-date: /home/ziad/Ziad_WS/ROS2/work_space/install/franka_msgs/include/franka_msgs/franka_msgs
[1.948s] -- Up-to-date: /home/ziad/Ziad_WS/ROS2/work_space/install/franka_msgs/include/franka_msgs/franka_msgs/action
[1.948s] -- Up-to-date: /home/ziad/Ziad_WS/ROS2/work_space/install/franka_msgs/include/franka_msgs/franka_msgs/action/detail
[1.948s] -- Installing: /home/ziad/Ziad_WS/ROS2/work_space/install/franka_msgs/include/franka_msgs/franka_msgs/action/detail/move__rosidl_typesupport_fastrtps_cpp.hpp
[1.948s] -- Installing: /home/ziad/Ziad_WS/ROS2/work_space/install/franka_msgs/include/franka_msgs/franka_msgs/action/detail/error_recovery__rosidl_typesupport_fastrtps_cpp.hpp
[1.949s] -- Installing: /home/ziad/Ziad_WS/ROS2/work_space/install/franka_msgs/include/franka_msgs/franka_msgs/action/detail/grasp__rosidl_typesupport_fastrtps_cpp.hpp
[1.949s] -- Installing: /home/ziad/Ziad_WS/ROS2/work_space/install/franka_msgs/include/franka_msgs/franka_msgs/action/detail/dds_fastrtps
[1.949s] -- Installing: /home/ziad/Ziad_WS/ROS2/work_space/install/franka_msgs/include/franka_msgs/franka_msgs/action/detail/homing__rosidl_typesupport_fastrtps_cpp.hpp
[1.949s] -- Up-to-date: /home/ziad/Ziad_WS/ROS2/work_space/install/franka_msgs/include/franka_msgs/franka_msgs/srv
[1.949s] -- Up-to-date: /home/ziad/Ziad_WS/ROS2/work_space/install/franka_msgs/include/franka_msgs/franka_msgs/srv/detail
[1.950s] -- Installing: /home/ziad/Ziad_WS/ROS2/work_space/install/franka_msgs/include/franka_msgs/franka_msgs/srv/detail/set_cartesian_stiffness__rosidl_typesupport_fastrtps_cpp.hpp
[1.950s] -- Installing: /home/ziad/Ziad_WS/ROS2/work_space/install/franka_msgs/include/franka_msgs/franka_msgs/srv/detail/set_force_torque_collision_behavior__rosidl_typesupport_fastrtps_cpp.hpp
[1.950s] -- Installing: /home/ziad/Ziad_WS/ROS2/work_space/install/franka_msgs/include/franka_msgs/franka_msgs/srv/detail/set_stiffness_frame__rosidl_typesupport_fastrtps_cpp.hpp
[1.950s] -- Installing: /home/ziad/Ziad_WS/ROS2/work_space/install/franka_msgs/include/franka_msgs/franka_msgs/srv/detail/set_load__rosidl_typesupport_fastrtps_cpp.hpp
[1.950s] -- Installing: /home/ziad/Ziad_WS/ROS2/work_space/install/franka_msgs/include/franka_msgs/franka_msgs/srv/detail/set_full_collision_behavior__rosidl_typesupport_fastrtps_cpp.hpp
[1.950s] -- Installing: /home/ziad/Ziad_WS/ROS2/work_space/install/franka_msgs/include/franka_msgs/franka_msgs/srv/detail/set_tcp_frame__rosidl_typesupport_fastrtps_cpp.hpp
[1.951s] -- Installing: /home/ziad/Ziad_WS/ROS2/work_space/install/franka_msgs/include/franka_msgs/franka_msgs/srv/detail/dds_fastrtps
[1.951s] -- Installing: /home/ziad/Ziad_WS/ROS2/work_space/install/franka_msgs/include/franka_msgs/franka_msgs/srv/detail/set_joint_stiffness__rosidl_typesupport_fastrtps_cpp.hpp
[1.951s] -- Up-to-date: /home/ziad/Ziad_WS/ROS2/work_space/install/franka_msgs/include/franka_msgs/franka_msgs/msg
[1.951s] -- Installing: /home/ziad/Ziad_WS/ROS2/work_space/install/franka_msgs/include/franka_msgs/franka_msgs/msg/rosidl_typesupport_fastrtps_cpp__visibility_control.h
[1.951s] -- Up-to-date: /home/ziad/Ziad_WS/ROS2/work_space/install/franka_msgs/include/franka_msgs/franka_msgs/msg/detail
[1.952s] -- Installing: /home/ziad/Ziad_WS/ROS2/work_space/install/franka_msgs/include/franka_msgs/franka_msgs/msg/detail/collision_indicators__rosidl_typesupport_fastrtps_cpp.hpp
[1.952s] -- Installing: /home/ziad/Ziad_WS/ROS2/work_space/install/franka_msgs/include/franka_msgs/franka_msgs/msg/detail/elbow__rosidl_typesupport_fastrtps_cpp.hpp
[1.955s] -- Installing: /home/ziad/Ziad_WS/ROS2/work_space/install/franka_msgs/include/franka_msgs/franka_msgs/msg/detail/grasp_epsilon__rosidl_typesupport_fastrtps_cpp.hpp
[1.955s] -- Installing: /home/ziad/Ziad_WS/ROS2/work_space/install/franka_msgs/include/franka_msgs/franka_msgs/msg/detail/dds_fastrtps
[1.955s] -- Installing: /home/ziad/Ziad_WS/ROS2/work_space/install/franka_msgs/include/franka_msgs/franka_msgs/msg/detail/errors__rosidl_typesupport_fastrtps_cpp.hpp
[1.955s] -- Installing: /home/ziad/Ziad_WS/ROS2/work_space/install/franka_msgs/include/franka_msgs/franka_msgs/msg/detail/franka_robot_state__rosidl_typesupport_fastrtps_cpp.hpp
[1.955s] -- Installing: /home/ziad/Ziad_WS/ROS2/work_space/install/franka_msgs/lib/libfranka_msgs__rosidl_typesupport_fastrtps_cpp.so
[1.956s] -- Set runtime path of "/home/ziad/Ziad_WS/ROS2/work_space/install/franka_msgs/lib/libfranka_msgs__rosidl_typesupport_fastrtps_cpp.so" to ""
[1.956s] -- Up-to-date: /home/ziad/Ziad_WS/ROS2/work_space/install/franka_msgs/include/franka_msgs/franka_msgs
[1.957s] -- Up-to-date: /home/ziad/Ziad_WS/ROS2/work_space/install/franka_msgs/include/franka_msgs/franka_msgs/action
[1.957s] -- Up-to-date: /home/ziad/Ziad_WS/ROS2/work_space/install/franka_msgs/include/franka_msgs/franka_msgs/action/detail
[1.958s] -- Installing: /home/ziad/Ziad_WS/ROS2/work_space/install/franka_msgs/include/franka_msgs/franka_msgs/action/detail/grasp__type_support.cpp
[1.960s] -- Installing: /home/ziad/Ziad_WS/ROS2/work_space/install/franka_msgs/include/franka_msgs/franka_msgs/action/detail/grasp__rosidl_typesupport_introspection_cpp.hpp
[1.960s] -- Installing: /home/ziad/Ziad_WS/ROS2/work_space/install/franka_msgs/include/franka_msgs/franka_msgs/action/detail/move__rosidl_typesupport_introspection_cpp.hpp
[1.961s] -- Installing: /home/ziad/Ziad_WS/ROS2/work_space/install/franka_msgs/include/franka_msgs/franka_msgs/action/detail/error_recovery__rosidl_typesupport_introspection_cpp.hpp
[1.961s] -- Installing: /home/ziad/Ziad_WS/ROS2/work_space/install/franka_msgs/include/franka_msgs/franka_msgs/action/detail/error_recovery__type_support.cpp
[1.961s] -- Installing: /home/ziad/Ziad_WS/ROS2/work_space/install/franka_msgs/include/franka_msgs/franka_msgs/action/detail/move__type_support.cpp
[1.961s] -- Installing: /home/ziad/Ziad_WS/ROS2/work_space/install/franka_msgs/include/franka_msgs/franka_msgs/action/detail/homing__rosidl_typesupport_introspection_cpp.hpp
[1.962s] -- Installing: /home/ziad/Ziad_WS/ROS2/work_space/install/franka_msgs/include/franka_msgs/franka_msgs/action/detail/homing__type_support.cpp
[1.962s] -- Up-to-date: /home/ziad/Ziad_WS/ROS2/work_space/install/franka_msgs/include/franka_msgs/franka_msgs/srv
[1.962s] -- Up-to-date: /home/ziad/Ziad_WS/ROS2/work_space/install/franka_msgs/include/franka_msgs/franka_msgs/srv/detail
[1.962s] -- Installing: /home/ziad/Ziad_WS/ROS2/work_space/install/franka_msgs/include/franka_msgs/franka_msgs/srv/detail/set_load__type_support.cpp
[1.963s] -- Installing: /home/ziad/Ziad_WS/ROS2/work_space/install/franka_msgs/include/franka_msgs/franka_msgs/srv/detail/set_stiffness_frame__type_support.cpp
[1.963s] -- Installing: /home/ziad/Ziad_WS/ROS2/work_space/install/franka_msgs/include/franka_msgs/franka_msgs/srv/detail/set_force_torque_collision_behavior__type_support.cpp
[1.963s] -- Installing: /home/ziad/Ziad_WS/ROS2/work_space/install/franka_msgs/include/franka_msgs/franka_msgs/srv/detail/set_tcp_frame__rosidl_typesupport_introspection_cpp.hpp
[1.963s] -- Installing: /home/ziad/Ziad_WS/ROS2/work_space/install/franka_msgs/include/franka_msgs/franka_msgs/srv/detail/set_joint_stiffness__rosidl_typesupport_introspection_cpp.hpp
[1.963s] -- Installing: /home/ziad/Ziad_WS/ROS2/work_space/install/franka_msgs/include/franka_msgs/franka_msgs/srv/detail/set_stiffness_frame__rosidl_typesupport_introspection_cpp.hpp
[1.963s] -- Installing: /home/ziad/Ziad_WS/ROS2/work_space/install/franka_msgs/include/franka_msgs/franka_msgs/srv/detail/set_force_torque_collision_behavior__rosidl_typesupport_introspection_cpp.hpp
[1.964s] -- Installing: /home/ziad/Ziad_WS/ROS2/work_space/install/franka_msgs/include/franka_msgs/franka_msgs/srv/detail/set_full_collision_behavior__type_support.cpp
[1.964s] -- Installing: /home/ziad/Ziad_WS/ROS2/work_space/install/franka_msgs/include/franka_msgs/franka_msgs/srv/detail/set_cartesian_stiffness__rosidl_typesupport_introspection_cpp.hpp
[1.964s] -- Installing: /home/ziad/Ziad_WS/ROS2/work_space/install/franka_msgs/include/franka_msgs/franka_msgs/srv/detail/set_load__rosidl_typesupport_introspection_cpp.hpp
[1.964s] -- Installing: /home/ziad/Ziad_WS/ROS2/work_space/install/franka_msgs/include/franka_msgs/franka_msgs/srv/detail/set_full_collision_behavior__rosidl_typesupport_introspection_cpp.hpp
[1.964s] -- Installing: /home/ziad/Ziad_WS/ROS2/work_space/install/franka_msgs/include/franka_msgs/franka_msgs/srv/detail/set_tcp_frame__type_support.cpp
[1.965s] -- Installing: /home/ziad/Ziad_WS/ROS2/work_space/install/franka_msgs/include/franka_msgs/franka_msgs/srv/detail/set_cartesian_stiffness__type_support.cpp
[1.965s] -- Installing: /home/ziad/Ziad_WS/ROS2/work_space/install/franka_msgs/include/franka_msgs/franka_msgs/srv/detail/set_joint_stiffness__type_support.cpp
[1.965s] -- Up-to-date: /home/ziad/Ziad_WS/ROS2/work_space/install/franka_msgs/include/franka_msgs/franka_msgs/msg
[1.965s] -- Up-to-date: /home/ziad/Ziad_WS/ROS2/work_space/install/franka_msgs/include/franka_msgs/franka_msgs/msg/detail
[1.965s] -- Installing: /home/ziad/Ziad_WS/ROS2/work_space/install/franka_msgs/include/franka_msgs/franka_msgs/msg/detail/grasp_epsilon__type_support.cpp
[1.965s] -- Installing: /home/ziad/Ziad_WS/ROS2/work_space/install/franka_msgs/include/franka_msgs/franka_msgs/msg/detail/grasp_epsilon__rosidl_typesupport_introspection_cpp.hpp
[1.965s] -- Installing: /home/ziad/Ziad_WS/ROS2/work_space/install/franka_msgs/include/franka_msgs/franka_msgs/msg/detail/errors__type_support.cpp
[1.965s] -- Installing: /home/ziad/Ziad_WS/ROS2/work_space/install/franka_msgs/include/franka_msgs/franka_msgs/msg/detail/elbow__rosidl_typesupport_introspection_cpp.hpp
[1.966s] -- Installing: /home/ziad/Ziad_WS/ROS2/work_space/install/franka_msgs/include/franka_msgs/franka_msgs/msg/detail/elbow__type_support.cpp
[1.966s] -- Installing: /home/ziad/Ziad_WS/ROS2/work_space/install/franka_msgs/include/franka_msgs/franka_msgs/msg/detail/collision_indicators__type_support.cpp
[1.966s] -- Installing: /home/ziad/Ziad_WS/ROS2/work_space/install/franka_msgs/include/franka_msgs/franka_msgs/msg/detail/collision_indicators__rosidl_typesupport_introspection_cpp.hpp
[1.966s] -- Installing: /home/ziad/Ziad_WS/ROS2/work_space/install/franka_msgs/include/franka_msgs/franka_msgs/msg/detail/errors__rosidl_typesupport_introspection_cpp.hpp
[1.966s] -- Installing: /home/ziad/Ziad_WS/ROS2/work_space/install/franka_msgs/include/franka_msgs/franka_msgs/msg/detail/franka_robot_state__type_support.cpp
[1.967s] -- Installing: /home/ziad/Ziad_WS/ROS2/work_space/install/franka_msgs/include/franka_msgs/franka_msgs/msg/detail/franka_robot_state__rosidl_typesupport_introspection_cpp.hpp
[1.967s] -- Installing: /home/ziad/Ziad_WS/ROS2/work_space/install/franka_msgs/lib/libfranka_msgs__rosidl_typesupport_introspection_cpp.so
[1.967s] -- Set runtime path of "/home/ziad/Ziad_WS/ROS2/work_space/install/franka_msgs/lib/libfranka_msgs__rosidl_typesupport_introspection_cpp.so" to ""
[1.967s] -- Installing: /home/ziad/Ziad_WS/ROS2/work_space/install/franka_msgs/lib/libfranka_msgs__rosidl_typesupport_cpp.so
[1.967s] -- Set runtime path of "/home/ziad/Ziad_WS/ROS2/work_space/install/franka_msgs/lib/libfranka_msgs__rosidl_typesupport_cpp.so" to ""
[1.968s] -- Installing: /home/ziad/Ziad_WS/ROS2/work_space/install/franka_msgs/share/franka_msgs/environment/pythonpath.sh
[1.968s] -- Installing: /home/ziad/Ziad_WS/ROS2/work_space/install/franka_msgs/share/franka_msgs/environment/pythonpath.dsv
[1.968s] -- Installing: /home/ziad/Ziad_WS/ROS2/work_space/install/franka_msgs/local/lib/python3.10/dist-packages/franka_msgs-2.0.2-py3.10.egg-info
[1.968s] -- Installing: /home/ziad/Ziad_WS/ROS2/work_space/install/franka_msgs/local/lib/python3.10/dist-packages/franka_msgs-2.0.2-py3.10.egg-info/dependency_links.txt
[1.968s] -- Installing: /home/ziad/Ziad_WS/ROS2/work_space/install/franka_msgs/local/lib/python3.10/dist-packages/franka_msgs-2.0.2-py3.10.egg-info/top_level.txt
[1.968s] -- Installing: /home/ziad/Ziad_WS/ROS2/work_space/install/franka_msgs/local/lib/python3.10/dist-packages/franka_msgs-2.0.2-py3.10.egg-info/PKG-INFO
[1.968s] -- Installing: /home/ziad/Ziad_WS/ROS2/work_space/install/franka_msgs/local/lib/python3.10/dist-packages/franka_msgs-2.0.2-py3.10.egg-info/SOURCES.txt
[1.969s] -- Installing: /home/ziad/Ziad_WS/ROS2/work_space/install/franka_msgs/local/lib/python3.10/dist-packages/franka_msgs
[1.969s] -- Installing: /home/ziad/Ziad_WS/ROS2/work_space/install/franka_msgs/local/lib/python3.10/dist-packages/franka_msgs/_franka_msgs_s.ep.rosidl_typesupport_introspection_c.c
[1.969s] -- Installing: /home/ziad/Ziad_WS/ROS2/work_space/install/franka_msgs/local/lib/python3.10/dist-packages/franka_msgs/libfranka_msgs__rosidl_generator_py.so
[1.969s] -- Installing: /home/ziad/Ziad_WS/ROS2/work_space/install/franka_msgs/local/lib/python3.10/dist-packages/franka_msgs/action
[1.969s] -- Installing: /home/ziad/Ziad_WS/ROS2/work_space/install/franka_msgs/local/lib/python3.10/dist-packages/franka_msgs/action/_error_recovery.py
[1.970s] -- Installing: /home/ziad/Ziad_WS/ROS2/work_space/install/franka_msgs/local/lib/python3.10/dist-packages/franka_msgs/action/_grasp.py
[1.970s] -- Installing: /home/ziad/Ziad_WS/ROS2/work_space/install/franka_msgs/local/lib/python3.10/dist-packages/franka_msgs/action/_move_s.c
[1.970s] -- Installing: /home/ziad/Ziad_WS/ROS2/work_space/install/franka_msgs/local/lib/python3.10/dist-packages/franka_msgs/action/_homing_s.c
[1.971s] -- Installing: /home/ziad/Ziad_WS/ROS2/work_space/install/franka_msgs/local/lib/python3.10/dist-packages/franka_msgs/action/_homing.py
[1.971s] -- Installing: /home/ziad/Ziad_WS/ROS2/work_space/install/franka_msgs/local/lib/python3.10/dist-packages/franka_msgs/action/_grasp_s.c
[1.971s] -- Installing: /home/ziad/Ziad_WS/ROS2/work_space/install/franka_msgs/local/lib/python3.10/dist-packages/franka_msgs/action/_error_recovery_s.c
[1.971s] -- Installing: /home/ziad/Ziad_WS/ROS2/work_space/install/franka_msgs/local/lib/python3.10/dist-packages/franka_msgs/action/_move.py
[1.971s] -- Installing: /home/ziad/Ziad_WS/ROS2/work_space/install/franka_msgs/local/lib/python3.10/dist-packages/franka_msgs/action/__init__.py
[1.972s] -- Installing: /home/ziad/Ziad_WS/ROS2/work_space/install/franka_msgs/local/lib/python3.10/dist-packages/franka_msgs/srv
[1.972s] -- Installing: /home/ziad/Ziad_WS/ROS2/work_space/install/franka_msgs/local/lib/python3.10/dist-packages/franka_msgs/srv/_set_force_torque_collision_behavior_s.c
[1.972s] -- Installing: /home/ziad/Ziad_WS/ROS2/work_space/install/franka_msgs/local/lib/python3.10/dist-packages/franka_msgs/srv/_set_joint_stiffness.py
[1.972s] -- Installing: /home/ziad/Ziad_WS/ROS2/work_space/install/franka_msgs/local/lib/python3.10/dist-packages/franka_msgs/srv/_set_stiffness_frame_s.c
[1.973s] -- Installing: /home/ziad/Ziad_WS/ROS2/work_space/install/franka_msgs/local/lib/python3.10/dist-packages/franka_msgs/srv/_set_tcp_frame_s.c
[1.973s] -- Installing: /home/ziad/Ziad_WS/ROS2/work_space/install/franka_msgs/local/lib/python3.10/dist-packages/franka_msgs/srv/_set_stiffness_frame.py
[1.973s] -- Installing: /home/ziad/Ziad_WS/ROS2/work_space/install/franka_msgs/local/lib/python3.10/dist-packages/franka_msgs/srv/_set_force_torque_collision_behavior.py
[1.973s] -- Installing: /home/ziad/Ziad_WS/ROS2/work_space/install/franka_msgs/local/lib/python3.10/dist-packages/franka_msgs/srv/_set_joint_stiffness_s.c
[1.973s] -- Installing: /home/ziad/Ziad_WS/ROS2/work_space/install/franka_msgs/local/lib/python3.10/dist-packages/franka_msgs/srv/_set_load_s.c
[1.974s] -- Installing: /home/ziad/Ziad_WS/ROS2/work_space/install/franka_msgs/local/lib/python3.10/dist-packages/franka_msgs/srv/_set_load.py
[1.974s] -- Installing: /home/ziad/Ziad_WS/ROS2/work_space/install/franka_msgs/local/lib/python3.10/dist-packages/franka_msgs/srv/_set_cartesian_stiffness.py
[1.974s] -- Installing: /home/ziad/Ziad_WS/ROS2/work_space/install/franka_msgs/local/lib/python3.10/dist-packages/franka_msgs/srv/_set_tcp_frame.py
[1.974s] -- Installing: /home/ziad/Ziad_WS/ROS2/work_space/install/franka_msgs/local/lib/python3.10/dist-packages/franka_msgs/srv/_set_cartesian_stiffness_s.c
[1.974s] -- Installing: /home/ziad/Ziad_WS/ROS2/work_space/install/franka_msgs/local/lib/python3.10/dist-packages/franka_msgs/srv/_set_full_collision_behavior.py
[1.974s] -- Installing: /home/ziad/Ziad_WS/ROS2/work_space/install/franka_msgs/local/lib/python3.10/dist-packages/franka_msgs/srv/__init__.py
[1.975s] -- Installing: /home/ziad/Ziad_WS/ROS2/work_space/install/franka_msgs/local/lib/python3.10/dist-packages/franka_msgs/srv/_set_full_collision_behavior_s.c
[1.975s] -- Installing: /home/ziad/Ziad_WS/ROS2/work_space/install/franka_msgs/local/lib/python3.10/dist-packages/franka_msgs/msg
[1.975s] -- Installing: /home/ziad/Ziad_WS/ROS2/work_space/install/franka_msgs/local/lib/python3.10/dist-packages/franka_msgs/msg/_collision_indicators.py
[1.975s] -- Installing: /home/ziad/Ziad_WS/ROS2/work_space/install/franka_msgs/local/lib/python3.10/dist-packages/franka_msgs/msg/_elbow_s.c
[1.975s] -- Installing: /home/ziad/Ziad_WS/ROS2/work_space/install/franka_msgs/local/lib/python3.10/dist-packages/franka_msgs/msg/_errors.py
[1.976s] -- Installing: /home/ziad/Ziad_WS/ROS2/work_space/install/franka_msgs/local/lib/python3.10/dist-packages/franka_msgs/msg/_grasp_epsilon.py
[1.976s] -- Installing: /home/ziad/Ziad_WS/ROS2/work_space/install/franka_msgs/local/lib/python3.10/dist-packages/franka_msgs/msg/_errors_s.c
[1.976s] -- Installing: /home/ziad/Ziad_WS/ROS2/work_space/install/franka_msgs/local/lib/python3.10/dist-packages/franka_msgs/msg/_elbow.py
[1.976s] -- Installing: /home/ziad/Ziad_WS/ROS2/work_space/install/franka_msgs/local/lib/python3.10/dist-packages/franka_msgs/msg/_grasp_epsilon_s.c
[1.976s] -- Installing: /home/ziad/Ziad_WS/ROS2/work_space/install/franka_msgs/local/lib/python3.10/dist-packages/franka_msgs/msg/_franka_robot_state_s.c
[1.976s] -- Installing: /home/ziad/Ziad_WS/ROS2/work_space/install/franka_msgs/local/lib/python3.10/dist-packages/franka_msgs/msg/_collision_indicators_s.c
[1.976s] -- Installing: /home/ziad/Ziad_WS/ROS2/work_space/install/franka_msgs/local/lib/python3.10/dist-packages/franka_msgs/msg/__init__.py
[1.976s] -- Installing: /home/ziad/Ziad_WS/ROS2/work_space/install/franka_msgs/local/lib/python3.10/dist-packages/franka_msgs/msg/_franka_robot_state.py
[1.976s] -- Installing: /home/ziad/Ziad_WS/ROS2/work_space/install/franka_msgs/local/lib/python3.10/dist-packages/franka_msgs/_franka_msgs_s.ep.rosidl_typesupport_c.c
[1.977s] -- Installing: /home/ziad/Ziad_WS/ROS2/work_space/install/franka_msgs/local/lib/python3.10/dist-packages/franka_msgs/franka_msgs_s__rosidl_typesupport_c.cpython-310-x86_64-linux-gnu.so
[1.977s] -- Installing: /home/ziad/Ziad_WS/ROS2/work_space/install/franka_msgs/local/lib/python3.10/dist-packages/franka_msgs/_franka_msgs_s.ep.rosidl_typesupport_fastrtps_c.c
[1.977s] -- Installing: /home/ziad/Ziad_WS/ROS2/work_space/install/franka_msgs/local/lib/python3.10/dist-packages/franka_msgs/franka_msgs_s__rosidl_typesupport_introspection_c.cpython-310-x86_64-linux-gnu.so
[1.977s] -- Installing: /home/ziad/Ziad_WS/ROS2/work_space/install/franka_msgs/local/lib/python3.10/dist-packages/franka_msgs/franka_msgs_s__rosidl_typesupport_fastrtps_c.cpython-310-x86_64-linux-gnu.so
[1.977s] -- Installing: /home/ziad/Ziad_WS/ROS2/work_space/install/franka_msgs/local/lib/python3.10/dist-packages/franka_msgs/__init__.py
[2.152s] Listing '/home/ziad/Ziad_WS/ROS2/work_space/install/franka_msgs/local/lib/python3.10/dist-packages/franka_msgs'...
[2.152s] Compiling '/home/ziad/Ziad_WS/ROS2/work_space/install/franka_msgs/local/lib/python3.10/dist-packages/franka_msgs/__init__.py'...
[2.152s] Listing '/home/ziad/Ziad_WS/ROS2/work_space/install/franka_msgs/local/lib/python3.10/dist-packages/franka_msgs/action'...
[2.152s] Compiling '/home/ziad/Ziad_WS/ROS2/work_space/install/franka_msgs/local/lib/python3.10/dist-packages/franka_msgs/action/__init__.py'...
[2.152s] Compiling '/home/ziad/Ziad_WS/ROS2/work_space/install/franka_msgs/local/lib/python3.10/dist-packages/franka_msgs/action/_error_recovery.py'...
[2.152s] Compiling '/home/ziad/Ziad_WS/ROS2/work_space/install/franka_msgs/local/lib/python3.10/dist-packages/franka_msgs/action/_grasp.py'...
[2.153s] Compiling '/home/ziad/Ziad_WS/ROS2/work_space/install/franka_msgs/local/lib/python3.10/dist-packages/franka_msgs/action/_homing.py'...
[2.153s] Compiling '/home/ziad/Ziad_WS/ROS2/work_space/install/franka_msgs/local/lib/python3.10/dist-packages/franka_msgs/action/_move.py'...
[2.153s] Listing '/home/ziad/Ziad_WS/ROS2/work_space/install/franka_msgs/local/lib/python3.10/dist-packages/franka_msgs/msg'...
[2.153s] Compiling '/home/ziad/Ziad_WS/ROS2/work_space/install/franka_msgs/local/lib/python3.10/dist-packages/franka_msgs/msg/__init__.py'...
[2.153s] Compiling '/home/ziad/Ziad_WS/ROS2/work_space/install/franka_msgs/local/lib/python3.10/dist-packages/franka_msgs/msg/_collision_indicators.py'...
[2.153s] Compiling '/home/ziad/Ziad_WS/ROS2/work_space/install/franka_msgs/local/lib/python3.10/dist-packages/franka_msgs/msg/_elbow.py'...
[2.154s] Compiling '/home/ziad/Ziad_WS/ROS2/work_space/install/franka_msgs/local/lib/python3.10/dist-packages/franka_msgs/msg/_errors.py'...
[2.154s] Compiling '/home/ziad/Ziad_WS/ROS2/work_space/install/franka_msgs/local/lib/python3.10/dist-packages/franka_msgs/msg/_franka_robot_state.py'...
[2.155s] Compiling '/home/ziad/Ziad_WS/ROS2/work_space/install/franka_msgs/local/lib/python3.10/dist-packages/franka_msgs/msg/_grasp_epsilon.py'...
[2.155s] Listing '/home/ziad/Ziad_WS/ROS2/work_space/install/franka_msgs/local/lib/python3.10/dist-packages/franka_msgs/srv'...
[2.157s] Compiling '/home/ziad/Ziad_WS/ROS2/work_space/install/franka_msgs/local/lib/python3.10/dist-packages/franka_msgs/srv/__init__.py'...
[2.158s] Compiling '/home/ziad/Ziad_WS/ROS2/work_space/install/franka_msgs/local/lib/python3.10/dist-packages/franka_msgs/srv/_set_cartesian_stiffness.py'...
[2.158s] Compiling '/home/ziad/Ziad_WS/ROS2/work_space/install/franka_msgs/local/lib/python3.10/dist-packages/franka_msgs/srv/_set_force_torque_collision_behavior.py'...
[2.158s] Compiling '/home/ziad/Ziad_WS/ROS2/work_space/install/franka_msgs/local/lib/python3.10/dist-packages/franka_msgs/srv/_set_full_collision_behavior.py'...
[2.158s] Compiling '/home/ziad/Ziad_WS/ROS2/work_space/install/franka_msgs/local/lib/python3.10/dist-packages/franka_msgs/srv/_set_joint_stiffness.py'...
[2.159s] Compiling '/home/ziad/Ziad_WS/ROS2/work_space/install/franka_msgs/local/lib/python3.10/dist-packages/franka_msgs/srv/_set_load.py'...
[2.161s] Compiling '/home/ziad/Ziad_WS/ROS2/work_space/install/franka_msgs/local/lib/python3.10/dist-packages/franka_msgs/srv/_set_stiffness_frame.py'...
[2.161s] Compiling '/home/ziad/Ziad_WS/ROS2/work_space/install/franka_msgs/local/lib/python3.10/dist-packages/franka_msgs/srv/_set_tcp_frame.py'...
[2.168s] -- Installing: /home/ziad/Ziad_WS/ROS2/work_space/install/franka_msgs/local/lib/python3.10/dist-packages/franka_msgs/franka_msgs_s__rosidl_typesupport_fastrtps_c.cpython-310-x86_64-linux-gnu.so
[2.168s] -- Set runtime path of "/home/ziad/Ziad_WS/ROS2/work_space/install/franka_msgs/local/lib/python3.10/dist-packages/franka_msgs/franka_msgs_s__rosidl_typesupport_fastrtps_c.cpython-310-x86_64-linux-gnu.so" to ""
[2.169s] -- Installing: /home/ziad/Ziad_WS/ROS2/work_space/install/franka_msgs/local/lib/python3.10/dist-packages/franka_msgs/franka_msgs_s__rosidl_typesupport_introspection_c.cpython-310-x86_64-linux-gnu.so
[2.170s] -- Set runtime path of "/home/ziad/Ziad_WS/ROS2/work_space/install/franka_msgs/local/lib/python3.10/dist-packages/franka_msgs/franka_msgs_s__rosidl_typesupport_introspection_c.cpython-310-x86_64-linux-gnu.so" to ""
[2.170s] -- Installing: /home/ziad/Ziad_WS/ROS2/work_space/install/franka_msgs/local/lib/python3.10/dist-packages/franka_msgs/franka_msgs_s__rosidl_typesupport_c.cpython-310-x86_64-linux-gnu.so
[2.171s] -- Set runtime path of "/home/ziad/Ziad_WS/ROS2/work_space/install/franka_msgs/local/lib/python3.10/dist-packages/franka_msgs/franka_msgs_s__rosidl_typesupport_c.cpython-310-x86_64-linux-gnu.so" to ""
[2.172s] -- Installing: /home/ziad/Ziad_WS/ROS2/work_space/install/franka_msgs/lib/libfranka_msgs__rosidl_generator_py.so
[2.173s] -- Set runtime path of "/home/ziad/Ziad_WS/ROS2/work_space/install/franka_msgs/lib/libfranka_msgs__rosidl_generator_py.so" to ""
[2.173s] -- Installing: /home/ziad/Ziad_WS/ROS2/work_space/install/franka_msgs/share/franka_msgs/action/ErrorRecovery.idl
[2.174s] -- Installing: /home/ziad/Ziad_WS/ROS2/work_space/install/franka_msgs/share/franka_msgs/action/Grasp.idl
[2.174s] -- Installing: /home/ziad/Ziad_WS/ROS2/work_space/install/franka_msgs/share/franka_msgs/action/Homing.idl
[2.175s] -- Installing: /home/ziad/Ziad_WS/ROS2/work_space/install/franka_msgs/share/franka_msgs/action/Move.idl
[2.175s] -- Installing: /home/ziad/Ziad_WS/ROS2/work_space/install/franka_msgs/share/franka_msgs/msg/CollisionIndicators.idl
[2.176s] -- Installing: /home/ziad/Ziad_WS/ROS2/work_space/install/franka_msgs/share/franka_msgs/msg/Elbow.idl
[2.176s] -- Installing: /home/ziad/Ziad_WS/ROS2/work_space/install/franka_msgs/share/franka_msgs/msg/Errors.idl
[2.176s] -- Installing: /home/ziad/Ziad_WS/ROS2/work_space/install/franka_msgs/share/franka_msgs/msg/GraspEpsilon.idl
[2.177s] -- Installing: /home/ziad/Ziad_WS/ROS2/work_space/install/franka_msgs/share/franka_msgs/msg/FrankaRobotState.idl
[2.179s] -- Installing: /home/ziad/Ziad_WS/ROS2/work_space/install/franka_msgs/share/franka_msgs/srv/SetCartesianStiffness.idl
[2.179s] -- Installing: /home/ziad/Ziad_WS/ROS2/work_space/install/franka_msgs/share/franka_msgs/srv/SetTCPFrame.idl
[2.180s] -- Installing: /home/ziad/Ziad_WS/ROS2/work_space/install/franka_msgs/share/franka_msgs/srv/SetForceTorqueCollisionBehavior.idl
[2.180s] -- Installing: /home/ziad/Ziad_WS/ROS2/work_space/install/franka_msgs/share/franka_msgs/srv/SetFullCollisionBehavior.idl
[2.180s] -- Installing: /home/ziad/Ziad_WS/ROS2/work_space/install/franka_msgs/share/franka_msgs/srv/SetJointStiffness.idl
[2.181s] -- Installing: /home/ziad/Ziad_WS/ROS2/work_space/install/franka_msgs/share/franka_msgs/srv/SetStiffnessFrame.idl
[2.181s] -- Installing: /home/ziad/Ziad_WS/ROS2/work_space/install/franka_msgs/share/franka_msgs/srv/SetLoad.idl
[2.182s] -- Installing: /home/ziad/Ziad_WS/ROS2/work_space/install/franka_msgs/share/franka_msgs/action/ErrorRecovery.action
[2.182s] -- Installing: /home/ziad/Ziad_WS/ROS2/work_space/install/franka_msgs/share/franka_msgs/action/Grasp.action
[2.183s] -- Installing: /home/ziad/Ziad_WS/ROS2/work_space/install/franka_msgs/share/franka_msgs/action/Homing.action
[2.183s] -- Installing: /home/ziad/Ziad_WS/ROS2/work_space/install/franka_msgs/share/franka_msgs/action/Move.action
[2.183s] -- Installing: /home/ziad/Ziad_WS/ROS2/work_space/install/franka_msgs/share/franka_msgs/msg/CollisionIndicators.msg
[2.184s] -- Installing: /home/ziad/Ziad_WS/ROS2/work_space/install/franka_msgs/share/franka_msgs/msg/Elbow.msg
[2.184s] -- Installing: /home/ziad/Ziad_WS/ROS2/work_space/install/franka_msgs/share/franka_msgs/msg/Errors.msg
[2.184s] -- Installing: /home/ziad/Ziad_WS/ROS2/work_space/install/franka_msgs/share/franka_msgs/msg/GraspEpsilon.msg
[2.185s] -- Installing: /home/ziad/Ziad_WS/ROS2/work_space/install/franka_msgs/share/franka_msgs/msg/FrankaRobotState.msg
[2.185s] -- Installing: /home/ziad/Ziad_WS/ROS2/work_space/install/franka_msgs/share/franka_msgs/srv/SetCartesianStiffness.srv
[2.185s] -- Installing: /home/ziad/Ziad_WS/ROS2/work_space/install/franka_msgs/share/franka_msgs/srv/SetCartesianStiffness_Request.msg
[2.186s] -- Installing: /home/ziad/Ziad_WS/ROS2/work_space/install/franka_msgs/share/franka_msgs/srv/SetCartesianStiffness_Response.msg
[2.187s] -- Installing: /home/ziad/Ziad_WS/ROS2/work_space/install/franka_msgs/share/franka_msgs/srv/SetTCPFrame.srv
[2.188s] -- Installing: /home/ziad/Ziad_WS/ROS2/work_space/install/franka_msgs/share/franka_msgs/srv/SetTCPFrame_Request.msg
[2.188s] -- Installing: /home/ziad/Ziad_WS/ROS2/work_space/install/franka_msgs/share/franka_msgs/srv/SetTCPFrame_Response.msg
[2.189s] -- Installing: /home/ziad/Ziad_WS/ROS2/work_space/install/franka_msgs/share/franka_msgs/srv/SetForceTorqueCollisionBehavior.srv
[2.190s] -- Installing: /home/ziad/Ziad_WS/ROS2/work_space/install/franka_msgs/share/franka_msgs/srv/SetForceTorqueCollisionBehavior_Request.msg
[2.190s] -- Installing: /home/ziad/Ziad_WS/ROS2/work_space/install/franka_msgs/share/franka_msgs/srv/SetForceTorqueCollisionBehavior_Response.msg
[2.190s] -- Installing: /home/ziad/Ziad_WS/ROS2/work_space/install/franka_msgs/share/franka_msgs/srv/SetFullCollisionBehavior.srv
[2.191s] -- Installing: /home/ziad/Ziad_WS/ROS2/work_space/install/franka_msgs/share/franka_msgs/srv/SetFullCollisionBehavior_Request.msg
[2.191s] -- Installing: /home/ziad/Ziad_WS/ROS2/work_space/install/franka_msgs/share/franka_msgs/srv/SetFullCollisionBehavior_Response.msg
[2.192s] -- Installing: /home/ziad/Ziad_WS/ROS2/work_space/install/franka_msgs/share/franka_msgs/srv/SetJointStiffness.srv
[2.192s] -- Installing: /home/ziad/Ziad_WS/ROS2/work_space/install/franka_msgs/share/franka_msgs/srv/SetJointStiffness_Request.msg
[2.193s] -- Installing: /home/ziad/Ziad_WS/ROS2/work_space/install/franka_msgs/share/franka_msgs/srv/SetJointStiffness_Response.msg
[2.194s] -- Installing: /home/ziad/Ziad_WS/ROS2/work_space/install/franka_msgs/share/franka_msgs/srv/SetStiffnessFrame.srv
[2.194s] -- Installing: /home/ziad/Ziad_WS/ROS2/work_space/install/franka_msgs/share/franka_msgs/srv/SetStiffnessFrame_Request.msg
[2.195s] -- Installing: /home/ziad/Ziad_WS/ROS2/work_space/install/franka_msgs/share/franka_msgs/srv/SetStiffnessFrame_Response.msg
[2.196s] -- Installing: /home/ziad/Ziad_WS/ROS2/work_space/install/franka_msgs/share/franka_msgs/srv/SetLoad.srv
[2.196s] -- Installing: /home/ziad/Ziad_WS/ROS2/work_space/install/franka_msgs/share/franka_msgs/srv/SetLoad_Request.msg
[2.197s] -- Installing: /home/ziad/Ziad_WS/ROS2/work_space/install/franka_msgs/share/franka_msgs/srv/SetLoad_Response.msg
[2.198s] -- Installing: /home/ziad/Ziad_WS/ROS2/work_space/install/franka_msgs/share/ament_index/resource_index/package_run_dependencies/franka_msgs
[2.199s] -- Installing: /home/ziad/Ziad_WS/ROS2/work_space/install/franka_msgs/share/ament_index/resource_index/parent_prefix_path/franka_msgs
[2.200s] -- Installing: /home/ziad/Ziad_WS/ROS2/work_space/install/franka_msgs/share/franka_msgs/environment/ament_prefix_path.sh
[2.200s] -- Installing: /home/ziad/Ziad_WS/ROS2/work_space/install/franka_msgs/share/franka_msgs/environment/ament_prefix_path.dsv
[2.201s] -- Installing: /home/ziad/Ziad_WS/ROS2/work_space/install/franka_msgs/share/franka_msgs/environment/path.sh
[2.201s] -- Installing: /home/ziad/Ziad_WS/ROS2/work_space/install/franka_msgs/share/franka_msgs/environment/path.dsv
[2.202s] -- Installing: /home/ziad/Ziad_WS/ROS2/work_space/install/franka_msgs/share/franka_msgs/local_setup.bash
[2.202s] -- Installing: /home/ziad/Ziad_WS/ROS2/work_space/install/franka_msgs/share/franka_msgs/local_setup.sh
[2.203s] -- Installing: /home/ziad/Ziad_WS/ROS2/work_space/install/franka_msgs/share/franka_msgs/local_setup.zsh
[2.204s] -- Installing: /home/ziad/Ziad_WS/ROS2/work_space/install/franka_msgs/share/franka_msgs/local_setup.dsv
[2.204s] -- Installing: /home/ziad/Ziad_WS/ROS2/work_space/install/franka_msgs/share/franka_msgs/package.dsv
[2.204s] -- Installing: /home/ziad/Ziad_WS/ROS2/work_space/install/franka_msgs/share/ament_index/resource_index/packages/franka_msgs
[2.204s] -- Installing: /home/ziad/Ziad_WS/ROS2/work_space/install/franka_msgs/share/franka_msgs/cmake/export_franka_msgs__rosidl_generator_cExport.cmake
[2.205s] -- Installing: /home/ziad/Ziad_WS/ROS2/work_space/install/franka_msgs/share/franka_msgs/cmake/export_franka_msgs__rosidl_generator_cExport-release.cmake
[2.205s] -- Installing: /home/ziad/Ziad_WS/ROS2/work_space/install/franka_msgs/share/franka_msgs/cmake/export_franka_msgs__rosidl_typesupport_fastrtps_cExport.cmake
[2.205s] -- Installing: /home/ziad/Ziad_WS/ROS2/work_space/install/franka_msgs/share/franka_msgs/cmake/export_franka_msgs__rosidl_typesupport_fastrtps_cExport-release.cmake
[2.206s] -- Installing: /home/ziad/Ziad_WS/ROS2/work_space/install/franka_msgs/share/franka_msgs/cmake/franka_msgs__rosidl_typesupport_introspection_cExport.cmake
[2.206s] -- Installing: /home/ziad/Ziad_WS/ROS2/work_space/install/franka_msgs/share/franka_msgs/cmake/franka_msgs__rosidl_typesupport_introspection_cExport-release.cmake
[2.206s] -- Installing: /home/ziad/Ziad_WS/ROS2/work_space/install/franka_msgs/share/franka_msgs/cmake/franka_msgs__rosidl_typesupport_cExport.cmake
[2.206s] -- Installing: /home/ziad/Ziad_WS/ROS2/work_space/install/franka_msgs/share/franka_msgs/cmake/franka_msgs__rosidl_typesupport_cExport-release.cmake
[2.209s] -- Installing: /home/ziad/Ziad_WS/ROS2/work_space/install/franka_msgs/share/franka_msgs/cmake/export_franka_msgs__rosidl_generator_cppExport.cmake
[2.209s] -- Installing: /home/ziad/Ziad_WS/ROS2/work_space/install/franka_msgs/share/franka_msgs/cmake/export_franka_msgs__rosidl_typesupport_fastrtps_cppExport.cmake
[2.210s] -- Installing: /home/ziad/Ziad_WS/ROS2/work_space/install/franka_msgs/share/franka_msgs/cmake/export_franka_msgs__rosidl_typesupport_fastrtps_cppExport-release.cmake
[2.210s] -- Installing: /home/ziad/Ziad_WS/ROS2/work_space/install/franka_msgs/share/franka_msgs/cmake/franka_msgs__rosidl_typesupport_introspection_cppExport.cmake
[2.210s] -- Installing: /home/ziad/Ziad_WS/ROS2/work_space/install/franka_msgs/share/franka_msgs/cmake/franka_msgs__rosidl_typesupport_introspection_cppExport-release.cmake
[2.210s] -- Installing: /home/ziad/Ziad_WS/ROS2/work_space/install/franka_msgs/share/franka_msgs/cmake/franka_msgs__rosidl_typesupport_cppExport.cmake
[2.210s] -- Installing: /home/ziad/Ziad_WS/ROS2/work_space/install/franka_msgs/share/franka_msgs/cmake/franka_msgs__rosidl_typesupport_cppExport-release.cmake
[2.211s] -- Installing: /home/ziad/Ziad_WS/ROS2/work_space/install/franka_msgs/share/franka_msgs/cmake/export_franka_msgs__rosidl_generator_pyExport.cmake
[2.211s] -- Installing: /home/ziad/Ziad_WS/ROS2/work_space/install/franka_msgs/share/franka_msgs/cmake/export_franka_msgs__rosidl_generator_pyExport-release.cmake
[2.212s] -- Installing: /home/ziad/Ziad_WS/ROS2/work_space/install/franka_msgs/share/franka_msgs/cmake/rosidl_cmake-extras.cmake
[2.212s] -- Installing: /home/ziad/Ziad_WS/ROS2/work_space/install/franka_msgs/share/franka_msgs/cmake/ament_cmake_export_dependencies-extras.cmake
[2.213s] -- Installing: /home/ziad/Ziad_WS/ROS2/work_space/install/franka_msgs/share/franka_msgs/cmake/ament_cmake_export_include_directories-extras.cmake
[2.213s] -- Installing: /home/ziad/Ziad_WS/ROS2/work_space/install/franka_msgs/share/franka_msgs/cmake/ament_cmake_export_libraries-extras.cmake
[2.213s] -- Installing: /home/ziad/Ziad_WS/ROS2/work_space/install/franka_msgs/share/franka_msgs/cmake/ament_cmake_export_targets-extras.cmake
[2.213s] -- Installing: /home/ziad/Ziad_WS/ROS2/work_space/install/franka_msgs/share/franka_msgs/cmake/rosidl_cmake_export_typesupport_targets-extras.cmake
[2.216s] -- Installing: /home/ziad/Ziad_WS/ROS2/work_space/install/franka_msgs/share/franka_msgs/cmake/rosidl_cmake_export_typesupport_libraries-extras.cmake
[2.216s] -- Installing: /home/ziad/Ziad_WS/ROS2/work_space/install/franka_msgs/share/franka_msgs/cmake/franka_msgsConfig.cmake
[2.216s] -- Installing: /home/ziad/Ziad_WS/ROS2/work_space/install/franka_msgs/share/franka_msgs/cmake/franka_msgsConfig-version.cmake
[2.217s] -- Installing: /home/ziad/Ziad_WS/ROS2/work_space/install/franka_msgs/share/franka_msgs/package.xml
[2.220s] Invoked command in '/home/ziad/Ziad_WS/ROS2/work_space/build/franka_msgs' returned '0': CMAKE_PREFIX_PATH=${CMAKE_PREFIX_PATH}:/opt/ros/humble /usr/bin/cmake --install /home/ziad/Ziad_WS/ROS2/work_space/build/franka_msgs
