[0.400s] DEBUG:colcon:Command line arguments: ['/usr/bin/colcon', 'build', '--symlink-install']
[0.400s] DEBUG:colcon:Parsed command line arguments: Namespace(log_base=None, log_level=None, verb_name='build', build_base='build', install_base='install', merge_install=False, symlink_install=True, test_result_base=None, continue_on_error=False, executor='parallel', parallel_workers=4, event_handlers=None, ignore_user_meta=False, metas=['./colcon.meta'], base_paths=['.'], packages_ignore=None, packages_ignore_regex=None, paths=None, packages_up_to=None, packages_up_to_regex=None, packages_above=None, packages_above_and_dependencies=None, packages_above_depth=None, packages_select_by_dep=None, packages_skip_by_dep=None, packages_skip_up_to=None, packages_select_build_failed=False, packages_skip_build_finished=False, packages_select_test_failures=False, packages_skip_test_passed=False, packages_select=None, packages_skip=None, packages_select_regex=None, packages_skip_regex=None, packages_start=None, packages_end=None, allow_overriding=[], cmake_args=None, cmake_target=None, cmake_target_skip_unavailable=False, cmake_clean_cache=False, cmake_clean_first=False, cmake_force_configure=False, ament_cmake_args=None, catkin_cmake_args=None, catkin_skip_building_tests=False, mixin_files=None, mixin=None, verb_parser=<colcon_mixin.mixin.mixin_argument.MixinArgumentDecorator object at 0x71ae57a346d0>, verb_extension=<colcon_core.verb.build.BuildVerb object at 0x71ae57a34130>, main=<bound method BuildVerb.main of <colcon_core.verb.build.BuildVerb object at 0x71ae57a34130>>, mixin_verb=('build',))
[0.778s] Level 1:colcon.colcon_core.package_discovery:discover_packages(colcon_meta) check parameters
[0.778s] Level 1:colcon.colcon_core.package_discovery:discover_packages(recursive) check parameters
[0.778s] Level 1:colcon.colcon_core.package_discovery:discover_packages(ignore) check parameters
[0.778s] Level 1:colcon.colcon_core.package_discovery:discover_packages(path) check parameters
[0.778s] Level 1:colcon.colcon_core.package_discovery:discover_packages(colcon_meta) discover
[0.778s] Level 1:colcon.colcon_core.package_discovery:discover_packages(recursive) discover
[0.778s] INFO:colcon.colcon_core.package_discovery:Crawling recursively for packages in '/home/ziad/ziad_ws/ROS2/work_space'
[0.778s] Level 1:colcon.colcon_core.package_identification:_identify(.) by extensions ['ignore', 'ignore_ament_install']
[0.778s] Level 1:colcon.colcon_core.package_identification:_identify(.) by extension 'ignore'
[0.778s] Level 1:colcon.colcon_core.package_identification:_identify(.) by extension 'ignore_ament_install'
[0.778s] Level 1:colcon.colcon_core.package_identification:_identify(.) by extensions ['colcon_pkg']
[0.779s] Level 1:colcon.colcon_core.package_identification:_identify(.) by extension 'colcon_pkg'
[0.779s] Level 1:colcon.colcon_core.package_identification:_identify(.) by extensions ['colcon_meta']
[0.779s] Level 1:colcon.colcon_core.package_identification:_identify(.) by extension 'colcon_meta'
[0.779s] Level 1:colcon.colcon_core.package_identification:_identify(.) by extensions ['ros']
[0.779s] Level 1:colcon.colcon_core.package_identification:_identify(.) by extension 'ros'
[0.810s] Level 1:colcon.colcon_core.package_identification:_identify(.) by extensions ['cmake', 'python']
[0.810s] Level 1:colcon.colcon_core.package_identification:_identify(.) by extension 'cmake'
[0.810s] Level 1:colcon.colcon_core.package_identification:_identify(.) by extension 'python'
[0.811s] Level 1:colcon.colcon_core.package_identification:_identify(.) by extensions ['python_setup_py']
[0.811s] Level 1:colcon.colcon_core.package_identification:_identify(.) by extension 'python_setup_py'
[0.811s] Level 1:colcon.colcon_core.package_identification:_identify(build) by extensions ['ignore', 'ignore_ament_install']
[0.811s] Level 1:colcon.colcon_core.package_identification:_identify(build) by extension 'ignore'
[0.811s] Level 1:colcon.colcon_core.package_identification:_identify(build) ignored
[0.811s] Level 1:colcon.colcon_core.package_identification:_identify(install) by extensions ['ignore', 'ignore_ament_install']
[0.811s] Level 1:colcon.colcon_core.package_identification:_identify(install) by extension 'ignore'
[0.811s] Level 1:colcon.colcon_core.package_identification:_identify(install) ignored
[0.811s] Level 1:colcon.colcon_core.package_identification:_identify(log) by extensions ['ignore', 'ignore_ament_install']
[0.812s] Level 1:colcon.colcon_core.package_identification:_identify(log) by extension 'ignore'
[0.812s] Level 1:colcon.colcon_core.package_identification:_identify(log) ignored
[0.812s] Level 1:colcon.colcon_core.package_identification:_identify(src) by extensions ['ignore', 'ignore_ament_install']
[0.812s] Level 1:colcon.colcon_core.package_identification:_identify(src) by extension 'ignore'
[0.812s] Level 1:colcon.colcon_core.package_identification:_identify(src) by extension 'ignore_ament_install'
[0.812s] Level 1:colcon.colcon_core.package_identification:_identify(src) by extensions ['colcon_pkg']
[0.812s] Level 1:colcon.colcon_core.package_identification:_identify(src) by extension 'colcon_pkg'
[0.812s] Level 1:colcon.colcon_core.package_identification:_identify(src) by extensions ['colcon_meta']
[0.812s] Level 1:colcon.colcon_core.package_identification:_identify(src) by extension 'colcon_meta'
[0.812s] Level 1:colcon.colcon_core.package_identification:_identify(src) by extensions ['ros']
[0.812s] Level 1:colcon.colcon_core.package_identification:_identify(src) by extension 'ros'
[0.812s] Level 1:colcon.colcon_core.package_identification:_identify(src) by extensions ['cmake', 'python']
[0.813s] Level 1:colcon.colcon_core.package_identification:_identify(src) by extension 'cmake'
[0.813s] Level 1:colcon.colcon_core.package_identification:_identify(src) by extension 'python'
[0.813s] Level 1:colcon.colcon_core.package_identification:_identify(src) by extensions ['python_setup_py']
[0.813s] Level 1:colcon.colcon_core.package_identification:_identify(src) by extension 'python_setup_py'
[0.813s] Level 1:colcon.colcon_core.package_identification:_identify(src/anymal_description) by extensions ['ignore', 'ignore_ament_install']
[0.813s] Level 1:colcon.colcon_core.package_identification:_identify(src/anymal_description) by extension 'ignore'
[0.813s] Level 1:colcon.colcon_core.package_identification:_identify(src/anymal_description) by extension 'ignore_ament_install'
[0.813s] Level 1:colcon.colcon_core.package_identification:_identify(src/anymal_description) by extensions ['colcon_pkg']
[0.813s] Level 1:colcon.colcon_core.package_identification:_identify(src/anymal_description) by extension 'colcon_pkg'
[0.813s] Level 1:colcon.colcon_core.package_identification:_identify(src/anymal_description) by extensions ['colcon_meta']
[0.813s] Level 1:colcon.colcon_core.package_identification:_identify(src/anymal_description) by extension 'colcon_meta'
[0.813s] Level 1:colcon.colcon_core.package_identification:_identify(src/anymal_description) by extensions ['ros']
[0.813s] Level 1:colcon.colcon_core.package_identification:_identify(src/anymal_description) by extension 'ros'
[0.818s] DEBUG:colcon.colcon_core.package_identification:Package 'src/anymal_description' with type 'ros.ament_cmake' and name 'anymal_description'
[0.818s] Level 1:colcon.colcon_core.package_identification:_identify(src/cyber_robt) by extensions ['ignore', 'ignore_ament_install']
[0.819s] Level 1:colcon.colcon_core.package_identification:_identify(src/cyber_robt) by extension 'ignore'
[0.819s] Level 1:colcon.colcon_core.package_identification:_identify(src/cyber_robt) by extension 'ignore_ament_install'
[0.819s] Level 1:colcon.colcon_core.package_identification:_identify(src/cyber_robt) by extensions ['colcon_pkg']
[0.819s] Level 1:colcon.colcon_core.package_identification:_identify(src/cyber_robt) by extension 'colcon_pkg'
[0.819s] Level 1:colcon.colcon_core.package_identification:_identify(src/cyber_robt) by extensions ['colcon_meta']
[0.819s] Level 1:colcon.colcon_core.package_identification:_identify(src/cyber_robt) by extension 'colcon_meta'
[0.819s] Level 1:colcon.colcon_core.package_identification:_identify(src/cyber_robt) by extensions ['ros']
[0.819s] Level 1:colcon.colcon_core.package_identification:_identify(src/cyber_robt) by extension 'ros'
[0.821s] DEBUG:colcon.colcon_core.package_identification:Package 'src/cyber_robt' with type 'ros.ament_cmake' and name 'cyber_robt'
[0.821s] Level 1:colcon.colcon_core.package_identification:_identify(src/fusion_odom_imu) by extensions ['ignore', 'ignore_ament_install']
[0.821s] Level 1:colcon.colcon_core.package_identification:_identify(src/fusion_odom_imu) by extension 'ignore'
[0.821s] Level 1:colcon.colcon_core.package_identification:_identify(src/fusion_odom_imu) by extension 'ignore_ament_install'
[0.821s] Level 1:colcon.colcon_core.package_identification:_identify(src/fusion_odom_imu) by extensions ['colcon_pkg']
[0.821s] Level 1:colcon.colcon_core.package_identification:_identify(src/fusion_odom_imu) by extension 'colcon_pkg'
[0.821s] Level 1:colcon.colcon_core.package_identification:_identify(src/fusion_odom_imu) by extensions ['colcon_meta']
[0.821s] Level 1:colcon.colcon_core.package_identification:_identify(src/fusion_odom_imu) by extension 'colcon_meta'
[0.821s] Level 1:colcon.colcon_core.package_identification:_identify(src/fusion_odom_imu) by extensions ['ros']
[0.821s] Level 1:colcon.colcon_core.package_identification:_identify(src/fusion_odom_imu) by extension 'ros'
[0.822s] DEBUG:colcon.colcon_core.package_identification:Package 'src/fusion_odom_imu' with type 'ros.ament_cmake' and name 'fusion_odom_imu'
[0.822s] Level 1:colcon.colcon_core.package_identification:_identify(src/navigation) by extensions ['ignore', 'ignore_ament_install']
[0.822s] Level 1:colcon.colcon_core.package_identification:_identify(src/navigation) by extension 'ignore'
[0.822s] Level 1:colcon.colcon_core.package_identification:_identify(src/navigation) by extension 'ignore_ament_install'
[0.823s] Level 1:colcon.colcon_core.package_identification:_identify(src/navigation) by extensions ['colcon_pkg']
[0.823s] Level 1:colcon.colcon_core.package_identification:_identify(src/navigation) by extension 'colcon_pkg'
[0.823s] Level 1:colcon.colcon_core.package_identification:_identify(src/navigation) by extensions ['colcon_meta']
[0.823s] Level 1:colcon.colcon_core.package_identification:_identify(src/navigation) by extension 'colcon_meta'
[0.823s] Level 1:colcon.colcon_core.package_identification:_identify(src/navigation) by extensions ['ros']
[0.823s] Level 1:colcon.colcon_core.package_identification:_identify(src/navigation) by extension 'ros'
[0.824s] DEBUG:colcon.colcon_core.package_identification:Package 'src/navigation' with type 'ros.ament_cmake' and name 'navigation'
[0.824s] Level 1:colcon.colcon_core.package_identification:_identify(src/ros2_control_turtel_bot) by extensions ['ignore', 'ignore_ament_install']
[0.824s] Level 1:colcon.colcon_core.package_identification:_identify(src/ros2_control_turtel_bot) by extension 'ignore'
[0.824s] Level 1:colcon.colcon_core.package_identification:_identify(src/ros2_control_turtel_bot) by extension 'ignore_ament_install'
[0.824s] Level 1:colcon.colcon_core.package_identification:_identify(src/ros2_control_turtel_bot) by extensions ['colcon_pkg']
[0.824s] Level 1:colcon.colcon_core.package_identification:_identify(src/ros2_control_turtel_bot) by extension 'colcon_pkg'
[0.824s] Level 1:colcon.colcon_core.package_identification:_identify(src/ros2_control_turtel_bot) by extensions ['colcon_meta']
[0.824s] Level 1:colcon.colcon_core.package_identification:_identify(src/ros2_control_turtel_bot) by extension 'colcon_meta'
[0.824s] Level 1:colcon.colcon_core.package_identification:_identify(src/ros2_control_turtel_bot) by extensions ['ros']
[0.824s] Level 1:colcon.colcon_core.package_identification:_identify(src/ros2_control_turtel_bot) by extension 'ros'
[0.825s] DEBUG:colcon.colcon_core.package_identification:Package 'src/ros2_control_turtel_bot' with type 'ros.ament_cmake' and name 'ros2_control_turtel_bot'
[0.826s] Level 1:colcon.colcon_core.package_identification:_identify(src/three_wheel_robot) by extensions ['ignore', 'ignore_ament_install']
[0.826s] Level 1:colcon.colcon_core.package_identification:_identify(src/three_wheel_robot) by extension 'ignore'
[0.826s] Level 1:colcon.colcon_core.package_identification:_identify(src/three_wheel_robot) by extension 'ignore_ament_install'
[0.826s] Level 1:colcon.colcon_core.package_identification:_identify(src/three_wheel_robot) by extensions ['colcon_pkg']
[0.826s] Level 1:colcon.colcon_core.package_identification:_identify(src/three_wheel_robot) by extension 'colcon_pkg'
[0.826s] Level 1:colcon.colcon_core.package_identification:_identify(src/three_wheel_robot) by extensions ['colcon_meta']
[0.826s] Level 1:colcon.colcon_core.package_identification:_identify(src/three_wheel_robot) by extension 'colcon_meta'
[0.826s] Level 1:colcon.colcon_core.package_identification:_identify(src/three_wheel_robot) by extensions ['ros']
[0.826s] Level 1:colcon.colcon_core.package_identification:_identify(src/three_wheel_robot) by extension 'ros'
[0.828s] DEBUG:colcon.colcon_core.package_identification:Package 'src/three_wheel_robot' with type 'ros.ament_cmake' and name 'three_wheel_robot'
[0.828s] Level 1:colcon.colcon_core.package_discovery:discover_packages(recursive) using defaults
[0.828s] Level 1:colcon.colcon_core.package_discovery:discover_packages(ignore) discover
[0.828s] Level 1:colcon.colcon_core.package_discovery:discover_packages(ignore) using defaults
[0.828s] Level 1:colcon.colcon_core.package_discovery:discover_packages(path) discover
[0.828s] Level 1:colcon.colcon_core.package_discovery:discover_packages(path) using defaults
[0.865s] Level 1:colcon.colcon_core.package_discovery:discover_packages(prefix_path) check parameters
[0.865s] Level 1:colcon.colcon_core.package_discovery:discover_packages(prefix_path) discover
[0.870s] DEBUG:colcon.colcon_installed_package_information.package_discovery:Found 16 installed packages in /home/ziad/ziad_ws/ROS2/turtlebot3_ws/install
[0.874s] DEBUG:colcon.colcon_installed_package_information.package_discovery:Found 399 installed packages in /opt/ros/humble
[0.877s] Level 1:colcon.colcon_core.package_discovery:discover_packages(prefix_path) using defaults
[1.024s] Level 5:colcon.colcon_core.verb:set package 'anymal_description' build argument 'cmake_args' from command line to 'None'
[1.024s] Level 5:colcon.colcon_core.verb:set package 'anymal_description' build argument 'cmake_target' from command line to 'None'
[1.024s] Level 5:colcon.colcon_core.verb:set package 'anymal_description' build argument 'cmake_target_skip_unavailable' from command line to 'False'
[1.024s] Level 5:colcon.colcon_core.verb:set package 'anymal_description' build argument 'cmake_clean_cache' from command line to 'False'
[1.024s] Level 5:colcon.colcon_core.verb:set package 'anymal_description' build argument 'cmake_clean_first' from command line to 'False'
[1.024s] Level 5:colcon.colcon_core.verb:set package 'anymal_description' build argument 'cmake_force_configure' from command line to 'False'
[1.024s] Level 5:colcon.colcon_core.verb:set package 'anymal_description' build argument 'ament_cmake_args' from command line to 'None'
[1.024s] Level 5:colcon.colcon_core.verb:set package 'anymal_description' build argument 'catkin_cmake_args' from command line to 'None'
[1.024s] Level 5:colcon.colcon_core.verb:set package 'anymal_description' build argument 'catkin_skip_building_tests' from command line to 'False'
[1.024s] DEBUG:colcon.colcon_core.verb:Building package 'anymal_description' with the following arguments: {'ament_cmake_args': None, 'build_base': '/home/ziad/ziad_ws/ROS2/work_space/build/anymal_description', 'catkin_cmake_args': None, 'catkin_skip_building_tests': False, 'cmake_args': None, 'cmake_clean_cache': False, 'cmake_clean_first': False, 'cmake_force_configure': False, 'cmake_target': None, 'cmake_target_skip_unavailable': False, 'install_base': '/home/ziad/ziad_ws/ROS2/work_space/install/anymal_description', 'merge_install': False, 'path': '/home/ziad/ziad_ws/ROS2/work_space/src/anymal_description', 'symlink_install': True, 'test_result_base': None}
[1.024s] Level 5:colcon.colcon_core.verb:set package 'cyber_robt' build argument 'cmake_args' from command line to 'None'
[1.024s] Level 5:colcon.colcon_core.verb:set package 'cyber_robt' build argument 'cmake_target' from command line to 'None'
[1.024s] Level 5:colcon.colcon_core.verb:set package 'cyber_robt' build argument 'cmake_target_skip_unavailable' from command line to 'False'
[1.025s] Level 5:colcon.colcon_core.verb:set package 'cyber_robt' build argument 'cmake_clean_cache' from command line to 'False'
[1.025s] Level 5:colcon.colcon_core.verb:set package 'cyber_robt' build argument 'cmake_clean_first' from command line to 'False'
[1.025s] Level 5:colcon.colcon_core.verb:set package 'cyber_robt' build argument 'cmake_force_configure' from command line to 'False'
[1.025s] Level 5:colcon.colcon_core.verb:set package 'cyber_robt' build argument 'ament_cmake_args' from command line to 'None'
[1.025s] Level 5:colcon.colcon_core.verb:set package 'cyber_robt' build argument 'catkin_cmake_args' from command line to 'None'
[1.025s] Level 5:colcon.colcon_core.verb:set package 'cyber_robt' build argument 'catkin_skip_building_tests' from command line to 'False'
[1.025s] DEBUG:colcon.colcon_core.verb:Building package 'cyber_robt' with the following arguments: {'ament_cmake_args': None, 'build_base': '/home/ziad/ziad_ws/ROS2/work_space/build/cyber_robt', 'catkin_cmake_args': None, 'catkin_skip_building_tests': False, 'cmake_args': None, 'cmake_clean_cache': False, 'cmake_clean_first': False, 'cmake_force_configure': False, 'cmake_target': None, 'cmake_target_skip_unavailable': False, 'install_base': '/home/ziad/ziad_ws/ROS2/work_space/install/cyber_robt', 'merge_install': False, 'path': '/home/ziad/ziad_ws/ROS2/work_space/src/cyber_robt', 'symlink_install': True, 'test_result_base': None}
[1.025s] Level 5:colcon.colcon_core.verb:set package 'fusion_odom_imu' build argument 'cmake_args' from command line to 'None'
[1.025s] Level 5:colcon.colcon_core.verb:set package 'fusion_odom_imu' build argument 'cmake_target' from command line to 'None'
[1.025s] Level 5:colcon.colcon_core.verb:set package 'fusion_odom_imu' build argument 'cmake_target_skip_unavailable' from command line to 'False'
[1.025s] Level 5:colcon.colcon_core.verb:set package 'fusion_odom_imu' build argument 'cmake_clean_cache' from command line to 'False'
[1.025s] Level 5:colcon.colcon_core.verb:set package 'fusion_odom_imu' build argument 'cmake_clean_first' from command line to 'False'
[1.025s] Level 5:colcon.colcon_core.verb:set package 'fusion_odom_imu' build argument 'cmake_force_configure' from command line to 'False'
[1.025s] Level 5:colcon.colcon_core.verb:set package 'fusion_odom_imu' build argument 'ament_cmake_args' from command line to 'None'
[1.025s] Level 5:colcon.colcon_core.verb:set package 'fusion_odom_imu' build argument 'catkin_cmake_args' from command line to 'None'
[1.025s] Level 5:colcon.colcon_core.verb:set package 'fusion_odom_imu' build argument 'catkin_skip_building_tests' from command line to 'False'
[1.026s] DEBUG:colcon.colcon_core.verb:Building package 'fusion_odom_imu' with the following arguments: {'ament_cmake_args': None, 'build_base': '/home/ziad/ziad_ws/ROS2/work_space/build/fusion_odom_imu', 'catkin_cmake_args': None, 'catkin_skip_building_tests': False, 'cmake_args': None, 'cmake_clean_cache': False, 'cmake_clean_first': False, 'cmake_force_configure': False, 'cmake_target': None, 'cmake_target_skip_unavailable': False, 'install_base': '/home/ziad/ziad_ws/ROS2/work_space/install/fusion_odom_imu', 'merge_install': False, 'path': '/home/ziad/ziad_ws/ROS2/work_space/src/fusion_odom_imu', 'symlink_install': True, 'test_result_base': None}
[1.026s] Level 5:colcon.colcon_core.verb:set package 'navigation' build argument 'cmake_args' from command line to 'None'
[1.026s] Level 5:colcon.colcon_core.verb:set package 'navigation' build argument 'cmake_target' from command line to 'None'
[1.026s] Level 5:colcon.colcon_core.verb:set package 'navigation' build argument 'cmake_target_skip_unavailable' from command line to 'False'
[1.026s] Level 5:colcon.colcon_core.verb:set package 'navigation' build argument 'cmake_clean_cache' from command line to 'False'
[1.026s] Level 5:colcon.colcon_core.verb:set package 'navigation' build argument 'cmake_clean_first' from command line to 'False'
[1.026s] Level 5:colcon.colcon_core.verb:set package 'navigation' build argument 'cmake_force_configure' from command line to 'False'
[1.026s] Level 5:colcon.colcon_core.verb:set package 'navigation' build argument 'ament_cmake_args' from command line to 'None'
[1.026s] Level 5:colcon.colcon_core.verb:set package 'navigation' build argument 'catkin_cmake_args' from command line to 'None'
[1.026s] Level 5:colcon.colcon_core.verb:set package 'navigation' build argument 'catkin_skip_building_tests' from command line to 'False'
[1.026s] DEBUG:colcon.colcon_core.verb:Building package 'navigation' with the following arguments: {'ament_cmake_args': None, 'build_base': '/home/ziad/ziad_ws/ROS2/work_space/build/navigation', 'catkin_cmake_args': None, 'catkin_skip_building_tests': False, 'cmake_args': None, 'cmake_clean_cache': False, 'cmake_clean_first': False, 'cmake_force_configure': False, 'cmake_target': None, 'cmake_target_skip_unavailable': False, 'install_base': '/home/ziad/ziad_ws/ROS2/work_space/install/navigation', 'merge_install': False, 'path': '/home/ziad/ziad_ws/ROS2/work_space/src/navigation', 'symlink_install': True, 'test_result_base': None}
[1.027s] Level 5:colcon.colcon_core.verb:set package 'ros2_control_turtel_bot' build argument 'cmake_args' from command line to 'None'
[1.027s] Level 5:colcon.colcon_core.verb:set package 'ros2_control_turtel_bot' build argument 'cmake_target' from command line to 'None'
[1.027s] Level 5:colcon.colcon_core.verb:set package 'ros2_control_turtel_bot' build argument 'cmake_target_skip_unavailable' from command line to 'False'
[1.027s] Level 5:colcon.colcon_core.verb:set package 'ros2_control_turtel_bot' build argument 'cmake_clean_cache' from command line to 'False'
[1.027s] Level 5:colcon.colcon_core.verb:set package 'ros2_control_turtel_bot' build argument 'cmake_clean_first' from command line to 'False'
[1.027s] Level 5:colcon.colcon_core.verb:set package 'ros2_control_turtel_bot' build argument 'cmake_force_configure' from command line to 'False'
[1.027s] Level 5:colcon.colcon_core.verb:set package 'ros2_control_turtel_bot' build argument 'ament_cmake_args' from command line to 'None'
[1.027s] Level 5:colcon.colcon_core.verb:set package 'ros2_control_turtel_bot' build argument 'catkin_cmake_args' from command line to 'None'
[1.027s] Level 5:colcon.colcon_core.verb:set package 'ros2_control_turtel_bot' build argument 'catkin_skip_building_tests' from command line to 'False'
[1.027s] DEBUG:colcon.colcon_core.verb:Building package 'ros2_control_turtel_bot' with the following arguments: {'ament_cmake_args': None, 'build_base': '/home/ziad/ziad_ws/ROS2/work_space/build/ros2_control_turtel_bot', 'catkin_cmake_args': None, 'catkin_skip_building_tests': False, 'cmake_args': None, 'cmake_clean_cache': False, 'cmake_clean_first': False, 'cmake_force_configure': False, 'cmake_target': None, 'cmake_target_skip_unavailable': False, 'install_base': '/home/ziad/ziad_ws/ROS2/work_space/install/ros2_control_turtel_bot', 'merge_install': False, 'path': '/home/ziad/ziad_ws/ROS2/work_space/src/ros2_control_turtel_bot', 'symlink_install': True, 'test_result_base': None}
[1.027s] Level 5:colcon.colcon_core.verb:set package 'three_wheel_robot' build argument 'cmake_args' from command line to 'None'
[1.028s] Level 5:colcon.colcon_core.verb:set package 'three_wheel_robot' build argument 'cmake_target' from command line to 'None'
[1.028s] Level 5:colcon.colcon_core.verb:set package 'three_wheel_robot' build argument 'cmake_target_skip_unavailable' from command line to 'False'
[1.028s] Level 5:colcon.colcon_core.verb:set package 'three_wheel_robot' build argument 'cmake_clean_cache' from command line to 'False'
[1.028s] Level 5:colcon.colcon_core.verb:set package 'three_wheel_robot' build argument 'cmake_clean_first' from command line to 'False'
[1.028s] Level 5:colcon.colcon_core.verb:set package 'three_wheel_robot' build argument 'cmake_force_configure' from command line to 'False'
[1.028s] Level 5:colcon.colcon_core.verb:set package 'three_wheel_robot' build argument 'ament_cmake_args' from command line to 'None'
[1.028s] Level 5:colcon.colcon_core.verb:set package 'three_wheel_robot' build argument 'catkin_cmake_args' from command line to 'None'
[1.028s] Level 5:colcon.colcon_core.verb:set package 'three_wheel_robot' build argument 'catkin_skip_building_tests' from command line to 'False'
[1.028s] DEBUG:colcon.colcon_core.verb:Building package 'three_wheel_robot' with the following arguments: {'ament_cmake_args': None, 'build_base': '/home/ziad/ziad_ws/ROS2/work_space/build/three_wheel_robot', 'catkin_cmake_args': None, 'catkin_skip_building_tests': False, 'cmake_args': None, 'cmake_clean_cache': False, 'cmake_clean_first': False, 'cmake_force_configure': False, 'cmake_target': None, 'cmake_target_skip_unavailable': False, 'install_base': '/home/ziad/ziad_ws/ROS2/work_space/install/three_wheel_robot', 'merge_install': False, 'path': '/home/ziad/ziad_ws/ROS2/work_space/src/three_wheel_robot', 'symlink_install': True, 'test_result_base': None}
[1.028s] INFO:colcon.colcon_core.executor:Executing jobs using 'parallel' executor
[1.029s] DEBUG:colcon.colcon_parallel_executor.executor.parallel:run_until_complete
[1.029s] INFO:colcon.colcon_ros.task.ament_cmake.build:Building ROS package in '/home/ziad/ziad_ws/ROS2/work_space/src/anymal_description' with build type 'ament_cmake'
[1.030s] INFO:colcon.colcon_cmake.task.cmake.build:Building CMake package in '/home/ziad/ziad_ws/ROS2/work_space/src/anymal_description'
[1.035s] INFO:colcon.colcon_core.plugin_system:Skipping extension 'colcon_core.shell.bat': Not used on non-Windows systems
[1.035s] INFO:colcon.colcon_core.shell:Skip shell extension 'powershell' for command environment: Not usable outside of PowerShell
[1.035s] DEBUG:colcon.colcon_core.shell:Skip shell extension 'dsv' for command environment
[1.042s] INFO:colcon.colcon_ros.task.ament_cmake.build:Building ROS package in '/home/ziad/ziad_ws/ROS2/work_space/src/cyber_robt' with build type 'ament_cmake'
[1.043s] INFO:colcon.colcon_cmake.task.cmake.build:Building CMake package in '/home/ziad/ziad_ws/ROS2/work_space/src/cyber_robt'
[1.043s] INFO:colcon.colcon_core.shell:Skip shell extension 'powershell' for command environment: Not usable outside of PowerShell
[1.043s] DEBUG:colcon.colcon_core.shell:Skip shell extension 'dsv' for command environment
[1.050s] INFO:colcon.colcon_ros.task.ament_cmake.build:Building ROS package in '/home/ziad/ziad_ws/ROS2/work_space/src/fusion_odom_imu' with build type 'ament_cmake'
[1.050s] INFO:colcon.colcon_cmake.task.cmake.build:Building CMake package in '/home/ziad/ziad_ws/ROS2/work_space/src/fusion_odom_imu'
[1.050s] INFO:colcon.colcon_core.shell:Skip shell extension 'powershell' for command environment: Not usable outside of PowerShell
[1.050s] DEBUG:colcon.colcon_core.shell:Skip shell extension 'dsv' for command environment
[1.056s] INFO:colcon.colcon_ros.task.ament_cmake.build:Building ROS package in '/home/ziad/ziad_ws/ROS2/work_space/src/navigation' with build type 'ament_cmake'
[1.057s] INFO:colcon.colcon_cmake.task.cmake.build:Building CMake package in '/home/ziad/ziad_ws/ROS2/work_space/src/navigation'
[1.058s] INFO:colcon.colcon_core.shell:Skip shell extension 'powershell' for command environment: Not usable outside of PowerShell
[1.058s] DEBUG:colcon.colcon_core.shell:Skip shell extension 'dsv' for command environment
[1.072s] DEBUG:colcon.colcon_core.event_handler.log_command:Invoking command in '/home/ziad/ziad_ws/ROS2/work_space/build/anymal_description': CMAKE_PREFIX_PATH=${CMAKE_PREFIX_PATH}:/home/ziad/ziad_ws/ROS2/turtlebot3_ws/install/turtlebot3_teleop:/home/ziad/ziad_ws/ROS2/turtlebot3_ws/install/turtlebot3_example:/opt/ros/humble /usr/bin/cmake --build /home/ziad/ziad_ws/ROS2/work_space/build/anymal_description -- -j4 -l4
[1.079s] DEBUG:colcon.colcon_core.event_handler.log_command:Invoking command in '/home/ziad/ziad_ws/ROS2/work_space/build/cyber_robt': CMAKE_PREFIX_PATH=${CMAKE_PREFIX_PATH}:/home/ziad/ziad_ws/ROS2/turtlebot3_ws/install/turtlebot3_teleop:/home/ziad/ziad_ws/ROS2/turtlebot3_ws/install/turtlebot3_example:/opt/ros/humble /usr/bin/cmake --build /home/ziad/ziad_ws/ROS2/work_space/build/cyber_robt -- -j4 -l4
[1.084s] DEBUG:colcon.colcon_core.event_handler.log_command:Invoking command in '/home/ziad/ziad_ws/ROS2/work_space/build/fusion_odom_imu': CMAKE_PREFIX_PATH=${CMAKE_PREFIX_PATH}:/home/ziad/ziad_ws/ROS2/turtlebot3_ws/install/turtlebot3_teleop:/home/ziad/ziad_ws/ROS2/turtlebot3_ws/install/turtlebot3_example:/opt/ros/humble /usr/bin/cmake --build /home/ziad/ziad_ws/ROS2/work_space/build/fusion_odom_imu -- -j4 -l4
[1.100s] DEBUG:colcon.colcon_core.event_handler.log_command:Invoking command in '/home/ziad/ziad_ws/ROS2/work_space/build/navigation': CMAKE_PREFIX_PATH=${CMAKE_PREFIX_PATH}:/home/ziad/ziad_ws/ROS2/turtlebot3_ws/install/turtlebot3_teleop:/home/ziad/ziad_ws/ROS2/turtlebot3_ws/install/turtlebot3_example:/opt/ros/humble /usr/bin/cmake /home/ziad/ziad_ws/ROS2/work_space/src/navigation -DAMENT_CMAKE_SYMLINK_INSTALL=1 -DCMAKE_INSTALL_PREFIX=/home/ziad/ziad_ws/ROS2/work_space/install/navigation
[1.181s] DEBUG:colcon.colcon_core.event_handler.log_command:Invoked command in '/home/ziad/ziad_ws/ROS2/work_space/build/anymal_description' returned '0': CMAKE_PREFIX_PATH=${CMAKE_PREFIX_PATH}:/home/ziad/ziad_ws/ROS2/turtlebot3_ws/install/turtlebot3_teleop:/home/ziad/ziad_ws/ROS2/turtlebot3_ws/install/turtlebot3_example:/opt/ros/humble /usr/bin/cmake --build /home/ziad/ziad_ws/ROS2/work_space/build/anymal_description -- -j4 -l4
[1.197s] DEBUG:colcon.colcon_core.event_handler.log_command:Invoking command in '/home/ziad/ziad_ws/ROS2/work_space/build/anymal_description': CMAKE_PREFIX_PATH=${CMAKE_PREFIX_PATH}:/home/ziad/ziad_ws/ROS2/turtlebot3_ws/install/turtlebot3_teleop:/home/ziad/ziad_ws/ROS2/turtlebot3_ws/install/turtlebot3_example:/opt/ros/humble /usr/bin/cmake --install /home/ziad/ziad_ws/ROS2/work_space/build/anymal_description
[1.200s] DEBUG:colcon.colcon_core.event_handler.log_command:Invoked command in '/home/ziad/ziad_ws/ROS2/work_space/build/fusion_odom_imu' returned '0': CMAKE_PREFIX_PATH=${CMAKE_PREFIX_PATH}:/home/ziad/ziad_ws/ROS2/turtlebot3_ws/install/turtlebot3_teleop:/home/ziad/ziad_ws/ROS2/turtlebot3_ws/install/turtlebot3_example:/opt/ros/humble /usr/bin/cmake --build /home/ziad/ziad_ws/ROS2/work_space/build/fusion_odom_imu -- -j4 -l4
[1.204s] DEBUG:colcon.colcon_core.event_handler.log_command:Invoking command in '/home/ziad/ziad_ws/ROS2/work_space/build/fusion_odom_imu': CMAKE_PREFIX_PATH=${CMAKE_PREFIX_PATH}:/home/ziad/ziad_ws/ROS2/turtlebot3_ws/install/turtlebot3_teleop:/home/ziad/ziad_ws/ROS2/turtlebot3_ws/install/turtlebot3_example:/opt/ros/humble /usr/bin/cmake --install /home/ziad/ziad_ws/ROS2/work_space/build/fusion_odom_imu
[1.208s] DEBUG:colcon.colcon_core.event_handler.log_command:Invoked command in '/home/ziad/ziad_ws/ROS2/work_space/build/cyber_robt' returned '0': CMAKE_PREFIX_PATH=${CMAKE_PREFIX_PATH}:/home/ziad/ziad_ws/ROS2/turtlebot3_ws/install/turtlebot3_teleop:/home/ziad/ziad_ws/ROS2/turtlebot3_ws/install/turtlebot3_example:/opt/ros/humble /usr/bin/cmake --build /home/ziad/ziad_ws/ROS2/work_space/build/cyber_robt -- -j4 -l4
[1.213s] DEBUG:colcon.colcon_core.event_handler.log_command:Invoking command in '/home/ziad/ziad_ws/ROS2/work_space/build/cyber_robt': CMAKE_PREFIX_PATH=${CMAKE_PREFIX_PATH}:/home/ziad/ziad_ws/ROS2/turtlebot3_ws/install/turtlebot3_teleop:/home/ziad/ziad_ws/ROS2/turtlebot3_ws/install/turtlebot3_example:/opt/ros/humble /usr/bin/cmake --install /home/ziad/ziad_ws/ROS2/work_space/build/cyber_robt
[1.292s] Level 1:colcon.colcon_core.environment:create_environment_scripts_only(fusion_odom_imu)
[1.295s] DEBUG:colcon.colcon_core.event_handler.log_command:Invoked command in '/home/ziad/ziad_ws/ROS2/work_space/build/fusion_odom_imu' returned '0': CMAKE_PREFIX_PATH=${CMAKE_PREFIX_PATH}:/home/ziad/ziad_ws/ROS2/turtlebot3_ws/install/turtlebot3_teleop:/home/ziad/ziad_ws/ROS2/turtlebot3_ws/install/turtlebot3_example:/opt/ros/humble /usr/bin/cmake --install /home/ziad/ziad_ws/ROS2/work_space/build/fusion_odom_imu
[1.311s] Level 1:colcon.colcon_core.environment:checking '/home/ziad/ziad_ws/ROS2/work_space/install/fusion_odom_imu' for CMake module files
[1.312s] Level 1:colcon.colcon_core.environment:checking '/home/ziad/ziad_ws/ROS2/work_space/install/fusion_odom_imu' for CMake config files
[1.312s] Level 1:colcon.colcon_core.shell:create_environment_hook('fusion_odom_imu', 'cmake_prefix_path')
[1.313s] INFO:colcon.colcon_core.shell:Creating environment hook '/home/ziad/ziad_ws/ROS2/work_space/install/fusion_odom_imu/share/fusion_odom_imu/hook/cmake_prefix_path.ps1'
[1.315s] INFO:colcon.colcon_core.shell:Creating environment descriptor '/home/ziad/ziad_ws/ROS2/work_space/install/fusion_odom_imu/share/fusion_odom_imu/hook/cmake_prefix_path.dsv'
[1.316s] INFO:colcon.colcon_core.shell:Creating environment hook '/home/ziad/ziad_ws/ROS2/work_space/install/fusion_odom_imu/share/fusion_odom_imu/hook/cmake_prefix_path.sh'
[1.319s] Level 1:colcon.colcon_core.environment:checking '/home/ziad/ziad_ws/ROS2/work_space/install/fusion_odom_imu/bin'
[1.319s] Level 1:colcon.colcon_core.environment:checking '/home/ziad/ziad_ws/ROS2/work_space/install/fusion_odom_imu/lib/pkgconfig/fusion_odom_imu.pc'
[1.320s] Level 1:colcon.colcon_core.environment:checking '/home/ziad/ziad_ws/ROS2/work_space/install/fusion_odom_imu/lib/python3.10/site-packages'
[1.320s] Level 1:colcon.colcon_core.environment:checking '/home/ziad/ziad_ws/ROS2/work_space/install/fusion_odom_imu/bin'
[1.321s] INFO:colcon.colcon_core.shell:Creating package script '/home/ziad/ziad_ws/ROS2/work_space/install/fusion_odom_imu/share/fusion_odom_imu/package.ps1'
[1.323s] INFO:colcon.colcon_core.shell:Creating package descriptor '/home/ziad/ziad_ws/ROS2/work_space/install/fusion_odom_imu/share/fusion_odom_imu/package.dsv'
[1.325s] INFO:colcon.colcon_core.shell:Creating package script '/home/ziad/ziad_ws/ROS2/work_space/install/fusion_odom_imu/share/fusion_odom_imu/package.sh'
[1.327s] INFO:colcon.colcon_core.shell:Creating package script '/home/ziad/ziad_ws/ROS2/work_space/install/fusion_odom_imu/share/fusion_odom_imu/package.bash'
[1.329s] INFO:colcon.colcon_core.shell:Creating package script '/home/ziad/ziad_ws/ROS2/work_space/install/fusion_odom_imu/share/fusion_odom_imu/package.zsh'
[1.331s] Level 1:colcon.colcon_core.environment:create_file_with_runtime_dependencies(/home/ziad/ziad_ws/ROS2/work_space/install/fusion_odom_imu/share/colcon-core/packages/fusion_odom_imu)
[1.333s] Level 1:colcon.colcon_core.environment:create_environment_scripts_only(fusion_odom_imu)
[1.334s] Level 1:colcon.colcon_core.environment:checking '/home/ziad/ziad_ws/ROS2/work_space/install/fusion_odom_imu' for CMake module files
[1.335s] Level 1:colcon.colcon_core.environment:checking '/home/ziad/ziad_ws/ROS2/work_space/install/fusion_odom_imu' for CMake config files
[1.336s] Level 1:colcon.colcon_core.shell:create_environment_hook('fusion_odom_imu', 'cmake_prefix_path')
[1.336s] INFO:colcon.colcon_core.shell:Creating environment hook '/home/ziad/ziad_ws/ROS2/work_space/install/fusion_odom_imu/share/fusion_odom_imu/hook/cmake_prefix_path.ps1'
[1.337s] INFO:colcon.colcon_core.shell:Creating environment descriptor '/home/ziad/ziad_ws/ROS2/work_space/install/fusion_odom_imu/share/fusion_odom_imu/hook/cmake_prefix_path.dsv'
[1.342s] INFO:colcon.colcon_core.shell:Creating environment hook '/home/ziad/ziad_ws/ROS2/work_space/install/fusion_odom_imu/share/fusion_odom_imu/hook/cmake_prefix_path.sh'
[1.350s] Level 1:colcon.colcon_core.environment:checking '/home/ziad/ziad_ws/ROS2/work_space/install/fusion_odom_imu/bin'
[1.350s] Level 1:colcon.colcon_core.environment:checking '/home/ziad/ziad_ws/ROS2/work_space/install/fusion_odom_imu/lib/pkgconfig/fusion_odom_imu.pc'
[1.351s] Level 1:colcon.colcon_core.environment:checking '/home/ziad/ziad_ws/ROS2/work_space/install/fusion_odom_imu/lib/python3.10/site-packages'
[1.354s] Level 1:colcon.colcon_core.environment:checking '/home/ziad/ziad_ws/ROS2/work_space/install/fusion_odom_imu/bin'
[1.355s] INFO:colcon.colcon_core.shell:Creating package script '/home/ziad/ziad_ws/ROS2/work_space/install/fusion_odom_imu/share/fusion_odom_imu/package.ps1'
[1.362s] INFO:colcon.colcon_core.shell:Creating package descriptor '/home/ziad/ziad_ws/ROS2/work_space/install/fusion_odom_imu/share/fusion_odom_imu/package.dsv'
[1.374s] INFO:colcon.colcon_core.shell:Creating package script '/home/ziad/ziad_ws/ROS2/work_space/install/fusion_odom_imu/share/fusion_odom_imu/package.sh'
[1.375s] INFO:colcon.colcon_core.shell:Creating package script '/home/ziad/ziad_ws/ROS2/work_space/install/fusion_odom_imu/share/fusion_odom_imu/package.bash'
[1.375s] INFO:colcon.colcon_core.shell:Creating package script '/home/ziad/ziad_ws/ROS2/work_space/install/fusion_odom_imu/share/fusion_odom_imu/package.zsh'
[1.384s] Level 1:colcon.colcon_core.environment:create_file_with_runtime_dependencies(/home/ziad/ziad_ws/ROS2/work_space/install/fusion_odom_imu/share/colcon-core/packages/fusion_odom_imu)
[1.385s] INFO:colcon.colcon_ros.task.ament_cmake.build:Building ROS package in '/home/ziad/ziad_ws/ROS2/work_space/src/ros2_control_turtel_bot' with build type 'ament_cmake'
[1.385s] INFO:colcon.colcon_cmake.task.cmake.build:Building CMake package in '/home/ziad/ziad_ws/ROS2/work_space/src/ros2_control_turtel_bot'
[1.385s] INFO:colcon.colcon_core.shell:Skip shell extension 'powershell' for command environment: Not usable outside of PowerShell
[1.385s] DEBUG:colcon.colcon_core.shell:Skip shell extension 'dsv' for command environment
[1.395s] Level 1:colcon.colcon_core.environment:create_environment_scripts_only(cyber_robt)
[1.395s] Level 1:colcon.colcon_core.environment:checking '/home/ziad/ziad_ws/ROS2/work_space/install/cyber_robt' for CMake module files
[1.396s] Level 1:colcon.colcon_core.environment:checking '/home/ziad/ziad_ws/ROS2/work_space/install/cyber_robt' for CMake config files
[1.398s] DEBUG:colcon.colcon_core.event_handler.log_command:Invoked command in '/home/ziad/ziad_ws/ROS2/work_space/build/cyber_robt' returned '0': CMAKE_PREFIX_PATH=${CMAKE_PREFIX_PATH}:/home/ziad/ziad_ws/ROS2/turtlebot3_ws/install/turtlebot3_teleop:/home/ziad/ziad_ws/ROS2/turtlebot3_ws/install/turtlebot3_example:/opt/ros/humble /usr/bin/cmake --install /home/ziad/ziad_ws/ROS2/work_space/build/cyber_robt
[1.399s] Level 1:colcon.colcon_core.shell:create_environment_hook('cyber_robt', 'cmake_prefix_path')
[1.399s] INFO:colcon.colcon_core.shell:Creating environment hook '/home/ziad/ziad_ws/ROS2/work_space/install/cyber_robt/share/cyber_robt/hook/cmake_prefix_path.ps1'
[1.401s] INFO:colcon.colcon_core.shell:Creating environment descriptor '/home/ziad/ziad_ws/ROS2/work_space/install/cyber_robt/share/cyber_robt/hook/cmake_prefix_path.dsv'
[1.402s] INFO:colcon.colcon_core.shell:Creating environment hook '/home/ziad/ziad_ws/ROS2/work_space/install/cyber_robt/share/cyber_robt/hook/cmake_prefix_path.sh'
[1.404s] Level 1:colcon.colcon_core.environment:checking '/home/ziad/ziad_ws/ROS2/work_space/install/cyber_robt/bin'
[1.404s] Level 1:colcon.colcon_core.environment:checking '/home/ziad/ziad_ws/ROS2/work_space/install/cyber_robt/lib/pkgconfig/cyber_robt.pc'
[1.405s] Level 1:colcon.colcon_core.environment:checking '/home/ziad/ziad_ws/ROS2/work_space/install/cyber_robt/lib/python3.10/site-packages'
[1.405s] Level 1:colcon.colcon_core.environment:checking '/home/ziad/ziad_ws/ROS2/work_space/install/cyber_robt/bin'
[1.406s] INFO:colcon.colcon_core.shell:Creating package script '/home/ziad/ziad_ws/ROS2/work_space/install/cyber_robt/share/cyber_robt/package.ps1'
[1.406s] INFO:colcon.colcon_core.shell:Creating package descriptor '/home/ziad/ziad_ws/ROS2/work_space/install/cyber_robt/share/cyber_robt/package.dsv'
[1.407s] INFO:colcon.colcon_core.shell:Creating package script '/home/ziad/ziad_ws/ROS2/work_space/install/cyber_robt/share/cyber_robt/package.sh'
[1.408s] INFO:colcon.colcon_core.shell:Creating package script '/home/ziad/ziad_ws/ROS2/work_space/install/cyber_robt/share/cyber_robt/package.bash'
[1.410s] INFO:colcon.colcon_core.shell:Creating package script '/home/ziad/ziad_ws/ROS2/work_space/install/cyber_robt/share/cyber_robt/package.zsh'
[1.413s] Level 1:colcon.colcon_core.environment:create_file_with_runtime_dependencies(/home/ziad/ziad_ws/ROS2/work_space/install/cyber_robt/share/colcon-core/packages/cyber_robt)
[1.420s] Level 1:colcon.colcon_core.environment:create_environment_scripts_only(cyber_robt)
[1.421s] Level 1:colcon.colcon_core.environment:checking '/home/ziad/ziad_ws/ROS2/work_space/install/cyber_robt' for CMake module files
[1.426s] Level 1:colcon.colcon_core.environment:checking '/home/ziad/ziad_ws/ROS2/work_space/install/cyber_robt' for CMake config files
[1.429s] Level 1:colcon.colcon_core.shell:create_environment_hook('cyber_robt', 'cmake_prefix_path')
[1.431s] INFO:colcon.colcon_core.shell:Creating environment hook '/home/ziad/ziad_ws/ROS2/work_space/install/cyber_robt/share/cyber_robt/hook/cmake_prefix_path.ps1'
[1.432s] INFO:colcon.colcon_core.shell:Creating environment descriptor '/home/ziad/ziad_ws/ROS2/work_space/install/cyber_robt/share/cyber_robt/hook/cmake_prefix_path.dsv'
[1.433s] INFO:colcon.colcon_core.shell:Creating environment hook '/home/ziad/ziad_ws/ROS2/work_space/install/cyber_robt/share/cyber_robt/hook/cmake_prefix_path.sh'
[1.435s] Level 1:colcon.colcon_core.environment:checking '/home/ziad/ziad_ws/ROS2/work_space/install/cyber_robt/bin'
[1.435s] Level 1:colcon.colcon_core.environment:checking '/home/ziad/ziad_ws/ROS2/work_space/install/cyber_robt/lib/pkgconfig/cyber_robt.pc'
[1.436s] Level 1:colcon.colcon_core.environment:checking '/home/ziad/ziad_ws/ROS2/work_space/install/cyber_robt/lib/python3.10/site-packages'
[1.436s] Level 1:colcon.colcon_core.environment:checking '/home/ziad/ziad_ws/ROS2/work_space/install/cyber_robt/bin'
[1.447s] INFO:colcon.colcon_core.shell:Creating package script '/home/ziad/ziad_ws/ROS2/work_space/install/cyber_robt/share/cyber_robt/package.ps1'
[1.448s] INFO:colcon.colcon_core.shell:Creating package descriptor '/home/ziad/ziad_ws/ROS2/work_space/install/cyber_robt/share/cyber_robt/package.dsv'
[1.454s] INFO:colcon.colcon_core.shell:Creating package script '/home/ziad/ziad_ws/ROS2/work_space/install/cyber_robt/share/cyber_robt/package.sh'
[1.456s] INFO:colcon.colcon_core.shell:Creating package script '/home/ziad/ziad_ws/ROS2/work_space/install/cyber_robt/share/cyber_robt/package.bash'
[1.458s] INFO:colcon.colcon_core.shell:Creating package script '/home/ziad/ziad_ws/ROS2/work_space/install/cyber_robt/share/cyber_robt/package.zsh'
[1.460s] Level 1:colcon.colcon_core.environment:create_file_with_runtime_dependencies(/home/ziad/ziad_ws/ROS2/work_space/install/cyber_robt/share/colcon-core/packages/cyber_robt)
[1.461s] INFO:colcon.colcon_ros.task.ament_cmake.build:Building ROS package in '/home/ziad/ziad_ws/ROS2/work_space/src/three_wheel_robot' with build type 'ament_cmake'
[1.461s] INFO:colcon.colcon_cmake.task.cmake.build:Building CMake package in '/home/ziad/ziad_ws/ROS2/work_space/src/three_wheel_robot'
[1.462s] INFO:colcon.colcon_core.shell:Skip shell extension 'powershell' for command environment: Not usable outside of PowerShell
[1.463s] DEBUG:colcon.colcon_core.shell:Skip shell extension 'dsv' for command environment
[1.483s] Level 1:colcon.colcon_core.environment:create_environment_scripts_only(anymal_description)
[1.484s] Level 1:colcon.colcon_core.environment:checking '/home/ziad/ziad_ws/ROS2/work_space/install/anymal_description' for CMake module files
[1.485s] Level 1:colcon.colcon_core.environment:checking '/home/ziad/ziad_ws/ROS2/work_space/install/anymal_description' for CMake config files
[1.485s] Level 1:colcon.colcon_core.shell:create_environment_hook('anymal_description', 'cmake_prefix_path')
[1.487s] INFO:colcon.colcon_core.shell:Creating environment hook '/home/ziad/ziad_ws/ROS2/work_space/install/anymal_description/share/anymal_description/hook/cmake_prefix_path.ps1'
[1.489s] INFO:colcon.colcon_core.shell:Creating environment descriptor '/home/ziad/ziad_ws/ROS2/work_space/install/anymal_description/share/anymal_description/hook/cmake_prefix_path.dsv'
[1.494s] DEBUG:colcon.colcon_core.event_handler.log_command:Invoked command in '/home/ziad/ziad_ws/ROS2/work_space/build/anymal_description' returned '0': CMAKE_PREFIX_PATH=${CMAKE_PREFIX_PATH}:/home/ziad/ziad_ws/ROS2/turtlebot3_ws/install/turtlebot3_teleop:/home/ziad/ziad_ws/ROS2/turtlebot3_ws/install/turtlebot3_example:/opt/ros/humble /usr/bin/cmake --install /home/ziad/ziad_ws/ROS2/work_space/build/anymal_description
[1.495s] INFO:colcon.colcon_core.shell:Creating environment hook '/home/ziad/ziad_ws/ROS2/work_space/install/anymal_description/share/anymal_description/hook/cmake_prefix_path.sh'
[1.500s] Level 1:colcon.colcon_core.environment:checking '/home/ziad/ziad_ws/ROS2/work_space/install/anymal_description/bin'
[1.501s] Level 1:colcon.colcon_core.environment:checking '/home/ziad/ziad_ws/ROS2/work_space/install/anymal_description/lib/pkgconfig/anymal_description.pc'
[1.517s] Level 1:colcon.colcon_core.environment:checking '/home/ziad/ziad_ws/ROS2/work_space/install/anymal_description/lib/python3.10/site-packages'
[1.517s] Level 1:colcon.colcon_core.environment:checking '/home/ziad/ziad_ws/ROS2/work_space/install/anymal_description/bin'
[1.524s] INFO:colcon.colcon_core.shell:Creating package script '/home/ziad/ziad_ws/ROS2/work_space/install/anymal_description/share/anymal_description/package.ps1'
[1.528s] INFO:colcon.colcon_core.shell:Creating package descriptor '/home/ziad/ziad_ws/ROS2/work_space/install/anymal_description/share/anymal_description/package.dsv'
[1.529s] INFO:colcon.colcon_core.shell:Creating package script '/home/ziad/ziad_ws/ROS2/work_space/install/anymal_description/share/anymal_description/package.sh'
[1.531s] INFO:colcon.colcon_core.shell:Creating package script '/home/ziad/ziad_ws/ROS2/work_space/install/anymal_description/share/anymal_description/package.bash'
[1.532s] INFO:colcon.colcon_core.shell:Creating package script '/home/ziad/ziad_ws/ROS2/work_space/install/anymal_description/share/anymal_description/package.zsh'
[1.538s] Level 1:colcon.colcon_core.environment:create_file_with_runtime_dependencies(/home/ziad/ziad_ws/ROS2/work_space/install/anymal_description/share/colcon-core/packages/anymal_description)
[1.558s] Level 1:colcon.colcon_core.environment:create_environment_scripts_only(anymal_description)
[1.560s] Level 1:colcon.colcon_core.environment:checking '/home/ziad/ziad_ws/ROS2/work_space/install/anymal_description' for CMake module files
[1.561s] Level 1:colcon.colcon_core.environment:checking '/home/ziad/ziad_ws/ROS2/work_space/install/anymal_description' for CMake config files
[1.570s] Level 1:colcon.colcon_core.shell:create_environment_hook('anymal_description', 'cmake_prefix_path')
[1.571s] INFO:colcon.colcon_core.shell:Creating environment hook '/home/ziad/ziad_ws/ROS2/work_space/install/anymal_description/share/anymal_description/hook/cmake_prefix_path.ps1'
[1.572s] INFO:colcon.colcon_core.shell:Creating environment descriptor '/home/ziad/ziad_ws/ROS2/work_space/install/anymal_description/share/anymal_description/hook/cmake_prefix_path.dsv'
[1.573s] INFO:colcon.colcon_core.shell:Creating environment hook '/home/ziad/ziad_ws/ROS2/work_space/install/anymal_description/share/anymal_description/hook/cmake_prefix_path.sh'
[1.575s] Level 1:colcon.colcon_core.environment:checking '/home/ziad/ziad_ws/ROS2/work_space/install/anymal_description/bin'
[1.575s] Level 1:colcon.colcon_core.environment:checking '/home/ziad/ziad_ws/ROS2/work_space/install/anymal_description/lib/pkgconfig/anymal_description.pc'
[1.579s] Level 1:colcon.colcon_core.environment:checking '/home/ziad/ziad_ws/ROS2/work_space/install/anymal_description/lib/python3.10/site-packages'
[1.583s] Level 1:colcon.colcon_core.environment:checking '/home/ziad/ziad_ws/ROS2/work_space/install/anymal_description/bin'
[1.589s] INFO:colcon.colcon_core.shell:Creating package script '/home/ziad/ziad_ws/ROS2/work_space/install/anymal_description/share/anymal_description/package.ps1'
[1.595s] INFO:colcon.colcon_core.shell:Creating package descriptor '/home/ziad/ziad_ws/ROS2/work_space/install/anymal_description/share/anymal_description/package.dsv'
[1.603s] INFO:colcon.colcon_core.shell:Creating package script '/home/ziad/ziad_ws/ROS2/work_space/install/anymal_description/share/anymal_description/package.sh'
[1.610s] INFO:colcon.colcon_core.shell:Creating package script '/home/ziad/ziad_ws/ROS2/work_space/install/anymal_description/share/anymal_description/package.bash'
[1.611s] INFO:colcon.colcon_core.shell:Creating package script '/home/ziad/ziad_ws/ROS2/work_space/install/anymal_description/share/anymal_description/package.zsh'
[1.616s] Level 1:colcon.colcon_core.environment:create_file_with_runtime_dependencies(/home/ziad/ziad_ws/ROS2/work_space/install/anymal_description/share/colcon-core/packages/anymal_description)
[1.710s] DEBUG:colcon.colcon_core.event_handler.log_command:Invoking command in '/home/ziad/ziad_ws/ROS2/work_space/build/ros2_control_turtel_bot': CMAKE_PREFIX_PATH=${CMAKE_PREFIX_PATH}:/home/ziad/ziad_ws/ROS2/turtlebot3_ws/install/turtlebot3_teleop:/home/ziad/ziad_ws/ROS2/turtlebot3_ws/install/turtlebot3_example:/opt/ros/humble /usr/bin/cmake --build /home/ziad/ziad_ws/ROS2/work_space/build/ros2_control_turtel_bot -- -j4 -l4
[1.716s] DEBUG:colcon.colcon_core.event_handler.log_command:Invoking command in '/home/ziad/ziad_ws/ROS2/work_space/build/three_wheel_robot': CMAKE_PREFIX_PATH=${CMAKE_PREFIX_PATH}:/home/ziad/ziad_ws/ROS2/turtlebot3_ws/install/turtlebot3_teleop:/home/ziad/ziad_ws/ROS2/turtlebot3_ws/install/turtlebot3_example:/opt/ros/humble /usr/bin/cmake --build /home/ziad/ziad_ws/ROS2/work_space/build/three_wheel_robot -- -j4 -l4
[2.050s] DEBUG:colcon.colcon_core.event_handler.log_command:Invoked command in '/home/ziad/ziad_ws/ROS2/work_space/build/three_wheel_robot' returned '0': CMAKE_PREFIX_PATH=${CMAKE_PREFIX_PATH}:/home/ziad/ziad_ws/ROS2/turtlebot3_ws/install/turtlebot3_teleop:/home/ziad/ziad_ws/ROS2/turtlebot3_ws/install/turtlebot3_example:/opt/ros/humble /usr/bin/cmake --build /home/ziad/ziad_ws/ROS2/work_space/build/three_wheel_robot -- -j4 -l4
[2.062s] DEBUG:colcon.colcon_core.event_handler.log_command:Invoking command in '/home/ziad/ziad_ws/ROS2/work_space/build/three_wheel_robot': CMAKE_PREFIX_PATH=${CMAKE_PREFIX_PATH}:/home/ziad/ziad_ws/ROS2/turtlebot3_ws/install/turtlebot3_teleop:/home/ziad/ziad_ws/ROS2/turtlebot3_ws/install/turtlebot3_example:/opt/ros/humble /usr/bin/cmake --install /home/ziad/ziad_ws/ROS2/work_space/build/three_wheel_robot
[2.206s] Level 1:colcon.colcon_core.environment:create_environment_scripts_only(three_wheel_robot)
[2.210s] Level 1:colcon.colcon_core.environment:checking '/home/ziad/ziad_ws/ROS2/work_space/install/three_wheel_robot' for CMake module files
[2.211s] DEBUG:colcon.colcon_core.event_handler.log_command:Invoked command in '/home/ziad/ziad_ws/ROS2/work_space/build/three_wheel_robot' returned '0': CMAKE_PREFIX_PATH=${CMAKE_PREFIX_PATH}:/home/ziad/ziad_ws/ROS2/turtlebot3_ws/install/turtlebot3_teleop:/home/ziad/ziad_ws/ROS2/turtlebot3_ws/install/turtlebot3_example:/opt/ros/humble /usr/bin/cmake --install /home/ziad/ziad_ws/ROS2/work_space/build/three_wheel_robot
[2.218s] Level 1:colcon.colcon_core.environment:checking '/home/ziad/ziad_ws/ROS2/work_space/install/three_wheel_robot' for CMake config files
[2.218s] Level 1:colcon.colcon_core.shell:create_environment_hook('three_wheel_robot', 'cmake_prefix_path')
[2.219s] INFO:colcon.colcon_core.shell:Creating environment hook '/home/ziad/ziad_ws/ROS2/work_space/install/three_wheel_robot/share/three_wheel_robot/hook/cmake_prefix_path.ps1'
[2.220s] INFO:colcon.colcon_core.shell:Creating environment descriptor '/home/ziad/ziad_ws/ROS2/work_space/install/three_wheel_robot/share/three_wheel_robot/hook/cmake_prefix_path.dsv'
[2.222s] INFO:colcon.colcon_core.shell:Creating environment hook '/home/ziad/ziad_ws/ROS2/work_space/install/three_wheel_robot/share/three_wheel_robot/hook/cmake_prefix_path.sh'
[2.228s] Level 1:colcon.colcon_core.environment:checking '/home/ziad/ziad_ws/ROS2/work_space/install/three_wheel_robot/bin'
[2.230s] Level 1:colcon.colcon_core.environment:checking '/home/ziad/ziad_ws/ROS2/work_space/install/three_wheel_robot/lib/pkgconfig/three_wheel_robot.pc'
[2.232s] Level 1:colcon.colcon_core.environment:checking '/home/ziad/ziad_ws/ROS2/work_space/install/three_wheel_robot/lib/python3.10/site-packages'
[2.233s] Level 1:colcon.colcon_core.environment:checking '/home/ziad/ziad_ws/ROS2/work_space/install/three_wheel_robot/bin'
[2.234s] INFO:colcon.colcon_core.shell:Creating package script '/home/ziad/ziad_ws/ROS2/work_space/install/three_wheel_robot/share/three_wheel_robot/package.ps1'
[2.236s] INFO:colcon.colcon_core.shell:Creating package descriptor '/home/ziad/ziad_ws/ROS2/work_space/install/three_wheel_robot/share/three_wheel_robot/package.dsv'
[2.238s] INFO:colcon.colcon_core.shell:Creating package script '/home/ziad/ziad_ws/ROS2/work_space/install/three_wheel_robot/share/three_wheel_robot/package.sh'
[2.240s] INFO:colcon.colcon_core.shell:Creating package script '/home/ziad/ziad_ws/ROS2/work_space/install/three_wheel_robot/share/three_wheel_robot/package.bash'
[2.241s] INFO:colcon.colcon_core.shell:Creating package script '/home/ziad/ziad_ws/ROS2/work_space/install/three_wheel_robot/share/three_wheel_robot/package.zsh'
[2.249s] Level 1:colcon.colcon_core.environment:create_file_with_runtime_dependencies(/home/ziad/ziad_ws/ROS2/work_space/install/three_wheel_robot/share/colcon-core/packages/three_wheel_robot)
[2.259s] Level 1:colcon.colcon_core.environment:create_environment_scripts_only(three_wheel_robot)
[2.259s] Level 1:colcon.colcon_core.environment:checking '/home/ziad/ziad_ws/ROS2/work_space/install/three_wheel_robot' for CMake module files
[2.263s] Level 1:colcon.colcon_core.environment:checking '/home/ziad/ziad_ws/ROS2/work_space/install/three_wheel_robot' for CMake config files
[2.265s] Level 1:colcon.colcon_core.shell:create_environment_hook('three_wheel_robot', 'cmake_prefix_path')
[2.269s] INFO:colcon.colcon_core.shell:Creating environment hook '/home/ziad/ziad_ws/ROS2/work_space/install/three_wheel_robot/share/three_wheel_robot/hook/cmake_prefix_path.ps1'
[2.273s] INFO:colcon.colcon_core.shell:Creating environment descriptor '/home/ziad/ziad_ws/ROS2/work_space/install/three_wheel_robot/share/three_wheel_robot/hook/cmake_prefix_path.dsv'
[2.274s] INFO:colcon.colcon_core.shell:Creating environment hook '/home/ziad/ziad_ws/ROS2/work_space/install/three_wheel_robot/share/three_wheel_robot/hook/cmake_prefix_path.sh'
[2.288s] Level 1:colcon.colcon_core.environment:checking '/home/ziad/ziad_ws/ROS2/work_space/install/three_wheel_robot/bin'
[2.288s] Level 1:colcon.colcon_core.environment:checking '/home/ziad/ziad_ws/ROS2/work_space/install/three_wheel_robot/lib/pkgconfig/three_wheel_robot.pc'
[2.292s] Level 1:colcon.colcon_core.environment:checking '/home/ziad/ziad_ws/ROS2/work_space/install/three_wheel_robot/lib/python3.10/site-packages'
[2.298s] Level 1:colcon.colcon_core.environment:checking '/home/ziad/ziad_ws/ROS2/work_space/install/three_wheel_robot/bin'
[2.315s] INFO:colcon.colcon_core.shell:Creating package script '/home/ziad/ziad_ws/ROS2/work_space/install/three_wheel_robot/share/three_wheel_robot/package.ps1'
[2.324s] INFO:colcon.colcon_core.shell:Creating package descriptor '/home/ziad/ziad_ws/ROS2/work_space/install/three_wheel_robot/share/three_wheel_robot/package.dsv'
[2.326s] INFO:colcon.colcon_core.shell:Creating package script '/home/ziad/ziad_ws/ROS2/work_space/install/three_wheel_robot/share/three_wheel_robot/package.sh'
[2.327s] INFO:colcon.colcon_core.shell:Creating package script '/home/ziad/ziad_ws/ROS2/work_space/install/three_wheel_robot/share/three_wheel_robot/package.bash'
[2.328s] INFO:colcon.colcon_core.shell:Creating package script '/home/ziad/ziad_ws/ROS2/work_space/install/three_wheel_robot/share/three_wheel_robot/package.zsh'
[2.329s] Level 1:colcon.colcon_core.environment:create_file_with_runtime_dependencies(/home/ziad/ziad_ws/ROS2/work_space/install/three_wheel_robot/share/colcon-core/packages/three_wheel_robot)
[2.333s] DEBUG:colcon.colcon_core.event_handler.log_command:Invoked command in '/home/ziad/ziad_ws/ROS2/work_space/build/ros2_control_turtel_bot' returned '0': CMAKE_PREFIX_PATH=${CMAKE_PREFIX_PATH}:/home/ziad/ziad_ws/ROS2/turtlebot3_ws/install/turtlebot3_teleop:/home/ziad/ziad_ws/ROS2/turtlebot3_ws/install/turtlebot3_example:/opt/ros/humble /usr/bin/cmake --build /home/ziad/ziad_ws/ROS2/work_space/build/ros2_control_turtel_bot -- -j4 -l4
[2.336s] DEBUG:colcon.colcon_core.event_handler.log_command:Invoking command in '/home/ziad/ziad_ws/ROS2/work_space/build/ros2_control_turtel_bot': CMAKE_PREFIX_PATH=${CMAKE_PREFIX_PATH}:/home/ziad/ziad_ws/ROS2/turtlebot3_ws/install/turtlebot3_teleop:/home/ziad/ziad_ws/ROS2/turtlebot3_ws/install/turtlebot3_example:/opt/ros/humble /usr/bin/cmake --install /home/ziad/ziad_ws/ROS2/work_space/build/ros2_control_turtel_bot
[3.178s] Level 1:colcon.colcon_core.environment:create_environment_scripts_only(ros2_control_turtel_bot)
[3.179s] Level 1:colcon.colcon_core.environment:checking '/home/ziad/ziad_ws/ROS2/work_space/install/ros2_control_turtel_bot' for CMake module files
[3.184s] Level 1:colcon.colcon_core.environment:checking '/home/ziad/ziad_ws/ROS2/work_space/install/ros2_control_turtel_bot' for CMake config files
[3.185s] DEBUG:colcon.colcon_core.event_handler.log_command:Invoked command in '/home/ziad/ziad_ws/ROS2/work_space/build/ros2_control_turtel_bot' returned '0': CMAKE_PREFIX_PATH=${CMAKE_PREFIX_PATH}:/home/ziad/ziad_ws/ROS2/turtlebot3_ws/install/turtlebot3_teleop:/home/ziad/ziad_ws/ROS2/turtlebot3_ws/install/turtlebot3_example:/opt/ros/humble /usr/bin/cmake --install /home/ziad/ziad_ws/ROS2/work_space/build/ros2_control_turtel_bot
[3.188s] Level 1:colcon.colcon_core.shell:create_environment_hook('ros2_control_turtel_bot', 'cmake_prefix_path')
[3.190s] INFO:colcon.colcon_core.shell:Creating environment hook '/home/ziad/ziad_ws/ROS2/work_space/install/ros2_control_turtel_bot/share/ros2_control_turtel_bot/hook/cmake_prefix_path.ps1'
[3.192s] INFO:colcon.colcon_core.shell:Creating environment descriptor '/home/ziad/ziad_ws/ROS2/work_space/install/ros2_control_turtel_bot/share/ros2_control_turtel_bot/hook/cmake_prefix_path.dsv'
[3.194s] INFO:colcon.colcon_core.shell:Creating environment hook '/home/ziad/ziad_ws/ROS2/work_space/install/ros2_control_turtel_bot/share/ros2_control_turtel_bot/hook/cmake_prefix_path.sh'
[3.195s] Level 1:colcon.colcon_core.environment:checking '/home/ziad/ziad_ws/ROS2/work_space/install/ros2_control_turtel_bot/lib'
[3.195s] Level 1:colcon.colcon_core.environment:checking '/home/ziad/ziad_ws/ROS2/work_space/install/ros2_control_turtel_bot/bin'
[3.195s] Level 1:colcon.colcon_core.environment:checking '/home/ziad/ziad_ws/ROS2/work_space/install/ros2_control_turtel_bot/lib/pkgconfig/ros2_control_turtel_bot.pc'
[3.196s] Level 1:colcon.colcon_core.environment:checking '/home/ziad/ziad_ws/ROS2/work_space/install/ros2_control_turtel_bot/lib/python3.10/site-packages'
[3.196s] Level 1:colcon.colcon_core.environment:checking '/home/ziad/ziad_ws/ROS2/work_space/install/ros2_control_turtel_bot/bin'
[3.196s] INFO:colcon.colcon_core.shell:Creating package script '/home/ziad/ziad_ws/ROS2/work_space/install/ros2_control_turtel_bot/share/ros2_control_turtel_bot/package.ps1'
[3.197s] INFO:colcon.colcon_core.shell:Creating package descriptor '/home/ziad/ziad_ws/ROS2/work_space/install/ros2_control_turtel_bot/share/ros2_control_turtel_bot/package.dsv'
[3.198s] INFO:colcon.colcon_core.shell:Creating package script '/home/ziad/ziad_ws/ROS2/work_space/install/ros2_control_turtel_bot/share/ros2_control_turtel_bot/package.sh'
[3.199s] INFO:colcon.colcon_core.shell:Creating package script '/home/ziad/ziad_ws/ROS2/work_space/install/ros2_control_turtel_bot/share/ros2_control_turtel_bot/package.bash'
[3.202s] INFO:colcon.colcon_core.shell:Creating package script '/home/ziad/ziad_ws/ROS2/work_space/install/ros2_control_turtel_bot/share/ros2_control_turtel_bot/package.zsh'
[3.212s] Level 1:colcon.colcon_core.environment:create_file_with_runtime_dependencies(/home/ziad/ziad_ws/ROS2/work_space/install/ros2_control_turtel_bot/share/colcon-core/packages/ros2_control_turtel_bot)
[3.216s] Level 1:colcon.colcon_core.environment:create_environment_scripts_only(ros2_control_turtel_bot)
[3.217s] Level 1:colcon.colcon_core.environment:checking '/home/ziad/ziad_ws/ROS2/work_space/install/ros2_control_turtel_bot' for CMake module files
[3.218s] Level 1:colcon.colcon_core.environment:checking '/home/ziad/ziad_ws/ROS2/work_space/install/ros2_control_turtel_bot' for CMake config files
[3.218s] Level 1:colcon.colcon_core.shell:create_environment_hook('ros2_control_turtel_bot', 'cmake_prefix_path')
[3.220s] INFO:colcon.colcon_core.shell:Creating environment hook '/home/ziad/ziad_ws/ROS2/work_space/install/ros2_control_turtel_bot/share/ros2_control_turtel_bot/hook/cmake_prefix_path.ps1'
[3.221s] INFO:colcon.colcon_core.shell:Creating environment descriptor '/home/ziad/ziad_ws/ROS2/work_space/install/ros2_control_turtel_bot/share/ros2_control_turtel_bot/hook/cmake_prefix_path.dsv'
[3.222s] INFO:colcon.colcon_core.shell:Creating environment hook '/home/ziad/ziad_ws/ROS2/work_space/install/ros2_control_turtel_bot/share/ros2_control_turtel_bot/hook/cmake_prefix_path.sh'
[3.224s] Level 1:colcon.colcon_core.environment:checking '/home/ziad/ziad_ws/ROS2/work_space/install/ros2_control_turtel_bot/lib'
[3.225s] Level 1:colcon.colcon_core.environment:checking '/home/ziad/ziad_ws/ROS2/work_space/install/ros2_control_turtel_bot/bin'
[3.225s] Level 1:colcon.colcon_core.environment:checking '/home/ziad/ziad_ws/ROS2/work_space/install/ros2_control_turtel_bot/lib/pkgconfig/ros2_control_turtel_bot.pc'
[3.226s] Level 1:colcon.colcon_core.environment:checking '/home/ziad/ziad_ws/ROS2/work_space/install/ros2_control_turtel_bot/lib/python3.10/site-packages'
[3.226s] Level 1:colcon.colcon_core.environment:checking '/home/ziad/ziad_ws/ROS2/work_space/install/ros2_control_turtel_bot/bin'
[3.227s] INFO:colcon.colcon_core.shell:Creating package script '/home/ziad/ziad_ws/ROS2/work_space/install/ros2_control_turtel_bot/share/ros2_control_turtel_bot/package.ps1'
[3.228s] INFO:colcon.colcon_core.shell:Creating package descriptor '/home/ziad/ziad_ws/ROS2/work_space/install/ros2_control_turtel_bot/share/ros2_control_turtel_bot/package.dsv'
[3.231s] INFO:colcon.colcon_core.shell:Creating package script '/home/ziad/ziad_ws/ROS2/work_space/install/ros2_control_turtel_bot/share/ros2_control_turtel_bot/package.sh'
[3.232s] INFO:colcon.colcon_core.shell:Creating package script '/home/ziad/ziad_ws/ROS2/work_space/install/ros2_control_turtel_bot/share/ros2_control_turtel_bot/package.bash'
[3.234s] INFO:colcon.colcon_core.shell:Creating package script '/home/ziad/ziad_ws/ROS2/work_space/install/ros2_control_turtel_bot/share/ros2_control_turtel_bot/package.zsh'
[3.235s] Level 1:colcon.colcon_core.environment:create_file_with_runtime_dependencies(/home/ziad/ziad_ws/ROS2/work_space/install/ros2_control_turtel_bot/share/colcon-core/packages/ros2_control_turtel_bot)
[4.043s] DEBUG:colcon.colcon_core.event_handler.log_command:Invoked command in '/home/ziad/ziad_ws/ROS2/work_space/build/navigation' returned '1': CMAKE_PREFIX_PATH=${CMAKE_PREFIX_PATH}:/home/ziad/ziad_ws/ROS2/turtlebot3_ws/install/turtlebot3_teleop:/home/ziad/ziad_ws/ROS2/turtlebot3_ws/install/turtlebot3_example:/opt/ros/humble /usr/bin/cmake /home/ziad/ziad_ws/ROS2/work_space/src/navigation -DAMENT_CMAKE_SYMLINK_INSTALL=1 -DCMAKE_INSTALL_PREFIX=/home/ziad/ziad_ws/ROS2/work_space/install/navigation
[4.057s] Level 1:colcon.colcon_core.environment:create_environment_scripts_only(navigation)
[4.058s] Level 1:colcon.colcon_core.environment:checking '/home/ziad/ziad_ws/ROS2/work_space/install/navigation' for CMake module files
[4.058s] Level 1:colcon.colcon_core.environment:checking '/home/ziad/ziad_ws/ROS2/work_space/install/navigation' for CMake config files
[4.058s] Level 1:colcon.colcon_core.environment:checking '/home/ziad/ziad_ws/ROS2/work_space/install/navigation/bin'
[4.059s] Level 1:colcon.colcon_core.environment:checking '/home/ziad/ziad_ws/ROS2/work_space/install/navigation/lib/pkgconfig/navigation.pc'
[4.059s] Level 1:colcon.colcon_core.environment:checking '/home/ziad/ziad_ws/ROS2/work_space/install/navigation/lib/python3.10/site-packages'
[4.059s] Level 1:colcon.colcon_core.environment:checking '/home/ziad/ziad_ws/ROS2/work_space/install/navigation/bin'
[4.059s] INFO:colcon.colcon_core.shell:Creating package script '/home/ziad/ziad_ws/ROS2/work_space/install/navigation/share/navigation/package.ps1'
[4.060s] INFO:colcon.colcon_core.shell:Creating package descriptor '/home/ziad/ziad_ws/ROS2/work_space/install/navigation/share/navigation/package.dsv'
[4.061s] INFO:colcon.colcon_core.shell:Creating package script '/home/ziad/ziad_ws/ROS2/work_space/install/navigation/share/navigation/package.sh'
[4.061s] INFO:colcon.colcon_core.shell:Creating package script '/home/ziad/ziad_ws/ROS2/work_space/install/navigation/share/navigation/package.bash'
[4.061s] INFO:colcon.colcon_core.shell:Creating package script '/home/ziad/ziad_ws/ROS2/work_space/install/navigation/share/navigation/package.zsh'
[4.062s] Level 1:colcon.colcon_core.environment:create_file_with_runtime_dependencies(/home/ziad/ziad_ws/ROS2/work_space/install/navigation/share/colcon-core/packages/navigation)
[4.072s] DEBUG:colcon.colcon_parallel_executor.executor.parallel:closing loop
[4.073s] DEBUG:colcon.colcon_parallel_executor.executor.parallel:loop closed
[4.073s] DEBUG:colcon.colcon_parallel_executor.executor.parallel:run_until_complete finished with '1'
[4.073s] DEBUG:colcon.colcon_core.event_reactor:joining thread
[4.081s] INFO:colcon.colcon_core.plugin_system:Skipping extension 'colcon_notification.desktop_notification.terminal_notifier': Not used on non-Darwin systems
[4.081s] INFO:colcon.colcon_core.plugin_system:Skipping extension 'colcon_notification.desktop_notification.win32': Not used on non-Windows systems
[4.081s] INFO:colcon.colcon_notification.desktop_notification:Sending desktop notification using 'notify2'
[4.094s] DEBUG:colcon.colcon_core.event_reactor:joined thread
[4.095s] INFO:colcon.colcon_core.shell:Creating prefix script '/home/ziad/ziad_ws/ROS2/work_space/install/local_setup.ps1'
[4.097s] INFO:colcon.colcon_core.shell:Creating prefix util module '/home/ziad/ziad_ws/ROS2/work_space/install/_local_setup_util_ps1.py'
[4.099s] INFO:colcon.colcon_core.shell:Creating prefix chain script '/home/ziad/ziad_ws/ROS2/work_space/install/setup.ps1'
[4.101s] INFO:colcon.colcon_core.shell:Creating prefix script '/home/ziad/ziad_ws/ROS2/work_space/install/local_setup.sh'
[4.102s] INFO:colcon.colcon_core.shell:Creating prefix util module '/home/ziad/ziad_ws/ROS2/work_space/install/_local_setup_util_sh.py'
[4.103s] INFO:colcon.colcon_core.shell:Creating prefix chain script '/home/ziad/ziad_ws/ROS2/work_space/install/setup.sh'
[4.105s] INFO:colcon.colcon_core.shell:Creating prefix script '/home/ziad/ziad_ws/ROS2/work_space/install/local_setup.bash'
[4.107s] INFO:colcon.colcon_core.shell:Creating prefix chain script '/home/ziad/ziad_ws/ROS2/work_space/install/setup.bash'
[4.109s] INFO:colcon.colcon_core.shell:Creating prefix script '/home/ziad/ziad_ws/ROS2/work_space/install/local_setup.zsh'
[4.110s] INFO:colcon.colcon_core.shell:Creating prefix chain script '/home/ziad/ziad_ws/ROS2/work_space/install/setup.zsh'
