[0.480s] Invoking command in '/home/ziad/ziad_ws/ROS2/turtlebot3_ws/build/turtlebot3_fake_node': CMAKE_PREFIX_PATH=/home/ziad/ziad_ws/ROS2/turtlebot3_ws/install/turtlebot3_msgs:/home/ziad/ziad_ws/ROS2/turtlebot3_ws/install/turtlebot3_simulations:/home/ziad/ziad_ws/ROS2/turtlebot3_ws/install/turtlebot3_fake_node:/home/ziad/ziad_ws/ROS2/turtlebot3_ws/install/turtlebot3_manipulation_gazebo:/home/ziad/ziad_ws/ROS2/turtlebot3_ws/install/turtlebot3_gazebo:/home/ziad/ziad_ws/ROS2/turtlebot3_ws/install/turtlebot3:/home/ziad/ziad_ws/ROS2/turtlebot3_ws/install/turtlebot3_bringup:/home/ziad/ziad_ws/ROS2/turtlebot3_ws/install/turtlebot3_node:/home/ziad/ziad_ws/ROS2/turtlebot3_ws/install/turtlebot3_navigation2:/home/ziad/ziad_ws/ROS2/turtlebot3_ws/install/turtlebot3_description:/home/ziad/ziad_ws/ROS2/turtlebot3_ws/install/turtlebot3_cartographer:/home/ziad/ziad_ws/ROS2/turtlebot3_ws/install/dynamixel_sdk_examples:/home/ziad/ziad_ws/ROS2/turtlebot3_ws/install/dynamixel_sdk_custom_interfaces:/home/ziad/ziad_ws/ROS2/turtlebot3_ws/install/dynamixel_sdk:/home/ziad/ziad_ws/ROS2/turtlebot3_ws/install/turtlebot3_teleop:/home/ziad/ziad_ws/ROS2/turtlebot3_ws/install/turtlebot3_example:/opt/ros/humble LD_LIBRARY_PATH=/home/ziad/ziad_ws/ROS2/turtlebot3_ws/install/turtlebot3_msgs/lib:/usr/lib/x86_64-linux-gnu/gazebo-11/plugins:/home/ziad/ziad_ws/ROS2/turtlebot3_ws/install/dynamixel_sdk_custom_interfaces/lib:/home/ziad/ziad_ws/ROS2/turtlebot3_ws/install/dynamixel_sdk/lib:/opt/ros/humble/opt/rviz_ogre_vendor/lib:/opt/ros/humble/lib/x86_64-linux-gnu:/opt/ros/humble/lib /usr/bin/cmake /home/ziad/ziad_ws/ROS2/turtlebot3_ws/src/turtlebot3_simulations/turtlebot3_fake_node -DCMAKE_INSTALL_PREFIX=/home/ziad/ziad_ws/ROS2/turtlebot3_ws/install/turtlebot3_fake_node
[0.508s] -- Found ament_cmake: 1.3.12 (/opt/ros/humble/share/ament_cmake/cmake)
[0.765s] -- Override CMake install command with custom implementation using symlinks instead of copying resources
[0.781s] -- Found geometry_msgs: 4.9.0 (/opt/ros/humble/share/geometry_msgs/cmake)
[0.829s] -- Found rosidl_generator_c: 3.1.7 (/opt/ros/humble/share/rosidl_generator_c/cmake)
[0.834s] -- Found rosidl_adapter: 3.1.7 (/opt/ros/humble/share/rosidl_adapter/cmake)
[0.846s] -- Found rosidl_generator_cpp: 3.1.7 (/opt/ros/humble/share/rosidl_generator_cpp/cmake)
[0.870s] -- Using all available rosidl_typesupport_c: rosidl_typesupport_fastrtps_c;rosidl_typesupport_introspection_c
[0.898s] -- Using all available rosidl_typesupport_cpp: rosidl_typesupport_fastrtps_cpp;rosidl_typesupport_introspection_cpp
[0.978s] -- Found nav_msgs: 4.9.0 (/opt/ros/humble/share/nav_msgs/cmake)
[1.016s] -- Found rclcpp: 16.0.15 (/opt/ros/humble/share/rclcpp/cmake)
[1.065s] -- Found rmw_implementation_cmake: 6.1.2 (/opt/ros/humble/share/rmw_implementation_cmake/cmake)
[1.071s] -- Found rmw_fastrtps_cpp: 6.2.8 (/opt/ros/humble/share/rmw_fastrtps_cpp/cmake)
[1.282s] -- Using RMW implementation 'rmw_fastrtps_cpp' as default
[1.364s] -- Found sensor_msgs: 4.9.0 (/opt/ros/humble/share/sensor_msgs/cmake)
[1.392s] -- Found tf2: 0.25.16 (/opt/ros/humble/share/tf2/cmake)
[1.397s] -- Found tf2_msgs: 0.25.16 (/opt/ros/humble/share/tf2_msgs/cmake)
[1.467s] -- Found turtlebot3_msgs: 2.4.0 (/home/ziad/ziad_ws/ROS2/turtlebot3_ws/install/turtlebot3_msgs/share/turtlebot3_msgs/cmake)
[1.617s] -- Configuring done
[1.646s] -- Generating done
[1.656s] -- Build files have been written to: /home/ziad/ziad_ws/ROS2/turtlebot3_ws/build/turtlebot3_fake_node
[1.688s] Invoked command in '/home/ziad/ziad_ws/ROS2/turtlebot3_ws/build/turtlebot3_fake_node' returned '0': CMAKE_PREFIX_PATH=/home/ziad/ziad_ws/ROS2/turtlebot3_ws/install/turtlebot3_msgs:/home/ziad/ziad_ws/ROS2/turtlebot3_ws/install/turtlebot3_simulations:/home/ziad/ziad_ws/ROS2/turtlebot3_ws/install/turtlebot3_fake_node:/home/ziad/ziad_ws/ROS2/turtlebot3_ws/install/turtlebot3_manipulation_gazebo:/home/ziad/ziad_ws/ROS2/turtlebot3_ws/install/turtlebot3_gazebo:/home/ziad/ziad_ws/ROS2/turtlebot3_ws/install/turtlebot3:/home/ziad/ziad_ws/ROS2/turtlebot3_ws/install/turtlebot3_bringup:/home/ziad/ziad_ws/ROS2/turtlebot3_ws/install/turtlebot3_node:/home/ziad/ziad_ws/ROS2/turtlebot3_ws/install/turtlebot3_navigation2:/home/ziad/ziad_ws/ROS2/turtlebot3_ws/install/turtlebot3_description:/home/ziad/ziad_ws/ROS2/turtlebot3_ws/install/turtlebot3_cartographer:/home/ziad/ziad_ws/ROS2/turtlebot3_ws/install/dynamixel_sdk_examples:/home/ziad/ziad_ws/ROS2/turtlebot3_ws/install/dynamixel_sdk_custom_interfaces:/home/ziad/ziad_ws/ROS2/turtlebot3_ws/install/dynamixel_sdk:/home/ziad/ziad_ws/ROS2/turtlebot3_ws/install/turtlebot3_teleop:/home/ziad/ziad_ws/ROS2/turtlebot3_ws/install/turtlebot3_example:/opt/ros/humble LD_LIBRARY_PATH=/home/ziad/ziad_ws/ROS2/turtlebot3_ws/install/turtlebot3_msgs/lib:/usr/lib/x86_64-linux-gnu/gazebo-11/plugins:/home/ziad/ziad_ws/ROS2/turtlebot3_ws/install/dynamixel_sdk_custom_interfaces/lib:/home/ziad/ziad_ws/ROS2/turtlebot3_ws/install/dynamixel_sdk/lib:/opt/ros/humble/opt/rviz_ogre_vendor/lib:/opt/ros/humble/lib/x86_64-linux-gnu:/opt/ros/humble/lib /usr/bin/cmake /home/ziad/ziad_ws/ROS2/turtlebot3_ws/src/turtlebot3_simulations/turtlebot3_fake_node -DCMAKE_INSTALL_PREFIX=/home/ziad/ziad_ws/ROS2/turtlebot3_ws/install/turtlebot3_fake_node
[1.690s] Invoking command in '/home/ziad/ziad_ws/ROS2/turtlebot3_ws/build/turtlebot3_fake_node': CMAKE_PREFIX_PATH=/home/ziad/ziad_ws/ROS2/turtlebot3_ws/install/turtlebot3_msgs:/home/ziad/ziad_ws/ROS2/turtlebot3_ws/install/turtlebot3_simulations:/home/ziad/ziad_ws/ROS2/turtlebot3_ws/install/turtlebot3_fake_node:/home/ziad/ziad_ws/ROS2/turtlebot3_ws/install/turtlebot3_manipulation_gazebo:/home/ziad/ziad_ws/ROS2/turtlebot3_ws/install/turtlebot3_gazebo:/home/ziad/ziad_ws/ROS2/turtlebot3_ws/install/turtlebot3:/home/ziad/ziad_ws/ROS2/turtlebot3_ws/install/turtlebot3_bringup:/home/ziad/ziad_ws/ROS2/turtlebot3_ws/install/turtlebot3_node:/home/ziad/ziad_ws/ROS2/turtlebot3_ws/install/turtlebot3_navigation2:/home/ziad/ziad_ws/ROS2/turtlebot3_ws/install/turtlebot3_description:/home/ziad/ziad_ws/ROS2/turtlebot3_ws/install/turtlebot3_cartographer:/home/ziad/ziad_ws/ROS2/turtlebot3_ws/install/dynamixel_sdk_examples:/home/ziad/ziad_ws/ROS2/turtlebot3_ws/install/dynamixel_sdk_custom_interfaces:/home/ziad/ziad_ws/ROS2/turtlebot3_ws/install/dynamixel_sdk:/home/ziad/ziad_ws/ROS2/turtlebot3_ws/install/turtlebot3_teleop:/home/ziad/ziad_ws/ROS2/turtlebot3_ws/install/turtlebot3_example:/opt/ros/humble LD_LIBRARY_PATH=/home/ziad/ziad_ws/ROS2/turtlebot3_ws/install/turtlebot3_msgs/lib:/usr/lib/x86_64-linux-gnu/gazebo-11/plugins:/home/ziad/ziad_ws/ROS2/turtlebot3_ws/install/dynamixel_sdk_custom_interfaces/lib:/home/ziad/ziad_ws/ROS2/turtlebot3_ws/install/dynamixel_sdk/lib:/opt/ros/humble/opt/rviz_ogre_vendor/lib:/opt/ros/humble/lib/x86_64-linux-gnu:/opt/ros/humble/lib /usr/bin/cmake --build /home/ziad/ziad_ws/ROS2/turtlebot3_ws/build/turtlebot3_fake_node -- -j4 -l4
[1.752s] [35m[1mConsolidate compiler generated dependencies of target turtlebot3_fake_node[0m
[1.778s] [100%] Built target turtlebot3_fake_node
[1.792s] Invoked command in '/home/ziad/ziad_ws/ROS2/turtlebot3_ws/build/turtlebot3_fake_node' returned '0': CMAKE_PREFIX_PATH=/home/ziad/ziad_ws/ROS2/turtlebot3_ws/install/turtlebot3_msgs:/home/ziad/ziad_ws/ROS2/turtlebot3_ws/install/turtlebot3_simulations:/home/ziad/ziad_ws/ROS2/turtlebot3_ws/install/turtlebot3_fake_node:/home/ziad/ziad_ws/ROS2/turtlebot3_ws/install/turtlebot3_manipulation_gazebo:/home/ziad/ziad_ws/ROS2/turtlebot3_ws/install/turtlebot3_gazebo:/home/ziad/ziad_ws/ROS2/turtlebot3_ws/install/turtlebot3:/home/ziad/ziad_ws/ROS2/turtlebot3_ws/install/turtlebot3_bringup:/home/ziad/ziad_ws/ROS2/turtlebot3_ws/install/turtlebot3_node:/home/ziad/ziad_ws/ROS2/turtlebot3_ws/install/turtlebot3_navigation2:/home/ziad/ziad_ws/ROS2/turtlebot3_ws/install/turtlebot3_description:/home/ziad/ziad_ws/ROS2/turtlebot3_ws/install/turtlebot3_cartographer:/home/ziad/ziad_ws/ROS2/turtlebot3_ws/install/dynamixel_sdk_examples:/home/ziad/ziad_ws/ROS2/turtlebot3_ws/install/dynamixel_sdk_custom_interfaces:/home/ziad/ziad_ws/ROS2/turtlebot3_ws/install/dynamixel_sdk:/home/ziad/ziad_ws/ROS2/turtlebot3_ws/install/turtlebot3_teleop:/home/ziad/ziad_ws/ROS2/turtlebot3_ws/install/turtlebot3_example:/opt/ros/humble LD_LIBRARY_PATH=/home/ziad/ziad_ws/ROS2/turtlebot3_ws/install/turtlebot3_msgs/lib:/usr/lib/x86_64-linux-gnu/gazebo-11/plugins:/home/ziad/ziad_ws/ROS2/turtlebot3_ws/install/dynamixel_sdk_custom_interfaces/lib:/home/ziad/ziad_ws/ROS2/turtlebot3_ws/install/dynamixel_sdk/lib:/opt/ros/humble/opt/rviz_ogre_vendor/lib:/opt/ros/humble/lib/x86_64-linux-gnu:/opt/ros/humble/lib /usr/bin/cmake --build /home/ziad/ziad_ws/ROS2/turtlebot3_ws/build/turtlebot3_fake_node -- -j4 -l4
[1.794s] Invoking command in '/home/ziad/ziad_ws/ROS2/turtlebot3_ws/build/turtlebot3_fake_node': CMAKE_PREFIX_PATH=/home/ziad/ziad_ws/ROS2/turtlebot3_ws/install/turtlebot3_msgs:/home/ziad/ziad_ws/ROS2/turtlebot3_ws/install/turtlebot3_simulations:/home/ziad/ziad_ws/ROS2/turtlebot3_ws/install/turtlebot3_fake_node:/home/ziad/ziad_ws/ROS2/turtlebot3_ws/install/turtlebot3_manipulation_gazebo:/home/ziad/ziad_ws/ROS2/turtlebot3_ws/install/turtlebot3_gazebo:/home/ziad/ziad_ws/ROS2/turtlebot3_ws/install/turtlebot3:/home/ziad/ziad_ws/ROS2/turtlebot3_ws/install/turtlebot3_bringup:/home/ziad/ziad_ws/ROS2/turtlebot3_ws/install/turtlebot3_node:/home/ziad/ziad_ws/ROS2/turtlebot3_ws/install/turtlebot3_navigation2:/home/ziad/ziad_ws/ROS2/turtlebot3_ws/install/turtlebot3_description:/home/ziad/ziad_ws/ROS2/turtlebot3_ws/install/turtlebot3_cartographer:/home/ziad/ziad_ws/ROS2/turtlebot3_ws/install/dynamixel_sdk_examples:/home/ziad/ziad_ws/ROS2/turtlebot3_ws/install/dynamixel_sdk_custom_interfaces:/home/ziad/ziad_ws/ROS2/turtlebot3_ws/install/dynamixel_sdk:/home/ziad/ziad_ws/ROS2/turtlebot3_ws/install/turtlebot3_teleop:/home/ziad/ziad_ws/ROS2/turtlebot3_ws/install/turtlebot3_example:/opt/ros/humble LD_LIBRARY_PATH=/home/ziad/ziad_ws/ROS2/turtlebot3_ws/install/turtlebot3_msgs/lib:/usr/lib/x86_64-linux-gnu/gazebo-11/plugins:/home/ziad/ziad_ws/ROS2/turtlebot3_ws/install/dynamixel_sdk_custom_interfaces/lib:/home/ziad/ziad_ws/ROS2/turtlebot3_ws/install/dynamixel_sdk/lib:/opt/ros/humble/opt/rviz_ogre_vendor/lib:/opt/ros/humble/lib/x86_64-linux-gnu:/opt/ros/humble/lib /usr/bin/cmake --install /home/ziad/ziad_ws/ROS2/turtlebot3_ws/build/turtlebot3_fake_node
[1.805s] -- Install configuration: ""
[1.806s] -- Execute custom install script
[1.806s] -- Up-to-date symlink: /home/ziad/ziad_ws/ROS2/turtlebot3_ws/install/turtlebot3_fake_node/lib/turtlebot3_fake_node/turtlebot3_fake_node
[1.807s] -- Up-to-date symlink: /home/ziad/ziad_ws/ROS2/turtlebot3_ws/install/turtlebot3_fake_node/share/turtlebot3_fake_node/launch/rviz2.launch.py
[1.808s] -- Up-to-date symlink: /home/ziad/ziad_ws/ROS2/turtlebot3_ws/install/turtlebot3_fake_node/share/turtlebot3_fake_node/launch/turtlebot3_fake_node.launch.py
[1.808s] -- Up-to-date symlink: /home/ziad/ziad_ws/ROS2/turtlebot3_ws/install/turtlebot3_fake_node/share/turtlebot3_fake_node/param/burger.yaml
[1.809s] -- Up-to-date symlink: /home/ziad/ziad_ws/ROS2/turtlebot3_ws/install/turtlebot3_fake_node/share/turtlebot3_fake_node/param/waffle.yaml
[1.809s] -- Up-to-date symlink: /home/ziad/ziad_ws/ROS2/turtlebot3_ws/install/turtlebot3_fake_node/share/turtlebot3_fake_node/param/waffle_pi.yaml
[1.810s] -- Up-to-date symlink: /home/ziad/ziad_ws/ROS2/turtlebot3_ws/install/turtlebot3_fake_node/include//turtlebot3_fake_node/turtlebot3_fake_node.hpp
[1.810s] -- Up-to-date symlink: /home/ziad/ziad_ws/ROS2/turtlebot3_ws/install/turtlebot3_fake_node/share/ament_index/resource_index/package_run_dependencies/turtlebot3_fake_node
[1.811s] -- Up-to-date symlink: /home/ziad/ziad_ws/ROS2/turtlebot3_ws/install/turtlebot3_fake_node/share/ament_index/resource_index/parent_prefix_path/turtlebot3_fake_node
[1.811s] -- Up-to-date symlink: /home/ziad/ziad_ws/ROS2/turtlebot3_ws/install/turtlebot3_fake_node/share/turtlebot3_fake_node/environment/ament_prefix_path.sh
[1.811s] -- Up-to-date symlink: /home/ziad/ziad_ws/ROS2/turtlebot3_ws/install/turtlebot3_fake_node/share/turtlebot3_fake_node/environment/ament_prefix_path.dsv
[1.812s] -- Up-to-date symlink: /home/ziad/ziad_ws/ROS2/turtlebot3_ws/install/turtlebot3_fake_node/share/turtlebot3_fake_node/environment/path.sh
[1.812s] -- Up-to-date symlink: /home/ziad/ziad_ws/ROS2/turtlebot3_ws/install/turtlebot3_fake_node/share/turtlebot3_fake_node/environment/path.dsv
[1.813s] -- Up-to-date symlink: /home/ziad/ziad_ws/ROS2/turtlebot3_ws/install/turtlebot3_fake_node/share/turtlebot3_fake_node/local_setup.bash
[1.813s] -- Up-to-date symlink: /home/ziad/ziad_ws/ROS2/turtlebot3_ws/install/turtlebot3_fake_node/share/turtlebot3_fake_node/local_setup.sh
[1.813s] -- Up-to-date symlink: /home/ziad/ziad_ws/ROS2/turtlebot3_ws/install/turtlebot3_fake_node/share/turtlebot3_fake_node/local_setup.zsh
[1.814s] -- Up-to-date symlink: /home/ziad/ziad_ws/ROS2/turtlebot3_ws/install/turtlebot3_fake_node/share/turtlebot3_fake_node/local_setup.dsv
[1.814s] -- Symlinking: /home/ziad/ziad_ws/ROS2/turtlebot3_ws/install/turtlebot3_fake_node/share/turtlebot3_fake_node/package.dsv
[1.825s] -- Up-to-date symlink: /home/ziad/ziad_ws/ROS2/turtlebot3_ws/install/turtlebot3_fake_node/share/ament_index/resource_index/packages/turtlebot3_fake_node
[1.825s] -- Up-to-date symlink: /home/ziad/ziad_ws/ROS2/turtlebot3_ws/install/turtlebot3_fake_node/share/turtlebot3_fake_node/cmake/ament_cmake_export_include_directories-extras.cmake
[1.826s] -- Up-to-date symlink: /home/ziad/ziad_ws/ROS2/turtlebot3_ws/install/turtlebot3_fake_node/share/turtlebot3_fake_node/cmake/ament_cmake_export_dependencies-extras.cmake
[1.826s] -- Up-to-date symlink: /home/ziad/ziad_ws/ROS2/turtlebot3_ws/install/turtlebot3_fake_node/share/turtlebot3_fake_node/cmake/turtlebot3_fake_nodeConfig.cmake
[1.826s] -- Up-to-date symlink: /home/ziad/ziad_ws/ROS2/turtlebot3_ws/install/turtlebot3_fake_node/share/turtlebot3_fake_node/cmake/turtlebot3_fake_nodeConfig-version.cmake
[1.827s] -- Up-to-date symlink: /home/ziad/ziad_ws/ROS2/turtlebot3_ws/install/turtlebot3_fake_node/share/turtlebot3_fake_node/package.xml
[1.830s] Invoked command in '/home/ziad/ziad_ws/ROS2/turtlebot3_ws/build/turtlebot3_fake_node' returned '0': CMAKE_PREFIX_PATH=/home/ziad/ziad_ws/ROS2/turtlebot3_ws/install/turtlebot3_msgs:/home/ziad/ziad_ws/ROS2/turtlebot3_ws/install/turtlebot3_simulations:/home/ziad/ziad_ws/ROS2/turtlebot3_ws/install/turtlebot3_fake_node:/home/ziad/ziad_ws/ROS2/turtlebot3_ws/install/turtlebot3_manipulation_gazebo:/home/ziad/ziad_ws/ROS2/turtlebot3_ws/install/turtlebot3_gazebo:/home/ziad/ziad_ws/ROS2/turtlebot3_ws/install/turtlebot3:/home/ziad/ziad_ws/ROS2/turtlebot3_ws/install/turtlebot3_bringup:/home/ziad/ziad_ws/ROS2/turtlebot3_ws/install/turtlebot3_node:/home/ziad/ziad_ws/ROS2/turtlebot3_ws/install/turtlebot3_navigation2:/home/ziad/ziad_ws/ROS2/turtlebot3_ws/install/turtlebot3_description:/home/ziad/ziad_ws/ROS2/turtlebot3_ws/install/turtlebot3_cartographer:/home/ziad/ziad_ws/ROS2/turtlebot3_ws/install/dynamixel_sdk_examples:/home/ziad/ziad_ws/ROS2/turtlebot3_ws/install/dynamixel_sdk_custom_interfaces:/home/ziad/ziad_ws/ROS2/turtlebot3_ws/install/dynamixel_sdk:/home/ziad/ziad_ws/ROS2/turtlebot3_ws/install/turtlebot3_teleop:/home/ziad/ziad_ws/ROS2/turtlebot3_ws/install/turtlebot3_example:/opt/ros/humble LD_LIBRARY_PATH=/home/ziad/ziad_ws/ROS2/turtlebot3_ws/install/turtlebot3_msgs/lib:/usr/lib/x86_64-linux-gnu/gazebo-11/plugins:/home/ziad/ziad_ws/ROS2/turtlebot3_ws/install/dynamixel_sdk_custom_interfaces/lib:/home/ziad/ziad_ws/ROS2/turtlebot3_ws/install/dynamixel_sdk/lib:/opt/ros/humble/opt/rviz_ogre_vendor/lib:/opt/ros/humble/lib/x86_64-linux-gnu:/opt/ros/humble/lib /usr/bin/cmake --install /home/ziad/ziad_ws/ROS2/turtlebot3_ws/build/turtlebot3_fake_node
