[0.030s] Invoking command in '/home/ziad/Ziad_WS/ROS2/ziad_ws/build/custom_turtleBot3': CMAKE_PREFIX_PATH=/opt/ros/humble /usr/bin/cmake /home/ziad/Ziad_WS/ROS2/ziad_ws/src/custom_turtleBot3 -DCMAKE_INSTALL_PREFIX=/home/ziad/Ziad_WS/ROS2/ziad_ws/install/custom_turtleBot3
[0.044s] -- Found ament_cmake: 1.3.12 (/opt/ros/humble/share/ament_cmake/cmake)
[0.268s] -- Found rclcpp: 16.0.14 (/opt/ros/humble/share/rclcpp/cmake)
[0.315s] -- Found rosidl_generator_c: 3.1.7 (/opt/ros/humble/share/rosidl_generator_c/cmake)
[0.318s] -- Found rosidl_adapter: 3.1.7 (/opt/ros/humble/share/rosidl_adapter/cmake)
[0.328s] -- Found rosidl_generator_cpp: 3.1.7 (/opt/ros/humble/share/rosidl_generator_cpp/cmake)
[0.340s] -- Using all available rosidl_typesupport_c: rosidl_typesupport_fastrtps_c;rosidl_typesupport_introspection_c
[0.354s] -- Using all available rosidl_typesupport_cpp: rosidl_typesupport_fastrtps_cpp;rosidl_typesupport_introspection_cpp
[0.391s] -- Found rmw_implementation_cmake: 6.1.2 (/opt/ros/humble/share/rmw_implementation_cmake/cmake)
[0.392s] -- Found rmw_fastrtps_cpp: 6.2.8 (/opt/ros/humble/share/rmw_fastrtps_cpp/cmake)
[0.534s] -- Using RMW implementation 'rmw_fastrtps_cpp' as default
[0.592s] -- Found rclcpp_action: 16.0.14 (/opt/ros/humble/share/rclcpp_action/cmake)
[0.632s] -- Found nav_msgs: 4.9.0 (/opt/ros/humble/share/nav_msgs/cmake)
[0.666s] -- Found sensor_msgs: 4.9.0 (/opt/ros/humble/share/sensor_msgs/cmake)
[0.686s] -- Found tf2_geometry_msgs: 0.25.16 (/opt/ros/humble/share/tf2_geometry_msgs/cmake)
[0.690s] -- Found eigen3_cmake_module: 0.1.1 (/opt/ros/humble/share/eigen3_cmake_module/cmake)
[0.691s] -- Ensuring Eigen3 include directory is part of orocos-kdl CMake target
[0.758s] -- Found rosidl_default_generators: 1.2.0 (/opt/ros/humble/share/rosidl_default_generators/cmake)
[0.765s] -- Found ament_lint_auto: 0.12.14 (/opt/ros/humble/share/ament_lint_auto/cmake)
[0.857s] WARNING: Package name "custom_turtleBot3" does not follow the naming conventions. It should start with a lower case letter and only contain lower case letters, digits, underscores, and dashes.
[0.877s] -- Configuring done
[0.882s] -- Generating done
[0.885s] -- Build files have been written to: /home/ziad/Ziad_WS/ROS2/ziad_ws/build/custom_turtleBot3
[0.895s] Invoked command in '/home/ziad/Ziad_WS/ROS2/ziad_ws/build/custom_turtleBot3' returned '0': CMAKE_PREFIX_PATH=/opt/ros/humble /usr/bin/cmake /home/ziad/Ziad_WS/ROS2/ziad_ws/src/custom_turtleBot3 -DCMAKE_INSTALL_PREFIX=/home/ziad/Ziad_WS/ROS2/ziad_ws/install/custom_turtleBot3
[0.897s] Invoking command in '/home/ziad/Ziad_WS/ROS2/ziad_ws/build/custom_turtleBot3': CMAKE_PREFIX_PATH=/opt/ros/humble /usr/bin/cmake --build /home/ziad/Ziad_WS/ROS2/ziad_ws/build/custom_turtleBot3 -- -j4 -l4
[0.947s] Invoked command in '/home/ziad/Ziad_WS/ROS2/ziad_ws/build/custom_turtleBot3' returned '0': CMAKE_PREFIX_PATH=/opt/ros/humble /usr/bin/cmake --build /home/ziad/Ziad_WS/ROS2/ziad_ws/build/custom_turtleBot3 -- -j4 -l4
[0.948s] Invoking command in '/home/ziad/Ziad_WS/ROS2/ziad_ws/build/custom_turtleBot3': CMAKE_PREFIX_PATH=/opt/ros/humble /usr/bin/cmake --install /home/ziad/Ziad_WS/ROS2/ziad_ws/build/custom_turtleBot3
[0.958s] -- Install configuration: ""
[0.958s] -- Installing: /home/ziad/Ziad_WS/ROS2/ziad_ws/install/custom_turtleBot3/share/ament_index/resource_index/package_run_dependencies/custom_turtleBot3
[0.959s] -- Installing: /home/ziad/Ziad_WS/ROS2/ziad_ws/install/custom_turtleBot3/share/ament_index/resource_index/parent_prefix_path/custom_turtleBot3
[0.959s] -- Installing: /home/ziad/Ziad_WS/ROS2/ziad_ws/install/custom_turtleBot3/share/custom_turtleBot3/environment/ament_prefix_path.sh
[0.959s] -- Installing: /home/ziad/Ziad_WS/ROS2/ziad_ws/install/custom_turtleBot3/share/custom_turtleBot3/environment/ament_prefix_path.dsv
[0.959s] -- Installing: /home/ziad/Ziad_WS/ROS2/ziad_ws/install/custom_turtleBot3/share/custom_turtleBot3/environment/path.sh
[0.960s] -- Installing: /home/ziad/Ziad_WS/ROS2/ziad_ws/install/custom_turtleBot3/share/custom_turtleBot3/environment/path.dsv
[0.960s] -- Installing: /home/ziad/Ziad_WS/ROS2/ziad_ws/install/custom_turtleBot3/share/custom_turtleBot3/local_setup.bash
[0.960s] -- Installing: /home/ziad/Ziad_WS/ROS2/ziad_ws/install/custom_turtleBot3/share/custom_turtleBot3/local_setup.sh
[0.960s] -- Installing: /home/ziad/Ziad_WS/ROS2/ziad_ws/install/custom_turtleBot3/share/custom_turtleBot3/local_setup.zsh
[0.960s] -- Installing: /home/ziad/Ziad_WS/ROS2/ziad_ws/install/custom_turtleBot3/share/custom_turtleBot3/local_setup.dsv
[0.960s] -- Installing: /home/ziad/Ziad_WS/ROS2/ziad_ws/install/custom_turtleBot3/share/custom_turtleBot3/package.dsv
[0.961s] -- Installing: /home/ziad/Ziad_WS/ROS2/ziad_ws/install/custom_turtleBot3/share/ament_index/resource_index/packages/custom_turtleBot3
[0.961s] -- Installing: /home/ziad/Ziad_WS/ROS2/ziad_ws/install/custom_turtleBot3/share/custom_turtleBot3/cmake/custom_turtleBot3Config.cmake
[0.961s] -- Installing: /home/ziad/Ziad_WS/ROS2/ziad_ws/install/custom_turtleBot3/share/custom_turtleBot3/cmake/custom_turtleBot3Config-version.cmake
[0.961s] -- Installing: /home/ziad/Ziad_WS/ROS2/ziad_ws/install/custom_turtleBot3/share/custom_turtleBot3/package.xml
[0.964s] Invoked command in '/home/ziad/Ziad_WS/ROS2/ziad_ws/build/custom_turtleBot3' returned '0': CMAKE_PREFIX_PATH=/opt/ros/humble /usr/bin/cmake --install /home/ziad/Ziad_WS/ROS2/ziad_ws/build/custom_turtleBot3
