[0.134s] Invoking command in '/home/ziad/Ziad_WS/ROS2/ziad_ws/build/bt_demo': CMAKE_PREFIX_PATH=/opt/ros/humble /usr/bin/cmake --build /home/ziad/Ziad_WS/ROS2/ziad_ws/build/bt_demo -- -j4 -l4
[0.429s] [100%] Built target bt_main
[0.564s] Invoked command in '/home/ziad/Ziad_WS/ROS2/ziad_ws/build/bt_demo' returned '0': CMAKE_PREFIX_PATH=/opt/ros/humble /usr/bin/cmake --build /home/ziad/Ziad_WS/ROS2/ziad_ws/build/bt_demo -- -j4 -l4
[0.572s] Invoking command in '/home/ziad/Ziad_WS/ROS2/ziad_ws/build/bt_demo': CMAKE_PREFIX_PATH=/opt/ros/humble /usr/bin/cmake --install /home/ziad/Ziad_WS/ROS2/ziad_ws/build/bt_demo
[0.602s] -- Install configuration: ""
[0.607s] -- Up-to-date: /home/ziad/Ziad_WS/ROS2/ziad_ws/install/bt_demo/lib/bt_demo/bt_main
[0.609s] -- Up-to-date: /home/ziad/Ziad_WS/ROS2/ziad_ws/install/bt_demo/share/bt_demo/my_tree.xml
[0.610s] -- Up-to-date: /home/ziad/Ziad_WS/ROS2/ziad_ws/install/bt_demo/share/ament_index/resource_index/package_run_dependencies/bt_demo
[0.610s] -- Up-to-date: /home/ziad/Ziad_WS/ROS2/ziad_ws/install/bt_demo/share/ament_index/resource_index/parent_prefix_path/bt_demo
[0.610s] -- Up-to-date: /home/ziad/Ziad_WS/ROS2/ziad_ws/install/bt_demo/share/bt_demo/environment/ament_prefix_path.sh
[0.611s] -- Up-to-date: /home/ziad/Ziad_WS/ROS2/ziad_ws/install/bt_demo/share/bt_demo/environment/ament_prefix_path.dsv
[0.611s] -- Up-to-date: /home/ziad/Ziad_WS/ROS2/ziad_ws/install/bt_demo/share/bt_demo/environment/path.sh
[0.611s] -- Up-to-date: /home/ziad/Ziad_WS/ROS2/ziad_ws/install/bt_demo/share/bt_demo/environment/path.dsv
[0.611s] -- Up-to-date: /home/ziad/Ziad_WS/ROS2/ziad_ws/install/bt_demo/share/bt_demo/local_setup.bash
[0.611s] -- Up-to-date: /home/ziad/Ziad_WS/ROS2/ziad_ws/install/bt_demo/share/bt_demo/local_setup.sh
[0.611s] -- Up-to-date: /home/ziad/Ziad_WS/ROS2/ziad_ws/install/bt_demo/share/bt_demo/local_setup.zsh
[0.611s] -- Up-to-date: /home/ziad/Ziad_WS/ROS2/ziad_ws/install/bt_demo/share/bt_demo/local_setup.dsv
[0.612s] -- Installing: /home/ziad/Ziad_WS/ROS2/ziad_ws/install/bt_demo/share/bt_demo/package.dsv
[0.614s] -- Up-to-date: /home/ziad/Ziad_WS/ROS2/ziad_ws/install/bt_demo/share/ament_index/resource_index/packages/bt_demo
[0.615s] -- Up-to-date: /home/ziad/Ziad_WS/ROS2/ziad_ws/install/bt_demo/share/bt_demo/cmake/bt_demoConfig.cmake
[0.615s] -- Up-to-date: /home/ziad/Ziad_WS/ROS2/ziad_ws/install/bt_demo/share/bt_demo/cmake/bt_demoConfig-version.cmake
[0.615s] -- Up-to-date: /home/ziad/Ziad_WS/ROS2/ziad_ws/install/bt_demo/share/bt_demo/package.xml
[0.625s] Invoked command in '/home/ziad/Ziad_WS/ROS2/ziad_ws/build/bt_demo' returned '0': CMAKE_PREFIX_PATH=/opt/ros/humble /usr/bin/cmake --install /home/ziad/Ziad_WS/ROS2/ziad_ws/build/bt_demo
