[0.100s] Invoking command in '/home/ziad/Ziad_WS/ROS2/ziad_ws/build/moveit_task_constructor_demo': AMENT_PREFIX_PATH=/home/ziad/Ziad_WS/ROS2/ziad_ws/install/moveit_task_constructor_capabilities:/home/ziad/Ziad_WS/ROS2/ziad_ws/install/moveit_task_constructor_core:/home/ziad/Ziad_WS/ROS2/ziad_ws/install/rviz_marker_tools:/home/ziad/Ziad_WS/ROS2/ziad_ws/install/moveit_task_constructor_msgs:${AMENT_PREFIX_PATH} CMAKE_MODULE_PATH=/home/ziad/Ziad_WS/ROS2/ziad_ws/install/moveit_task_constructor_core/share/moveit_task_constructor_core/cmake CMAKE_PREFIX_PATH=/home/ziad/Ziad_WS/ROS2/ziad_ws/install/moveit_task_constructor_capabilities:/home/ziad/Ziad_WS/ROS2/ziad_ws/install/moveit_task_constructor_core:/home/ziad/Ziad_WS/ROS2/ziad_ws/install/rviz_marker_tools:/home/ziad/Ziad_WS/ROS2/ziad_ws/install/moveit_task_constructor_msgs:/home/ziad/Ziad_WS/ROS2/ziad_ws/install/move_program:/home/ziad/Ziad_WS/ROS2/ziad_ws/install/custom_turtleBot3:/home/ziad/Ziad_WS/ROS2/ziad_ws/install/custom_panda_controller:/home/ziad/Ziad_WS/ROS2/ziad_ws/install/bt_demo:/opt/ros/humble LD_LIBRARY_PATH=/home/ziad/Ziad_WS/ROS2/ziad_ws/install/moveit_task_constructor_capabilities/lib:/home/ziad/Ziad_WS/ROS2/ziad_ws/install/moveit_task_constructor_core/lib:/home/ziad/Ziad_WS/ROS2/ziad_ws/install/rviz_marker_tools/lib:/home/ziad/Ziad_WS/ROS2/ziad_ws/install/moveit_task_constructor_msgs/lib:/usr/lib/x86_64-linux-gnu/gazebo-11/plugins:/opt/ros/humble/opt/rviz_ogre_vendor/lib:/opt/ros/humble/lib/x86_64-linux-gnu:/opt/ros/humble/lib:/usr/lib/x86_64-linux-gnu/gazebo-11/plugins PYTHONPATH=/home/ziad/Ziad_WS/ROS2/ziad_ws/install/moveit_task_constructor_core/local/lib/python3.10/dist-packages:/home/ziad/Ziad_WS/ROS2/ziad_ws/install/moveit_task_constructor_msgs/local/lib/python3.10/dist-packages:${PYTHONPATH} /usr/bin/cmake /home/ziad/Ziad_WS/ROS2/ziad_ws/src/moveit_task_constructor/demo -DAMENT_CMAKE_SYMLINK_INSTALL=1 -DCMAKE_INSTALL_PREFIX=/home/ziad/Ziad_WS/ROS2/ziad_ws/install/moveit_task_constructor_demo
[0.368s] -- The C compiler identification is GNU 11.4.0
[0.544s] -- The CXX compiler identification is GNU 11.4.0
[0.571s] -- Detecting C compiler ABI info
[0.757s] -- Detecting C compiler ABI info - done
[0.781s] -- Check for working C compiler: /usr/bin/cc - skipped
[0.784s] -- Detecting C compile features
[0.787s] -- Detecting C compile features - done
[0.794s] -- Detecting CXX compiler ABI info
[1.000s] -- Detecting CXX compiler ABI info - done
[1.025s] -- Check for working CXX compiler: /usr/bin/c++ - skipped
[1.025s] -- Detecting CXX compile features
[1.026s] -- Detecting CXX compile features - done
[1.054s] -- Found ament_cmake: 1.3.12 (/opt/ros/humble/share/ament_cmake/cmake)
[3.971s] -- Found Python3: /usr/bin/python3 (found version "3.10.12") found components: Interpreter 
[4.110s] -- Override CMake install command with custom implementation using symlinks instead of copying resources
[4.207s] -- Found generate_parameter_library: 0.5.0 (/opt/ros/humble/share/generate_parameter_library/cmake)
[4.226s] -- Found parameter_traits: 0.5.0 (/opt/ros/humble/share/parameter_traits/cmake)
[4.412s] -- Found rosidl_generator_c: 3.1.7 (/opt/ros/humble/share/rosidl_generator_c/cmake)
[4.442s] -- Found rosidl_adapter: 3.1.7 (/opt/ros/humble/share/rosidl_adapter/cmake)
[4.480s] -- Found rosidl_generator_cpp: 3.1.7 (/opt/ros/humble/share/rosidl_generator_cpp/cmake)
[4.541s] -- Using all available rosidl_typesupport_c: rosidl_typesupport_fastrtps_c;rosidl_typesupport_introspection_c
[4.608s] -- Using all available rosidl_typesupport_cpp: rosidl_typesupport_fastrtps_cpp;rosidl_typesupport_introspection_cpp
[4.805s] -- Found rmw_implementation_cmake: 6.1.2 (/opt/ros/humble/share/rmw_implementation_cmake/cmake)
[4.820s] -- Found rmw_fastrtps_cpp: 6.2.8 (/opt/ros/humble/share/rmw_fastrtps_cpp/cmake)
[5.126s] -- Found OpenSSL: /usr/lib/x86_64-linux-gnu/libcrypto.so (found version "3.0.2")  
[5.227s] -- Found FastRTPS: /opt/ros/humble/include  
[5.368s] -- Using RMW implementation 'rmw_fastrtps_cpp' as default
[5.419s] -- Looking for pthread.h
[5.641s] -- Looking for pthread.h - found
[5.642s] -- Performing Test CMAKE_HAVE_LIBC_PTHREAD
[5.836s] -- Performing Test CMAKE_HAVE_LIBC_PTHREAD - Success
[5.837s] -- Found Threads: TRUE  
[6.136s] -- Found rclcpp_lifecycle: 16.0.14 (/opt/ros/humble/share/rclcpp_lifecycle/cmake)
[6.243s] -- Found moveit_common: 2.5.9 (/opt/ros/humble/share/moveit_common/cmake)
[6.576s] [0mmoveit_task_constructor_demo: You did not request a specific build type: Choosing 'Release' for maximum performance[0m
[6.588s] -- Found moveit_core: 2.5.9 (/opt/ros/humble/share/moveit_core/cmake)
[6.741s] -- Found Boost: /usr/lib/x86_64-linux-gnu/cmake/Boost-1.74.0/BoostConfig.cmake (found version "1.74.0") found components: chrono date_time filesystem iostreams program_options regex serialization system thread 
[6.906s] -- Found Boost: /usr/lib/x86_64-linux-gnu/cmake/Boost-1.74.0/BoostConfig.cmake (found version "1.74.0") found components: filesystem 
[7.220s] -- library: /usr/lib/x86_64-linux-gnu/libcurl.so
[7.506s] -- Found Eigen3: TRUE (found version "3.4.0") 
[7.506s] -- Ensuring Eigen3 include directory is part of orocos-kdl CMake target
[8.406s] -- Found moveit_ros_planning: 2.5.9 (/opt/ros/humble/share/moveit_ros_planning/cmake)
[8.423s] -- Found Boost: /usr/lib/x86_64-linux-gnu/cmake/Boost-1.74.0/BoostConfig.cmake (found version "1.74.0") found components: system filesystem date_time program_options thread chrono 
[8.526s] -- Found moveit_ros_planning_interface: 2.5.9 (/opt/ros/humble/share/moveit_ros_planning_interface/cmake)
[8.542s] -- Found Boost: /usr/lib/x86_64-linux-gnu/cmake/Boost-1.74.0/BoostConfig.cmake (found version "1.74.0") found components: date_time filesystem program_options system thread 
[8.601s] -- Found Boost: /usr/lib/x86_64-linux-gnu/cmake/Boost-1.74.0/BoostConfig.cmake (found version "1.74.0") found components: thread system filesystem regex date_time program_options 
[8.693s] -- Found Boost: /usr/lib/x86_64-linux-gnu/cmake/Boost-1.74.0/BoostConfig.cmake (found version "1.74.0") found components: system filesystem date_time program_options thread 
[8.774s] -- Found moveit_task_constructor_core: 0.1.3 (/home/ziad/Ziad_WS/ROS2/ziad_ws/install/moveit_task_constructor_core/share/moveit_task_constructor_core/cmake)
[8.963s] -- Configuring done
[9.338s] -- Generating done
[9.462s] -- Build files have been written to: /home/ziad/Ziad_WS/ROS2/ziad_ws/build/moveit_task_constructor_demo
[9.518s] Invoked command in '/home/ziad/Ziad_WS/ROS2/ziad_ws/build/moveit_task_constructor_demo' returned '0': AMENT_PREFIX_PATH=/home/ziad/Ziad_WS/ROS2/ziad_ws/install/moveit_task_constructor_capabilities:/home/ziad/Ziad_WS/ROS2/ziad_ws/install/moveit_task_constructor_core:/home/ziad/Ziad_WS/ROS2/ziad_ws/install/rviz_marker_tools:/home/ziad/Ziad_WS/ROS2/ziad_ws/install/moveit_task_constructor_msgs:${AMENT_PREFIX_PATH} CMAKE_MODULE_PATH=/home/ziad/Ziad_WS/ROS2/ziad_ws/install/moveit_task_constructor_core/share/moveit_task_constructor_core/cmake CMAKE_PREFIX_PATH=/home/ziad/Ziad_WS/ROS2/ziad_ws/install/moveit_task_constructor_capabilities:/home/ziad/Ziad_WS/ROS2/ziad_ws/install/moveit_task_constructor_core:/home/ziad/Ziad_WS/ROS2/ziad_ws/install/rviz_marker_tools:/home/ziad/Ziad_WS/ROS2/ziad_ws/install/moveit_task_constructor_msgs:/home/ziad/Ziad_WS/ROS2/ziad_ws/install/move_program:/home/ziad/Ziad_WS/ROS2/ziad_ws/install/custom_turtleBot3:/home/ziad/Ziad_WS/ROS2/ziad_ws/install/custom_panda_controller:/home/ziad/Ziad_WS/ROS2/ziad_ws/install/bt_demo:/opt/ros/humble LD_LIBRARY_PATH=/home/ziad/Ziad_WS/ROS2/ziad_ws/install/moveit_task_constructor_capabilities/lib:/home/ziad/Ziad_WS/ROS2/ziad_ws/install/moveit_task_constructor_core/lib:/home/ziad/Ziad_WS/ROS2/ziad_ws/install/rviz_marker_tools/lib:/home/ziad/Ziad_WS/ROS2/ziad_ws/install/moveit_task_constructor_msgs/lib:/usr/lib/x86_64-linux-gnu/gazebo-11/plugins:/opt/ros/humble/opt/rviz_ogre_vendor/lib:/opt/ros/humble/lib/x86_64-linux-gnu:/opt/ros/humble/lib:/usr/lib/x86_64-linux-gnu/gazebo-11/plugins PYTHONPATH=/home/ziad/Ziad_WS/ROS2/ziad_ws/install/moveit_task_constructor_core/local/lib/python3.10/dist-packages:/home/ziad/Ziad_WS/ROS2/ziad_ws/install/moveit_task_constructor_msgs/local/lib/python3.10/dist-packages:${PYTHONPATH} /usr/bin/cmake /home/ziad/Ziad_WS/ROS2/ziad_ws/src/moveit_task_constructor/demo -DAMENT_CMAKE_SYMLINK_INSTALL=1 -DCMAKE_INSTALL_PREFIX=/home/ziad/Ziad_WS/ROS2/ziad_ws/install/moveit_task_constructor_demo
[9.524s] Invoking command in '/home/ziad/Ziad_WS/ROS2/ziad_ws/build/moveit_task_constructor_demo': AMENT_PREFIX_PATH=/home/ziad/Ziad_WS/ROS2/ziad_ws/install/moveit_task_constructor_capabilities:/home/ziad/Ziad_WS/ROS2/ziad_ws/install/moveit_task_constructor_core:/home/ziad/Ziad_WS/ROS2/ziad_ws/install/rviz_marker_tools:/home/ziad/Ziad_WS/ROS2/ziad_ws/install/moveit_task_constructor_msgs:${AMENT_PREFIX_PATH} CMAKE_MODULE_PATH=/home/ziad/Ziad_WS/ROS2/ziad_ws/install/moveit_task_constructor_core/share/moveit_task_constructor_core/cmake CMAKE_PREFIX_PATH=/home/ziad/Ziad_WS/ROS2/ziad_ws/install/moveit_task_constructor_capabilities:/home/ziad/Ziad_WS/ROS2/ziad_ws/install/moveit_task_constructor_core:/home/ziad/Ziad_WS/ROS2/ziad_ws/install/rviz_marker_tools:/home/ziad/Ziad_WS/ROS2/ziad_ws/install/moveit_task_constructor_msgs:/home/ziad/Ziad_WS/ROS2/ziad_ws/install/move_program:/home/ziad/Ziad_WS/ROS2/ziad_ws/install/custom_turtleBot3:/home/ziad/Ziad_WS/ROS2/ziad_ws/install/custom_panda_controller:/home/ziad/Ziad_WS/ROS2/ziad_ws/install/bt_demo:/opt/ros/humble LD_LIBRARY_PATH=/home/ziad/Ziad_WS/ROS2/ziad_ws/install/moveit_task_constructor_capabilities/lib:/home/ziad/Ziad_WS/ROS2/ziad_ws/install/moveit_task_constructor_core/lib:/home/ziad/Ziad_WS/ROS2/ziad_ws/install/rviz_marker_tools/lib:/home/ziad/Ziad_WS/ROS2/ziad_ws/install/moveit_task_constructor_msgs/lib:/usr/lib/x86_64-linux-gnu/gazebo-11/plugins:/opt/ros/humble/opt/rviz_ogre_vendor/lib:/opt/ros/humble/lib/x86_64-linux-gnu:/opt/ros/humble/lib:/usr/lib/x86_64-linux-gnu/gazebo-11/plugins PYTHONPATH=/home/ziad/Ziad_WS/ROS2/ziad_ws/install/moveit_task_constructor_core/local/lib/python3.10/dist-packages:/home/ziad/Ziad_WS/ROS2/ziad_ws/install/moveit_task_constructor_msgs/local/lib/python3.10/dist-packages:${PYTHONPATH} /usr/bin/cmake --build /home/ziad/Ziad_WS/ROS2/ziad_ws/build/moveit_task_constructor_demo -- -j4 -l4
[9.651s] [  5%] [34m[1mRunning `/opt/ros/humble/bin/generate_parameter_library_cpp /home/ziad/Ziad_WS/ROS2/ziad_ws/build/moveit_task_constructor_demo/include/moveit_task_constructor_demo/pick_place_demo_parameters.hpp /home/ziad/Ziad_WS/ROS2/ziad_ws/src/moveit_task_constructor/demo/src/pick_place_demo_parameters.yaml `[0m
[11.637s] [ 11%] [34m[1mCreating deprecated header file /home/ziad/Ziad_WS/ROS2/ziad_ws/build/moveit_task_constructor_demo/include/pick_place_demo_parameters.hpp[0m
[11.673s] [ 11%] Built target pick_place_demo_parameters
[11.708s] [ 16%] [32mBuilding CXX object CMakeFiles/moveit_task_constructor_demo_alternative_path_costs.dir/src/alternative_path_costs.cpp.o[0m
[33.128s] [ 22%] [32m[1mLinking CXX executable alternative_path_costs[0m
[34.049s] [ 22%] Built target moveit_task_constructor_demo_alternative_path_costs
[34.104s] [ 27%] [34m[1mRunning `/opt/ros/humble/bin/generate_parameter_library_cpp /home/ziad/Ziad_WS/ROS2/ziad_ws/build/moveit_task_constructor_demo/include/moveit_task_constructor_demo/ik_clearance_cost_parameters.hpp /home/ziad/Ziad_WS/ROS2/ziad_ws/src/moveit_task_constructor/demo/src/ik_clearance_cost_parameters.yaml `[0m
[34.602s] [ 33%] [34m[1mCreating deprecated header file /home/ziad/Ziad_WS/ROS2/ziad_ws/build/moveit_task_constructor_demo/include/ik_clearance_cost_parameters.hpp[0m
[34.647s] [ 33%] Built target ik_clearance_cost_parameters
[34.708s] [ 38%] [32mBuilding CXX object CMakeFiles/moveit_task_constructor_demo_fallbacks_move_to.dir/src/fallbacks_move_to.cpp.o[0m
[57.588s] [ 44%] [32m[1mLinking CXX executable fallbacks_move_to[0m
[58.468s] [ 44%] Built target moveit_task_constructor_demo_fallbacks_move_to
[58.514s] [ 50%] [32mBuilding CXX object CMakeFiles/moveit_task_constructor_demo_pick_place_task.dir/src/pick_place_task.cpp.o[0m
[88.653s] [ 55%] [32m[1mLinking CXX shared library libmoveit_task_constructor_demo_pick_place_task.so[0m
[89.433s] [ 55%] Built target moveit_task_constructor_demo_pick_place_task
[89.478s] [ 61%] [32mBuilding CXX object CMakeFiles/moveit_task_constructor_demo_ik_clearance_cost.dir/src/ik_clearance_cost.cpp.o[0m
[112.234s] [ 66%] [32m[1mLinking CXX executable ik_clearance_cost[0m
[113.406s] [ 66%] Built target moveit_task_constructor_demo_ik_clearance_cost
[113.487s] [ 72%] [32mBuilding CXX object CMakeFiles/moveit_task_constructor_demo_pick_place_demo.dir/src/pick_place_demo.cpp.o[0m
[144.061s] [ 77%] [32m[1mLinking CXX executable pick_place_demo[0m
[144.963s] [ 77%] Built target moveit_task_constructor_demo_pick_place_demo
[145.010s] [ 83%] [32mBuilding CXX object CMakeFiles/moveit_task_constructor_demo_modular.dir/src/modular.cpp.o[0m
[165.782s] [ 88%] [32m[1mLinking CXX executable modular[0m
[166.296s] [ 88%] Built target moveit_task_constructor_demo_modular
[166.340s] [ 94%] [32mBuilding CXX object CMakeFiles/moveit_task_constructor_demo_cartesian.dir/src/cartesian.cpp.o[0m
[187.975s] [100%] [32m[1mLinking CXX executable cartesian[0m
[188.664s] [100%] Built target moveit_task_constructor_demo_cartesian
[188.796s] Invoked command in '/home/ziad/Ziad_WS/ROS2/ziad_ws/build/moveit_task_constructor_demo' returned '0': AMENT_PREFIX_PATH=/home/ziad/Ziad_WS/ROS2/ziad_ws/install/moveit_task_constructor_capabilities:/home/ziad/Ziad_WS/ROS2/ziad_ws/install/moveit_task_constructor_core:/home/ziad/Ziad_WS/ROS2/ziad_ws/install/rviz_marker_tools:/home/ziad/Ziad_WS/ROS2/ziad_ws/install/moveit_task_constructor_msgs:${AMENT_PREFIX_PATH} CMAKE_MODULE_PATH=/home/ziad/Ziad_WS/ROS2/ziad_ws/install/moveit_task_constructor_core/share/moveit_task_constructor_core/cmake CMAKE_PREFIX_PATH=/home/ziad/Ziad_WS/ROS2/ziad_ws/install/moveit_task_constructor_capabilities:/home/ziad/Ziad_WS/ROS2/ziad_ws/install/moveit_task_constructor_core:/home/ziad/Ziad_WS/ROS2/ziad_ws/install/rviz_marker_tools:/home/ziad/Ziad_WS/ROS2/ziad_ws/install/moveit_task_constructor_msgs:/home/ziad/Ziad_WS/ROS2/ziad_ws/install/move_program:/home/ziad/Ziad_WS/ROS2/ziad_ws/install/custom_turtleBot3:/home/ziad/Ziad_WS/ROS2/ziad_ws/install/custom_panda_controller:/home/ziad/Ziad_WS/ROS2/ziad_ws/install/bt_demo:/opt/ros/humble LD_LIBRARY_PATH=/home/ziad/Ziad_WS/ROS2/ziad_ws/install/moveit_task_constructor_capabilities/lib:/home/ziad/Ziad_WS/ROS2/ziad_ws/install/moveit_task_constructor_core/lib:/home/ziad/Ziad_WS/ROS2/ziad_ws/install/rviz_marker_tools/lib:/home/ziad/Ziad_WS/ROS2/ziad_ws/install/moveit_task_constructor_msgs/lib:/usr/lib/x86_64-linux-gnu/gazebo-11/plugins:/opt/ros/humble/opt/rviz_ogre_vendor/lib:/opt/ros/humble/lib/x86_64-linux-gnu:/opt/ros/humble/lib:/usr/lib/x86_64-linux-gnu/gazebo-11/plugins PYTHONPATH=/home/ziad/Ziad_WS/ROS2/ziad_ws/install/moveit_task_constructor_core/local/lib/python3.10/dist-packages:/home/ziad/Ziad_WS/ROS2/ziad_ws/install/moveit_task_constructor_msgs/local/lib/python3.10/dist-packages:${PYTHONPATH} /usr/bin/cmake --build /home/ziad/Ziad_WS/ROS2/ziad_ws/build/moveit_task_constructor_demo -- -j4 -l4
[188.893s] Invoking command in '/home/ziad/Ziad_WS/ROS2/ziad_ws/build/moveit_task_constructor_demo': AMENT_PREFIX_PATH=/home/ziad/Ziad_WS/ROS2/ziad_ws/install/moveit_task_constructor_capabilities:/home/ziad/Ziad_WS/ROS2/ziad_ws/install/moveit_task_constructor_core:/home/ziad/Ziad_WS/ROS2/ziad_ws/install/rviz_marker_tools:/home/ziad/Ziad_WS/ROS2/ziad_ws/install/moveit_task_constructor_msgs:${AMENT_PREFIX_PATH} CMAKE_MODULE_PATH=/home/ziad/Ziad_WS/ROS2/ziad_ws/install/moveit_task_constructor_core/share/moveit_task_constructor_core/cmake CMAKE_PREFIX_PATH=/home/ziad/Ziad_WS/ROS2/ziad_ws/install/moveit_task_constructor_capabilities:/home/ziad/Ziad_WS/ROS2/ziad_ws/install/moveit_task_constructor_core:/home/ziad/Ziad_WS/ROS2/ziad_ws/install/rviz_marker_tools:/home/ziad/Ziad_WS/ROS2/ziad_ws/install/moveit_task_constructor_msgs:/home/ziad/Ziad_WS/ROS2/ziad_ws/install/move_program:/home/ziad/Ziad_WS/ROS2/ziad_ws/install/custom_turtleBot3:/home/ziad/Ziad_WS/ROS2/ziad_ws/install/custom_panda_controller:/home/ziad/Ziad_WS/ROS2/ziad_ws/install/bt_demo:/opt/ros/humble LD_LIBRARY_PATH=/home/ziad/Ziad_WS/ROS2/ziad_ws/install/moveit_task_constructor_capabilities/lib:/home/ziad/Ziad_WS/ROS2/ziad_ws/install/moveit_task_constructor_core/lib:/home/ziad/Ziad_WS/ROS2/ziad_ws/install/rviz_marker_tools/lib:/home/ziad/Ziad_WS/ROS2/ziad_ws/install/moveit_task_constructor_msgs/lib:/usr/lib/x86_64-linux-gnu/gazebo-11/plugins:/opt/ros/humble/opt/rviz_ogre_vendor/lib:/opt/ros/humble/lib/x86_64-linux-gnu:/opt/ros/humble/lib:/usr/lib/x86_64-linux-gnu/gazebo-11/plugins PYTHONPATH=/home/ziad/Ziad_WS/ROS2/ziad_ws/install/moveit_task_constructor_core/local/lib/python3.10/dist-packages:/home/ziad/Ziad_WS/ROS2/ziad_ws/install/moveit_task_constructor_msgs/local/lib/python3.10/dist-packages:${PYTHONPATH} /usr/bin/cmake --install /home/ziad/Ziad_WS/ROS2/ziad_ws/build/moveit_task_constructor_demo
[188.901s] -- Install configuration: "Release"
[188.904s] -- Execute custom install script
[188.913s] -- Symlinking: /home/ziad/Ziad_WS/ROS2/ziad_ws/install/moveit_task_constructor_demo/lib/libmoveit_task_constructor_demo_pick_place_task.so
[188.937s] -- Symlinking: /home/ziad/Ziad_WS/ROS2/ziad_ws/install/moveit_task_constructor_demo/lib/moveit_task_constructor_demo/cartesian
[188.963s] -- Symlinking: /home/ziad/Ziad_WS/ROS2/ziad_ws/install/moveit_task_constructor_demo/lib/moveit_task_constructor_demo/modular
[188.994s] -- Symlinking: /home/ziad/Ziad_WS/ROS2/ziad_ws/install/moveit_task_constructor_demo/lib/moveit_task_constructor_demo/alternative_path_costs
[189.021s] -- Symlinking: /home/ziad/Ziad_WS/ROS2/ziad_ws/install/moveit_task_constructor_demo/include/moveit_task_constructor_demo/ik_clearance_cost_parameters.hpp
[189.044s] -- Symlinking: /home/ziad/Ziad_WS/ROS2/ziad_ws/install/moveit_task_constructor_demo/include/moveit_task_constructor_demo/pick_place_demo_parameters.hpp
[189.074s] -- Symlinking: /home/ziad/Ziad_WS/ROS2/ziad_ws/install/moveit_task_constructor_demo/lib/moveit_task_constructor_demo/ik_clearance_cost
[189.098s] -- Symlinking: /home/ziad/Ziad_WS/ROS2/ziad_ws/install/moveit_task_constructor_demo/lib/moveit_task_constructor_demo/fallbacks_move_to
[189.121s] -- Up-to-date symlink: /home/ziad/Ziad_WS/ROS2/ziad_ws/install/moveit_task_constructor_demo/include/moveit_task_constructor_demo/ik_clearance_cost_parameters.hpp
[189.122s] -- Up-to-date symlink: /home/ziad/Ziad_WS/ROS2/ziad_ws/install/moveit_task_constructor_demo/include/moveit_task_constructor_demo/pick_place_demo_parameters.hpp
[189.122s] -- Symlinking: /home/ziad/Ziad_WS/ROS2/ziad_ws/install/moveit_task_constructor_demo/lib/moveit_task_constructor_demo/pick_place_demo
[189.153s] -- Symlinking: /home/ziad/Ziad_WS/ROS2/ziad_ws/install/moveit_task_constructor_demo/lib/moveit_task_constructor_demo/alternatives.py
[189.164s] -- Symlinking: /home/ziad/Ziad_WS/ROS2/ziad_ws/install/moveit_task_constructor_demo/lib/moveit_task_constructor_demo/cartesian.py
[189.192s] -- Symlinking: /home/ziad/Ziad_WS/ROS2/ziad_ws/install/moveit_task_constructor_demo/lib/moveit_task_constructor_demo/compute_ik.py
[189.204s] -- Symlinking: /home/ziad/Ziad_WS/ROS2/ziad_ws/install/moveit_task_constructor_demo/lib/moveit_task_constructor_demo/constrained.py
[189.234s] -- Symlinking: /home/ziad/Ziad_WS/ROS2/ziad_ws/install/moveit_task_constructor_demo/lib/moveit_task_constructor_demo/current_state.py
[189.251s] -- Symlinking: /home/ziad/Ziad_WS/ROS2/ziad_ws/install/moveit_task_constructor_demo/lib/moveit_task_constructor_demo/fallbacks.py
[189.271s] -- Symlinking: /home/ziad/Ziad_WS/ROS2/ziad_ws/install/moveit_task_constructor_demo/lib/moveit_task_constructor_demo/fix_collision_objects.py
[189.291s] -- Symlinking: /home/ziad/Ziad_WS/ROS2/ziad_ws/install/moveit_task_constructor_demo/lib/moveit_task_constructor_demo/fixed_state.py
[189.303s] -- Symlinking: /home/ziad/Ziad_WS/ROS2/ziad_ws/install/moveit_task_constructor_demo/lib/moveit_task_constructor_demo/generate_pose.py
[189.322s] -- Symlinking: /home/ziad/Ziad_WS/ROS2/ziad_ws/install/moveit_task_constructor_demo/lib/moveit_task_constructor_demo/merger.py
[189.341s] -- Symlinking: /home/ziad/Ziad_WS/ROS2/ziad_ws/install/moveit_task_constructor_demo/lib/moveit_task_constructor_demo/modify_planning_scene.py
[189.361s] -- Symlinking: /home/ziad/Ziad_WS/ROS2/ziad_ws/install/moveit_task_constructor_demo/lib/moveit_task_constructor_demo/multi_planner.py
[189.380s] -- Symlinking: /home/ziad/Ziad_WS/ROS2/ziad_ws/install/moveit_task_constructor_demo/lib/moveit_task_constructor_demo/pickplace.py
[189.398s] -- Symlinking: /home/ziad/Ziad_WS/ROS2/ziad_ws/install/moveit_task_constructor_demo/lib/moveit_task_constructor_demo/properties.py
[189.420s] -- Symlinking: /home/ziad/Ziad_WS/ROS2/ziad_ws/install/moveit_task_constructor_demo/share/moveit_task_constructor_demo/launch/demo.launch.py
[189.438s] -- Symlinking: /home/ziad/Ziad_WS/ROS2/ziad_ws/install/moveit_task_constructor_demo/share/moveit_task_constructor_demo/launch/run.launch.py
[189.458s] -- Symlinking: /home/ziad/Ziad_WS/ROS2/ziad_ws/install/moveit_task_constructor_demo/share/moveit_task_constructor_demo/config/mtc.rviz
[189.479s] -- Symlinking: /home/ziad/Ziad_WS/ROS2/ziad_ws/install/moveit_task_constructor_demo/share/moveit_task_constructor_demo/config/panda_config.yaml
[189.497s] -- Symlinking: /home/ziad/Ziad_WS/ROS2/ziad_ws/install/moveit_task_constructor_demo/share/ament_index/resource_index/package_run_dependencies/moveit_task_constructor_demo
[189.517s] -- Symlinking: /home/ziad/Ziad_WS/ROS2/ziad_ws/install/moveit_task_constructor_demo/share/ament_index/resource_index/parent_prefix_path/moveit_task_constructor_demo
[189.538s] -- Symlinking: /home/ziad/Ziad_WS/ROS2/ziad_ws/install/moveit_task_constructor_demo/share/moveit_task_constructor_demo/environment/ament_prefix_path.sh
[189.557s] -- Symlinking: /home/ziad/Ziad_WS/ROS2/ziad_ws/install/moveit_task_constructor_demo/share/moveit_task_constructor_demo/environment/ament_prefix_path.dsv
[189.577s] -- Symlinking: /home/ziad/Ziad_WS/ROS2/ziad_ws/install/moveit_task_constructor_demo/share/moveit_task_constructor_demo/environment/path.sh
[189.594s] -- Symlinking: /home/ziad/Ziad_WS/ROS2/ziad_ws/install/moveit_task_constructor_demo/share/moveit_task_constructor_demo/environment/path.dsv
[189.614s] -- Symlinking: /home/ziad/Ziad_WS/ROS2/ziad_ws/install/moveit_task_constructor_demo/share/moveit_task_constructor_demo/local_setup.bash
[189.632s] -- Symlinking: /home/ziad/Ziad_WS/ROS2/ziad_ws/install/moveit_task_constructor_demo/share/moveit_task_constructor_demo/local_setup.sh
[189.652s] -- Symlinking: /home/ziad/Ziad_WS/ROS2/ziad_ws/install/moveit_task_constructor_demo/share/moveit_task_constructor_demo/local_setup.zsh
[189.663s] -- Symlinking: /home/ziad/Ziad_WS/ROS2/ziad_ws/install/moveit_task_constructor_demo/share/moveit_task_constructor_demo/local_setup.dsv
[189.683s] -- Symlinking: /home/ziad/Ziad_WS/ROS2/ziad_ws/install/moveit_task_constructor_demo/share/moveit_task_constructor_demo/package.dsv
[189.704s] -- Symlinking: /home/ziad/Ziad_WS/ROS2/ziad_ws/install/moveit_task_constructor_demo/share/ament_index/resource_index/packages/moveit_task_constructor_demo
[189.722s] -- Symlinking: /home/ziad/Ziad_WS/ROS2/ziad_ws/install/moveit_task_constructor_demo/share/moveit_task_constructor_demo/cmake/moveit_task_constructor_demoConfig.cmake
[189.741s] -- Symlinking: /home/ziad/Ziad_WS/ROS2/ziad_ws/install/moveit_task_constructor_demo/share/moveit_task_constructor_demo/cmake/moveit_task_constructor_demoConfig-version.cmake
[189.759s] -- Symlinking: /home/ziad/Ziad_WS/ROS2/ziad_ws/install/moveit_task_constructor_demo/share/moveit_task_constructor_demo/package.xml
[189.796s] Invoked command in '/home/ziad/Ziad_WS/ROS2/ziad_ws/build/moveit_task_constructor_demo' returned '0': AMENT_PREFIX_PATH=/home/ziad/Ziad_WS/ROS2/ziad_ws/install/moveit_task_constructor_capabilities:/home/ziad/Ziad_WS/ROS2/ziad_ws/install/moveit_task_constructor_core:/home/ziad/Ziad_WS/ROS2/ziad_ws/install/rviz_marker_tools:/home/ziad/Ziad_WS/ROS2/ziad_ws/install/moveit_task_constructor_msgs:${AMENT_PREFIX_PATH} CMAKE_MODULE_PATH=/home/ziad/Ziad_WS/ROS2/ziad_ws/install/moveit_task_constructor_core/share/moveit_task_constructor_core/cmake CMAKE_PREFIX_PATH=/home/ziad/Ziad_WS/ROS2/ziad_ws/install/moveit_task_constructor_capabilities:/home/ziad/Ziad_WS/ROS2/ziad_ws/install/moveit_task_constructor_core:/home/ziad/Ziad_WS/ROS2/ziad_ws/install/rviz_marker_tools:/home/ziad/Ziad_WS/ROS2/ziad_ws/install/moveit_task_constructor_msgs:/home/ziad/Ziad_WS/ROS2/ziad_ws/install/move_program:/home/ziad/Ziad_WS/ROS2/ziad_ws/install/custom_turtleBot3:/home/ziad/Ziad_WS/ROS2/ziad_ws/install/custom_panda_controller:/home/ziad/Ziad_WS/ROS2/ziad_ws/install/bt_demo:/opt/ros/humble LD_LIBRARY_PATH=/home/ziad/Ziad_WS/ROS2/ziad_ws/install/moveit_task_constructor_capabilities/lib:/home/ziad/Ziad_WS/ROS2/ziad_ws/install/moveit_task_constructor_core/lib:/home/ziad/Ziad_WS/ROS2/ziad_ws/install/rviz_marker_tools/lib:/home/ziad/Ziad_WS/ROS2/ziad_ws/install/moveit_task_constructor_msgs/lib:/usr/lib/x86_64-linux-gnu/gazebo-11/plugins:/opt/ros/humble/opt/rviz_ogre_vendor/lib:/opt/ros/humble/lib/x86_64-linux-gnu:/opt/ros/humble/lib:/usr/lib/x86_64-linux-gnu/gazebo-11/plugins PYTHONPATH=/home/ziad/Ziad_WS/ROS2/ziad_ws/install/moveit_task_constructor_core/local/lib/python3.10/dist-packages:/home/ziad/Ziad_WS/ROS2/ziad_ws/install/moveit_task_constructor_msgs/local/lib/python3.10/dist-packages:${PYTHONPATH} /usr/bin/cmake --install /home/ziad/Ziad_WS/ROS2/ziad_ws/build/moveit_task_constructor_demo
