[ 50%] Built target move_robot
[ 75%] [32mBuilding CXX object CMakeFiles/stop_robot.dir/src/stop_robot.cpp.o[0m
[100%] [32m[1mLinking CXX executable stop_robot[0m
[100%] Built target stop_robot
-- Install configuration: ""
-- Up-to-date: /home/ziad/ziad_ws/ROS2/work_space/install/ros2_control_turtel_bot/lib/ros2_control_turtel_bot/move_robot
-- Installing: /home/ziad/ziad_ws/ROS2/work_space/install/ros2_control_turtel_bot/lib/ros2_control_turtel_bot/stop_robot
-- Set non-toolchain portion of runtime path of "/home/ziad/ziad_ws/ROS2/work_space/install/ros2_control_turtel_bot/lib/ros2_control_turtel_bot/stop_robot" to ""
-- Up-to-date: /home/ziad/ziad_ws/ROS2/work_space/install/ros2_control_turtel_bot/share/ament_index/resource_index/package_run_dependencies/ros2_control_turtel_bot
-- Up-to-date: /home/ziad/ziad_ws/ROS2/work_space/install/ros2_control_turtel_bot/share/ament_index/resource_index/parent_prefix_path/ros2_control_turtel_bot
-- Up-to-date: /home/ziad/ziad_ws/ROS2/work_space/install/ros2_control_turtel_bot/share/ros2_control_turtel_bot/environment/ament_prefix_path.sh
-- Up-to-date: /home/ziad/ziad_ws/ROS2/work_space/install/ros2_control_turtel_bot/share/ros2_control_turtel_bot/environment/ament_prefix_path.dsv
-- Up-to-date: /home/ziad/ziad_ws/ROS2/work_space/install/ros2_control_turtel_bot/share/ros2_control_turtel_bot/environment/path.sh
-- Up-to-date: /home/ziad/ziad_ws/ROS2/work_space/install/ros2_control_turtel_bot/share/ros2_control_turtel_bot/environment/path.dsv
-- Up-to-date: /home/ziad/ziad_ws/ROS2/work_space/install/ros2_control_turtel_bot/share/ros2_control_turtel_bot/local_setup.bash
-- Up-to-date: /home/ziad/ziad_ws/ROS2/work_space/install/ros2_control_turtel_bot/share/ros2_control_turtel_bot/local_setup.sh
-- Up-to-date: /home/ziad/ziad_ws/ROS2/work_space/install/ros2_control_turtel_bot/share/ros2_control_turtel_bot/local_setup.zsh
-- Up-to-date: /home/ziad/ziad_ws/ROS2/work_space/install/ros2_control_turtel_bot/share/ros2_control_turtel_bot/local_setup.dsv
-- Installing: /home/ziad/ziad_ws/ROS2/work_space/install/ros2_control_turtel_bot/share/ros2_control_turtel_bot/package.dsv
-- Up-to-date: /home/ziad/ziad_ws/ROS2/work_space/install/ros2_control_turtel_bot/share/ament_index/resource_index/packages/ros2_control_turtel_bot
-- Up-to-date: /home/ziad/ziad_ws/ROS2/work_space/install/ros2_control_turtel_bot/share/ros2_control_turtel_bot/cmake/ros2_control_turtel_botConfig.cmake
-- Up-to-date: /home/ziad/ziad_ws/ROS2/work_space/install/ros2_control_turtel_bot/share/ros2_control_turtel_bot/cmake/ros2_control_turtel_botConfig-version.cmake
-- Up-to-date: /home/ziad/ziad_ws/ROS2/work_space/install/ros2_control_turtel_bot/share/ros2_control_turtel_bot/package.xml
