[0.027s] Invoking command in '/home/ziad/ziad_ws/ROS2/work_space/build/ros2_control_turtel_bot': CMAKE_PREFIX_PATH=${CMAKE_PREFIX_PATH}:/home/ziad/ziad_ws/ROS2/turtlebot3_ws/install/turtlebot3_teleop:/home/ziad/ziad_ws/ROS2/turtlebot3_ws/install/turtlebot3_example:/opt/ros/jazzy DEBUGINFOD_URLS=https://debuginfod.ubuntu.com /usr/bin/cmake --build /home/ziad/ziad_ws/ROS2/work_space/build/ros2_control_turtel_bot -- -j4 -l4
[0.315s] [ 50%] Built target move_robot
[0.452s] [ 75%] [32mBuilding CXX object CMakeFiles/stop_robot.dir/src/stop_robot.cpp.o[0m
[9.469s] [100%] [32m[1mLinking CXX executable stop_robot[0m
[9.788s] [100%] Built target stop_robot
[9.802s] Invoked command in '/home/ziad/ziad_ws/ROS2/work_space/build/ros2_control_turtel_bot' returned '0': CMAKE_PREFIX_PATH=${CMAKE_PREFIX_PATH}:/home/ziad/ziad_ws/ROS2/turtlebot3_ws/install/turtlebot3_teleop:/home/ziad/ziad_ws/ROS2/turtlebot3_ws/install/turtlebot3_example:/opt/ros/jazzy DEBUGINFOD_URLS=https://debuginfod.ubuntu.com /usr/bin/cmake --build /home/ziad/ziad_ws/ROS2/work_space/build/ros2_control_turtel_bot -- -j4 -l4
[9.804s] Invoking command in '/home/ziad/ziad_ws/ROS2/work_space/build/ros2_control_turtel_bot': CMAKE_PREFIX_PATH=${CMAKE_PREFIX_PATH}:/home/ziad/ziad_ws/ROS2/turtlebot3_ws/install/turtlebot3_teleop:/home/ziad/ziad_ws/ROS2/turtlebot3_ws/install/turtlebot3_example:/opt/ros/jazzy DEBUGINFOD_URLS=https://debuginfod.ubuntu.com /usr/bin/cmake --install /home/ziad/ziad_ws/ROS2/work_space/build/ros2_control_turtel_bot
[9.821s] -- Install configuration: ""
[9.821s] -- Up-to-date: /home/ziad/ziad_ws/ROS2/work_space/install/ros2_control_turtel_bot/lib/ros2_control_turtel_bot/move_robot
[9.822s] -- Installing: /home/ziad/ziad_ws/ROS2/work_space/install/ros2_control_turtel_bot/lib/ros2_control_turtel_bot/stop_robot
[9.824s] -- Set non-toolchain portion of runtime path of "/home/ziad/ziad_ws/ROS2/work_space/install/ros2_control_turtel_bot/lib/ros2_control_turtel_bot/stop_robot" to ""
[9.824s] -- Up-to-date: /home/ziad/ziad_ws/ROS2/work_space/install/ros2_control_turtel_bot/share/ament_index/resource_index/package_run_dependencies/ros2_control_turtel_bot
[9.824s] -- Up-to-date: /home/ziad/ziad_ws/ROS2/work_space/install/ros2_control_turtel_bot/share/ament_index/resource_index/parent_prefix_path/ros2_control_turtel_bot
[9.825s] -- Up-to-date: /home/ziad/ziad_ws/ROS2/work_space/install/ros2_control_turtel_bot/share/ros2_control_turtel_bot/environment/ament_prefix_path.sh
[9.825s] -- Up-to-date: /home/ziad/ziad_ws/ROS2/work_space/install/ros2_control_turtel_bot/share/ros2_control_turtel_bot/environment/ament_prefix_path.dsv
[9.825s] -- Up-to-date: /home/ziad/ziad_ws/ROS2/work_space/install/ros2_control_turtel_bot/share/ros2_control_turtel_bot/environment/path.sh
[9.825s] -- Up-to-date: /home/ziad/ziad_ws/ROS2/work_space/install/ros2_control_turtel_bot/share/ros2_control_turtel_bot/environment/path.dsv
[9.825s] -- Up-to-date: /home/ziad/ziad_ws/ROS2/work_space/install/ros2_control_turtel_bot/share/ros2_control_turtel_bot/local_setup.bash
[9.825s] -- Up-to-date: /home/ziad/ziad_ws/ROS2/work_space/install/ros2_control_turtel_bot/share/ros2_control_turtel_bot/local_setup.sh
[9.825s] -- Up-to-date: /home/ziad/ziad_ws/ROS2/work_space/install/ros2_control_turtel_bot/share/ros2_control_turtel_bot/local_setup.zsh
[9.826s] -- Up-to-date: /home/ziad/ziad_ws/ROS2/work_space/install/ros2_control_turtel_bot/share/ros2_control_turtel_bot/local_setup.dsv
[9.826s] -- Installing: /home/ziad/ziad_ws/ROS2/work_space/install/ros2_control_turtel_bot/share/ros2_control_turtel_bot/package.dsv
[9.826s] -- Up-to-date: /home/ziad/ziad_ws/ROS2/work_space/install/ros2_control_turtel_bot/share/ament_index/resource_index/packages/ros2_control_turtel_bot
[9.826s] -- Up-to-date: /home/ziad/ziad_ws/ROS2/work_space/install/ros2_control_turtel_bot/share/ros2_control_turtel_bot/cmake/ros2_control_turtel_botConfig.cmake
[9.826s] -- Up-to-date: /home/ziad/ziad_ws/ROS2/work_space/install/ros2_control_turtel_bot/share/ros2_control_turtel_bot/cmake/ros2_control_turtel_botConfig-version.cmake
[9.826s] -- Up-to-date: /home/ziad/ziad_ws/ROS2/work_space/install/ros2_control_turtel_bot/share/ros2_control_turtel_bot/package.xml
[9.828s] Invoked command in '/home/ziad/ziad_ws/ROS2/work_space/build/ros2_control_turtel_bot' returned '0': CMAKE_PREFIX_PATH=${CMAKE_PREFIX_PATH}:/home/ziad/ziad_ws/ROS2/turtlebot3_ws/install/turtlebot3_teleop:/home/ziad/ziad_ws/ROS2/turtlebot3_ws/install/turtlebot3_example:/opt/ros/jazzy DEBUGINFOD_URLS=https://debuginfod.ubuntu.com /usr/bin/cmake --install /home/ziad/ziad_ws/ROS2/work_space/build/ros2_control_turtel_bot
