[0.026s] Invoking command in '/home/ziad/Ziad_WS/ROS2/work_space/build/cyber_truck': CMAKE_PREFIX_PATH=/opt/ros/humble /usr/bin/cmake /home/ziad/Ziad_WS/ROS2/work_space/src/cyber_truck -DCMAKE_INSTALL_PREFIX=/home/ziad/Ziad_WS/ROS2/work_space/install/cyber_truck
[0.054s] -- Found ament_cmake: 1.3.12 (/opt/ros/humble/share/ament_cmake/cmake)
[0.292s] -- Found rclcpp: 16.0.14 (/opt/ros/humble/share/rclcpp/cmake)
[0.373s] -- Found rosidl_generator_c: 3.1.7 (/opt/ros/humble/share/rosidl_generator_c/cmake)
[0.381s] -- Found rosidl_adapter: 3.1.7 (/opt/ros/humble/share/rosidl_adapter/cmake)
[0.391s] -- Found rosidl_generator_cpp: 3.1.7 (/opt/ros/humble/share/rosidl_generator_cpp/cmake)
[0.420s] -- Using all available rosidl_typesupport_c: rosidl_typesupport_fastrtps_c;rosidl_typesupport_introspection_c
[0.459s] -- Using all available rosidl_typesupport_cpp: rosidl_typesupport_fastrtps_cpp;rosidl_typesupport_introspection_cpp
[0.586s] -- Found rmw_implementation_cmake: 6.1.2 (/opt/ros/humble/share/rmw_implementation_cmake/cmake)
[0.586s] -- Found rmw_fastrtps_cpp: 6.2.8 (/opt/ros/humble/share/rmw_fastrtps_cpp/cmake)
[1.046s] -- Using RMW implementation 'rmw_fastrtps_cpp' as default
[1.188s] -- Found geometry_msgs: 4.9.0 (/opt/ros/humble/share/geometry_msgs/cmake)
[1.215s] -- Found rclcpp_action: 16.0.14 (/opt/ros/humble/share/rclcpp_action/cmake)
[1.283s] -- Found sensor_msgs: 4.9.0 (/opt/ros/humble/share/sensor_msgs/cmake)
[1.320s] -- Found nav_msgs: 4.9.0 (/opt/ros/humble/share/nav_msgs/cmake)
[1.356s] -- Found tf2: 0.25.16 (/opt/ros/humble/share/tf2/cmake)
[1.365s] -- Found tf2_ros: 0.25.16 (/opt/ros/humble/share/tf2_ros/cmake)
[1.472s] -- Found tf2_geometry_msgs: 0.25.16 (/opt/ros/humble/share/tf2_geometry_msgs/cmake)
[1.479s] -- Found eigen3_cmake_module: 0.1.1 (/opt/ros/humble/share/eigen3_cmake_module/cmake)
[1.482s] -- Ensuring Eigen3 include directory is part of orocos-kdl CMake target
[1.485s] -- Found rosidl_default_generators: 1.2.0 (/opt/ros/humble/share/rosidl_default_generators/cmake)
[1.500s] -- Found robot_state_publisher: 3.0.3 (/opt/ros/humble/share/robot_state_publisher/cmake)
[1.585s] [31mCMake Error at CMakeLists.txt:21 (find_package):
[1.585s]   By not providing "Findjoint_state_publisher.cmake" in CMAKE_MODULE_PATH
[1.585s]   this project has asked CMake to find a package configuration file provided
[1.585s]   by "joint_state_publisher", but CMake did not find one.
[1.585s] 
[1.586s]   Could not find a package configuration file provided by
[1.586s]   "joint_state_publisher" with any of the following names:
[1.586s] 
[1.586s]     joint_state_publisherConfig.cmake
[1.586s]     joint_state_publisher-config.cmake
[1.586s] 
[1.586s]   Add the installation prefix of "joint_state_publisher" to CMAKE_PREFIX_PATH
[1.587s]   or set "joint_state_publisher_DIR" to a directory containing one of the
[1.587s]   above files.  If "joint_state_publisher" provides a separate development
[1.587s]   package or SDK, be sure it has been installed.
[1.587s] 
[1.587s] [0m
[1.588s] -- Configuring incomplete, errors occurred!
[1.588s] See also "/home/ziad/Ziad_WS/ROS2/work_space/build/cyber_truck/CMakeFiles/CMakeOutput.log".
[1.604s] Invoked command in '/home/ziad/Ziad_WS/ROS2/work_space/build/cyber_truck' returned '1': CMAKE_PREFIX_PATH=/opt/ros/humble /usr/bin/cmake /home/ziad/Ziad_WS/ROS2/work_space/src/cyber_truck -DCMAKE_INSTALL_PREFIX=/home/ziad/Ziad_WS/ROS2/work_space/install/cyber_truck
