[35m[1mConsolidate compiler generated dependencies of target turtlebot3_controller[0m
[35m[1mConsolidate compiler generated dependencies of target turtlebot3_custom__rosidl_generator_c[0m
[  2%] Built target turtlebot3_custom__cpp
failed to create symbolic link '/home/ziad/Ziad_WS/ROS2/work_space/build/turtlebot3_custom/ament_cmake_python/turtlebot3_custom/turtlebot3_custom' because existing path cannot be removed: Is a directory
gmake[2]: *** [CMakeFiles/ament_cmake_python_symlink_turtlebot3_custom.dir/build.make:70: CMakeFiles/ament_cmake_python_symlink_turtlebot3_custom] Error 1
gmake[1]: *** [CMakeFiles/Makefile2:431: CMakeFiles/ament_cmake_python_symlink_turtlebot3_custom.dir/all] Error 2
gmake[1]: *** Waiting for unfinished jobs....
[35m[1mConsolidate compiler generated dependencies of target turtlebot3_custom__rosidl_typesupport_cpp[0m
[  4%] [32mBuilding C object CMakeFiles/turtlebot3_custom__rosidl_generator_c.dir/rosidl_generator_c/turtlebot3_custom/srv/detail/get_robot_status__functions.c.o[0m
[  6%] [32mBuilding C object CMakeFiles/turtlebot3_custom__rosidl_generator_c.dir/rosidl_generator_c/turtlebot3_custom/action/detail/navigate_to_goal__functions.c.o[0m
[  8%] [32mBuilding CXX object CMakeFiles/turtlebot3_controller.dir/src/turtlebot3_controller.cpp.o[0m
[ 10%] [32mBuilding CXX object CMakeFiles/turtlebot3_custom__rosidl_typesupport_cpp.dir/rosidl_typesupport_cpp/turtlebot3_custom/action/navigate_to_goal__type_support.cpp.o[0m
[ 12%] [32mBuilding CXX object CMakeFiles/turtlebot3_custom__rosidl_typesupport_cpp.dir/rosidl_typesupport_cpp/turtlebot3_custom/srv/get_robot_status__type_support.cpp.o[0m
[ 14%] [32m[1mLinking C shared library libturtlebot3_custom__rosidl_generator_c.so[0m
[ 16%] Built target turtlebot3_custom__rosidl_generator_c
[ 18%] [32m[1mLinking CXX shared library libturtlebot3_custom__rosidl_typesupport_cpp.so[0m
[ 20%] Built target turtlebot3_custom__rosidl_typesupport_cpp
[ 22%] [32m[1mLinking CXX executable turtlebot3_controller[0m
[ 22%] Built target turtlebot3_controller
gmake: *** [Makefile:146: all] Error 2
