[0.059s] Invoking command in '/home/ziad/Ziad_WS/ROS2/work_space/build/turtlebot3_custom': CMAKE_PREFIX_PATH=${CMAKE_PREFIX_PATH}:/opt/ros/humble /usr/bin/cmake --build /home/ziad/Ziad_WS/ROS2/work_space/build/turtlebot3_custom -- -j4 -l4
[0.147s] [35m[1mConsolidate compiler generated dependencies of target turtlebot3_controller[0m
[0.153s] [35m[1mConsolidate compiler generated dependencies of target turtlebot3_custom__rosidl_generator_c[0m
[0.163s] [  2%] Built target turtlebot3_custom__cpp
[0.176s] failed to create symbolic link '/home/ziad/Ziad_WS/ROS2/work_space/build/turtlebot3_custom/ament_cmake_python/turtlebot3_custom/turtlebot3_custom' because existing path cannot be removed: Is a directory
[0.178s] gmake[2]: *** [CMakeFiles/ament_cmake_python_symlink_turtlebot3_custom.dir/build.make:70: CMakeFiles/ament_cmake_python_symlink_turtlebot3_custom] Error 1
[0.178s] gmake[1]: *** [CMakeFiles/Makefile2:431: CMakeFiles/ament_cmake_python_symlink_turtlebot3_custom.dir/all] Error 2
[0.179s] gmake[1]: *** Waiting for unfinished jobs....
[0.194s] [35m[1mConsolidate compiler generated dependencies of target turtlebot3_custom__rosidl_typesupport_cpp[0m
[0.195s] [  4%] [32mBuilding C object CMakeFiles/turtlebot3_custom__rosidl_generator_c.dir/rosidl_generator_c/turtlebot3_custom/srv/detail/get_robot_status__functions.c.o[0m
[0.196s] [  6%] [32mBuilding C object CMakeFiles/turtlebot3_custom__rosidl_generator_c.dir/rosidl_generator_c/turtlebot3_custom/action/detail/navigate_to_goal__functions.c.o[0m
[0.213s] [  8%] [32mBuilding CXX object CMakeFiles/turtlebot3_controller.dir/src/turtlebot3_controller.cpp.o[0m
[0.227s] [ 10%] [32mBuilding CXX object CMakeFiles/turtlebot3_custom__rosidl_typesupport_cpp.dir/rosidl_typesupport_cpp/turtlebot3_custom/action/navigate_to_goal__type_support.cpp.o[0m
[0.550s] [ 12%] [32mBuilding CXX object CMakeFiles/turtlebot3_custom__rosidl_typesupport_cpp.dir/rosidl_typesupport_cpp/turtlebot3_custom/srv/get_robot_status__type_support.cpp.o[0m
[1.133s] [ 14%] [32m[1mLinking C shared library libturtlebot3_custom__rosidl_generator_c.so[0m
[1.214s] [ 16%] Built target turtlebot3_custom__rosidl_generator_c
[1.303s] [ 18%] [32m[1mLinking CXX shared library libturtlebot3_custom__rosidl_typesupport_cpp.so[0m
[1.358s] [ 20%] Built target turtlebot3_custom__rosidl_typesupport_cpp
[17.305s] [ 22%] [32m[1mLinking CXX executable turtlebot3_controller[0m
[17.621s] [ 22%] Built target turtlebot3_controller
[17.623s] gmake: *** [Makefile:146: all] Error 2
[17.625s] Invoked command in '/home/ziad/Ziad_WS/ROS2/work_space/build/turtlebot3_custom' returned '2': CMAKE_PREFIX_PATH=${CMAKE_PREFIX_PATH}:/opt/ros/humble /usr/bin/cmake --build /home/ziad/Ziad_WS/ROS2/work_space/build/turtlebot3_custom -- -j4 -l4
