[  0%] Built target franka_msgs__cpp
[ 12%] Built target franka_msgs__rosidl_generator_c
[ 12%] Built target ament_cmake_python_copy_franka_msgs
[ 24%] Built target franka_msgs__rosidl_typesupport_cpp
[ 36%] Built target franka_msgs__rosidl_typesupport_introspection_cpp
[ 48%] Built target franka_msgs__rosidl_typesupport_fastrtps_cpp
[ 60%] Built target franka_msgs__rosidl_typesupport_introspection_c
[ 72%] Built target franka_msgs__rosidl_typesupport_fastrtps_c
[ 84%] Built target franka_msgs__rosidl_typesupport_c
[ 84%] Built target franka_msgs
[ 85%] Built target franka_msgs__py
[ 96%] Built target franka_msgs__rosidl_generator_py
[ 97%] Built target franka_msgs__rosidl_typesupport_fastrtps_c__pyext
[ 99%] Built target franka_msgs__rosidl_typesupport_introspection_c__pyext
[100%] Built target franka_msgs__rosidl_typesupport_c__pyext
running egg_info
writing franka_msgs.egg-info/PKG-INFO
writing dependency_links to franka_msgs.egg-info/dependency_links.txt
writing top-level names to franka_msgs.egg-info/top_level.txt
reading manifest file 'franka_msgs.egg-info/SOURCES.txt'
writing manifest file 'franka_msgs.egg-info/SOURCES.txt'
[100%] Built target ament_cmake_python_build_franka_msgs_egg
