[0.036s] Invoking command in '/home/ziad/Ziad_WS/ROS2/work_space/build/franka_msgs': CMAKE_PREFIX_PATH=${CMAKE_PREFIX_PATH}:/opt/ros/humble /usr/bin/cmake --build /home/ziad/Ziad_WS/ROS2/work_space/build/franka_msgs -- -j4 -l4
[0.181s] [  0%] Built target franka_msgs__cpp
[0.197s] [ 12%] Built target franka_msgs__rosidl_generator_c
[0.274s] [ 12%] Built target ament_cmake_python_copy_franka_msgs
[0.280s] [ 24%] Built target franka_msgs__rosidl_typesupport_cpp
[0.304s] [ 36%] Built target franka_msgs__rosidl_typesupport_introspection_cpp
[0.306s] [ 48%] Built target franka_msgs__rosidl_typesupport_fastrtps_cpp
[0.395s] [ 60%] Built target franka_msgs__rosidl_typesupport_introspection_c
[0.399s] [ 72%] Built target franka_msgs__rosidl_typesupport_fastrtps_c
[0.403s] [ 84%] Built target franka_msgs__rosidl_typesupport_c
[0.474s] [ 84%] Built target franka_msgs
[0.541s] [ 85%] Built target franka_msgs__py
[0.628s] [ 96%] Built target franka_msgs__rosidl_generator_py
[0.724s] [ 97%] Built target franka_msgs__rosidl_typesupport_fastrtps_c__pyext
[0.724s] [ 99%] Built target franka_msgs__rosidl_typesupport_introspection_c__pyext
[0.724s] [100%] Built target franka_msgs__rosidl_typesupport_c__pyext
[2.295s] running egg_info
[2.437s] writing franka_msgs.egg-info/PKG-INFO
[2.437s] writing dependency_links to franka_msgs.egg-info/dependency_links.txt
[2.437s] writing top-level names to franka_msgs.egg-info/top_level.txt
[2.851s] reading manifest file 'franka_msgs.egg-info/SOURCES.txt'
[2.856s] writing manifest file 'franka_msgs.egg-info/SOURCES.txt'
[3.070s] [100%] Built target ament_cmake_python_build_franka_msgs_egg
