[2.775s] Invoking command in '/home/ziad/ziad_ws/ROS2/turtlebot3_ws/build/turtlebot3_teleop': DEBUGINFOD_URLS=https://debuginfod.ubuntu.com PYTHONPATH=/home/ziad/ziad_ws/ROS2/turtlebot3_ws/build/turtlebot3_teleop/prefix_override:/usr/lib/python3/dist-packages/colcon_core/task/python/colcon_distutils_commands:/home/ziad/ziad_ws/ROS2/turtlebot3_ws/install/turtlebot3_teleop/lib/python3.12/site-packages:${PYTHONPATH} /usr/bin/python3 -W ignore:setup.py install is deprecated -W ignore:easy_install command is deprecated setup.py develop --uninstall --editable --build-directory /home/ziad/ziad_ws/ROS2/turtlebot3_ws/build/turtlebot3_teleop/build
[3.537s] running develop
[4.145s] Removing /home/ziad/ziad_ws/ROS2/turtlebot3_ws/install/turtlebot3_teleop/lib/python3.12/site-packages/turtlebot3-teleop.egg-link (link to .)
[4.235s] Invoked command in '/home/ziad/ziad_ws/ROS2/turtlebot3_ws/build/turtlebot3_teleop' returned '0': DEBUGINFOD_URLS=https://debuginfod.ubuntu.com PYTHONPATH=/home/ziad/ziad_ws/ROS2/turtlebot3_ws/build/turtlebot3_teleop/prefix_override:/usr/lib/python3/dist-packages/colcon_core/task/python/colcon_distutils_commands:/home/ziad/ziad_ws/ROS2/turtlebot3_ws/install/turtlebot3_teleop/lib/python3.12/site-packages:${PYTHONPATH} /usr/bin/python3 -W ignore:setup.py install is deprecated -W ignore:easy_install command is deprecated setup.py develop --uninstall --editable --build-directory /home/ziad/ziad_ws/ROS2/turtlebot3_ws/build/turtlebot3_teleop/build
[4.237s] Invoking command in '/home/ziad/ziad_ws/ROS2/turtlebot3_ws/src/turtlebot3/turtlebot3_teleop': DEBUGINFOD_URLS=https://debuginfod.ubuntu.com PYTHONPATH=/home/ziad/ziad_ws/ROS2/turtlebot3_ws/build/turtlebot3_teleop/prefix_override:/usr/lib/python3/dist-packages/colcon_core/task/python/colcon_distutils_commands:/home/ziad/ziad_ws/ROS2/turtlebot3_ws/install/turtlebot3_teleop/lib/python3.12/site-packages:${PYTHONPATH} /usr/bin/python3 -W ignore:setup.py install is deprecated -W ignore:easy_install command is deprecated setup.py egg_info --egg-base ../../../build/turtlebot3_teleop build --build-base /home/ziad/ziad_ws/ROS2/turtlebot3_ws/build/turtlebot3_teleop/build install --record /home/ziad/ziad_ws/ROS2/turtlebot3_ws/build/turtlebot3_teleop/install.log --single-version-externally-managed install_data --force
[5.049s] running egg_info
[5.104s] writing ../../../build/turtlebot3_teleop/turtlebot3_teleop.egg-info/PKG-INFO
[5.104s] writing dependency_links to ../../../build/turtlebot3_teleop/turtlebot3_teleop.egg-info/dependency_links.txt
[5.108s] writing entry points to ../../../build/turtlebot3_teleop/turtlebot3_teleop.egg-info/entry_points.txt
[5.108s] writing requirements to ../../../build/turtlebot3_teleop/turtlebot3_teleop.egg-info/requires.txt
[5.108s] writing top-level names to ../../../build/turtlebot3_teleop/turtlebot3_teleop.egg-info/top_level.txt
[5.232s] reading manifest file '../../../build/turtlebot3_teleop/turtlebot3_teleop.egg-info/SOURCES.txt'
[5.234s] writing manifest file '../../../build/turtlebot3_teleop/turtlebot3_teleop.egg-info/SOURCES.txt'
[5.235s] running build
[5.235s] running build_py
[5.236s] creating /home/ziad/ziad_ws/ROS2/turtlebot3_ws/build/turtlebot3_teleop/build
[5.236s] creating /home/ziad/ziad_ws/ROS2/turtlebot3_ws/build/turtlebot3_teleop/build/lib
[5.237s] creating /home/ziad/ziad_ws/ROS2/turtlebot3_ws/build/turtlebot3_teleop/build/lib/turtlebot3_teleop
[5.237s] copying turtlebot3_teleop/__init__.py -> /home/ziad/ziad_ws/ROS2/turtlebot3_ws/build/turtlebot3_teleop/build/lib/turtlebot3_teleop
[5.238s] creating /home/ziad/ziad_ws/ROS2/turtlebot3_ws/build/turtlebot3_teleop/build/lib/turtlebot3_teleop/script
[5.239s] copying turtlebot3_teleop/script/__init__.py -> /home/ziad/ziad_ws/ROS2/turtlebot3_ws/build/turtlebot3_teleop/build/lib/turtlebot3_teleop/script
[5.239s] copying turtlebot3_teleop/script/teleop_keyboard.py -> /home/ziad/ziad_ws/ROS2/turtlebot3_ws/build/turtlebot3_teleop/build/lib/turtlebot3_teleop/script
[5.240s] running install
[5.255s] running install_lib
[5.312s] creating /home/ziad/ziad_ws/ROS2/turtlebot3_ws/install/turtlebot3_teleop/lib/python3.12/site-packages/turtlebot3_teleop
[5.313s] copying /home/ziad/ziad_ws/ROS2/turtlebot3_ws/build/turtlebot3_teleop/build/lib/turtlebot3_teleop/__init__.py -> /home/ziad/ziad_ws/ROS2/turtlebot3_ws/install/turtlebot3_teleop/lib/python3.12/site-packages/turtlebot3_teleop
[5.313s] creating /home/ziad/ziad_ws/ROS2/turtlebot3_ws/install/turtlebot3_teleop/lib/python3.12/site-packages/turtlebot3_teleop/script
[5.313s] copying /home/ziad/ziad_ws/ROS2/turtlebot3_ws/build/turtlebot3_teleop/build/lib/turtlebot3_teleop/script/__init__.py -> /home/ziad/ziad_ws/ROS2/turtlebot3_ws/install/turtlebot3_teleop/lib/python3.12/site-packages/turtlebot3_teleop/script
[5.313s] copying /home/ziad/ziad_ws/ROS2/turtlebot3_ws/build/turtlebot3_teleop/build/lib/turtlebot3_teleop/script/teleop_keyboard.py -> /home/ziad/ziad_ws/ROS2/turtlebot3_ws/install/turtlebot3_teleop/lib/python3.12/site-packages/turtlebot3_teleop/script
[5.314s] byte-compiling /home/ziad/ziad_ws/ROS2/turtlebot3_ws/install/turtlebot3_teleop/lib/python3.12/site-packages/turtlebot3_teleop/__init__.py to __init__.cpython-312.pyc
[5.315s] byte-compiling /home/ziad/ziad_ws/ROS2/turtlebot3_ws/install/turtlebot3_teleop/lib/python3.12/site-packages/turtlebot3_teleop/script/__init__.py to __init__.cpython-312.pyc
[5.316s] byte-compiling /home/ziad/ziad_ws/ROS2/turtlebot3_ws/install/turtlebot3_teleop/lib/python3.12/site-packages/turtlebot3_teleop/script/teleop_keyboard.py to teleop_keyboard.cpython-312.pyc
[5.320s] running install_data
[5.320s] copying resource/turtlebot3_teleop -> /home/ziad/ziad_ws/ROS2/turtlebot3_ws/install/turtlebot3_teleop/share/ament_index/resource_index/packages
[5.320s] copying package.xml -> /home/ziad/ziad_ws/ROS2/turtlebot3_ws/install/turtlebot3_teleop/share/turtlebot3_teleop
[5.320s] running install_egg_info
[5.383s] Copying ../../../build/turtlebot3_teleop/turtlebot3_teleop.egg-info to /home/ziad/ziad_ws/ROS2/turtlebot3_ws/install/turtlebot3_teleop/lib/python3.12/site-packages/turtlebot3_teleop-2.3.3-py3.12.egg-info
[5.385s] running install_scripts
[5.734s] Installing teleop_keyboard script to /home/ziad/ziad_ws/ROS2/turtlebot3_ws/install/turtlebot3_teleop/lib/turtlebot3_teleop
[5.735s] writing list of installed files to '/home/ziad/ziad_ws/ROS2/turtlebot3_ws/build/turtlebot3_teleop/install.log'
[5.808s] Invoked command in '/home/ziad/ziad_ws/ROS2/turtlebot3_ws/src/turtlebot3/turtlebot3_teleop' returned '0': DEBUGINFOD_URLS=https://debuginfod.ubuntu.com PYTHONPATH=/home/ziad/ziad_ws/ROS2/turtlebot3_ws/build/turtlebot3_teleop/prefix_override:/usr/lib/python3/dist-packages/colcon_core/task/python/colcon_distutils_commands:/home/ziad/ziad_ws/ROS2/turtlebot3_ws/install/turtlebot3_teleop/lib/python3.12/site-packages:${PYTHONPATH} /usr/bin/python3 -W ignore:setup.py install is deprecated -W ignore:easy_install command is deprecated setup.py egg_info --egg-base ../../../build/turtlebot3_teleop build --build-base /home/ziad/ziad_ws/ROS2/turtlebot3_ws/build/turtlebot3_teleop/build install --record /home/ziad/ziad_ws/ROS2/turtlebot3_ws/build/turtlebot3_teleop/install.log --single-version-externally-managed install_data --force
