[0.044s] Invoking command in '/home/ziad/ziad_ws/ROS2/turtlebot3_ws/build/turtlebot3_gazebo': CMAKE_PREFIX_PATH=${CMAKE_PREFIX_PATH}:/home/ziad/ziad_ws/ROS2/turtlebot3_ws/install/turtlebot3_teleop:/home/ziad/ziad_ws/ROS2/turtlebot3_ws/install/turtlebot3_example:/opt/ros/humble /usr/bin/cmake /home/ziad/ziad_ws/ROS2/turtlebot3_ws/src/turtlebot3_simulations/turtlebot3_gazebo -DAMENT_CMAKE_SYMLINK_INSTALL=1 -DCMAKE_INSTALL_PREFIX=/home/ziad/ziad_ws/ROS2/turtlebot3_ws/install/turtlebot3_gazebo
[0.117s] -- Found ament_cmake: 1.3.12 (/opt/ros/humble/share/ament_cmake/cmake)
[0.415s] -- Override CMake install command with custom implementation using symlinks instead of copying resources
[0.447s] [33mCMake Warning (dev) at /usr/share/cmake-3.22/Modules/FindPackageHandleStandardArgs.cmake:438 (message):
[0.447s]   The package name passed to `find_package_handle_standard_args` (PkgConfig)
[0.447s]   does not match the name of the calling package (gazebo).  This can lead to
[0.448s]   problems in calling code that expects `find_package` result variables
[0.448s]   (e.g., `_FOUND`) to follow a certain pattern.
[0.448s] Call Stack (most recent call first):
[0.448s]   /usr/share/cmake-3.22/Modules/FindPkgConfig.cmake:99 (find_package_handle_standard_args)
[0.449s]   /usr/lib/x86_64-linux-gnu/cmake/gazebo/gazebo-config.cmake:72 (include)
[0.449s]   CMakeLists.txt:23 (find_package)
[0.449s] This warning is for project developers.  Use -Wno-dev to suppress it.
[0.449s] [0m
[0.451s] -- Found PkgConfig: /usr/bin/pkg-config (found version "0.29.2") 
[0.461s] -- Checking for module 'bullet>=2.82'
[0.491s] --   Found bullet, version 3.05
[0.746s] -- Found fcl: /usr/include (found suitable version "0.7.0", minimum required is "0.5.0") 
[0.831s] -- Found assimp: /usr/include (found version "5.2.0") 
[0.899s] -- Found DART: /usr/include (Required is at least version "6.6") found components: dart 
[1.266s] -- Found Boost: /usr/lib/x86_64-linux-gnu/cmake/Boost-1.74.0/BoostConfig.cmake (found suitable version "1.74.0", minimum required is "1.40.0") found components: thread system filesystem program_options regex iostreams date_time 
[1.325s] -- Found Protobuf: /usr/lib/x86_64-linux-gnu/libprotobuf.so (found version "3.12.4") 
[1.338s] -- Looking for ignition-math6 -- found version 6.15.1
[1.355s] -- Searching for dependencies of ignition-math6
[1.359s] -- Looking for OGRE...
[1.360s] -- OGRE_PREFIX_WATCH changed.
[1.370s] -- Checking for module 'OGRE'
[1.393s] --   Found OGRE, version 1.9.0
[1.445s] -- Found Ogre Ghadamon (1.9.0)
[1.476s] -- Found OGRE: optimized;/usr/lib/x86_64-linux-gnu/libOgreMain.so;debug;/usr/lib/x86_64-linux-gnu/libOgreMain.so
[1.496s] -- Looking for OGRE_Paging...
[1.514s] -- Found OGRE_Paging: optimized;/usr/lib/x86_64-linux-gnu/libOgrePaging.so;debug;/usr/lib/x86_64-linux-gnu/libOgrePaging.so
[1.514s] -- Looking for OGRE_Terrain...
[1.536s] -- Found OGRE_Terrain: optimized;/usr/lib/x86_64-linux-gnu/libOgreTerrain.so;debug;/usr/lib/x86_64-linux-gnu/libOgreTerrain.so
[1.537s] -- Looking for OGRE_Property...
[1.560s] -- Found OGRE_Property: optimized;/usr/lib/x86_64-linux-gnu/libOgreProperty.so;debug;/usr/lib/x86_64-linux-gnu/libOgreProperty.so
[1.561s] -- Looking for OGRE_RTShaderSystem...
[1.573s] -- Found OGRE_RTShaderSystem: optimized;/usr/lib/x86_64-linux-gnu/libOgreRTShaderSystem.so;debug;/usr/lib/x86_64-linux-gnu/libOgreRTShaderSystem.so
[1.573s] -- Looking for OGRE_Volume...
[1.597s] -- Found OGRE_Volume: optimized;/usr/lib/x86_64-linux-gnu/libOgreVolume.so;debug;/usr/lib/x86_64-linux-gnu/libOgreVolume.so
[1.599s] -- Looking for OGRE_Overlay...
[1.623s] -- Found OGRE_Overlay: optimized;/usr/lib/x86_64-linux-gnu/libOgreOverlay.so;debug;/usr/lib/x86_64-linux-gnu/libOgreOverlay.so
[2.031s] -- Looking for ignition-math6 -- found version 6.15.1
[2.035s] -- Looking for ignition-transport8 -- found version 8.2.1
[2.036s] -- Searching for dependencies of ignition-transport8
[2.076s] -- Found Protobuf: /usr/lib/x86_64-linux-gnu/libprotobuf.so (found suitable version "3.12.4", minimum required is "3") 
[2.106s] -- Config-file not installed for ZeroMQ -- checking for pkg-config
[2.115s] -- Checking for module 'libzmq >= 4'
[2.279s] --   Found libzmq , version 4.3.4
[2.359s] -- Found ZeroMQ: TRUE (Required is at least version "4") 
[2.376s] -- Checking for module 'uuid'
[2.407s] --   Found uuid, version 2.37.2
[2.474s] -- Found UUID: TRUE  
[2.478s] -- Looking for ignition-msgs5 -- found version 5.8.1
[2.481s] -- Searching for dependencies of ignition-msgs5
[2.519s] -- Looking for ignition-math6 -- found version 6.15.1
[2.550s] -- Checking for module 'tinyxml2'
[2.574s] --   Found tinyxml2, version 9.0.0
[2.644s] -- Looking for ignition-msgs5 -- found version 5.8.1
[2.651s] -- Looking for ignition-common3 -- found version 3.14.0
[2.651s] -- Searching for dependencies of ignition-common3
[2.664s] -- Looking for dlfcn.h - found
[2.667s] -- Looking for libdl - found
[2.669s] -- Found DL: TRUE  
[2.694s] -- Found tinyobjloader: /usr/lib/x86_64-linux-gnu/cmake/tinyobjloader/tinyobjloader-config.cmake (found version "2.0.0") 
[2.699s] -- Searching for <ignition-common3> component [graphics]
[2.702s] -- Looking for ignition-common3-graphics -- found version 3.14.0
[2.703s] -- Searching for dependencies of ignition-common3-graphics
[2.704s] -- Looking for ignition-math6 -- found version 6.15.1
[2.711s] -- Looking for ignition-fuel_tools4 -- found version 4.4.0
[2.714s] -- Searching for dependencies of ignition-fuel_tools4
[2.879s] -- Found CURL: /usr/lib/x86_64-linux-gnu/libcurl.so (found version "7.81.0")  
[2.898s] -- Checking for module 'jsoncpp'
[2.925s] --   Found jsoncpp, version 1.9.5
[2.995s] -- Found JSONCPP: TRUE  
[3.011s] -- Checking for module 'libzip'
[3.038s] --   Found libzip, version 1.7.3
[3.106s] -- Found ZIP: TRUE  
[3.106s] -- Looking for ignition-common3 -- found version 3.14.0
[3.107s] -- Looking for ignition-math6 -- found version 6.15.1
[3.108s] -- Looking for ignition-msgs5 -- found version 5.8.1
[3.145s] [31mCMake Error at CMakeLists.txt:24 (find_package):
[3.145s]   By not providing "Findgazebo_ros_pkgs.cmake" in CMAKE_MODULE_PATH this
[3.148s]   project has asked CMake to find a package configuration file provided by
[3.148s]   "gazebo_ros_pkgs", but CMake did not find one.
[3.148s] 
[3.149s]   Could not find a package configuration file provided by "gazebo_ros_pkgs"
[3.149s]   with any of the following names:
[3.149s] 
[3.149s]     gazebo_ros_pkgsConfig.cmake
[3.149s]     gazebo_ros_pkgs-config.cmake
[3.149s] 
[3.149s]   Add the installation prefix of "gazebo_ros_pkgs" to CMAKE_PREFIX_PATH or
[3.149s]   set "gazebo_ros_pkgs_DIR" to a directory containing one of the above files.
[3.150s]   If "gazebo_ros_pkgs" provides a separate development package or SDK, be
[3.150s]   sure it has been installed.
[3.150s] 
[3.150s] [0m
[3.150s] -- Configuring incomplete, errors occurred!
[3.150s] See also "/home/ziad/ziad_ws/ROS2/turtlebot3_ws/build/turtlebot3_gazebo/CMakeFiles/CMakeOutput.log".
[3.167s] Invoked command in '/home/ziad/ziad_ws/ROS2/turtlebot3_ws/build/turtlebot3_gazebo' returned '1': CMAKE_PREFIX_PATH=${CMAKE_PREFIX_PATH}:/home/ziad/ziad_ws/ROS2/turtlebot3_ws/install/turtlebot3_teleop:/home/ziad/ziad_ws/ROS2/turtlebot3_ws/install/turtlebot3_example:/opt/ros/humble /usr/bin/cmake /home/ziad/ziad_ws/ROS2/turtlebot3_ws/src/turtlebot3_simulations/turtlebot3_gazebo -DAMENT_CMAKE_SYMLINK_INSTALL=1 -DCMAKE_INSTALL_PREFIX=/home/ziad/ziad_ws/ROS2/turtlebot3_ws/install/turtlebot3_gazebo
