[0.014s] Invoking command in '/home/ziad/Ziad_WS/ROS2/ziad_ws/build/bt_demo': CMAKE_PREFIX_PATH=/opt/ros/humble /usr/bin/cmake /home/ziad/Ziad_WS/ROS2/ziad_ws/src/bt_demo -DCMAKE_INSTALL_PREFIX=/home/ziad/Ziad_WS/ROS2/ziad_ws/install/bt_demo
[0.032s] -- Found ament_cmake: 1.3.12 (/opt/ros/humble/share/ament_cmake/cmake)
[0.206s] [31mCMake Error at CMakeLists.txt:10 (find_package):
[0.206s]   By not providing "Findbehavior_cpp_v3.cmake" in CMAKE_MODULE_PATH this
[0.206s]   project has asked CMake to find a package configuration file provided by
[0.206s]   "behavior_cpp_v3", but CMake did not find one.
[0.206s] 
[0.207s]   Could not find a package configuration file provided by "behavior_cpp_v3"
[0.207s]   with any of the following names:
[0.207s] 
[0.207s]     behavior_cpp_v3Config.cmake
[0.207s]     behavior_cpp_v3-config.cmake
[0.207s] 
[0.207s]   Add the installation prefix of "behavior_cpp_v3" to CMAKE_PREFIX_PATH or
[0.207s]   set "behavior_cpp_v3_DIR" to a directory containing one of the above files.
[0.208s]   If "behavior_cpp_v3" provides a separate development package or SDK, be
[0.208s]   sure it has been installed.
[0.208s] 
[0.208s] [0m
[0.208s] -- Configuring incomplete, errors occurred!
[0.208s] See also "/home/ziad/Ziad_WS/ROS2/ziad_ws/build/bt_demo/CMakeFiles/CMakeOutput.log".
[0.210s] Invoked command in '/home/ziad/Ziad_WS/ROS2/ziad_ws/build/bt_demo' returned '1': CMAKE_PREFIX_PATH=/opt/ros/humble /usr/bin/cmake /home/ziad/Ziad_WS/ROS2/ziad_ws/src/bt_demo -DCMAKE_INSTALL_PREFIX=/home/ziad/Ziad_WS/ROS2/ziad_ws/install/bt_demo
