[0.251s] Invoking command in '/home/ziad/ziad_ws/ROS2/work_space/build/three_wheel_robot': CMAKE_PREFIX_PATH=${CMAKE_PREFIX_PATH}:/home/ziad/ziad_ws/ROS2/turtlebot3_ws/install/turtlebot3_teleop:/home/ziad/ziad_ws/ROS2/turtlebot3_ws/install/turtlebot3_example:/opt/ros/humble /usr/bin/cmake --build /home/ziad/ziad_ws/ROS2/work_space/build/three_wheel_robot -- -j4 -l4
[0.586s] Invoked command in '/home/ziad/ziad_ws/ROS2/work_space/build/three_wheel_robot' returned '0': CMAKE_PREFIX_PATH=${CMAKE_PREFIX_PATH}:/home/ziad/ziad_ws/ROS2/turtlebot3_ws/install/turtlebot3_teleop:/home/ziad/ziad_ws/ROS2/turtlebot3_ws/install/turtlebot3_example:/opt/ros/humble /usr/bin/cmake --build /home/ziad/ziad_ws/ROS2/work_space/build/three_wheel_robot -- -j4 -l4
[0.598s] Invoking command in '/home/ziad/ziad_ws/ROS2/work_space/build/three_wheel_robot': CMAKE_PREFIX_PATH=${CMAKE_PREFIX_PATH}:/home/ziad/ziad_ws/ROS2/turtlebot3_ws/install/turtlebot3_teleop:/home/ziad/ziad_ws/ROS2/turtlebot3_ws/install/turtlebot3_example:/opt/ros/humble /usr/bin/cmake --install /home/ziad/ziad_ws/ROS2/work_space/build/three_wheel_robot
[0.644s] -- Install configuration: ""
[0.644s] -- Execute custom install script
[0.644s] -- Up-to-date symlink: /home/ziad/ziad_ws/ROS2/work_space/install/three_wheel_robot/share/ament_index/resource_index/package_run_dependencies/three_wheel_robot
[0.644s] -- Up-to-date symlink: /home/ziad/ziad_ws/ROS2/work_space/install/three_wheel_robot/share/ament_index/resource_index/parent_prefix_path/three_wheel_robot
[0.646s] -- Up-to-date symlink: /home/ziad/ziad_ws/ROS2/work_space/install/three_wheel_robot/share/three_wheel_robot/environment/ament_prefix_path.sh
[0.649s] -- Up-to-date symlink: /home/ziad/ziad_ws/ROS2/work_space/install/three_wheel_robot/share/three_wheel_robot/environment/ament_prefix_path.dsv
[0.649s] -- Up-to-date symlink: /home/ziad/ziad_ws/ROS2/work_space/install/three_wheel_robot/share/three_wheel_robot/environment/path.sh
[0.650s] -- Up-to-date symlink: /home/ziad/ziad_ws/ROS2/work_space/install/three_wheel_robot/share/three_wheel_robot/environment/path.dsv
[0.655s] -- Up-to-date symlink: /home/ziad/ziad_ws/ROS2/work_space/install/three_wheel_robot/share/three_wheel_robot/local_setup.bash
[0.659s] -- Up-to-date symlink: /home/ziad/ziad_ws/ROS2/work_space/install/three_wheel_robot/share/three_wheel_robot/local_setup.sh
[0.669s] -- Up-to-date symlink: /home/ziad/ziad_ws/ROS2/work_space/install/three_wheel_robot/share/three_wheel_robot/local_setup.zsh
[0.669s] -- Up-to-date symlink: /home/ziad/ziad_ws/ROS2/work_space/install/three_wheel_robot/share/three_wheel_robot/local_setup.dsv
[0.680s] -- Symlinking: /home/ziad/ziad_ws/ROS2/work_space/install/three_wheel_robot/share/three_wheel_robot/package.dsv
[0.729s] -- Up-to-date symlink: /home/ziad/ziad_ws/ROS2/work_space/install/three_wheel_robot/share/ament_index/resource_index/packages/three_wheel_robot
[0.733s] -- Up-to-date symlink: /home/ziad/ziad_ws/ROS2/work_space/install/three_wheel_robot/share/three_wheel_robot/cmake/three_wheel_robotConfig.cmake
[0.735s] -- Up-to-date symlink: /home/ziad/ziad_ws/ROS2/work_space/install/three_wheel_robot/share/three_wheel_robot/cmake/three_wheel_robotConfig-version.cmake
[0.735s] -- Up-to-date symlink: /home/ziad/ziad_ws/ROS2/work_space/install/three_wheel_robot/share/three_wheel_robot/package.xml
[0.747s] Invoked command in '/home/ziad/ziad_ws/ROS2/work_space/build/three_wheel_robot' returned '0': CMAKE_PREFIX_PATH=${CMAKE_PREFIX_PATH}:/home/ziad/ziad_ws/ROS2/turtlebot3_ws/install/turtlebot3_teleop:/home/ziad/ziad_ws/ROS2/turtlebot3_ws/install/turtlebot3_example:/opt/ros/humble /usr/bin/cmake --install /home/ziad/ziad_ws/ROS2/work_space/build/three_wheel_robot
