[1.012s] Invoking command in '/home/ziad/ziad_ws/ROS2/turtlebot3_ws/build/turtlebot3_example': AMENT_PREFIX_PATH=/home/ziad/ziad_ws/ROS2/turtlebot3_ws/install/turtlebot3_msgs:${AMENT_PREFIX_PATH} CMAKE_PREFIX_PATH=/home/ziad/ziad_ws/ROS2/turtlebot3_ws/install/turtlebot3_msgs LD_LIBRARY_PATH=/home/ziad/ziad_ws/ROS2/turtlebot3_ws/install/turtlebot3_msgs/lib:${LD_LIBRARY_PATH} PYTHONPATH=/home/ziad/ziad_ws/ROS2/turtlebot3_ws/build/turtlebot3_example/prefix_override:/usr/lib/python3/dist-packages/colcon_core/task/python/colcon_distutils_commands:/home/ziad/ziad_ws/ROS2/turtlebot3_ws/install/turtlebot3_example/lib/python3.10/site-packages:/home/ziad/ziad_ws/ROS2/turtlebot3_ws/install/turtlebot3_msgs/local/lib/python3.10/dist-packages:${PYTHONPATH} /usr/bin/python3 -W ignore:setup.py install is deprecated -W ignore:easy_install command is deprecated setup.py develop --editable --build-directory /home/ziad/ziad_ws/ROS2/turtlebot3_ws/build/turtlebot3_example/build --no-deps symlink_data --force
[1.371s] running develop
[1.658s] running egg_info
[1.661s] writing turtlebot3_example.egg-info/PKG-INFO
[1.661s] writing dependency_links to turtlebot3_example.egg-info/dependency_links.txt
[1.661s] writing entry points to turtlebot3_example.egg-info/entry_points.txt
[1.662s] writing requirements to turtlebot3_example.egg-info/requires.txt
[1.662s] writing top-level names to turtlebot3_example.egg-info/top_level.txt
[1.665s] reading manifest file 'turtlebot3_example.egg-info/SOURCES.txt'
[1.668s] writing manifest file 'turtlebot3_example.egg-info/SOURCES.txt'
[1.670s] running build_ext
[1.671s] Creating /home/ziad/ziad_ws/ROS2/turtlebot3_ws/install/turtlebot3_example/lib/python3.10/site-packages/turtlebot3-example.egg-link (link to .)
[1.673s] Installing turtlebot3_absolute_move script to /home/ziad/ziad_ws/ROS2/turtlebot3_ws/install/turtlebot3_example/lib/turtlebot3_example
[1.673s] Installing turtlebot3_interactive_marker script to /home/ziad/ziad_ws/ROS2/turtlebot3_ws/install/turtlebot3_example/lib/turtlebot3_example
[1.673s] Installing turtlebot3_obstacle_detection script to /home/ziad/ziad_ws/ROS2/turtlebot3_ws/install/turtlebot3_example/lib/turtlebot3_example
[1.674s] Installing turtlebot3_patrol_client script to /home/ziad/ziad_ws/ROS2/turtlebot3_ws/install/turtlebot3_example/lib/turtlebot3_example
[1.674s] Installing turtlebot3_patrol_server script to /home/ziad/ziad_ws/ROS2/turtlebot3_ws/install/turtlebot3_example/lib/turtlebot3_example
[1.675s] Installing turtlebot3_relative_move script to /home/ziad/ziad_ws/ROS2/turtlebot3_ws/install/turtlebot3_example/lib/turtlebot3_example
[1.678s] 
[1.678s] Installed /home/ziad/ziad_ws/ROS2/turtlebot3_ws/build/turtlebot3_example
[1.678s] running symlink_data
[1.678s] symbolically linking /home/ziad/ziad_ws/ROS2/turtlebot3_ws/build/turtlebot3_example/resource/turtlebot3_example -> /home/ziad/ziad_ws/ROS2/turtlebot3_ws/install/turtlebot3_example/share/ament_index/resource_index/packages
[1.678s] symbolically linking /home/ziad/ziad_ws/ROS2/turtlebot3_ws/build/turtlebot3_example/package.xml -> /home/ziad/ziad_ws/ROS2/turtlebot3_ws/install/turtlebot3_example/share/turtlebot3_example
[1.751s] Invoked command in '/home/ziad/ziad_ws/ROS2/turtlebot3_ws/build/turtlebot3_example' returned '0': AMENT_PREFIX_PATH=/home/ziad/ziad_ws/ROS2/turtlebot3_ws/install/turtlebot3_msgs:${AMENT_PREFIX_PATH} CMAKE_PREFIX_PATH=/home/ziad/ziad_ws/ROS2/turtlebot3_ws/install/turtlebot3_msgs LD_LIBRARY_PATH=/home/ziad/ziad_ws/ROS2/turtlebot3_ws/install/turtlebot3_msgs/lib:${LD_LIBRARY_PATH} PYTHONPATH=/home/ziad/ziad_ws/ROS2/turtlebot3_ws/build/turtlebot3_example/prefix_override:/usr/lib/python3/dist-packages/colcon_core/task/python/colcon_distutils_commands:/home/ziad/ziad_ws/ROS2/turtlebot3_ws/install/turtlebot3_example/lib/python3.10/site-packages:/home/ziad/ziad_ws/ROS2/turtlebot3_ws/install/turtlebot3_msgs/local/lib/python3.10/dist-packages:${PYTHONPATH} /usr/bin/python3 -W ignore:setup.py install is deprecated -W ignore:easy_install command is deprecated setup.py develop --editable --build-directory /home/ziad/ziad_ws/ROS2/turtlebot3_ws/build/turtlebot3_example/build --no-deps symlink_data --force
