[35m[1mConsolidate compiler generated dependencies of target bt_main[0m
[ 50%] [32mBuilding CXX object CMakeFiles/bt_main.dir/src/main.cpp.o[0m
[01m[K/home/ziad/Ziad_WS/ROS2/ziad_ws/src/bt_demo/src/main.cpp:[m[K In function ‘[01m[Kint main(int, char**)[m[K’:
[01m[K/home/ziad/Ziad_WS/ROS2/ziad_ws/src/bt_demo/src/main.cpp:5:15:[m[K [01;35m[Kwarning: [m[Kunused parameter ‘[01m[Kargc[m[K’ [[01;35m[K]8;;https://gcc.gnu.org/onlinedocs/gcc/Warning-Options.html#index-Wunused-parameter-Wunused-parameter]8;;[m[K]
    5 | int main ([01;35m[Kint argc[m[K, char* argv[]) {
      |           [01;35m[K~~~~^~~~[m[K
[01m[K/home/ziad/Ziad_WS/ROS2/ziad_ws/src/bt_demo/src/main.cpp:5:27:[m[K [01;35m[Kwarning: [m[Kunused parameter ‘[01m[Kargv[m[K’ [[01;35m[K]8;;https://gcc.gnu.org/onlinedocs/gcc/Warning-Options.html#index-Wunused-parameter-Wunused-parameter]8;;[m[K]
    5 | int main (int argc, [01;35m[Kchar* argv[][m[K) {
      |                     [01;35m[K~~~~~~^~~~~~[m[K
[100%] [32m[1mLinking CXX executable bt_main[0m
[100%] Built target bt_main
-- Install configuration: ""
-- Installing: /home/ziad/Ziad_WS/ROS2/ziad_ws/install/bt_demo/lib/bt_demo/bt_main
-- Set runtime path of "/home/ziad/Ziad_WS/ROS2/ziad_ws/install/bt_demo/lib/bt_demo/bt_main" to ""
-- Installing: /home/ziad/Ziad_WS/ROS2/ziad_ws/install/bt_demo/share/bt_demo/my_tree.xml
-- Installing: /home/ziad/Ziad_WS/ROS2/ziad_ws/install/bt_demo/share/ament_index/resource_index/package_run_dependencies/bt_demo
-- Installing: /home/ziad/Ziad_WS/ROS2/ziad_ws/install/bt_demo/share/ament_index/resource_index/parent_prefix_path/bt_demo
-- Installing: /home/ziad/Ziad_WS/ROS2/ziad_ws/install/bt_demo/share/bt_demo/environment/ament_prefix_path.sh
-- Installing: /home/ziad/Ziad_WS/ROS2/ziad_ws/install/bt_demo/share/bt_demo/environment/ament_prefix_path.dsv
-- Installing: /home/ziad/Ziad_WS/ROS2/ziad_ws/install/bt_demo/share/bt_demo/environment/path.sh
-- Installing: /home/ziad/Ziad_WS/ROS2/ziad_ws/install/bt_demo/share/bt_demo/environment/path.dsv
-- Installing: /home/ziad/Ziad_WS/ROS2/ziad_ws/install/bt_demo/share/bt_demo/local_setup.bash
-- Installing: /home/ziad/Ziad_WS/ROS2/ziad_ws/install/bt_demo/share/bt_demo/local_setup.sh
-- Installing: /home/ziad/Ziad_WS/ROS2/ziad_ws/install/bt_demo/share/bt_demo/local_setup.zsh
-- Installing: /home/ziad/Ziad_WS/ROS2/ziad_ws/install/bt_demo/share/bt_demo/local_setup.dsv
-- Installing: /home/ziad/Ziad_WS/ROS2/ziad_ws/install/bt_demo/share/bt_demo/package.dsv
-- Installing: /home/ziad/Ziad_WS/ROS2/ziad_ws/install/bt_demo/share/ament_index/resource_index/packages/bt_demo
-- Installing: /home/ziad/Ziad_WS/ROS2/ziad_ws/install/bt_demo/share/bt_demo/cmake/bt_demoConfig.cmake
-- Installing: /home/ziad/Ziad_WS/ROS2/ziad_ws/install/bt_demo/share/bt_demo/cmake/bt_demoConfig-version.cmake
-- Installing: /home/ziad/Ziad_WS/ROS2/ziad_ws/install/bt_demo/share/bt_demo/package.xml
