-- Found ament_cmake: 1.3.12 (/opt/ros/humble/share/ament_cmake/cmake)
-- Override CMake install command with custom implementation using symlinks instead of copying resources
-- Found rclcpp: 16.0.14 (/opt/ros/humble/share/rclcpp/cmake)
-- Found rosidl_generator_c: 3.1.7 (/opt/ros/humble/share/rosidl_generator_c/cmake)
-- Found rosidl_adapter: 3.1.7 (/opt/ros/humble/share/rosidl_adapter/cmake)
-- Found rosidl_generator_cpp: 3.1.7 (/opt/ros/humble/share/rosidl_generator_cpp/cmake)
-- Using all available rosidl_typesupport_c: rosidl_typesupport_fastrtps_c;rosidl_typesupport_introspection_c
-- Using all available rosidl_typesupport_cpp: rosidl_typesupport_fastrtps_cpp;rosidl_typesupport_introspection_cpp
-- Found rmw_implementation_cmake: 6.1.2 (/opt/ros/humble/share/rmw_implementation_cmake/cmake)
-- Found rmw_fastrtps_cpp: 6.2.8 (/opt/ros/humble/share/rmw_fastrtps_cpp/cmake)
-- Using RMW implementation 'rmw_fastrtps_cpp' as default
-- Found rclcpp_action: 16.0.14 (/opt/ros/humble/share/rclcpp_action/cmake)
-- Found rosidl_default_generators: 1.2.0 (/opt/ros/humble/share/rosidl_default_generators/cmake)
-- Found ament_cmake_ros: 0.10.0 (/opt/ros/humble/share/ament_cmake_ros/cmake)
-- Using all available rosidl_typesupport_c: rosidl_typesupport_fastrtps_c;rosidl_typesupport_introspection_c
-- Using all available rosidl_typesupport_cpp: rosidl_typesupport_fastrtps_cpp;rosidl_typesupport_introspection_cpp
-- Found python_cmake_module: 0.10.0 (/opt/ros/humble/share/python_cmake_module/cmake)
-- Using PYTHON_EXECUTABLE: /usr/bin/python3
-- Using PYTHON_INCLUDE_DIRS: /usr/include/python3.10
-- Using PYTHON_LIBRARIES: /usr/lib/x86_64-linux-gnu/libpython3.10.so
-- Found ament_lint_auto: 0.12.14 (/opt/ros/humble/share/ament_lint_auto/cmake)
-- Added test 'cppcheck' to perform static code analysis on C / C++ code
-- Configured cppcheck include dirs: 
-- Configured cppcheck exclude dirs and/or files: 
-- Added test 'flake8' to check Python code syntax and style conventions
-- Added test 'lint_cmake' to check CMake code style
-- Added test 'pep257' to check Python code against some of the docstring style conventions in PEP 257
-- Added test 'uncrustify' to check C / C++ code style
-- Configured uncrustify additional arguments: 
-- Added test 'xmllint' to check XML markup files
-- Configuring done
-- Generating done
-- Build files have been written to: /home/ziad/Ziad_WS/ROS2/work_space/build/services_actions
[35m[1mConsolidate compiler generated dependencies of target services_actions__rosidl_generator_c[0m
[  2%] Built target services_actions__cpp
[ 10%] Built target services_actions__rosidl_generator_c
failed to create symbolic link '/home/ziad/Ziad_WS/ROS2/work_space/build/services_actions/ament_cmake_python/services_actions/services_actions' because existing path cannot be removed: Is a directory
gmake[2]: *** [CMakeFiles/ament_cmake_python_symlink_services_actions.dir/build.make:70: CMakeFiles/ament_cmake_python_symlink_services_actions] Error 1
gmake[1]: *** [CMakeFiles/Makefile2:429: CMakeFiles/ament_cmake_python_symlink_services_actions.dir/all] Error 2
gmake[1]: *** Waiting for unfinished jobs....
[35m[1mConsolidate compiler generated dependencies of target services_actions__rosidl_typesupport_fastrtps_cpp[0m
[35m[1mConsolidate compiler generated dependencies of target services_actions__rosidl_typesupport_cpp[0m
[35m[1mConsolidate compiler generated dependencies of target services_actions__rosidl_typesupport_introspection_cpp[0m
[ 12%] [32mBuilding CXX object CMakeFiles/services_actions__rosidl_typesupport_introspection_cpp.dir/rosidl_typesupport_introspection_cpp/services_actions/srv/detail/add_two_int__type_support.cpp.o[0m
[ 21%] Built target services_actions__rosidl_typesupport_cpp
[ 29%] Built target services_actions__rosidl_typesupport_fastrtps_cpp
[ 31%] [32mBuilding CXX object CMakeFiles/services_actions__rosidl_typesupport_introspection_cpp.dir/rosidl_typesupport_introspection_cpp/services_actions/action/detail/countdown__type_support.cpp.o[0m
[ 34%] [32m[1mLinking CXX shared library libservices_actions__rosidl_typesupport_introspection_cpp.so[0m
[ 36%] Built target services_actions__rosidl_typesupport_introspection_cpp
gmake: *** [Makefile:146: all] Error 2
