[0.032s] Invoking command in '/home/ziad/Ziad_WS/ROS2/work_space/build/custom_robot': CMAKE_PREFIX_PATH=${CMAKE_PREFIX_PATH}:/opt/ros/humble /usr/bin/cmake --build /home/ziad/Ziad_WS/ROS2/work_space/build/custom_robot -- -j4 -l4
[0.083s] -- Found ament_cmake: 1.3.12 (/opt/ros/humble/share/ament_cmake/cmake)
[0.399s] -- Found rclcpp: 16.0.14 (/opt/ros/humble/share/rclcpp/cmake)
[0.696s] -- Found rosidl_generator_c: 3.1.7 (/opt/ros/humble/share/rosidl_generator_c/cmake)
[0.713s] -- Found rosidl_adapter: 3.1.7 (/opt/ros/humble/share/rosidl_adapter/cmake)
[0.764s] -- Found rosidl_generator_cpp: 3.1.7 (/opt/ros/humble/share/rosidl_generator_cpp/cmake)
[0.849s] -- Using all available rosidl_typesupport_c: rosidl_typesupport_fastrtps_c;rosidl_typesupport_introspection_c
[0.929s] -- Using all available rosidl_typesupport_cpp: rosidl_typesupport_fastrtps_cpp;rosidl_typesupport_introspection_cpp
[1.087s] -- Found rmw_implementation_cmake: 6.1.2 (/opt/ros/humble/share/rmw_implementation_cmake/cmake)
[1.093s] -- Found rmw_fastrtps_cpp: 6.2.8 (/opt/ros/humble/share/rmw_fastrtps_cpp/cmake)
[1.418s] -- Using RMW implementation 'rmw_fastrtps_cpp' as default
[1.527s] -- Found geometry_msgs: 4.9.0 (/opt/ros/humble/share/geometry_msgs/cmake)
[1.555s] -- Found rclcpp_action: 16.0.14 (/opt/ros/humble/share/rclcpp_action/cmake)
[1.621s] -- Found sensor_msgs: 4.9.0 (/opt/ros/humble/share/sensor_msgs/cmake)
[1.659s] -- Found nav_msgs: 4.9.0 (/opt/ros/humble/share/nav_msgs/cmake)
[1.696s] -- Found tf2: 0.25.16 (/opt/ros/humble/share/tf2/cmake)
[1.704s] -- Found tf2_ros: 0.25.16 (/opt/ros/humble/share/tf2_ros/cmake)
[1.811s] -- Found tf2_geometry_msgs: 0.25.16 (/opt/ros/humble/share/tf2_geometry_msgs/cmake)
[1.817s] -- Found eigen3_cmake_module: 0.1.1 (/opt/ros/humble/share/eigen3_cmake_module/cmake)
[1.820s] -- Ensuring Eigen3 include directory is part of orocos-kdl CMake target
[1.823s] -- Found rosidl_default_generators: 1.2.0 (/opt/ros/humble/share/rosidl_default_generators/cmake)
[1.840s] -- Found rviz2: 11.2.19 (/opt/ros/humble/share/rviz2/cmake)
[1.841s] -- Found gazebo_ros: 3.9.0 (/opt/ros/humble/share/gazebo_ros/cmake)
[1.906s] -- Found DART: /usr/include (Required is at least version "6.6") found components: dart 
[1.968s] -- Found Protobuf: /usr/lib/x86_64-linux-gnu/libprotobuf.so (found version "3.12.4") 
[1.971s] -- Looking for ignition-math6 -- found version 6.15.1
[1.978s] -- Searching for dependencies of ignition-math6
[1.981s] -- Looking for OGRE...
[1.992s] -- Found Ogre Ghadamon (1.9.0)
[1.992s] -- Found OGRE: optimized;/usr/lib/x86_64-linux-gnu/libOgreMain.so;debug;/usr/lib/x86_64-linux-gnu/libOgreMain.so
[2.011s] -- Looking for OGRE_Paging...
[2.011s] -- Found OGRE_Paging: optimized;/usr/lib/x86_64-linux-gnu/libOgrePaging.so;debug;/usr/lib/x86_64-linux-gnu/libOgrePaging.so
[2.011s] -- Looking for OGRE_Terrain...
[2.012s] -- Found OGRE_Terrain: optimized;/usr/lib/x86_64-linux-gnu/libOgreTerrain.so;debug;/usr/lib/x86_64-linux-gnu/libOgreTerrain.so
[2.012s] -- Looking for OGRE_Property...
[2.012s] -- Found OGRE_Property: optimized;/usr/lib/x86_64-linux-gnu/libOgreProperty.so;debug;/usr/lib/x86_64-linux-gnu/libOgreProperty.so
[2.012s] -- Looking for OGRE_RTShaderSystem...
[2.012s] -- Found OGRE_RTShaderSystem: optimized;/usr/lib/x86_64-linux-gnu/libOgreRTShaderSystem.so;debug;/usr/lib/x86_64-linux-gnu/libOgreRTShaderSystem.so
[2.012s] -- Looking for OGRE_Volume...
[2.013s] -- Found OGRE_Volume: optimized;/usr/lib/x86_64-linux-gnu/libOgreVolume.so;debug;/usr/lib/x86_64-linux-gnu/libOgreVolume.so
[2.013s] -- Looking for OGRE_Overlay...
[2.013s] -- Found OGRE_Overlay: optimized;/usr/lib/x86_64-linux-gnu/libOgreOverlay.so;debug;/usr/lib/x86_64-linux-gnu/libOgreOverlay.so
[2.336s] -- Looking for ignition-math6 -- found version 6.15.1
[2.336s] -- Looking for ignition-transport8 -- found version 8.2.1
[2.337s] -- Searching for dependencies of ignition-transport8
[2.362s] -- Found Protobuf: /usr/lib/x86_64-linux-gnu/libprotobuf.so (found suitable version "3.12.4", minimum required is "3") 
[2.377s] -- Config-file not installed for ZeroMQ -- checking for pkg-config
[2.383s] -- Checking for module 'libzmq >= 4'
[2.399s] --   Found libzmq , version 4.3.4
[2.455s] -- Checking for module 'uuid'
[2.471s] --   Found uuid, version 2.37.2
[2.508s] -- Looking for ignition-msgs5 -- found version 5.8.1
[2.509s] -- Searching for dependencies of ignition-msgs5
[2.535s] -- Looking for ignition-math6 -- found version 6.15.1
[2.544s] -- Checking for module 'tinyxml2'
[2.560s] --   Found tinyxml2, version 9.0.0
[2.598s] -- Looking for ignition-msgs5 -- found version 5.8.1
[2.598s] -- Looking for ignition-common3 -- found version 3.14.0
[2.599s] -- Searching for dependencies of ignition-common3
[2.599s] -- Looking for dlfcn.h - found
[2.599s] -- Looking for libdl - found
[2.616s] -- Searching for <ignition-common3> component [graphics]
[2.617s] -- Looking for ignition-common3-graphics -- found version 3.14.0
[2.617s] -- Searching for dependencies of ignition-common3-graphics
[2.618s] -- Looking for ignition-math6 -- found version 6.15.1
[2.619s] -- Looking for ignition-fuel_tools4 -- found version 4.4.0
[2.620s] -- Searching for dependencies of ignition-fuel_tools4
[2.672s] -- Checking for module 'jsoncpp'
[2.687s] --   Found jsoncpp, version 1.9.5
[2.730s] -- Checking for module 'libzip'
[2.748s] --   Found libzip, version 1.7.3
[2.795s] -- Looking for ignition-common3 -- found version 3.14.0
[2.795s] -- Looking for ignition-math6 -- found version 6.15.1
[2.796s] -- Looking for ignition-msgs5 -- found version 5.8.1
[2.798s] -- Gazebo version: 11.10
[2.800s] -- Found ament_lint_auto: 0.12.14 (/opt/ros/humble/share/ament_lint_auto/cmake)
[2.915s] -- Added test 'flake8' to check Python code syntax and style conventions
[2.916s] -- Added test 'lint_cmake' to check CMake code style
[2.917s] -- Added test 'pep257' to check Python code against some of the docstring style conventions in PEP 257
[2.919s] -- Added test 'xmllint' to check XML markup files
[2.921s] -- Configuring done
[2.932s] -- Generating done
[2.938s] -- Build files have been written to: /home/ziad/Ziad_WS/ROS2/work_space/build/custom_robot
[2.985s] Invoked command in '/home/ziad/Ziad_WS/ROS2/work_space/build/custom_robot' returned '0': CMAKE_PREFIX_PATH=${CMAKE_PREFIX_PATH}:/opt/ros/humble /usr/bin/cmake --build /home/ziad/Ziad_WS/ROS2/work_space/build/custom_robot -- -j4 -l4
[2.987s] Invoking command in '/home/ziad/Ziad_WS/ROS2/work_space/build/custom_robot': CMAKE_PREFIX_PATH=${CMAKE_PREFIX_PATH}:/opt/ros/humble /usr/bin/cmake --install /home/ziad/Ziad_WS/ROS2/work_space/build/custom_robot
[2.999s] -- Install configuration: ""
[2.999s] [31mCMake Error at cmake_install.cmake:46 (file):
[2.999s]   file INSTALL cannot find
[2.999s]   "/home/ziad/Ziad_WS/ROS2/work_space/custom_robot/launch": No such file or
[3.000s]   directory.
[3.000s] 
[3.000s] [0m
[3.001s] Invoked command in '/home/ziad/Ziad_WS/ROS2/work_space/build/custom_robot' returned '1': CMAKE_PREFIX_PATH=${CMAKE_PREFIX_PATH}:/opt/ros/humble /usr/bin/cmake --install /home/ziad/Ziad_WS/ROS2/work_space/build/custom_robot
