[0.035s] Invoking command in '/home/ziad/ziad_ws/ROS2/work_space/build/mecanum_drive_controller': CMAKE_PREFIX_PATH=${CMAKE_PREFIX_PATH}:/home/ziad/ziad_ws/ROS2/turtlebot3_ws/install/turtlebot3_teleop:/home/ziad/ziad_ws/ROS2/turtlebot3_ws/install/turtlebot3_example:/opt/ros/jazzy DEBUGINFOD_URLS=https://debuginfod.ubuntu.com /usr/bin/cmake --build /home/ziad/ziad_ws/ROS2/work_space/build/mecanum_drive_controller -- -j4 -l4
[0.256s] [ 33%] Built target mecanum_drive_controller_parameters
[0.397s] [100%] Built target mecanum_drive_controller
[0.481s] Invoked command in '/home/ziad/ziad_ws/ROS2/work_space/build/mecanum_drive_controller' returned '0': CMAKE_PREFIX_PATH=${CMAKE_PREFIX_PATH}:/home/ziad/ziad_ws/ROS2/turtlebot3_ws/install/turtlebot3_teleop:/home/ziad/ziad_ws/ROS2/turtlebot3_ws/install/turtlebot3_example:/opt/ros/jazzy DEBUGINFOD_URLS=https://debuginfod.ubuntu.com /usr/bin/cmake --build /home/ziad/ziad_ws/ROS2/work_space/build/mecanum_drive_controller -- -j4 -l4
[0.486s] Invoking command in '/home/ziad/ziad_ws/ROS2/work_space/build/mecanum_drive_controller': CMAKE_PREFIX_PATH=${CMAKE_PREFIX_PATH}:/home/ziad/ziad_ws/ROS2/turtlebot3_ws/install/turtlebot3_teleop:/home/ziad/ziad_ws/ROS2/turtlebot3_ws/install/turtlebot3_example:/opt/ros/jazzy DEBUGINFOD_URLS=https://debuginfod.ubuntu.com /usr/bin/cmake --install /home/ziad/ziad_ws/ROS2/work_space/build/mecanum_drive_controller
[0.531s] -- Install configuration: ""
[0.536s] -- Execute custom install script
[0.546s] -- Up-to-date symlink: /home/ziad/ziad_ws/ROS2/work_space/install/mecanum_drive_controller/include/mecanum_drive_controller/mecanum_drive_controller_parameters.hpp
[0.546s] -- Up-to-date symlink: /home/ziad/ziad_ws/ROS2/work_space/install/mecanum_drive_controller/share/mecanum_drive_controller//mecanum_drive_plugin.xml
[0.547s] -- Up-to-date symlink: /home/ziad/ziad_ws/ROS2/work_space/install/mecanum_drive_controller/include/mecanum_drive_controller/mecanum_drive_controller/mecanum_drive_controller.hpp
[0.549s] -- Up-to-date symlink: /home/ziad/ziad_ws/ROS2/work_space/install/mecanum_drive_controller/include/mecanum_drive_controller/mecanum_drive_controller/odometry.hpp
[0.554s] -- Up-to-date symlink: /home/ziad/ziad_ws/ROS2/work_space/install/mecanum_drive_controller/include/mecanum_drive_controller/mecanum_drive_controller/speed_limiter.hpp
[0.554s] -- Up-to-date symlink: /home/ziad/ziad_ws/ROS2/work_space/install/mecanum_drive_controller/include/mecanum_drive_controller/mecanum_drive_controller/visibility_control.h
[0.556s] -- Up-to-date symlink: /home/ziad/ziad_ws/ROS2/work_space/install/mecanum_drive_controller/share/mecanum_drive_controller/environment/library_path.sh
[0.560s] -- Up-to-date symlink: /home/ziad/ziad_ws/ROS2/work_space/install/mecanum_drive_controller/share/mecanum_drive_controller/environment/library_path.dsv
[0.564s] -- Up-to-date symlink: /home/ziad/ziad_ws/ROS2/work_space/install/mecanum_drive_controller/share/ament_index/resource_index/package_run_dependencies/mecanum_drive_controller
[0.564s] -- Up-to-date symlink: /home/ziad/ziad_ws/ROS2/work_space/install/mecanum_drive_controller/share/ament_index/resource_index/parent_prefix_path/mecanum_drive_controller
[0.567s] -- Up-to-date symlink: /home/ziad/ziad_ws/ROS2/work_space/install/mecanum_drive_controller/share/mecanum_drive_controller/environment/ament_prefix_path.sh
[0.571s] -- Up-to-date symlink: /home/ziad/ziad_ws/ROS2/work_space/install/mecanum_drive_controller/share/mecanum_drive_controller/environment/ament_prefix_path.dsv
[0.572s] -- Up-to-date symlink: /home/ziad/ziad_ws/ROS2/work_space/install/mecanum_drive_controller/share/mecanum_drive_controller/environment/path.sh
[0.575s] -- Up-to-date symlink: /home/ziad/ziad_ws/ROS2/work_space/install/mecanum_drive_controller/share/mecanum_drive_controller/environment/path.dsv
[0.576s] -- Up-to-date symlink: /home/ziad/ziad_ws/ROS2/work_space/install/mecanum_drive_controller/share/mecanum_drive_controller/local_setup.bash
[0.578s] -- Up-to-date symlink: /home/ziad/ziad_ws/ROS2/work_space/install/mecanum_drive_controller/share/mecanum_drive_controller/local_setup.sh
[0.580s] -- Up-to-date symlink: /home/ziad/ziad_ws/ROS2/work_space/install/mecanum_drive_controller/share/mecanum_drive_controller/local_setup.zsh
[0.581s] -- Up-to-date symlink: /home/ziad/ziad_ws/ROS2/work_space/install/mecanum_drive_controller/share/mecanum_drive_controller/local_setup.dsv
[0.582s] -- Symlinking: /home/ziad/ziad_ws/ROS2/work_space/install/mecanum_drive_controller/share/mecanum_drive_controller/package.dsv
[0.620s] -- Up-to-date symlink: /home/ziad/ziad_ws/ROS2/work_space/install/mecanum_drive_controller/share/ament_index/resource_index/packages/mecanum_drive_controller
[0.621s] -- Up-to-date symlink: /home/ziad/ziad_ws/ROS2/work_space/install/mecanum_drive_controller/share/ament_index/resource_index/controller_interface__pluginlib__plugin/mecanum_drive_controller
[0.623s] -- Up-to-date symlink: /home/ziad/ziad_ws/ROS2/work_space/install/mecanum_drive_controller/share/mecanum_drive_controller/cmake/ament_cmake_export_dependencies-extras.cmake
[0.627s] -- Up-to-date symlink: /home/ziad/ziad_ws/ROS2/work_space/install/mecanum_drive_controller/share/mecanum_drive_controller/cmake/ament_cmake_export_targets-extras.cmake
[0.628s] -- Up-to-date symlink: /home/ziad/ziad_ws/ROS2/work_space/install/mecanum_drive_controller/share/mecanum_drive_controller/cmake/mecanum_drive_controllerConfig.cmake
[0.631s] -- Up-to-date symlink: /home/ziad/ziad_ws/ROS2/work_space/install/mecanum_drive_controller/share/mecanum_drive_controller/cmake/mecanum_drive_controllerConfig-version.cmake
[0.631s] -- Up-to-date symlink: /home/ziad/ziad_ws/ROS2/work_space/install/mecanum_drive_controller/share/mecanum_drive_controller/package.xml
[0.631s] -- Up-to-date: /home/ziad/ziad_ws/ROS2/work_space/install/mecanum_drive_controller/lib/libmecanum_drive_controller.so
[0.635s] -- Up-to-date: /home/ziad/ziad_ws/ROS2/work_space/install/mecanum_drive_controller/share/mecanum_drive_controller/cmake/export_mecanum_drive_controllerExport.cmake
[0.635s] -- Up-to-date: /home/ziad/ziad_ws/ROS2/work_space/install/mecanum_drive_controller/share/mecanum_drive_controller/cmake/export_mecanum_drive_controllerExport-noconfig.cmake
[0.646s] Invoked command in '/home/ziad/ziad_ws/ROS2/work_space/build/mecanum_drive_controller' returned '0': CMAKE_PREFIX_PATH=${CMAKE_PREFIX_PATH}:/home/ziad/ziad_ws/ROS2/turtlebot3_ws/install/turtlebot3_teleop:/home/ziad/ziad_ws/ROS2/turtlebot3_ws/install/turtlebot3_example:/opt/ros/jazzy DEBUGINFOD_URLS=https://debuginfod.ubuntu.com /usr/bin/cmake --install /home/ziad/ziad_ws/ROS2/work_space/build/mecanum_drive_controller
