[0.025s] Invoking command in '/home/ziad/Ziad_WS/ROS2/ziad_ws/build/custom_panda_controller': CMAKE_PREFIX_PATH=${CMAKE_PREFIX_PATH}:/opt/ros/humble /usr/bin/cmake --build /home/ziad/Ziad_WS/ROS2/ziad_ws/build/custom_panda_controller -- -j4 -l4
[0.198s] -- Found ament_cmake: 1.3.12 (/opt/ros/humble/share/ament_cmake/cmake)
[0.423s] -- Found rclcpp: 16.0.14 (/opt/ros/humble/share/rclcpp/cmake)
[0.490s] -- Found rosidl_generator_c: 3.1.7 (/opt/ros/humble/share/rosidl_generator_c/cmake)
[0.495s] -- Found rosidl_adapter: 3.1.7 (/opt/ros/humble/share/rosidl_adapter/cmake)
[0.506s] -- Found rosidl_generator_cpp: 3.1.7 (/opt/ros/humble/share/rosidl_generator_cpp/cmake)
[0.523s] -- Using all available rosidl_typesupport_c: rosidl_typesupport_fastrtps_c;rosidl_typesupport_introspection_c
[0.546s] -- Using all available rosidl_typesupport_cpp: rosidl_typesupport_fastrtps_cpp;rosidl_typesupport_introspection_cpp
[0.646s] -- Found rmw_implementation_cmake: 6.1.2 (/opt/ros/humble/share/rmw_implementation_cmake/cmake)
[0.649s] -- Found rmw_fastrtps_cpp: 6.2.8 (/opt/ros/humble/share/rmw_fastrtps_cpp/cmake)
[0.851s] -- Using RMW implementation 'rmw_fastrtps_cpp' as default
[1.001s] -- Found moveit_core: 2.5.9 (/opt/ros/humble/share/moveit_core/cmake)
[1.036s] -- Found Boost: /usr/lib/x86_64-linux-gnu/cmake/Boost-1.74.0/BoostConfig.cmake (found version "1.74.0") found components: chrono date_time filesystem iostreams program_options regex serialization system thread 
[1.098s] -- Found parameter_traits: 0.5.0 (/opt/ros/humble/share/parameter_traits/cmake)
[1.112s] -- Found rclcpp_lifecycle: 16.0.14 (/opt/ros/humble/share/rclcpp_lifecycle/cmake)
[1.159s] -- Found Boost: /usr/lib/x86_64-linux-gnu/cmake/Boost-1.74.0/BoostConfig.cmake (found version "1.74.0") found components: filesystem 
[1.273s] -- library: /usr/lib/x86_64-linux-gnu/libcurl.so
[1.388s] -- Ensuring Eigen3 include directory is part of orocos-kdl CMake target
[1.749s] -- Found moveit_ros_planning: 2.5.9 (/opt/ros/humble/share/moveit_ros_planning/cmake)
[1.760s] -- Found Boost: /usr/lib/x86_64-linux-gnu/cmake/Boost-1.74.0/BoostConfig.cmake (found version "1.74.0") found components: system filesystem date_time program_options thread chrono 
[1.805s] -- Found moveit_ros_planning_interface: 2.5.9 (/opt/ros/humble/share/moveit_ros_planning_interface/cmake)
[1.811s] -- Found Boost: /usr/lib/x86_64-linux-gnu/cmake/Boost-1.74.0/BoostConfig.cmake (found version "1.74.0") found components: date_time filesystem program_options system thread 
[1.836s] -- Found Boost: /usr/lib/x86_64-linux-gnu/cmake/Boost-1.74.0/BoostConfig.cmake (found version "1.74.0") found components: thread system filesystem regex date_time program_options 
[1.879s] -- Found Boost: /usr/lib/x86_64-linux-gnu/cmake/Boost-1.74.0/BoostConfig.cmake (found version "1.74.0") found components: system filesystem date_time program_options thread 
[1.936s] -- Found ament_lint_auto: 0.12.14 (/opt/ros/humble/share/ament_lint_auto/cmake)
[2.057s] -- Configuring done
[2.115s] -- Generating done
[2.124s] -- Build files have been written to: /home/ziad/Ziad_WS/ROS2/ziad_ws/build/custom_panda_controller
[2.164s] [35m[1mConsolidate compiler generated dependencies of target panda_pick_place[0m
[2.202s] [ 50%] [32mBuilding CXX object CMakeFiles/panda_pick_place.dir/src/panda_pick_place.cpp.o[0m
[9.765s] [01m[K/home/ziad/Ziad_WS/ROS2/ziad_ws/src/custom_panda_controller/src/panda_pick_place.cpp:[m[K In member function ‘[01m[Kvoid PandaPickPlace::executePlan()[m[K’:
[9.765s] [01m[K/home/ziad/Ziad_WS/ROS2/ziad_ws/src/custom_panda_controller/src/panda_pick_place.cpp:177:97:[m[K [01;35m[Kwarning: [m[K‘[01m[Kusing MoveItErrorCode = class moveit::core::MoveItErrorCode[m[K’ is deprecated: Use moveit::core::MoveItErrorCode [[01;35m[K]8;;https://gcc.gnu.org/onlinedocs/gcc/Warning-Options.html#index-Wdeprecated-declarations-Wdeprecated-declarations]8;;[m[K]
[9.766s]   177 | ::MoveItErrorCode::[01;35m[KSUCCESS[m[K);
[9.766s]       |                    [01;35m[K^~~~~~~[m[K
[9.766s] 
[9.808s] In file included from [01m[K/home/ziad/Ziad_WS/ROS2/ziad_ws/src/custom_panda_controller/src/panda_pick_place.cpp:2[m[K:
[9.808s] [01m[K/opt/ros/humble/include/moveit/move_group_interface/move_group_interface.h:71:7:[m[K [01;36m[Knote: [m[Kdeclared here
[9.808s]    71 | using [01;36m[KMoveItErrorCode[m[K [[deprecated("Use moveit::core::MoveItErrorCode")]] = moveit::core::MoveItErrorCode;
[9.808s]       |       [01;36m[K^~~~~~~~~~~~~~~[m[K
[14.382s] [100%] [32m[1mLinking CXX executable panda_pick_place[0m
[15.373s] [100%] Built target panda_pick_place
[15.390s] Invoked command in '/home/ziad/Ziad_WS/ROS2/ziad_ws/build/custom_panda_controller' returned '0': CMAKE_PREFIX_PATH=${CMAKE_PREFIX_PATH}:/opt/ros/humble /usr/bin/cmake --build /home/ziad/Ziad_WS/ROS2/ziad_ws/build/custom_panda_controller -- -j4 -l4
[15.392s] Invoking command in '/home/ziad/Ziad_WS/ROS2/ziad_ws/build/custom_panda_controller': CMAKE_PREFIX_PATH=${CMAKE_PREFIX_PATH}:/opt/ros/humble /usr/bin/cmake --install /home/ziad/Ziad_WS/ROS2/ziad_ws/build/custom_panda_controller
[15.402s] -- Install configuration: ""
[15.403s] -- Installing: /home/ziad/Ziad_WS/ROS2/ziad_ws/install/custom_panda_controller/lib/custom_panda_controller/panda_pick_place
[15.403s] -- Set runtime path of "/home/ziad/Ziad_WS/ROS2/ziad_ws/install/custom_panda_controller/lib/custom_panda_controller/panda_pick_place" to ""
[15.404s] -- Up-to-date: /home/ziad/Ziad_WS/ROS2/ziad_ws/install/custom_panda_controller/share/custom_panda_controller/launch
[15.404s] -- Installing: /home/ziad/Ziad_WS/ROS2/ziad_ws/install/custom_panda_controller/share/custom_panda_controller/launch/simple_panda_demo.launch.py
[15.405s] -- Installing: /home/ziad/Ziad_WS/ROS2/ziad_ws/install/custom_panda_controller/share/custom_panda_controller/config
[15.405s] -- Installing: /home/ziad/Ziad_WS/ROS2/ziad_ws/install/custom_panda_controller/share/custom_panda_controller/config/panda.srdf
[15.405s] -- Installing: /home/ziad/Ziad_WS/ROS2/ziad_ws/install/custom_panda_controller/share/custom_panda_controller/rviz
[15.405s] -- Installing: /home/ziad/Ziad_WS/ROS2/ziad_ws/install/custom_panda_controller/share/custom_panda_controller/rviz/moveiot.rviz
[15.406s] -- Up-to-date: /home/ziad/Ziad_WS/ROS2/ziad_ws/install/custom_panda_controller/share/ament_index/resource_index/package_run_dependencies/custom_panda_controller
[15.406s] -- Installing: /home/ziad/Ziad_WS/ROS2/ziad_ws/install/custom_panda_controller/share/ament_index/resource_index/parent_prefix_path/custom_panda_controller
[15.407s] -- Up-to-date: /home/ziad/Ziad_WS/ROS2/ziad_ws/install/custom_panda_controller/share/custom_panda_controller/environment/ament_prefix_path.sh
[15.407s] -- Installing: /home/ziad/Ziad_WS/ROS2/ziad_ws/install/custom_panda_controller/share/custom_panda_controller/environment/ament_prefix_path.dsv
[15.407s] -- Up-to-date: /home/ziad/Ziad_WS/ROS2/ziad_ws/install/custom_panda_controller/share/custom_panda_controller/environment/path.sh
[15.408s] -- Installing: /home/ziad/Ziad_WS/ROS2/ziad_ws/install/custom_panda_controller/share/custom_panda_controller/environment/path.dsv
[15.408s] -- Up-to-date: /home/ziad/Ziad_WS/ROS2/ziad_ws/install/custom_panda_controller/share/custom_panda_controller/local_setup.bash
[15.408s] -- Up-to-date: /home/ziad/Ziad_WS/ROS2/ziad_ws/install/custom_panda_controller/share/custom_panda_controller/local_setup.sh
[15.408s] -- Up-to-date: /home/ziad/Ziad_WS/ROS2/ziad_ws/install/custom_panda_controller/share/custom_panda_controller/local_setup.zsh
[15.408s] -- Installing: /home/ziad/Ziad_WS/ROS2/ziad_ws/install/custom_panda_controller/share/custom_panda_controller/local_setup.dsv
[15.408s] -- Installing: /home/ziad/Ziad_WS/ROS2/ziad_ws/install/custom_panda_controller/share/custom_panda_controller/package.dsv
[15.409s] -- Up-to-date: /home/ziad/Ziad_WS/ROS2/ziad_ws/install/custom_panda_controller/share/ament_index/resource_index/packages/custom_panda_controller
[15.409s] -- Up-to-date: /home/ziad/Ziad_WS/ROS2/ziad_ws/install/custom_panda_controller/share/custom_panda_controller/cmake/custom_panda_controllerConfig.cmake
[15.409s] -- Up-to-date: /home/ziad/Ziad_WS/ROS2/ziad_ws/install/custom_panda_controller/share/custom_panda_controller/cmake/custom_panda_controllerConfig-version.cmake
[15.409s] -- Up-to-date: /home/ziad/Ziad_WS/ROS2/ziad_ws/install/custom_panda_controller/share/custom_panda_controller/package.xml
[15.412s] Invoked command in '/home/ziad/Ziad_WS/ROS2/ziad_ws/build/custom_panda_controller' returned '0': CMAKE_PREFIX_PATH=${CMAKE_PREFIX_PATH}:/opt/ros/humble /usr/bin/cmake --install /home/ziad/Ziad_WS/ROS2/ziad_ws/build/custom_panda_controller
