[0.105s] Invoking command in '/home/ziad/ziad_ws/ROS2/work_space/build/custom_action_interfaces': CMAKE_PREFIX_PATH=${CMAKE_PREFIX_PATH}:/home/ziad/ziad_ws/ROS2/turtlebot3_ws/install/turtlebot3_teleop:/home/ziad/ziad_ws/ROS2/turtlebot3_ws/install/turtlebot3_example:/opt/ros/jazzy DEBUGINFOD_URLS=https://debuginfod.ubuntu.com /usr/bin/cmake /home/ziad/ziad_ws/ROS2/work_space/src/custom_action_interfaces -DCMAKE_INSTALL_PREFIX=/home/ziad/ziad_ws/ROS2/work_space/install/custom_action_interfaces
[1.006s] -- The C compiler identification is GNU 13.3.0
[1.850s] -- The CXX compiler identification is GNU 13.3.0
[2.079s] -- Detecting C compiler ABI info
[2.692s] -- Detecting C compiler ABI info - done
[2.729s] -- Check for working C compiler: /usr/bin/cc - skipped
[2.731s] -- Detecting C compile features
[2.735s] -- Detecting C compile features - done
[2.818s] -- Detecting CXX compiler ABI info
[3.664s] -- Detecting CXX compiler ABI info - done
[3.712s] -- Check for working CXX compiler: /usr/bin/c++ - skipped
[3.716s] -- Detecting CXX compile features
[3.717s] -- Detecting CXX compile features - done
[3.759s] -- Found ament_cmake: 2.5.4 (/opt/ros/jazzy/share/ament_cmake/cmake)
[5.240s] -- Found Python3: /usr/bin/python3 (found version "3.12.3") found components: Interpreter 
[6.769s] -- Found ament_lint_auto: 0.17.3 (/opt/ros/jazzy/share/ament_lint_auto/cmake)
[8.085s] -- Added test 'lint_cmake' to check CMake code style
[8.089s] -- Added test 'xmllint' to check XML markup files
[8.129s] -- Configuring done (8.0s)
[8.158s] -- Generating done (0.0s)
[8.159s] -- Build files have been written to: /home/ziad/ziad_ws/ROS2/work_space/build/custom_action_interfaces
[8.198s] Invoked command in '/home/ziad/ziad_ws/ROS2/work_space/build/custom_action_interfaces' returned '0': CMAKE_PREFIX_PATH=${CMAKE_PREFIX_PATH}:/home/ziad/ziad_ws/ROS2/turtlebot3_ws/install/turtlebot3_teleop:/home/ziad/ziad_ws/ROS2/turtlebot3_ws/install/turtlebot3_example:/opt/ros/jazzy DEBUGINFOD_URLS=https://debuginfod.ubuntu.com /usr/bin/cmake /home/ziad/ziad_ws/ROS2/work_space/src/custom_action_interfaces -DCMAKE_INSTALL_PREFIX=/home/ziad/ziad_ws/ROS2/work_space/install/custom_action_interfaces
[8.205s] Invoking command in '/home/ziad/ziad_ws/ROS2/work_space/build/custom_action_interfaces': CMAKE_PREFIX_PATH=${CMAKE_PREFIX_PATH}:/home/ziad/ziad_ws/ROS2/turtlebot3_ws/install/turtlebot3_teleop:/home/ziad/ziad_ws/ROS2/turtlebot3_ws/install/turtlebot3_example:/opt/ros/jazzy DEBUGINFOD_URLS=https://debuginfod.ubuntu.com /usr/bin/cmake --build /home/ziad/ziad_ws/ROS2/work_space/build/custom_action_interfaces -- -j4 -l4
[8.582s] Invoked command in '/home/ziad/ziad_ws/ROS2/work_space/build/custom_action_interfaces' returned '0': CMAKE_PREFIX_PATH=${CMAKE_PREFIX_PATH}:/home/ziad/ziad_ws/ROS2/turtlebot3_ws/install/turtlebot3_teleop:/home/ziad/ziad_ws/ROS2/turtlebot3_ws/install/turtlebot3_example:/opt/ros/jazzy DEBUGINFOD_URLS=https://debuginfod.ubuntu.com /usr/bin/cmake --build /home/ziad/ziad_ws/ROS2/work_space/build/custom_action_interfaces -- -j4 -l4
[8.591s] Invoking command in '/home/ziad/ziad_ws/ROS2/work_space/build/custom_action_interfaces': CMAKE_PREFIX_PATH=${CMAKE_PREFIX_PATH}:/home/ziad/ziad_ws/ROS2/turtlebot3_ws/install/turtlebot3_teleop:/home/ziad/ziad_ws/ROS2/turtlebot3_ws/install/turtlebot3_example:/opt/ros/jazzy DEBUGINFOD_URLS=https://debuginfod.ubuntu.com /usr/bin/cmake --install /home/ziad/ziad_ws/ROS2/work_space/build/custom_action_interfaces
[8.666s] -- Install configuration: ""
[8.666s] -- Installing: /home/ziad/ziad_ws/ROS2/work_space/install/custom_action_interfaces/share/ament_index/resource_index/package_run_dependencies/custom_action_interfaces
[8.682s] -- Installing: /home/ziad/ziad_ws/ROS2/work_space/install/custom_action_interfaces/share/ament_index/resource_index/parent_prefix_path/custom_action_interfaces
[8.684s] -- Installing: /home/ziad/ziad_ws/ROS2/work_space/install/custom_action_interfaces/share/custom_action_interfaces/environment/ament_prefix_path.sh
[8.685s] -- Installing: /home/ziad/ziad_ws/ROS2/work_space/install/custom_action_interfaces/share/custom_action_interfaces/environment/ament_prefix_path.dsv
[8.698s] -- Installing: /home/ziad/ziad_ws/ROS2/work_space/install/custom_action_interfaces/share/custom_action_interfaces/environment/path.sh
[8.705s] -- Installing: /home/ziad/ziad_ws/ROS2/work_space/install/custom_action_interfaces/share/custom_action_interfaces/environment/path.dsv
[8.714s] -- Installing: /home/ziad/ziad_ws/ROS2/work_space/install/custom_action_interfaces/share/custom_action_interfaces/local_setup.bash
[8.715s] -- Installing: /home/ziad/ziad_ws/ROS2/work_space/install/custom_action_interfaces/share/custom_action_interfaces/local_setup.sh
[8.724s] -- Installing: /home/ziad/ziad_ws/ROS2/work_space/install/custom_action_interfaces/share/custom_action_interfaces/local_setup.zsh
[8.734s] -- Installing: /home/ziad/ziad_ws/ROS2/work_space/install/custom_action_interfaces/share/custom_action_interfaces/local_setup.dsv
[8.734s] -- Installing: /home/ziad/ziad_ws/ROS2/work_space/install/custom_action_interfaces/share/custom_action_interfaces/package.dsv
[8.734s] -- Installing: /home/ziad/ziad_ws/ROS2/work_space/install/custom_action_interfaces/share/ament_index/resource_index/packages/custom_action_interfaces
[8.735s] -- Installing: /home/ziad/ziad_ws/ROS2/work_space/install/custom_action_interfaces/share/custom_action_interfaces/cmake/custom_action_interfacesConfig.cmake
[8.736s] -- Installing: /home/ziad/ziad_ws/ROS2/work_space/install/custom_action_interfaces/share/custom_action_interfaces/cmake/custom_action_interfacesConfig-version.cmake
[8.736s] -- Installing: /home/ziad/ziad_ws/ROS2/work_space/install/custom_action_interfaces/share/custom_action_interfaces/package.xml
[8.736s] Invoked command in '/home/ziad/ziad_ws/ROS2/work_space/build/custom_action_interfaces' returned '0': CMAKE_PREFIX_PATH=${CMAKE_PREFIX_PATH}:/home/ziad/ziad_ws/ROS2/turtlebot3_ws/install/turtlebot3_teleop:/home/ziad/ziad_ws/ROS2/turtlebot3_ws/install/turtlebot3_example:/opt/ros/jazzy DEBUGINFOD_URLS=https://debuginfod.ubuntu.com /usr/bin/cmake --install /home/ziad/ziad_ws/ROS2/work_space/build/custom_action_interfaces
