[0.020s] Invoking command in '/home/ziad/ziad_ws/ROS2/work_space/build/anymal_description': CMAKE_PREFIX_PATH=${CMAKE_PREFIX_PATH}:/home/ziad/ziad_ws/ROS2/turtlebot3_ws/install/turtlebot3_teleop:/home/ziad/ziad_ws/ROS2/turtlebot3_ws/install/turtlebot3_example:/opt/ros/jazzy DEBUGINFOD_URLS=https://debuginfod.ubuntu.com /usr/bin/cmake --build /home/ziad/ziad_ws/ROS2/work_space/build/anymal_description -- -j4 -l4
[0.074s] Invoked command in '/home/ziad/ziad_ws/ROS2/work_space/build/anymal_description' returned '0': CMAKE_PREFIX_PATH=${CMAKE_PREFIX_PATH}:/home/ziad/ziad_ws/ROS2/turtlebot3_ws/install/turtlebot3_teleop:/home/ziad/ziad_ws/ROS2/turtlebot3_ws/install/turtlebot3_example:/opt/ros/jazzy DEBUGINFOD_URLS=https://debuginfod.ubuntu.com /usr/bin/cmake --build /home/ziad/ziad_ws/ROS2/work_space/build/anymal_description -- -j4 -l4
[0.087s] Invoking command in '/home/ziad/ziad_ws/ROS2/work_space/build/anymal_description': CMAKE_PREFIX_PATH=${CMAKE_PREFIX_PATH}:/home/ziad/ziad_ws/ROS2/turtlebot3_ws/install/turtlebot3_teleop:/home/ziad/ziad_ws/ROS2/turtlebot3_ws/install/turtlebot3_example:/opt/ros/jazzy DEBUGINFOD_URLS=https://debuginfod.ubuntu.com /usr/bin/cmake --install /home/ziad/ziad_ws/ROS2/work_space/build/anymal_description
[0.097s] -- Install configuration: ""
[0.098s] -- Up-to-date: /home/ziad/ziad_ws/ROS2/work_space/install/anymal_description/share/anymal_description/launch
[0.098s] -- Up-to-date: /home/ziad/ziad_ws/ROS2/work_space/install/anymal_description/share/anymal_description/launch/view_anymal.launch.py
[0.098s] -- Installing: /home/ziad/ziad_ws/ROS2/work_space/install/anymal_description/share/anymal_description/launch/gazebo.launch.py
[0.099s] -- Up-to-date: /home/ziad/ziad_ws/ROS2/work_space/install/anymal_description/share/anymal_description/meshes
[0.099s] -- Up-to-date: /home/ziad/ziad_ws/ROS2/work_space/install/anymal_description/share/anymal_description/meshes/thumbnails
[0.099s] -- Up-to-date: /home/ziad/ziad_ws/ROS2/work_space/install/anymal_description/share/anymal_description/meshes/thumbnails/3.jpg
[0.099s] -- Up-to-date: /home/ziad/ziad_ws/ROS2/work_space/install/anymal_description/share/anymal_description/meshes/thumbnails/4.jpg
[0.099s] -- Up-to-date: /home/ziad/ziad_ws/ROS2/work_space/install/anymal_description/share/anymal_description/meshes/thumbnails/2.jpg
[0.100s] -- Up-to-date: /home/ziad/ziad_ws/ROS2/work_space/install/anymal_description/share/anymal_description/meshes/thumbnails/1.jpg
[0.100s] -- Up-to-date: /home/ziad/ziad_ws/ROS2/work_space/install/anymal_description/share/anymal_description/meshes/materials
[0.100s] -- Up-to-date: /home/ziad/ziad_ws/ROS2/work_space/install/anymal_description/share/anymal_description/meshes/materials/scripts
[0.100s] -- Up-to-date: /home/ziad/ziad_ws/ROS2/work_space/install/anymal_description/share/anymal_description/meshes/materials/scripts/model.material
[0.100s] -- Up-to-date: /home/ziad/ziad_ws/ROS2/work_space/install/anymal_description/share/anymal_description/meshes/materials/textures
[0.100s] -- Up-to-date: /home/ziad/ziad_ws/ROS2/work_space/install/anymal_description/share/anymal_description/meshes/materials/textures/Anymal_Metalness.jpg
[0.100s] -- Up-to-date: /home/ziad/ziad_ws/ROS2/work_space/install/anymal_description/share/anymal_description/meshes/materials/textures/Anymal_Albedo.jpg
[0.100s] -- Up-to-date: /home/ziad/ziad_ws/ROS2/work_space/install/anymal_description/share/anymal_description/meshes/materials/textures/Anymal_Roughness.jpg
[0.100s] -- Up-to-date: /home/ziad/ziad_ws/ROS2/work_space/install/anymal_description/share/anymal_description/meshes/anymal.dae
[0.101s] -- Up-to-date: /home/ziad/ziad_ws/ROS2/work_space/install/anymal_description/share/anymal_description/urdf
[0.101s] -- Up-to-date: /home/ziad/ziad_ws/ROS2/work_space/install/anymal_description/share/anymal_description/urdf/anymal.urdf.xacro
[0.101s] -- Up-to-date: /home/ziad/ziad_ws/ROS2/work_space/install/anymal_description/share/ament_index/resource_index/package_run_dependencies/anymal_description
[0.101s] -- Up-to-date: /home/ziad/ziad_ws/ROS2/work_space/install/anymal_description/share/ament_index/resource_index/parent_prefix_path/anymal_description
[0.101s] -- Up-to-date: /home/ziad/ziad_ws/ROS2/work_space/install/anymal_description/share/anymal_description/environment/ament_prefix_path.sh
[0.101s] -- Up-to-date: /home/ziad/ziad_ws/ROS2/work_space/install/anymal_description/share/anymal_description/environment/ament_prefix_path.dsv
[0.101s] -- Up-to-date: /home/ziad/ziad_ws/ROS2/work_space/install/anymal_description/share/anymal_description/environment/path.sh
[0.101s] -- Up-to-date: /home/ziad/ziad_ws/ROS2/work_space/install/anymal_description/share/anymal_description/environment/path.dsv
[0.101s] -- Up-to-date: /home/ziad/ziad_ws/ROS2/work_space/install/anymal_description/share/anymal_description/local_setup.bash
[0.101s] -- Up-to-date: /home/ziad/ziad_ws/ROS2/work_space/install/anymal_description/share/anymal_description/local_setup.sh
[0.101s] -- Up-to-date: /home/ziad/ziad_ws/ROS2/work_space/install/anymal_description/share/anymal_description/local_setup.zsh
[0.101s] -- Up-to-date: /home/ziad/ziad_ws/ROS2/work_space/install/anymal_description/share/anymal_description/local_setup.dsv
[0.102s] -- Installing: /home/ziad/ziad_ws/ROS2/work_space/install/anymal_description/share/anymal_description/package.dsv
[0.102s] -- Up-to-date: /home/ziad/ziad_ws/ROS2/work_space/install/anymal_description/share/ament_index/resource_index/packages/anymal_description
[0.102s] -- Up-to-date: /home/ziad/ziad_ws/ROS2/work_space/install/anymal_description/share/anymal_description/cmake/anymal_descriptionConfig.cmake
[0.102s] -- Up-to-date: /home/ziad/ziad_ws/ROS2/work_space/install/anymal_description/share/anymal_description/cmake/anymal_descriptionConfig-version.cmake
[0.102s] -- Up-to-date: /home/ziad/ziad_ws/ROS2/work_space/install/anymal_description/share/anymal_description/package.xml
[0.103s] Invoked command in '/home/ziad/ziad_ws/ROS2/work_space/build/anymal_description' returned '0': CMAKE_PREFIX_PATH=${CMAKE_PREFIX_PATH}:/home/ziad/ziad_ws/ROS2/turtlebot3_ws/install/turtlebot3_teleop:/home/ziad/ziad_ws/ROS2/turtlebot3_ws/install/turtlebot3_example:/opt/ros/jazzy DEBUGINFOD_URLS=https://debuginfod.ubuntu.com /usr/bin/cmake --install /home/ziad/ziad_ws/ROS2/work_space/build/anymal_description
