[0.039s] Invoking command in '/home/ziad/Ziad_WS/ROS2/work_space/build/cyber_robt': CMAKE_PREFIX_PATH=${CMAKE_PREFIX_PATH}:/opt/ros/humble /usr/bin/cmake /home/ziad/Ziad_WS/ROS2/work_space/src/cyber_robt -DAMENT_CMAKE_SYMLINK_INSTALL=1 -DCMAKE_INSTALL_PREFIX=/home/ziad/Ziad_WS/ROS2/work_space/install/cyber_robt
[0.077s] -- Found ament_cmake: 1.3.12 (/opt/ros/humble/share/ament_cmake/cmake)
[0.377s] -- Override CMake install command with custom implementation using symlinks instead of copying resources
[0.415s] -- Found ament_lint_auto: 0.12.14 (/opt/ros/humble/share/ament_lint_auto/cmake)
[0.620s] -- Configuring done
[0.627s] -- Generating done
[0.630s] -- Build files have been written to: /home/ziad/Ziad_WS/ROS2/work_space/build/cyber_robt
[0.635s] Invoked command in '/home/ziad/Ziad_WS/ROS2/work_space/build/cyber_robt' returned '0': CMAKE_PREFIX_PATH=${CMAKE_PREFIX_PATH}:/opt/ros/humble /usr/bin/cmake /home/ziad/Ziad_WS/ROS2/work_space/src/cyber_robt -DAMENT_CMAKE_SYMLINK_INSTALL=1 -DCMAKE_INSTALL_PREFIX=/home/ziad/Ziad_WS/ROS2/work_space/install/cyber_robt
[0.641s] Invoking command in '/home/ziad/Ziad_WS/ROS2/work_space/build/cyber_robt': CMAKE_PREFIX_PATH=${CMAKE_PREFIX_PATH}:/opt/ros/humble /usr/bin/cmake --build /home/ziad/Ziad_WS/ROS2/work_space/build/cyber_robt -- -j4 -l4
[0.707s] Invoked command in '/home/ziad/Ziad_WS/ROS2/work_space/build/cyber_robt' returned '0': CMAKE_PREFIX_PATH=${CMAKE_PREFIX_PATH}:/opt/ros/humble /usr/bin/cmake --build /home/ziad/Ziad_WS/ROS2/work_space/build/cyber_robt -- -j4 -l4
[0.722s] Invoking command in '/home/ziad/Ziad_WS/ROS2/work_space/build/cyber_robt': CMAKE_PREFIX_PATH=${CMAKE_PREFIX_PATH}:/opt/ros/humble /usr/bin/cmake --install /home/ziad/Ziad_WS/ROS2/work_space/build/cyber_robt
[0.739s] -- Install configuration: ""
[0.740s] -- Execute custom install script
[0.742s] -- Symlinking: /home/ziad/Ziad_WS/ROS2/work_space/install/cyber_robt/share/cyber_robt/config/joint_names_cyber_robt.yaml
[0.760s] -- Symlinking: /home/ziad/Ziad_WS/ROS2/work_space/install/cyber_robt/share/cyber_robt/launch/display.launch
[0.776s] -- Symlinking: /home/ziad/Ziad_WS/ROS2/work_space/install/cyber_robt/share/cyber_robt/launch/gazebo.launch
[0.792s] -- Symlinking: /home/ziad/Ziad_WS/ROS2/work_space/install/cyber_robt/share/cyber_robt/launch/gazebo.launch.py
[0.814s] -- Symlinking: /home/ziad/Ziad_WS/ROS2/work_space/install/cyber_robt/share/cyber_robt/launch/gazebo.launch.xml
[0.825s] -- Symlinking: /home/ziad/Ziad_WS/ROS2/work_space/install/cyber_robt/share/cyber_robt/meshes/Lidar.STL
[0.844s] -- Symlinking: /home/ziad/Ziad_WS/ROS2/work_space/install/cyber_robt/share/cyber_robt/meshes/U_B.STL
[0.861s] -- Symlinking: /home/ziad/Ziad_WS/ROS2/work_space/install/cyber_robt/share/cyber_robt/meshes/U_F.STL
[0.877s] -- Symlinking: /home/ziad/Ziad_WS/ROS2/work_space/install/cyber_robt/share/cyber_robt/meshes/U_L.STL
[0.892s] -- Symlinking: /home/ziad/Ziad_WS/ROS2/work_space/install/cyber_robt/share/cyber_robt/meshes/U_R.STL
[0.908s] -- Symlinking: /home/ziad/Ziad_WS/ROS2/work_space/install/cyber_robt/share/cyber_robt/meshes/W_B_L.STL
[0.924s] -- Symlinking: /home/ziad/Ziad_WS/ROS2/work_space/install/cyber_robt/share/cyber_robt/meshes/W_B_R.STL
[0.942s] -- Symlinking: /home/ziad/Ziad_WS/ROS2/work_space/install/cyber_robt/share/cyber_robt/meshes/W_F_L.STL
[0.958s] -- Symlinking: /home/ziad/Ziad_WS/ROS2/work_space/install/cyber_robt/share/cyber_robt/meshes/W_F_R.STL
[0.974s] -- Symlinking: /home/ziad/Ziad_WS/ROS2/work_space/install/cyber_robt/share/cyber_robt/meshes/base_link.STL
[0.991s] -- Symlinking: /home/ziad/Ziad_WS/ROS2/work_space/install/cyber_robt/share/cyber_robt/urdf/cyber_robt.csv
[1.007s] -- Symlinking: /home/ziad/Ziad_WS/ROS2/work_space/install/cyber_robt/share/cyber_robt/urdf/cyber_robt.urdf
[1.026s] -- Symlinking: /home/ziad/Ziad_WS/ROS2/work_space/install/cyber_robt/share/ament_index/resource_index/package_run_dependencies/cyber_robt
[1.041s] -- Symlinking: /home/ziad/Ziad_WS/ROS2/work_space/install/cyber_robt/share/ament_index/resource_index/parent_prefix_path/cyber_robt
[1.059s] -- Symlinking: /home/ziad/Ziad_WS/ROS2/work_space/install/cyber_robt/share/cyber_robt/environment/ament_prefix_path.sh
[1.075s] -- Symlinking: /home/ziad/Ziad_WS/ROS2/work_space/install/cyber_robt/share/cyber_robt/environment/ament_prefix_path.dsv
[1.092s] -- Symlinking: /home/ziad/Ziad_WS/ROS2/work_space/install/cyber_robt/share/cyber_robt/environment/path.sh
[1.109s] -- Symlinking: /home/ziad/Ziad_WS/ROS2/work_space/install/cyber_robt/share/cyber_robt/environment/path.dsv
[1.126s] -- Symlinking: /home/ziad/Ziad_WS/ROS2/work_space/install/cyber_robt/share/cyber_robt/local_setup.bash
[1.149s] -- Symlinking: /home/ziad/Ziad_WS/ROS2/work_space/install/cyber_robt/share/cyber_robt/local_setup.sh
[1.165s] -- Symlinking: /home/ziad/Ziad_WS/ROS2/work_space/install/cyber_robt/share/cyber_robt/local_setup.zsh
[1.182s] -- Symlinking: /home/ziad/Ziad_WS/ROS2/work_space/install/cyber_robt/share/cyber_robt/local_setup.dsv
[1.199s] -- Symlinking: /home/ziad/Ziad_WS/ROS2/work_space/install/cyber_robt/share/cyber_robt/package.dsv
[1.218s] -- Symlinking: /home/ziad/Ziad_WS/ROS2/work_space/install/cyber_robt/share/ament_index/resource_index/packages/cyber_robt
[1.241s] -- Symlinking: /home/ziad/Ziad_WS/ROS2/work_space/install/cyber_robt/share/cyber_robt/cmake/cyber_robtConfig.cmake
[1.256s] -- Symlinking: /home/ziad/Ziad_WS/ROS2/work_space/install/cyber_robt/share/cyber_robt/cmake/cyber_robtConfig-version.cmake
[1.274s] -- Symlinking: /home/ziad/Ziad_WS/ROS2/work_space/install/cyber_robt/share/cyber_robt/package.xml
[1.296s] Invoked command in '/home/ziad/Ziad_WS/ROS2/work_space/build/cyber_robt' returned '0': CMAKE_PREFIX_PATH=${CMAKE_PREFIX_PATH}:/opt/ros/humble /usr/bin/cmake --install /home/ziad/Ziad_WS/ROS2/work_space/build/cyber_robt
