[0.015s] Invoking command in '/home/ziad/Ziad_WS/ROS2/work_space/build/hand_control_robot': CMAKE_PREFIX_PATH=${CMAKE_PREFIX_PATH}:/opt/ros/humble /usr/bin/cmake --build /home/ziad/Ziad_WS/ROS2/work_space/build/hand_control_robot -- -j4 -l4
[0.073s] [35m[1mConsolidate compiler generated dependencies of target hand_control[0m
[0.100s] [ 50%] [32mBuilding CXX object CMakeFiles/hand_control.dir/src/hand_control.cpp.o[0m
[10.859s] [100%] [32m[1mLinking CXX executable hand_control[0m
[11.394s] [100%] Built target hand_control
[11.407s] Invoked command in '/home/ziad/Ziad_WS/ROS2/work_space/build/hand_control_robot' returned '0': CMAKE_PREFIX_PATH=${CMAKE_PREFIX_PATH}:/opt/ros/humble /usr/bin/cmake --build /home/ziad/Ziad_WS/ROS2/work_space/build/hand_control_robot -- -j4 -l4
[11.420s] Invoking command in '/home/ziad/Ziad_WS/ROS2/work_space/build/hand_control_robot': CMAKE_PREFIX_PATH=${CMAKE_PREFIX_PATH}:/opt/ros/humble /usr/bin/cmake --install /home/ziad/Ziad_WS/ROS2/work_space/build/hand_control_robot
[11.428s] -- Install configuration: "Release"
[11.429s] -- Execute custom install script
[11.429s] -- Up-to-date symlink: /home/ziad/Ziad_WS/ROS2/work_space/install/hand_control_robot/lib/hand_control_robot/hand_control
[11.430s] -- Up-to-date symlink: /home/ziad/Ziad_WS/ROS2/work_space/install/hand_control_robot/share/hand_control_robot//launch/hand_control.launch.py
[11.430s] -- Up-to-date symlink: /home/ziad/Ziad_WS/ROS2/work_space/install/hand_control_robot/share/ament_index/resource_index/package_run_dependencies/hand_control_robot
[11.430s] -- Up-to-date symlink: /home/ziad/Ziad_WS/ROS2/work_space/install/hand_control_robot/share/ament_index/resource_index/parent_prefix_path/hand_control_robot
[11.431s] -- Up-to-date symlink: /home/ziad/Ziad_WS/ROS2/work_space/install/hand_control_robot/share/hand_control_robot/environment/ament_prefix_path.sh
[11.431s] -- Up-to-date symlink: /home/ziad/Ziad_WS/ROS2/work_space/install/hand_control_robot/share/hand_control_robot/environment/ament_prefix_path.dsv
[11.431s] -- Up-to-date symlink: /home/ziad/Ziad_WS/ROS2/work_space/install/hand_control_robot/share/hand_control_robot/environment/path.sh
[11.431s] -- Up-to-date symlink: /home/ziad/Ziad_WS/ROS2/work_space/install/hand_control_robot/share/hand_control_robot/environment/path.dsv
[11.432s] -- Up-to-date symlink: /home/ziad/Ziad_WS/ROS2/work_space/install/hand_control_robot/share/hand_control_robot/local_setup.bash
[11.432s] -- Up-to-date symlink: /home/ziad/Ziad_WS/ROS2/work_space/install/hand_control_robot/share/hand_control_robot/local_setup.sh
[11.432s] -- Up-to-date symlink: /home/ziad/Ziad_WS/ROS2/work_space/install/hand_control_robot/share/hand_control_robot/local_setup.zsh
[11.433s] -- Up-to-date symlink: /home/ziad/Ziad_WS/ROS2/work_space/install/hand_control_robot/share/hand_control_robot/local_setup.dsv
[11.433s] -- Symlinking: /home/ziad/Ziad_WS/ROS2/work_space/install/hand_control_robot/share/hand_control_robot/package.dsv
[11.443s] -- Up-to-date symlink: /home/ziad/Ziad_WS/ROS2/work_space/install/hand_control_robot/share/ament_index/resource_index/packages/hand_control_robot
[11.443s] -- Up-to-date symlink: /home/ziad/Ziad_WS/ROS2/work_space/install/hand_control_robot/share/hand_control_robot/cmake/hand_control_robotConfig.cmake
[11.444s] -- Up-to-date symlink: /home/ziad/Ziad_WS/ROS2/work_space/install/hand_control_robot/share/hand_control_robot/cmake/hand_control_robotConfig-version.cmake
[11.444s] -- Up-to-date symlink: /home/ziad/Ziad_WS/ROS2/work_space/install/hand_control_robot/share/hand_control_robot/package.xml
[11.446s] Invoked command in '/home/ziad/Ziad_WS/ROS2/work_space/build/hand_control_robot' returned '0': CMAKE_PREFIX_PATH=${CMAKE_PREFIX_PATH}:/opt/ros/humble /usr/bin/cmake --install /home/ziad/Ziad_WS/ROS2/work_space/build/hand_control_robot
