[0.047s] Invoking command in '/home/ziad/ziad_ws/ROS2/work_space/build/cyber_robt': CMAKE_PREFIX_PATH=${CMAKE_PREFIX_PATH}:/home/ziad/ziad_ws/ROS2/turtlebot3_ws/install/turtlebot3_teleop:/home/ziad/ziad_ws/ROS2/turtlebot3_ws/install/turtlebot3_example:/opt/ros/humble /usr/bin/cmake /home/ziad/ziad_ws/ROS2/work_space/src/cyber_robt -DAMENT_CMAKE_SYMLINK_INSTALL=1 -DCMAKE_INSTALL_PREFIX=/home/ziad/ziad_ws/ROS2/work_space/install/cyber_robt
[0.311s] -- The C compiler identification is GNU 11.4.0
[0.496s] -- The CXX compiler identification is GNU 11.4.0
[0.511s] -- Detecting C compiler ABI info
[0.713s] -- Detecting C compiler ABI info - done
[0.733s] -- Check for working C compiler: /usr/bin/cc - skipped
[0.733s] -- Detecting C compile features
[0.733s] -- Detecting C compile features - done
[0.741s] -- Detecting CXX compiler ABI info
[0.961s] -- Detecting CXX compiler ABI info - done
[0.980s] -- Check for working CXX compiler: /usr/bin/c++ - skipped
[0.981s] -- Detecting CXX compile features
[0.982s] -- Detecting CXX compile features - done
[0.994s] -- Found ament_cmake: 1.3.12 (/opt/ros/humble/share/ament_cmake/cmake)
[1.453s] -- Found Python3: /usr/bin/python3 (found version "3.10.12") found components: Interpreter 
[1.628s] -- Override CMake install command with custom implementation using symlinks instead of copying resources
[1.723s] -- Found robot_state_publisher: 3.0.3 (/opt/ros/humble/share/robot_state_publisher/cmake)
[1.826s] -- Found rosidl_generator_c: 3.1.7 (/opt/ros/humble/share/rosidl_generator_c/cmake)
[1.862s] -- Found rosidl_adapter: 3.1.7 (/opt/ros/humble/share/rosidl_adapter/cmake)
[1.904s] -- Found rosidl_generator_cpp: 3.1.7 (/opt/ros/humble/share/rosidl_generator_cpp/cmake)
[1.944s] -- Using all available rosidl_typesupport_c: rosidl_typesupport_fastrtps_c;rosidl_typesupport_introspection_c
[1.994s] -- Using all available rosidl_typesupport_cpp: rosidl_typesupport_fastrtps_cpp;rosidl_typesupport_introspection_cpp
[2.181s] -- Found eigen3_cmake_module: 0.1.1 (/opt/ros/humble/share/eigen3_cmake_module/cmake)
[2.188s] -- Found Eigen3: TRUE (found version "3.4.0") 
[2.188s] -- Ensuring Eigen3 include directory is part of orocos-kdl CMake target
[2.314s] -- Found rmw_implementation_cmake: 6.1.2 (/opt/ros/humble/share/rmw_implementation_cmake/cmake)
[2.323s] -- Found rmw_fastrtps_cpp: 6.2.8 (/opt/ros/humble/share/rmw_fastrtps_cpp/cmake)
[2.569s] -- Found OpenSSL: /usr/lib/x86_64-linux-gnu/libcrypto.so (found version "3.0.2")  
[2.641s] -- Found FastRTPS: /opt/ros/humble/include  
[2.747s] -- Using RMW implementation 'rmw_fastrtps_cpp' as default
[2.778s] -- Looking for pthread.h
[2.988s] -- Looking for pthread.h - found
[2.989s] -- Performing Test CMAKE_HAVE_LIBC_PTHREAD
[3.167s] -- Performing Test CMAKE_HAVE_LIBC_PTHREAD - Success
[3.170s] -- Found Threads: TRUE  
[3.804s] -- Found ros_ign_gazebo: 0.244.20 (/opt/ros/humble/share/ros_ign_gazebo/cmake)
[3.976s] -- Found Protobuf: /usr/lib/x86_64-linux-gnu/libprotobuf.so (found suitable version "3.12.4", minimum required is "3") 
[4.171s] -- Found Protobuf: /usr/lib/x86_64-linux-gnu/libprotobuf.so (found version "3.12.4") 
[4.746s] -- Found ros_ign_bridge: 0.244.20 (/opt/ros/humble/share/ros_ign_bridge/cmake)
[4.753s] -- Found xacro: 2.1.1 (/opt/ros/humble/share/xacro/cmake)
[4.762s] -- Found ament_lint_auto: 0.12.14 (/opt/ros/humble/share/ament_lint_auto/cmake)
[4.876s] -- Configuring done
[4.884s] -- Generating done
[4.888s] -- Build files have been written to: /home/ziad/ziad_ws/ROS2/work_space/build/cyber_robt
