[0.028s] Invoking command in '/home/ziad/Ziad_WS/ROS2/work_space/build/turtlebot3_custom': CMAKE_PREFIX_PATH=${CMAKE_PREFIX_PATH}:/opt/ros/humble /usr/bin/cmake --build /home/ziad/Ziad_WS/ROS2/work_space/build/turtlebot3_custom -- -j4 -l4
[0.202s] [  2%] Built target turtlebot3_custom__cpp
[0.210s] [ 10%] Built target turtlebot3_custom__rosidl_generator_c
[0.235s] [ 10%] Built target ament_cmake_python_copy_turtlebot3_custom
[0.269s] [ 14%] Built target turtlebot3_controller
[0.302s] [ 22%] Built target turtlebot3_custom__rosidl_typesupport_cpp
[0.325s] [ 30%] Built target turtlebot3_custom__rosidl_typesupport_introspection_c
[0.356s] [ 38%] Built target turtlebot3_custom__rosidl_typesupport_c
[0.357s] [ 46%] Built target turtlebot3_custom__rosidl_typesupport_fastrtps_cpp
[0.420s] [ 55%] Built target turtlebot3_custom__rosidl_typesupport_introspection_cpp
[0.450s] [ 59%] Built target robot_status_server
[0.475s] [ 63%] Built target status_client
[0.562s] [ 67%] Built target navigation_action_server
[0.568s] [ 71%] Built target navigation_client
[0.573s] [ 79%] Built target turtlebot3_custom__rosidl_typesupport_fastrtps_c
[0.613s] [ 79%] Built target turtlebot3_custom
[0.654s] [ 81%] Built target turtlebot3_custom__py
[0.704s] [ 87%] Built target turtlebot3_custom__rosidl_generator_py
[0.782s] [ 91%] Built target turtlebot3_custom__rosidl_typesupport_introspection_c__pyext
[0.792s] [ 95%] Built target turtlebot3_custom__rosidl_typesupport_c__pyext
[0.795s] [100%] Built target turtlebot3_custom__rosidl_typesupport_fastrtps_c__pyext
[1.213s] running egg_info
[1.245s] writing turtlebot3_custom.egg-info/PKG-INFO
[1.245s] writing dependency_links to turtlebot3_custom.egg-info/dependency_links.txt
[1.245s] writing top-level names to turtlebot3_custom.egg-info/top_level.txt
[1.341s] reading manifest file 'turtlebot3_custom.egg-info/SOURCES.txt'
[1.342s] writing manifest file 'turtlebot3_custom.egg-info/SOURCES.txt'
[1.434s] [100%] Built target ament_cmake_python_build_turtlebot3_custom_egg
[1.449s] Invoked command in '/home/ziad/Ziad_WS/ROS2/work_space/build/turtlebot3_custom' returned '0': CMAKE_PREFIX_PATH=${CMAKE_PREFIX_PATH}:/opt/ros/humble /usr/bin/cmake --build /home/ziad/Ziad_WS/ROS2/work_space/build/turtlebot3_custom -- -j4 -l4
[1.451s] Invoking command in '/home/ziad/Ziad_WS/ROS2/work_space/build/turtlebot3_custom': CMAKE_PREFIX_PATH=${CMAKE_PREFIX_PATH}:/opt/ros/humble /usr/bin/cmake --install /home/ziad/Ziad_WS/ROS2/work_space/build/turtlebot3_custom
[1.463s] -- Install configuration: ""
[1.463s] -- Up-to-date: /home/ziad/Ziad_WS/ROS2/work_space/install/turtlebot3_custom/share/ament_index/resource_index/rosidl_interfaces/turtlebot3_custom
[1.463s] -- Up-to-date: /home/ziad/Ziad_WS/ROS2/work_space/install/turtlebot3_custom/include/turtlebot3_custom/turtlebot3_custom
[1.463s] -- Up-to-date: /home/ziad/Ziad_WS/ROS2/work_space/install/turtlebot3_custom/include/turtlebot3_custom/turtlebot3_custom/action
[1.463s] -- Up-to-date: /home/ziad/Ziad_WS/ROS2/work_space/install/turtlebot3_custom/include/turtlebot3_custom/turtlebot3_custom/action/navigate_to_goal.h
[1.464s] -- Up-to-date: /home/ziad/Ziad_WS/ROS2/work_space/install/turtlebot3_custom/include/turtlebot3_custom/turtlebot3_custom/action/detail
[1.464s] -- Up-to-date: /home/ziad/Ziad_WS/ROS2/work_space/install/turtlebot3_custom/include/turtlebot3_custom/turtlebot3_custom/action/detail/navigate_to_goal__functions.c
[1.464s] -- Up-to-date: /home/ziad/Ziad_WS/ROS2/work_space/install/turtlebot3_custom/include/turtlebot3_custom/turtlebot3_custom/action/detail/navigate_to_goal__functions.h
[1.464s] -- Up-to-date: /home/ziad/Ziad_WS/ROS2/work_space/install/turtlebot3_custom/include/turtlebot3_custom/turtlebot3_custom/action/detail/navigate_to_goal__type_support.h
[1.464s] -- Up-to-date: /home/ziad/Ziad_WS/ROS2/work_space/install/turtlebot3_custom/include/turtlebot3_custom/turtlebot3_custom/action/detail/navigate_to_goal__struct.h
[1.464s] -- Up-to-date: /home/ziad/Ziad_WS/ROS2/work_space/install/turtlebot3_custom/include/turtlebot3_custom/turtlebot3_custom/srv
[1.465s] -- Up-to-date: /home/ziad/Ziad_WS/ROS2/work_space/install/turtlebot3_custom/include/turtlebot3_custom/turtlebot3_custom/srv/get_robot_status.h
[1.465s] -- Up-to-date: /home/ziad/Ziad_WS/ROS2/work_space/install/turtlebot3_custom/include/turtlebot3_custom/turtlebot3_custom/srv/detail
[1.465s] -- Up-to-date: /home/ziad/Ziad_WS/ROS2/work_space/install/turtlebot3_custom/include/turtlebot3_custom/turtlebot3_custom/srv/detail/get_robot_status__functions.h
[1.465s] -- Up-to-date: /home/ziad/Ziad_WS/ROS2/work_space/install/turtlebot3_custom/include/turtlebot3_custom/turtlebot3_custom/srv/detail/get_robot_status__type_support.h
[1.465s] -- Up-to-date: /home/ziad/Ziad_WS/ROS2/work_space/install/turtlebot3_custom/include/turtlebot3_custom/turtlebot3_custom/srv/detail/get_robot_status__functions.c
[1.465s] -- Up-to-date: /home/ziad/Ziad_WS/ROS2/work_space/install/turtlebot3_custom/include/turtlebot3_custom/turtlebot3_custom/srv/detail/get_robot_status__struct.h
[1.465s] -- Up-to-date: /home/ziad/Ziad_WS/ROS2/work_space/install/turtlebot3_custom/include/turtlebot3_custom/turtlebot3_custom/msg
[1.465s] -- Up-to-date: /home/ziad/Ziad_WS/ROS2/work_space/install/turtlebot3_custom/include/turtlebot3_custom/turtlebot3_custom/msg/rosidl_generator_c__visibility_control.h
[1.466s] -- Up-to-date: /home/ziad/Ziad_WS/ROS2/work_space/install/turtlebot3_custom/share/turtlebot3_custom/environment/library_path.sh
[1.466s] -- Up-to-date: /home/ziad/Ziad_WS/ROS2/work_space/install/turtlebot3_custom/share/turtlebot3_custom/environment/library_path.dsv
[1.466s] -- Up-to-date: /home/ziad/Ziad_WS/ROS2/work_space/install/turtlebot3_custom/lib/libturtlebot3_custom__rosidl_generator_c.so
[1.466s] -- Up-to-date: /home/ziad/Ziad_WS/ROS2/work_space/install/turtlebot3_custom/include/turtlebot3_custom/turtlebot3_custom
[1.466s] -- Up-to-date: /home/ziad/Ziad_WS/ROS2/work_space/install/turtlebot3_custom/include/turtlebot3_custom/turtlebot3_custom/action
[1.466s] -- Up-to-date: /home/ziad/Ziad_WS/ROS2/work_space/install/turtlebot3_custom/include/turtlebot3_custom/turtlebot3_custom/action/detail
[1.467s] -- Up-to-date: /home/ziad/Ziad_WS/ROS2/work_space/install/turtlebot3_custom/include/turtlebot3_custom/turtlebot3_custom/action/detail/navigate_to_goal__rosidl_typesupport_fastrtps_c.h
[1.467s] -- Up-to-date: /home/ziad/Ziad_WS/ROS2/work_space/install/turtlebot3_custom/include/turtlebot3_custom/turtlebot3_custom/srv
[1.467s] -- Up-to-date: /home/ziad/Ziad_WS/ROS2/work_space/install/turtlebot3_custom/include/turtlebot3_custom/turtlebot3_custom/srv/detail
[1.467s] -- Up-to-date: /home/ziad/Ziad_WS/ROS2/work_space/install/turtlebot3_custom/include/turtlebot3_custom/turtlebot3_custom/srv/detail/get_robot_status__rosidl_typesupport_fastrtps_c.h
[1.468s] -- Up-to-date: /home/ziad/Ziad_WS/ROS2/work_space/install/turtlebot3_custom/include/turtlebot3_custom/turtlebot3_custom/msg
[1.468s] -- Up-to-date: /home/ziad/Ziad_WS/ROS2/work_space/install/turtlebot3_custom/include/turtlebot3_custom/turtlebot3_custom/msg/rosidl_typesupport_fastrtps_c__visibility_control.h
[1.468s] -- Up-to-date: /home/ziad/Ziad_WS/ROS2/work_space/install/turtlebot3_custom/lib/libturtlebot3_custom__rosidl_typesupport_fastrtps_c.so
[1.468s] -- Up-to-date: /home/ziad/Ziad_WS/ROS2/work_space/install/turtlebot3_custom/include/turtlebot3_custom/turtlebot3_custom
[1.468s] -- Up-to-date: /home/ziad/Ziad_WS/ROS2/work_space/install/turtlebot3_custom/include/turtlebot3_custom/turtlebot3_custom/action
[1.469s] -- Up-to-date: /home/ziad/Ziad_WS/ROS2/work_space/install/turtlebot3_custom/include/turtlebot3_custom/turtlebot3_custom/action/navigate_to_goal.hpp
[1.469s] -- Up-to-date: /home/ziad/Ziad_WS/ROS2/work_space/install/turtlebot3_custom/include/turtlebot3_custom/turtlebot3_custom/action/detail
[1.469s] -- Up-to-date: /home/ziad/Ziad_WS/ROS2/work_space/install/turtlebot3_custom/include/turtlebot3_custom/turtlebot3_custom/action/detail/navigate_to_goal__traits.hpp
[1.469s] -- Up-to-date: /home/ziad/Ziad_WS/ROS2/work_space/install/turtlebot3_custom/include/turtlebot3_custom/turtlebot3_custom/action/detail/navigate_to_goal__type_support.hpp
[1.470s] -- Up-to-date: /home/ziad/Ziad_WS/ROS2/work_space/install/turtlebot3_custom/include/turtlebot3_custom/turtlebot3_custom/action/detail/navigate_to_goal__builder.hpp
[1.470s] -- Up-to-date: /home/ziad/Ziad_WS/ROS2/work_space/install/turtlebot3_custom/include/turtlebot3_custom/turtlebot3_custom/action/detail/navigate_to_goal__struct.hpp
[1.470s] -- Up-to-date: /home/ziad/Ziad_WS/ROS2/work_space/install/turtlebot3_custom/include/turtlebot3_custom/turtlebot3_custom/srv
[1.470s] -- Up-to-date: /home/ziad/Ziad_WS/ROS2/work_space/install/turtlebot3_custom/include/turtlebot3_custom/turtlebot3_custom/srv/detail
[1.470s] -- Up-to-date: /home/ziad/Ziad_WS/ROS2/work_space/install/turtlebot3_custom/include/turtlebot3_custom/turtlebot3_custom/srv/detail/get_robot_status__builder.hpp
[1.470s] -- Up-to-date: /home/ziad/Ziad_WS/ROS2/work_space/install/turtlebot3_custom/include/turtlebot3_custom/turtlebot3_custom/srv/detail/get_robot_status__traits.hpp
[1.470s] -- Up-to-date: /home/ziad/Ziad_WS/ROS2/work_space/install/turtlebot3_custom/include/turtlebot3_custom/turtlebot3_custom/srv/detail/get_robot_status__type_support.hpp
[1.471s] -- Up-to-date: /home/ziad/Ziad_WS/ROS2/work_space/install/turtlebot3_custom/include/turtlebot3_custom/turtlebot3_custom/srv/detail/get_robot_status__struct.hpp
[1.471s] -- Up-to-date: /home/ziad/Ziad_WS/ROS2/work_space/install/turtlebot3_custom/include/turtlebot3_custom/turtlebot3_custom/srv/get_robot_status.hpp
[1.471s] -- Up-to-date: /home/ziad/Ziad_WS/ROS2/work_space/install/turtlebot3_custom/include/turtlebot3_custom/turtlebot3_custom/msg
[1.471s] -- Up-to-date: /home/ziad/Ziad_WS/ROS2/work_space/install/turtlebot3_custom/include/turtlebot3_custom/turtlebot3_custom/msg/rosidl_generator_cpp__visibility_control.hpp
[1.471s] -- Up-to-date: /home/ziad/Ziad_WS/ROS2/work_space/install/turtlebot3_custom/include/turtlebot3_custom/turtlebot3_custom
[1.471s] -- Up-to-date: /home/ziad/Ziad_WS/ROS2/work_space/install/turtlebot3_custom/include/turtlebot3_custom/turtlebot3_custom/action
[1.472s] -- Up-to-date: /home/ziad/Ziad_WS/ROS2/work_space/install/turtlebot3_custom/include/turtlebot3_custom/turtlebot3_custom/action/detail
[1.472s] -- Up-to-date: /home/ziad/Ziad_WS/ROS2/work_space/install/turtlebot3_custom/include/turtlebot3_custom/turtlebot3_custom/action/detail/dds_fastrtps
[1.472s] -- Up-to-date: /home/ziad/Ziad_WS/ROS2/work_space/install/turtlebot3_custom/include/turtlebot3_custom/turtlebot3_custom/action/detail/navigate_to_goal__rosidl_typesupport_fastrtps_cpp.hpp
[1.472s] -- Up-to-date: /home/ziad/Ziad_WS/ROS2/work_space/install/turtlebot3_custom/include/turtlebot3_custom/turtlebot3_custom/srv
[1.472s] -- Up-to-date: /home/ziad/Ziad_WS/ROS2/work_space/install/turtlebot3_custom/include/turtlebot3_custom/turtlebot3_custom/srv/detail
[1.472s] -- Up-to-date: /home/ziad/Ziad_WS/ROS2/work_space/install/turtlebot3_custom/include/turtlebot3_custom/turtlebot3_custom/srv/detail/dds_fastrtps
[1.472s] -- Up-to-date: /home/ziad/Ziad_WS/ROS2/work_space/install/turtlebot3_custom/include/turtlebot3_custom/turtlebot3_custom/srv/detail/get_robot_status__rosidl_typesupport_fastrtps_cpp.hpp
[1.473s] -- Up-to-date: /home/ziad/Ziad_WS/ROS2/work_space/install/turtlebot3_custom/include/turtlebot3_custom/turtlebot3_custom/msg
[1.473s] -- Up-to-date: /home/ziad/Ziad_WS/ROS2/work_space/install/turtlebot3_custom/include/turtlebot3_custom/turtlebot3_custom/msg/rosidl_typesupport_fastrtps_cpp__visibility_control.h
[1.473s] -- Up-to-date: /home/ziad/Ziad_WS/ROS2/work_space/install/turtlebot3_custom/lib/libturtlebot3_custom__rosidl_typesupport_fastrtps_cpp.so
[1.473s] -- Up-to-date: /home/ziad/Ziad_WS/ROS2/work_space/install/turtlebot3_custom/include/turtlebot3_custom/turtlebot3_custom
[1.473s] -- Up-to-date: /home/ziad/Ziad_WS/ROS2/work_space/install/turtlebot3_custom/include/turtlebot3_custom/turtlebot3_custom/action
[1.473s] -- Up-to-date: /home/ziad/Ziad_WS/ROS2/work_space/install/turtlebot3_custom/include/turtlebot3_custom/turtlebot3_custom/action/detail
[1.473s] -- Up-to-date: /home/ziad/Ziad_WS/ROS2/work_space/install/turtlebot3_custom/include/turtlebot3_custom/turtlebot3_custom/action/detail/navigate_to_goal__type_support.c
[1.474s] -- Up-to-date: /home/ziad/Ziad_WS/ROS2/work_space/install/turtlebot3_custom/include/turtlebot3_custom/turtlebot3_custom/action/detail/navigate_to_goal__rosidl_typesupport_introspection_c.h
[1.474s] -- Up-to-date: /home/ziad/Ziad_WS/ROS2/work_space/install/turtlebot3_custom/include/turtlebot3_custom/turtlebot3_custom/srv
[1.474s] -- Up-to-date: /home/ziad/Ziad_WS/ROS2/work_space/install/turtlebot3_custom/include/turtlebot3_custom/turtlebot3_custom/srv/detail
[1.474s] -- Up-to-date: /home/ziad/Ziad_WS/ROS2/work_space/install/turtlebot3_custom/include/turtlebot3_custom/turtlebot3_custom/srv/detail/get_robot_status__type_support.c
[1.474s] -- Up-to-date: /home/ziad/Ziad_WS/ROS2/work_space/install/turtlebot3_custom/include/turtlebot3_custom/turtlebot3_custom/srv/detail/get_robot_status__rosidl_typesupport_introspection_c.h
[1.474s] -- Up-to-date: /home/ziad/Ziad_WS/ROS2/work_space/install/turtlebot3_custom/include/turtlebot3_custom/turtlebot3_custom/msg
[1.475s] -- Up-to-date: /home/ziad/Ziad_WS/ROS2/work_space/install/turtlebot3_custom/include/turtlebot3_custom/turtlebot3_custom/msg/rosidl_typesupport_introspection_c__visibility_control.h
[1.475s] -- Up-to-date: /home/ziad/Ziad_WS/ROS2/work_space/install/turtlebot3_custom/lib/libturtlebot3_custom__rosidl_typesupport_introspection_c.so
[1.478s] -- Up-to-date: /home/ziad/Ziad_WS/ROS2/work_space/install/turtlebot3_custom/lib/libturtlebot3_custom__rosidl_typesupport_c.so
[1.484s] -- Up-to-date: /home/ziad/Ziad_WS/ROS2/work_space/install/turtlebot3_custom/include/turtlebot3_custom/turtlebot3_custom
[1.485s] -- Up-to-date: /home/ziad/Ziad_WS/ROS2/work_space/install/turtlebot3_custom/include/turtlebot3_custom/turtlebot3_custom/action
[1.485s] -- Up-to-date: /home/ziad/Ziad_WS/ROS2/work_space/install/turtlebot3_custom/include/turtlebot3_custom/turtlebot3_custom/action/detail
[1.485s] -- Up-to-date: /home/ziad/Ziad_WS/ROS2/work_space/install/turtlebot3_custom/include/turtlebot3_custom/turtlebot3_custom/action/detail/navigate_to_goal__rosidl_typesupport_introspection_cpp.hpp
[1.485s] -- Up-to-date: /home/ziad/Ziad_WS/ROS2/work_space/install/turtlebot3_custom/include/turtlebot3_custom/turtlebot3_custom/action/detail/navigate_to_goal__type_support.cpp
[1.485s] -- Up-to-date: /home/ziad/Ziad_WS/ROS2/work_space/install/turtlebot3_custom/include/turtlebot3_custom/turtlebot3_custom/srv
[1.485s] -- Up-to-date: /home/ziad/Ziad_WS/ROS2/work_space/install/turtlebot3_custom/include/turtlebot3_custom/turtlebot3_custom/srv/detail
[1.485s] -- Up-to-date: /home/ziad/Ziad_WS/ROS2/work_space/install/turtlebot3_custom/include/turtlebot3_custom/turtlebot3_custom/srv/detail/get_robot_status__type_support.cpp
[1.486s] -- Up-to-date: /home/ziad/Ziad_WS/ROS2/work_space/install/turtlebot3_custom/include/turtlebot3_custom/turtlebot3_custom/srv/detail/get_robot_status__rosidl_typesupport_introspection_cpp.hpp
[1.486s] -- Up-to-date: /home/ziad/Ziad_WS/ROS2/work_space/install/turtlebot3_custom/lib/libturtlebot3_custom__rosidl_typesupport_introspection_cpp.so
[1.486s] -- Up-to-date: /home/ziad/Ziad_WS/ROS2/work_space/install/turtlebot3_custom/lib/libturtlebot3_custom__rosidl_typesupport_cpp.so
[1.486s] -- Up-to-date: /home/ziad/Ziad_WS/ROS2/work_space/install/turtlebot3_custom/share/turtlebot3_custom/environment/pythonpath.sh
[1.487s] -- Up-to-date: /home/ziad/Ziad_WS/ROS2/work_space/install/turtlebot3_custom/share/turtlebot3_custom/environment/pythonpath.dsv
[1.487s] -- Up-to-date: /home/ziad/Ziad_WS/ROS2/work_space/install/turtlebot3_custom/local/lib/python3.10/dist-packages/turtlebot3_custom-0.0.0-py3.10.egg-info
[1.487s] -- Installing: /home/ziad/Ziad_WS/ROS2/work_space/install/turtlebot3_custom/local/lib/python3.10/dist-packages/turtlebot3_custom-0.0.0-py3.10.egg-info/dependency_links.txt
[1.487s] -- Installing: /home/ziad/Ziad_WS/ROS2/work_space/install/turtlebot3_custom/local/lib/python3.10/dist-packages/turtlebot3_custom-0.0.0-py3.10.egg-info/top_level.txt
[1.487s] -- Installing: /home/ziad/Ziad_WS/ROS2/work_space/install/turtlebot3_custom/local/lib/python3.10/dist-packages/turtlebot3_custom-0.0.0-py3.10.egg-info/PKG-INFO
[1.487s] -- Installing: /home/ziad/Ziad_WS/ROS2/work_space/install/turtlebot3_custom/local/lib/python3.10/dist-packages/turtlebot3_custom-0.0.0-py3.10.egg-info/SOURCES.txt
[1.487s] -- Up-to-date: /home/ziad/Ziad_WS/ROS2/work_space/install/turtlebot3_custom/local/lib/python3.10/dist-packages/turtlebot3_custom
[1.488s] -- Up-to-date: /home/ziad/Ziad_WS/ROS2/work_space/install/turtlebot3_custom/local/lib/python3.10/dist-packages/turtlebot3_custom/_turtlebot3_custom_s.ep.rosidl_typesupport_introspection_c.c
[1.488s] -- Up-to-date: /home/ziad/Ziad_WS/ROS2/work_space/install/turtlebot3_custom/local/lib/python3.10/dist-packages/turtlebot3_custom/turtlebot3_custom_s__rosidl_typesupport_fastrtps_c.cpython-310-x86_64-linux-gnu.so
[1.488s] -- Up-to-date: /home/ziad/Ziad_WS/ROS2/work_space/install/turtlebot3_custom/local/lib/python3.10/dist-packages/turtlebot3_custom/action
[1.488s] -- Up-to-date: /home/ziad/Ziad_WS/ROS2/work_space/install/turtlebot3_custom/local/lib/python3.10/dist-packages/turtlebot3_custom/action/_navigate_to_goal.py
[1.488s] -- Up-to-date: /home/ziad/Ziad_WS/ROS2/work_space/install/turtlebot3_custom/local/lib/python3.10/dist-packages/turtlebot3_custom/action/_navigate_to_goal_s.c
[1.488s] -- Up-to-date: /home/ziad/Ziad_WS/ROS2/work_space/install/turtlebot3_custom/local/lib/python3.10/dist-packages/turtlebot3_custom/action/__init__.py
[1.497s] -- Up-to-date: /home/ziad/Ziad_WS/ROS2/work_space/install/turtlebot3_custom/local/lib/python3.10/dist-packages/turtlebot3_custom/srv
[1.497s] -- Up-to-date: /home/ziad/Ziad_WS/ROS2/work_space/install/turtlebot3_custom/local/lib/python3.10/dist-packages/turtlebot3_custom/srv/_get_robot_status_s.c
[1.498s] -- Up-to-date: /home/ziad/Ziad_WS/ROS2/work_space/install/turtlebot3_custom/local/lib/python3.10/dist-packages/turtlebot3_custom/srv/_get_robot_status.py
[1.498s] -- Up-to-date: /home/ziad/Ziad_WS/ROS2/work_space/install/turtlebot3_custom/local/lib/python3.10/dist-packages/turtlebot3_custom/srv/__init__.py
[1.498s] -- Up-to-date: /home/ziad/Ziad_WS/ROS2/work_space/install/turtlebot3_custom/local/lib/python3.10/dist-packages/turtlebot3_custom/_turtlebot3_custom_s.ep.rosidl_typesupport_c.c
[1.498s] -- Up-to-date: /home/ziad/Ziad_WS/ROS2/work_space/install/turtlebot3_custom/local/lib/python3.10/dist-packages/turtlebot3_custom/turtlebot3_custom_s__rosidl_typesupport_c.cpython-310-x86_64-linux-gnu.so
[1.498s] -- Up-to-date: /home/ziad/Ziad_WS/ROS2/work_space/install/turtlebot3_custom/local/lib/python3.10/dist-packages/turtlebot3_custom/turtlebot3_custom_s__rosidl_typesupport_introspection_c.cpython-310-x86_64-linux-gnu.so
[1.498s] -- Up-to-date: /home/ziad/Ziad_WS/ROS2/work_space/install/turtlebot3_custom/local/lib/python3.10/dist-packages/turtlebot3_custom/_turtlebot3_custom_s.ep.rosidl_typesupport_fastrtps_c.c
[1.499s] -- Up-to-date: /home/ziad/Ziad_WS/ROS2/work_space/install/turtlebot3_custom/local/lib/python3.10/dist-packages/turtlebot3_custom/__init__.py
[1.499s] -- Up-to-date: /home/ziad/Ziad_WS/ROS2/work_space/install/turtlebot3_custom/local/lib/python3.10/dist-packages/turtlebot3_custom/libturtlebot3_custom__rosidl_generator_py.so
[1.525s] Listing '/home/ziad/Ziad_WS/ROS2/work_space/install/turtlebot3_custom/local/lib/python3.10/dist-packages/turtlebot3_custom'...
[1.525s] Listing '/home/ziad/Ziad_WS/ROS2/work_space/install/turtlebot3_custom/local/lib/python3.10/dist-packages/turtlebot3_custom/action'...
[1.526s] Listing '/home/ziad/Ziad_WS/ROS2/work_space/install/turtlebot3_custom/local/lib/python3.10/dist-packages/turtlebot3_custom/srv'...
[1.534s] -- Up-to-date: /home/ziad/Ziad_WS/ROS2/work_space/install/turtlebot3_custom/local/lib/python3.10/dist-packages/turtlebot3_custom/turtlebot3_custom_s__rosidl_typesupport_fastrtps_c.cpython-310-x86_64-linux-gnu.so
[1.536s] -- Up-to-date: /home/ziad/Ziad_WS/ROS2/work_space/install/turtlebot3_custom/local/lib/python3.10/dist-packages/turtlebot3_custom/turtlebot3_custom_s__rosidl_typesupport_introspection_c.cpython-310-x86_64-linux-gnu.so
[1.538s] -- Up-to-date: /home/ziad/Ziad_WS/ROS2/work_space/install/turtlebot3_custom/local/lib/python3.10/dist-packages/turtlebot3_custom/turtlebot3_custom_s__rosidl_typesupport_c.cpython-310-x86_64-linux-gnu.so
[1.539s] -- Up-to-date: /home/ziad/Ziad_WS/ROS2/work_space/install/turtlebot3_custom/lib/libturtlebot3_custom__rosidl_generator_py.so
[1.539s] -- Up-to-date: /home/ziad/Ziad_WS/ROS2/work_space/install/turtlebot3_custom/share/turtlebot3_custom/action/NavigateToGoal.idl
[1.539s] -- Up-to-date: /home/ziad/Ziad_WS/ROS2/work_space/install/turtlebot3_custom/share/turtlebot3_custom/srv/GetRobotStatus.idl
[1.539s] -- Up-to-date: /home/ziad/Ziad_WS/ROS2/work_space/install/turtlebot3_custom/share/turtlebot3_custom/action/NavigateToGoal.action
[1.539s] -- Up-to-date: /home/ziad/Ziad_WS/ROS2/work_space/install/turtlebot3_custom/share/turtlebot3_custom/srv/GetRobotStatus.srv
[1.539s] -- Up-to-date: /home/ziad/Ziad_WS/ROS2/work_space/install/turtlebot3_custom/share/turtlebot3_custom/srv/GetRobotStatus_Request.msg
[1.539s] -- Up-to-date: /home/ziad/Ziad_WS/ROS2/work_space/install/turtlebot3_custom/share/turtlebot3_custom/srv/GetRobotStatus_Response.msg
[1.540s] -- Up-to-date: /home/ziad/Ziad_WS/ROS2/work_space/install/turtlebot3_custom/lib/turtlebot3_custom/turtlebot3_controller
[1.542s] -- Up-to-date: /home/ziad/Ziad_WS/ROS2/work_space/install/turtlebot3_custom/lib/turtlebot3_custom/robot_status_server
[1.542s] -- Up-to-date: /home/ziad/Ziad_WS/ROS2/work_space/install/turtlebot3_custom/lib/turtlebot3_custom/status_client
[1.544s] -- Up-to-date: /home/ziad/Ziad_WS/ROS2/work_space/install/turtlebot3_custom/lib/turtlebot3_custom/navigation_action_server
[1.544s] -- Up-to-date: /home/ziad/Ziad_WS/ROS2/work_space/install/turtlebot3_custom/lib/turtlebot3_custom/navigation_client
[1.544s] -- Up-to-date: /home/ziad/Ziad_WS/ROS2/work_space/install/turtlebot3_custom/share/turtlebot3_custom//launch
[1.544s] -- Up-to-date: /home/ziad/Ziad_WS/ROS2/work_space/install/turtlebot3_custom/share/turtlebot3_custom//launch/turtlebot3_simulation.launch.py
[1.545s] -- Up-to-date: /home/ziad/Ziad_WS/ROS2/work_space/install/turtlebot3_custom/share/turtlebot3_custom//launch/turtlebot3_custom.launch.py
[1.545s] -- Up-to-date: /home/ziad/Ziad_WS/ROS2/work_space/install/turtlebot3_custom/share/ament_index/resource_index/package_run_dependencies/turtlebot3_custom
[1.545s] -- Up-to-date: /home/ziad/Ziad_WS/ROS2/work_space/install/turtlebot3_custom/share/ament_index/resource_index/parent_prefix_path/turtlebot3_custom
[1.545s] -- Up-to-date: /home/ziad/Ziad_WS/ROS2/work_space/install/turtlebot3_custom/share/turtlebot3_custom/environment/ament_prefix_path.sh
[1.545s] -- Up-to-date: /home/ziad/Ziad_WS/ROS2/work_space/install/turtlebot3_custom/share/turtlebot3_custom/environment/ament_prefix_path.dsv
[1.545s] -- Up-to-date: /home/ziad/Ziad_WS/ROS2/work_space/install/turtlebot3_custom/share/turtlebot3_custom/environment/path.sh
[1.545s] -- Up-to-date: /home/ziad/Ziad_WS/ROS2/work_space/install/turtlebot3_custom/share/turtlebot3_custom/environment/path.dsv
[1.545s] -- Up-to-date: /home/ziad/Ziad_WS/ROS2/work_space/install/turtlebot3_custom/share/turtlebot3_custom/local_setup.bash
[1.545s] -- Up-to-date: /home/ziad/Ziad_WS/ROS2/work_space/install/turtlebot3_custom/share/turtlebot3_custom/local_setup.sh
[1.545s] -- Up-to-date: /home/ziad/Ziad_WS/ROS2/work_space/install/turtlebot3_custom/share/turtlebot3_custom/local_setup.zsh
[1.545s] -- Up-to-date: /home/ziad/Ziad_WS/ROS2/work_space/install/turtlebot3_custom/share/turtlebot3_custom/local_setup.dsv
[1.545s] -- Installing: /home/ziad/Ziad_WS/ROS2/work_space/install/turtlebot3_custom/share/turtlebot3_custom/package.dsv
[1.545s] -- Up-to-date: /home/ziad/Ziad_WS/ROS2/work_space/install/turtlebot3_custom/share/ament_index/resource_index/packages/turtlebot3_custom
[1.546s] -- Up-to-date: /home/ziad/Ziad_WS/ROS2/work_space/install/turtlebot3_custom/share/turtlebot3_custom/cmake/export_turtlebot3_custom__rosidl_generator_cExport.cmake
[1.546s] -- Up-to-date: /home/ziad/Ziad_WS/ROS2/work_space/install/turtlebot3_custom/share/turtlebot3_custom/cmake/export_turtlebot3_custom__rosidl_generator_cExport-noconfig.cmake
[1.546s] -- Up-to-date: /home/ziad/Ziad_WS/ROS2/work_space/install/turtlebot3_custom/share/turtlebot3_custom/cmake/export_turtlebot3_custom__rosidl_typesupport_fastrtps_cExport.cmake
[1.546s] -- Up-to-date: /home/ziad/Ziad_WS/ROS2/work_space/install/turtlebot3_custom/share/turtlebot3_custom/cmake/export_turtlebot3_custom__rosidl_typesupport_fastrtps_cExport-noconfig.cmake
[1.546s] -- Up-to-date: /home/ziad/Ziad_WS/ROS2/work_space/install/turtlebot3_custom/share/turtlebot3_custom/cmake/export_turtlebot3_custom__rosidl_generator_cppExport.cmake
[1.546s] -- Up-to-date: /home/ziad/Ziad_WS/ROS2/work_space/install/turtlebot3_custom/share/turtlebot3_custom/cmake/export_turtlebot3_custom__rosidl_typesupport_fastrtps_cppExport.cmake
[1.546s] -- Up-to-date: /home/ziad/Ziad_WS/ROS2/work_space/install/turtlebot3_custom/share/turtlebot3_custom/cmake/export_turtlebot3_custom__rosidl_typesupport_fastrtps_cppExport-noconfig.cmake
[1.546s] -- Up-to-date: /home/ziad/Ziad_WS/ROS2/work_space/install/turtlebot3_custom/share/turtlebot3_custom/cmake/turtlebot3_custom__rosidl_typesupport_introspection_cExport.cmake
[1.546s] -- Up-to-date: /home/ziad/Ziad_WS/ROS2/work_space/install/turtlebot3_custom/share/turtlebot3_custom/cmake/turtlebot3_custom__rosidl_typesupport_introspection_cExport-noconfig.cmake
[1.546s] -- Up-to-date: /home/ziad/Ziad_WS/ROS2/work_space/install/turtlebot3_custom/share/turtlebot3_custom/cmake/turtlebot3_custom__rosidl_typesupport_cExport.cmake
[1.546s] -- Up-to-date: /home/ziad/Ziad_WS/ROS2/work_space/install/turtlebot3_custom/share/turtlebot3_custom/cmake/turtlebot3_custom__rosidl_typesupport_cExport-noconfig.cmake
[1.547s] -- Up-to-date: /home/ziad/Ziad_WS/ROS2/work_space/install/turtlebot3_custom/share/turtlebot3_custom/cmake/turtlebot3_custom__rosidl_typesupport_introspection_cppExport.cmake
[1.547s] -- Up-to-date: /home/ziad/Ziad_WS/ROS2/work_space/install/turtlebot3_custom/share/turtlebot3_custom/cmake/turtlebot3_custom__rosidl_typesupport_introspection_cppExport-noconfig.cmake
[1.547s] -- Up-to-date: /home/ziad/Ziad_WS/ROS2/work_space/install/turtlebot3_custom/share/turtlebot3_custom/cmake/turtlebot3_custom__rosidl_typesupport_cppExport.cmake
[1.547s] -- Up-to-date: /home/ziad/Ziad_WS/ROS2/work_space/install/turtlebot3_custom/share/turtlebot3_custom/cmake/turtlebot3_custom__rosidl_typesupport_cppExport-noconfig.cmake
[1.547s] -- Up-to-date: /home/ziad/Ziad_WS/ROS2/work_space/install/turtlebot3_custom/share/turtlebot3_custom/cmake/export_turtlebot3_custom__rosidl_generator_pyExport.cmake
[1.547s] -- Up-to-date: /home/ziad/Ziad_WS/ROS2/work_space/install/turtlebot3_custom/share/turtlebot3_custom/cmake/export_turtlebot3_custom__rosidl_generator_pyExport-noconfig.cmake
[1.547s] -- Up-to-date: /home/ziad/Ziad_WS/ROS2/work_space/install/turtlebot3_custom/share/turtlebot3_custom/cmake/rosidl_cmake-extras.cmake
[1.548s] -- Up-to-date: /home/ziad/Ziad_WS/ROS2/work_space/install/turtlebot3_custom/share/turtlebot3_custom/cmake/ament_cmake_export_dependencies-extras.cmake
[1.548s] -- Up-to-date: /home/ziad/Ziad_WS/ROS2/work_space/install/turtlebot3_custom/share/turtlebot3_custom/cmake/ament_cmake_export_include_directories-extras.cmake
[1.548s] -- Up-to-date: /home/ziad/Ziad_WS/ROS2/work_space/install/turtlebot3_custom/share/turtlebot3_custom/cmake/ament_cmake_export_libraries-extras.cmake
[1.548s] -- Up-to-date: /home/ziad/Ziad_WS/ROS2/work_space/install/turtlebot3_custom/share/turtlebot3_custom/cmake/ament_cmake_export_targets-extras.cmake
[1.548s] -- Up-to-date: /home/ziad/Ziad_WS/ROS2/work_space/install/turtlebot3_custom/share/turtlebot3_custom/cmake/rosidl_cmake_export_typesupport_targets-extras.cmake
[1.548s] -- Up-to-date: /home/ziad/Ziad_WS/ROS2/work_space/install/turtlebot3_custom/share/turtlebot3_custom/cmake/rosidl_cmake_export_typesupport_libraries-extras.cmake
[1.548s] -- Up-to-date: /home/ziad/Ziad_WS/ROS2/work_space/install/turtlebot3_custom/share/turtlebot3_custom/cmake/turtlebot3_customConfig.cmake
[1.548s] -- Up-to-date: /home/ziad/Ziad_WS/ROS2/work_space/install/turtlebot3_custom/share/turtlebot3_custom/cmake/turtlebot3_customConfig-version.cmake
[1.548s] -- Up-to-date: /home/ziad/Ziad_WS/ROS2/work_space/install/turtlebot3_custom/share/turtlebot3_custom/package.xml
[1.572s] Invoked command in '/home/ziad/Ziad_WS/ROS2/work_space/build/turtlebot3_custom' returned '0': CMAKE_PREFIX_PATH=${CMAKE_PREFIX_PATH}:/opt/ros/humble /usr/bin/cmake --install /home/ziad/Ziad_WS/ROS2/work_space/build/turtlebot3_custom
