[35m[1mConsolidate compiler generated dependencies of target services_actions__rosidl_generator_c[0m
[  2%] Built target services_actions__cpp
failed to create symbolic link '/home/ziad/Ziad_WS/ROS2/work_space/build/services_actions/ament_cmake_python/services_actions/services_actions' because existing path cannot be removed: Is a directory
gmake[2]: *** [CMakeFiles/ament_cmake_python_symlink_services_actions.dir/build.make:70: CMakeFiles/ament_cmake_python_symlink_services_actions] Error 1
gmake[1]: *** [CMakeFiles/Makefile2:429: CMakeFiles/ament_cmake_python_symlink_services_actions.dir/all] Error 2
gmake[1]: *** Waiting for unfinished jobs....
[  4%] [32mBuilding C object CMakeFiles/services_actions__rosidl_generator_c.dir/rosidl_generator_c/services_actions/srv/detail/add_two_int__functions.c.o[0m
[  6%] [32mBuilding C object CMakeFiles/services_actions__rosidl_generator_c.dir/rosidl_generator_c/services_actions/action/detail/countdown__functions.c.o[0m
[35m[1mConsolidate compiler generated dependencies of target services_actions__rosidl_typesupport_cpp[0m
[35m[1mConsolidate compiler generated dependencies of target services_actions__rosidl_typesupport_fastrtps_cpp[0m
[  8%] [32mBuilding CXX object CMakeFiles/services_actions__rosidl_typesupport_cpp.dir/rosidl_typesupport_cpp/services_actions/srv/add_two_int__type_support.cpp.o[0m
[ 10%] [32mBuilding CXX object CMakeFiles/services_actions__rosidl_typesupport_fastrtps_cpp.dir/rosidl_typesupport_fastrtps_cpp/services_actions/srv/detail/dds_fastrtps/add_two_int__type_support.cpp.o[0m
[ 12%] [32mBuilding CXX object CMakeFiles/services_actions__rosidl_typesupport_fastrtps_cpp.dir/rosidl_typesupport_fastrtps_cpp/services_actions/action/detail/dds_fastrtps/countdown__type_support.cpp.o[0m
[ 14%] [32mBuilding CXX object CMakeFiles/services_actions__rosidl_typesupport_cpp.dir/rosidl_typesupport_cpp/services_actions/action/countdown__type_support.cpp.o[0m
[ 17%] [32m[1mLinking C shared library libservices_actions__rosidl_generator_c.so[0m
[ 19%] Built target services_actions__rosidl_generator_c
[ 21%] [32m[1mLinking CXX shared library libservices_actions__rosidl_typesupport_fastrtps_cpp.so[0m
[ 23%] Built target services_actions__rosidl_typesupport_fastrtps_cpp
[ 25%] [32m[1mLinking CXX shared library libservices_actions__rosidl_typesupport_cpp.so[0m
[ 27%] Built target services_actions__rosidl_typesupport_cpp
gmake: *** [Makefile:146: all] Error 2
