-- Found ament_cmake: 1.3.12 (/opt/ros/humble/share/ament_cmake/cmake)
-- Override CMake install command with custom implementation using symlinks instead of copying resources
-- Found rclcpp: 16.0.15 (/opt/ros/humble/share/rclcpp/cmake)
-- Found rosidl_generator_c: 3.1.7 (/opt/ros/humble/share/rosidl_generator_c/cmake)
-- Found rosidl_adapter: 3.1.7 (/opt/ros/humble/share/rosidl_adapter/cmake)
-- Found rosidl_generator_cpp: 3.1.7 (/opt/ros/humble/share/rosidl_generator_cpp/cmake)
-- Using all available rosidl_typesupport_c: rosidl_typesupport_fastrtps_c;rosidl_typesupport_introspection_c
-- Using all available rosidl_typesupport_cpp: rosidl_typesupport_fastrtps_cpp;rosidl_typesupport_introspection_cpp
-- Found rmw_implementation_cmake: 6.1.2 (/opt/ros/humble/share/rmw_implementation_cmake/cmake)
-- Found rmw_fastrtps_cpp: 6.2.8 (/opt/ros/humble/share/rmw_fastrtps_cpp/cmake)
-- Using RMW implementation 'rmw_fastrtps_cpp' as default
-- Found geometry_msgs: 4.9.0 (/opt/ros/humble/share/geometry_msgs/cmake)
-- Found ament_lint_auto: 0.12.14 (/opt/ros/humble/share/ament_lint_auto/cmake)
-- Added test 'cppcheck' to perform static code analysis on C / C++ code
-- Configured cppcheck include dirs: 
-- Configured cppcheck exclude dirs and/or files: 
-- Added test 'lint_cmake' to check CMake code style
-- Added test 'uncrustify' to check C / C++ code style
-- Configured uncrustify additional arguments: 
-- Added test 'xmllint' to check XML markup files
-- Configuring done
-- Generating done
-- Build files have been written to: /home/ziad/ziad_ws/ROS2/work_space/build/ros2_control_turtel_bot
[35m[1mConsolidate compiler generated dependencies of target move_robot[0m
[35m[1mConsolidate compiler generated dependencies of target stop_robot[0m
[ 50%] Built target move_robot
[100%] Built target stop_robot
-- Install configuration: ""
-- Execute custom install script
-- Up-to-date symlink: /home/ziad/ziad_ws/ROS2/work_space/install/ros2_control_turtel_bot/lib/ros2_control_turtel_bot/move_robot
-- Up-to-date symlink: /home/ziad/ziad_ws/ROS2/work_space/install/ros2_control_turtel_bot/lib/ros2_control_turtel_bot/stop_robot
-- Up-to-date symlink: /home/ziad/ziad_ws/ROS2/work_space/install/ros2_control_turtel_bot/share/ament_index/resource_index/package_run_dependencies/ros2_control_turtel_bot
-- Up-to-date symlink: /home/ziad/ziad_ws/ROS2/work_space/install/ros2_control_turtel_bot/share/ament_index/resource_index/parent_prefix_path/ros2_control_turtel_bot
-- Up-to-date symlink: /home/ziad/ziad_ws/ROS2/work_space/install/ros2_control_turtel_bot/share/ros2_control_turtel_bot/environment/ament_prefix_path.sh
-- Up-to-date symlink: /home/ziad/ziad_ws/ROS2/work_space/install/ros2_control_turtel_bot/share/ros2_control_turtel_bot/environment/ament_prefix_path.dsv
-- Up-to-date symlink: /home/ziad/ziad_ws/ROS2/work_space/install/ros2_control_turtel_bot/share/ros2_control_turtel_bot/environment/path.sh
-- Up-to-date symlink: /home/ziad/ziad_ws/ROS2/work_space/install/ros2_control_turtel_bot/share/ros2_control_turtel_bot/environment/path.dsv
-- Up-to-date symlink: /home/ziad/ziad_ws/ROS2/work_space/install/ros2_control_turtel_bot/share/ros2_control_turtel_bot/local_setup.bash
-- Up-to-date symlink: /home/ziad/ziad_ws/ROS2/work_space/install/ros2_control_turtel_bot/share/ros2_control_turtel_bot/local_setup.sh
-- Up-to-date symlink: /home/ziad/ziad_ws/ROS2/work_space/install/ros2_control_turtel_bot/share/ros2_control_turtel_bot/local_setup.zsh
-- Up-to-date symlink: /home/ziad/ziad_ws/ROS2/work_space/install/ros2_control_turtel_bot/share/ros2_control_turtel_bot/local_setup.dsv
-- Symlinking: /home/ziad/ziad_ws/ROS2/work_space/install/ros2_control_turtel_bot/share/ros2_control_turtel_bot/package.dsv
-- Up-to-date symlink: /home/ziad/ziad_ws/ROS2/work_space/install/ros2_control_turtel_bot/share/ament_index/resource_index/packages/ros2_control_turtel_bot
-- Up-to-date symlink: /home/ziad/ziad_ws/ROS2/work_space/install/ros2_control_turtel_bot/share/ros2_control_turtel_bot/cmake/ros2_control_turtel_botConfig.cmake
-- Up-to-date symlink: /home/ziad/ziad_ws/ROS2/work_space/install/ros2_control_turtel_bot/share/ros2_control_turtel_bot/cmake/ros2_control_turtel_botConfig-version.cmake
-- Up-to-date symlink: /home/ziad/ziad_ws/ROS2/work_space/install/ros2_control_turtel_bot/share/ros2_control_turtel_bot/package.xml
