[0.028s] Invoking command in '/home/ziad/ziad_ws/ROS2/work_space/build/ros2_control_turtel_bot': CMAKE_PREFIX_PATH=${CMAKE_PREFIX_PATH}:/home/ziad/ziad_ws/ROS2/turtlebot3_ws/install/turtlebot3_teleop:/home/ziad/ziad_ws/ROS2/turtlebot3_ws/install/turtlebot3_example:/opt/ros/humble /usr/bin/cmake /home/ziad/ziad_ws/ROS2/work_space/src/ros2_control_turtel_bot -DCMAKE_INSTALL_PREFIX=/home/ziad/ziad_ws/ROS2/work_space/install/ros2_control_turtel_bot
[0.083s] -- Found ament_cmake: 1.3.12 (/opt/ros/humble/share/ament_cmake/cmake)
[0.445s] -- Override CMake install command with custom implementation using symlinks instead of copying resources
[0.466s] -- Found rclcpp: 16.0.15 (/opt/ros/humble/share/rclcpp/cmake)
[0.545s] -- Found rosidl_generator_c: 3.1.7 (/opt/ros/humble/share/rosidl_generator_c/cmake)
[0.545s] -- Found rosidl_adapter: 3.1.7 (/opt/ros/humble/share/rosidl_adapter/cmake)
[0.570s] -- Found rosidl_generator_cpp: 3.1.7 (/opt/ros/humble/share/rosidl_generator_cpp/cmake)
[0.593s] -- Using all available rosidl_typesupport_c: rosidl_typesupport_fastrtps_c;rosidl_typesupport_introspection_c
[0.626s] -- Using all available rosidl_typesupport_cpp: rosidl_typesupport_fastrtps_cpp;rosidl_typesupport_introspection_cpp
[0.708s] -- Found rmw_implementation_cmake: 6.1.2 (/opt/ros/humble/share/rmw_implementation_cmake/cmake)
[0.713s] -- Found rmw_fastrtps_cpp: 6.2.8 (/opt/ros/humble/share/rmw_fastrtps_cpp/cmake)
[0.886s] -- Using RMW implementation 'rmw_fastrtps_cpp' as default
[0.969s] -- Found geometry_msgs: 4.9.0 (/opt/ros/humble/share/geometry_msgs/cmake)
[1.004s] -- Found ament_lint_auto: 0.12.14 (/opt/ros/humble/share/ament_lint_auto/cmake)
[1.286s] -- Added test 'cppcheck' to perform static code analysis on C / C++ code
[1.286s] -- Configured cppcheck include dirs: 
[1.286s] -- Configured cppcheck exclude dirs and/or files: 
[1.290s] -- Added test 'lint_cmake' to check CMake code style
[1.293s] -- Added test 'uncrustify' to check C / C++ code style
[1.293s] -- Configured uncrustify additional arguments: 
[1.298s] -- Added test 'xmllint' to check XML markup files
[1.304s] -- Configuring done
[1.366s] -- Generating done
[1.389s] -- Build files have been written to: /home/ziad/ziad_ws/ROS2/work_space/build/ros2_control_turtel_bot
[1.432s] Invoked command in '/home/ziad/ziad_ws/ROS2/work_space/build/ros2_control_turtel_bot' returned '0': CMAKE_PREFIX_PATH=${CMAKE_PREFIX_PATH}:/home/ziad/ziad_ws/ROS2/turtlebot3_ws/install/turtlebot3_teleop:/home/ziad/ziad_ws/ROS2/turtlebot3_ws/install/turtlebot3_example:/opt/ros/humble /usr/bin/cmake /home/ziad/ziad_ws/ROS2/work_space/src/ros2_control_turtel_bot -DCMAKE_INSTALL_PREFIX=/home/ziad/ziad_ws/ROS2/work_space/install/ros2_control_turtel_bot
[1.436s] Invoking command in '/home/ziad/ziad_ws/ROS2/work_space/build/ros2_control_turtel_bot': CMAKE_PREFIX_PATH=${CMAKE_PREFIX_PATH}:/home/ziad/ziad_ws/ROS2/turtlebot3_ws/install/turtlebot3_teleop:/home/ziad/ziad_ws/ROS2/turtlebot3_ws/install/turtlebot3_example:/opt/ros/humble /usr/bin/cmake --build /home/ziad/ziad_ws/ROS2/work_space/build/ros2_control_turtel_bot -- -j4 -l4
[1.536s] [35m[1mConsolidate compiler generated dependencies of target move_robot[0m
[1.557s] [35m[1mConsolidate compiler generated dependencies of target stop_robot[0m
[1.635s] [ 50%] Built target move_robot
[1.650s] [100%] Built target stop_robot
[1.693s] Invoked command in '/home/ziad/ziad_ws/ROS2/work_space/build/ros2_control_turtel_bot' returned '0': CMAKE_PREFIX_PATH=${CMAKE_PREFIX_PATH}:/home/ziad/ziad_ws/ROS2/turtlebot3_ws/install/turtlebot3_teleop:/home/ziad/ziad_ws/ROS2/turtlebot3_ws/install/turtlebot3_example:/opt/ros/humble /usr/bin/cmake --build /home/ziad/ziad_ws/ROS2/work_space/build/ros2_control_turtel_bot -- -j4 -l4
[1.695s] Invoking command in '/home/ziad/ziad_ws/ROS2/work_space/build/ros2_control_turtel_bot': CMAKE_PREFIX_PATH=${CMAKE_PREFIX_PATH}:/home/ziad/ziad_ws/ROS2/turtlebot3_ws/install/turtlebot3_teleop:/home/ziad/ziad_ws/ROS2/turtlebot3_ws/install/turtlebot3_example:/opt/ros/humble /usr/bin/cmake --install /home/ziad/ziad_ws/ROS2/work_space/build/ros2_control_turtel_bot
[1.722s] -- Install configuration: ""
[1.722s] -- Execute custom install script
[1.724s] -- Up-to-date symlink: /home/ziad/ziad_ws/ROS2/work_space/install/ros2_control_turtel_bot/lib/ros2_control_turtel_bot/move_robot
[1.725s] -- Up-to-date symlink: /home/ziad/ziad_ws/ROS2/work_space/install/ros2_control_turtel_bot/lib/ros2_control_turtel_bot/stop_robot
[1.725s] -- Up-to-date symlink: /home/ziad/ziad_ws/ROS2/work_space/install/ros2_control_turtel_bot/share/ament_index/resource_index/package_run_dependencies/ros2_control_turtel_bot
[1.726s] -- Up-to-date symlink: /home/ziad/ziad_ws/ROS2/work_space/install/ros2_control_turtel_bot/share/ament_index/resource_index/parent_prefix_path/ros2_control_turtel_bot
[1.729s] -- Up-to-date symlink: /home/ziad/ziad_ws/ROS2/work_space/install/ros2_control_turtel_bot/share/ros2_control_turtel_bot/environment/ament_prefix_path.sh
[1.730s] -- Up-to-date symlink: /home/ziad/ziad_ws/ROS2/work_space/install/ros2_control_turtel_bot/share/ros2_control_turtel_bot/environment/ament_prefix_path.dsv
[1.730s] -- Up-to-date symlink: /home/ziad/ziad_ws/ROS2/work_space/install/ros2_control_turtel_bot/share/ros2_control_turtel_bot/environment/path.sh
[1.734s] -- Up-to-date symlink: /home/ziad/ziad_ws/ROS2/work_space/install/ros2_control_turtel_bot/share/ros2_control_turtel_bot/environment/path.dsv
[1.735s] -- Up-to-date symlink: /home/ziad/ziad_ws/ROS2/work_space/install/ros2_control_turtel_bot/share/ros2_control_turtel_bot/local_setup.bash
[1.736s] -- Up-to-date symlink: /home/ziad/ziad_ws/ROS2/work_space/install/ros2_control_turtel_bot/share/ros2_control_turtel_bot/local_setup.sh
[1.737s] -- Up-to-date symlink: /home/ziad/ziad_ws/ROS2/work_space/install/ros2_control_turtel_bot/share/ros2_control_turtel_bot/local_setup.zsh
[1.738s] -- Up-to-date symlink: /home/ziad/ziad_ws/ROS2/work_space/install/ros2_control_turtel_bot/share/ros2_control_turtel_bot/local_setup.dsv
[1.739s] -- Symlinking: /home/ziad/ziad_ws/ROS2/work_space/install/ros2_control_turtel_bot/share/ros2_control_turtel_bot/package.dsv
[1.762s] -- Up-to-date symlink: /home/ziad/ziad_ws/ROS2/work_space/install/ros2_control_turtel_bot/share/ament_index/resource_index/packages/ros2_control_turtel_bot
[1.764s] -- Up-to-date symlink: /home/ziad/ziad_ws/ROS2/work_space/install/ros2_control_turtel_bot/share/ros2_control_turtel_bot/cmake/ros2_control_turtel_botConfig.cmake
[1.770s] -- Up-to-date symlink: /home/ziad/ziad_ws/ROS2/work_space/install/ros2_control_turtel_bot/share/ros2_control_turtel_bot/cmake/ros2_control_turtel_botConfig-version.cmake
[1.771s] -- Up-to-date symlink: /home/ziad/ziad_ws/ROS2/work_space/install/ros2_control_turtel_bot/share/ros2_control_turtel_bot/package.xml
[1.774s] Invoked command in '/home/ziad/ziad_ws/ROS2/work_space/build/ros2_control_turtel_bot' returned '0': CMAKE_PREFIX_PATH=${CMAKE_PREFIX_PATH}:/home/ziad/ziad_ws/ROS2/turtlebot3_ws/install/turtlebot3_teleop:/home/ziad/ziad_ws/ROS2/turtlebot3_ws/install/turtlebot3_example:/opt/ros/humble /usr/bin/cmake --install /home/ziad/ziad_ws/ROS2/work_space/build/ros2_control_turtel_bot
