[0.034s] Invoking command in '/home/ziad/ziad_ws/ROS2/turtlebot3_ws/build/turtlebot3_msgs': CMAKE_PREFIX_PATH=${CMAKE_PREFIX_PATH}:/home/ziad/ziad_ws/ROS2/turtlebot3_ws/install/turtlebot3_teleop:/home/ziad/ziad_ws/ROS2/turtlebot3_ws/install/turtlebot3_example:/opt/ros/humble /usr/bin/cmake /home/ziad/ziad_ws/ROS2/turtlebot3_ws/src/turtlebot3_msgs -DCMAKE_INSTALL_PREFIX=/home/ziad/ziad_ws/ROS2/turtlebot3_ws/install/turtlebot3_msgs
[0.059s] -- Found action_msgs: 1.2.2 (/opt/ros/humble/share/action_msgs/cmake)
[0.361s] -- Override CMake install command with custom implementation using symlinks instead of copying resources
[0.432s] -- Found rosidl_generator_c: 3.1.7 (/opt/ros/humble/share/rosidl_generator_c/cmake)
[0.438s] -- Found rosidl_adapter: 3.1.7 (/opt/ros/humble/share/rosidl_adapter/cmake)
[0.454s] -- Found rosidl_generator_cpp: 3.1.7 (/opt/ros/humble/share/rosidl_generator_cpp/cmake)
[0.480s] -- Using all available rosidl_typesupport_c: rosidl_typesupport_fastrtps_c;rosidl_typesupport_introspection_c
[0.512s] -- Using all available rosidl_typesupport_cpp: rosidl_typesupport_fastrtps_cpp;rosidl_typesupport_introspection_cpp
[0.602s] -- Found rosidl_default_generators: 1.2.0 (/opt/ros/humble/share/rosidl_default_generators/cmake)
[0.620s] -- Found std_msgs: 4.9.0 (/opt/ros/humble/share/std_msgs/cmake)
[0.655s] -- Found geometry_msgs: 4.9.0 (/opt/ros/humble/share/geometry_msgs/cmake)
[1.575s] -- Found ament_cmake_cppcheck: 0.12.14 (/opt/ros/humble/share/ament_cmake_cppcheck/cmake)
[1.575s] -- Found ament_cmake_cpplint: 0.12.14 (/opt/ros/humble/share/ament_cmake_cpplint/cmake)
[1.580s] -- Found ament_cmake_uncrustify: 0.12.14 (/opt/ros/humble/share/ament_cmake_uncrustify/cmake)
[1.580s] -- Found ament_cmake_ros: 0.10.0 (/opt/ros/humble/share/ament_cmake_ros/cmake)
[2.713s] -- Using all available rosidl_typesupport_c: rosidl_typesupport_fastrtps_c;rosidl_typesupport_introspection_c
[3.203s] -- Using all available rosidl_typesupport_cpp: rosidl_typesupport_fastrtps_cpp;rosidl_typesupport_introspection_cpp
[3.252s] -- Found python_cmake_module: 0.10.0 (/opt/ros/humble/share/python_cmake_module/cmake)
[3.304s] -- Using PYTHON_EXECUTABLE: /usr/bin/python3
[3.304s] -- Using PYTHON_INCLUDE_DIRS: /usr/include/python3.10
[3.305s] -- Using PYTHON_LIBRARIES: /usr/lib/x86_64-linux-gnu/libpython3.10.so
[3.435s] -- Found ament_cmake_flake8: 0.12.14 (/opt/ros/humble/share/ament_cmake_flake8/cmake)
[3.437s] -- Found ament_cmake_pep257: 0.12.14 (/opt/ros/humble/share/ament_cmake_pep257/cmake)
[3.473s] -- Configuring done
[3.610s] -- Generating done
[3.627s] -- Build files have been written to: /home/ziad/ziad_ws/ROS2/turtlebot3_ws/build/turtlebot3_msgs
[3.929s] Invoked command in '/home/ziad/ziad_ws/ROS2/turtlebot3_ws/build/turtlebot3_msgs' returned '0': CMAKE_PREFIX_PATH=${CMAKE_PREFIX_PATH}:/home/ziad/ziad_ws/ROS2/turtlebot3_ws/install/turtlebot3_teleop:/home/ziad/ziad_ws/ROS2/turtlebot3_ws/install/turtlebot3_example:/opt/ros/humble /usr/bin/cmake /home/ziad/ziad_ws/ROS2/turtlebot3_ws/src/turtlebot3_msgs -DCMAKE_INSTALL_PREFIX=/home/ziad/ziad_ws/ROS2/turtlebot3_ws/install/turtlebot3_msgs
[3.930s] Invoking command in '/home/ziad/ziad_ws/ROS2/turtlebot3_ws/build/turtlebot3_msgs': CMAKE_PREFIX_PATH=${CMAKE_PREFIX_PATH}:/home/ziad/ziad_ws/ROS2/turtlebot3_ws/install/turtlebot3_teleop:/home/ziad/ziad_ws/ROS2/turtlebot3_ws/install/turtlebot3_example:/opt/ros/humble /usr/bin/cmake --build /home/ziad/ziad_ws/ROS2/turtlebot3_ws/build/turtlebot3_msgs -- -j4 -l4
[4.024s] [35m[1mConsolidate compiler generated dependencies of target turtlebot3_msgs__rosidl_generator_c[0m
[4.038s] [  1%] Built target turtlebot3_msgs__cpp
[4.070s] [ 12%] Built target turtlebot3_msgs__rosidl_generator_c
[4.077s] [35m[1mConsolidate compiler generated dependencies of target turtlebot3_msgs__rosidl_typesupport_cpp[0m
[4.087s] [ 12%] Built target ament_cmake_python_symlink_turtlebot3_msgs
[4.104s] [35m[1mConsolidate compiler generated dependencies of target turtlebot3_msgs__rosidl_typesupport_fastrtps_cpp[0m
[4.111s] [ 24%] Built target turtlebot3_msgs__rosidl_typesupport_cpp
[4.137s] [ 35%] Built target turtlebot3_msgs__rosidl_typesupport_fastrtps_cpp
[4.162s] [35m[1mConsolidate compiler generated dependencies of target turtlebot3_msgs__rosidl_typesupport_introspection_c[0m
[4.187s] [ 46%] Built target turtlebot3_msgs__rosidl_typesupport_introspection_c
[4.213s] [35m[1mConsolidate compiler generated dependencies of target turtlebot3_msgs__rosidl_typesupport_c[0m
[4.234s] [ 58%] Built target turtlebot3_msgs__rosidl_typesupport_c
[4.809s] running egg_info
[4.809s] writing turtlebot3_msgs.egg-info/PKG-INFO
[4.810s] writing dependency_links to turtlebot3_msgs.egg-info/dependency_links.txt
[4.810s] writing top-level names to turtlebot3_msgs.egg-info/top_level.txt
[4.814s] reading manifest file 'turtlebot3_msgs.egg-info/SOURCES.txt'
[4.816s] writing manifest file 'turtlebot3_msgs.egg-info/SOURCES.txt'
[4.872s] [ 58%] Built target ament_cmake_python_build_turtlebot3_msgs_egg
[4.898s] [35m[1mConsolidate compiler generated dependencies of target turtlebot3_msgs__rosidl_typesupport_fastrtps_c[0m
[4.923s] [ 69%] Built target turtlebot3_msgs__rosidl_typesupport_fastrtps_c
[4.945s] [35m[1mConsolidate compiler generated dependencies of target turtlebot3_msgs__rosidl_typesupport_introspection_cpp[0m
[4.976s] [ 81%] Built target turtlebot3_msgs__rosidl_typesupport_introspection_cpp
[5.016s] [ 81%] Built target turtlebot3_msgs
[5.054s] [ 82%] Built target turtlebot3_msgs__py
[5.080s] [35m[1mConsolidate compiler generated dependencies of target turtlebot3_msgs__rosidl_generator_py[0m
[5.131s] [ 92%] Built target turtlebot3_msgs__rosidl_generator_py
[5.153s] [35m[1mConsolidate compiler generated dependencies of target turtlebot3_msgs__rosidl_typesupport_fastrtps_c__pyext[0m
[5.179s] [ 94%] Built target turtlebot3_msgs__rosidl_typesupport_fastrtps_c__pyext
[5.199s] [35m[1mConsolidate compiler generated dependencies of target turtlebot3_msgs__rosidl_typesupport_c__pyext[0m
[5.217s] [ 97%] Built target turtlebot3_msgs__rosidl_typesupport_c__pyext
[5.233s] [35m[1mConsolidate compiler generated dependencies of target turtlebot3_msgs__rosidl_typesupport_introspection_c__pyext[0m
[5.254s] [100%] Built target turtlebot3_msgs__rosidl_typesupport_introspection_c__pyext
[5.287s] Invoked command in '/home/ziad/ziad_ws/ROS2/turtlebot3_ws/build/turtlebot3_msgs' returned '0': CMAKE_PREFIX_PATH=${CMAKE_PREFIX_PATH}:/home/ziad/ziad_ws/ROS2/turtlebot3_ws/install/turtlebot3_teleop:/home/ziad/ziad_ws/ROS2/turtlebot3_ws/install/turtlebot3_example:/opt/ros/humble /usr/bin/cmake --build /home/ziad/ziad_ws/ROS2/turtlebot3_ws/build/turtlebot3_msgs -- -j4 -l4
[5.290s] Invoking command in '/home/ziad/ziad_ws/ROS2/turtlebot3_ws/build/turtlebot3_msgs': CMAKE_PREFIX_PATH=${CMAKE_PREFIX_PATH}:/home/ziad/ziad_ws/ROS2/turtlebot3_ws/install/turtlebot3_teleop:/home/ziad/ziad_ws/ROS2/turtlebot3_ws/install/turtlebot3_example:/opt/ros/humble /usr/bin/cmake --install /home/ziad/ziad_ws/ROS2/turtlebot3_ws/build/turtlebot3_msgs
[5.299s] -- Install configuration: ""
[5.300s] -- Execute custom install script
[5.300s] -- Up-to-date symlink: /home/ziad/ziad_ws/ROS2/turtlebot3_ws/install/turtlebot3_msgs/share/ament_index/resource_index/rosidl_interfaces/turtlebot3_msgs
[5.302s] -- Up-to-date symlink: /home/ziad/ziad_ws/ROS2/turtlebot3_ws/install/turtlebot3_msgs/include/turtlebot3_msgs/turtlebot3_msgs/action/detail/patrol__functions.h
[5.303s] -- Up-to-date symlink: /home/ziad/ziad_ws/ROS2/turtlebot3_ws/install/turtlebot3_msgs/include/turtlebot3_msgs/turtlebot3_msgs/action/detail/patrol__struct.h
[5.303s] -- Up-to-date symlink: /home/ziad/ziad_ws/ROS2/turtlebot3_ws/install/turtlebot3_msgs/include/turtlebot3_msgs/turtlebot3_msgs/action/detail/patrol__type_support.h
[5.303s] -- Up-to-date symlink: /home/ziad/ziad_ws/ROS2/turtlebot3_ws/install/turtlebot3_msgs/include/turtlebot3_msgs/turtlebot3_msgs/action/patrol.h
[5.303s] -- Up-to-date symlink: /home/ziad/ziad_ws/ROS2/turtlebot3_ws/install/turtlebot3_msgs/include/turtlebot3_msgs/turtlebot3_msgs/msg/detail/sensor_state__functions.h
[5.304s] -- Up-to-date symlink: /home/ziad/ziad_ws/ROS2/turtlebot3_ws/install/turtlebot3_msgs/include/turtlebot3_msgs/turtlebot3_msgs/msg/detail/sensor_state__struct.h
[5.304s] -- Up-to-date symlink: /home/ziad/ziad_ws/ROS2/turtlebot3_ws/install/turtlebot3_msgs/include/turtlebot3_msgs/turtlebot3_msgs/msg/detail/sensor_state__type_support.h
[5.304s] -- Up-to-date symlink: /home/ziad/ziad_ws/ROS2/turtlebot3_ws/install/turtlebot3_msgs/include/turtlebot3_msgs/turtlebot3_msgs/msg/detail/sound__functions.h
[5.305s] -- Up-to-date symlink: /home/ziad/ziad_ws/ROS2/turtlebot3_ws/install/turtlebot3_msgs/include/turtlebot3_msgs/turtlebot3_msgs/msg/detail/sound__struct.h
[5.305s] -- Up-to-date symlink: /home/ziad/ziad_ws/ROS2/turtlebot3_ws/install/turtlebot3_msgs/include/turtlebot3_msgs/turtlebot3_msgs/msg/detail/sound__type_support.h
[5.305s] -- Up-to-date symlink: /home/ziad/ziad_ws/ROS2/turtlebot3_ws/install/turtlebot3_msgs/include/turtlebot3_msgs/turtlebot3_msgs/msg/detail/version_info__functions.h
[5.306s] -- Up-to-date symlink: /home/ziad/ziad_ws/ROS2/turtlebot3_ws/install/turtlebot3_msgs/include/turtlebot3_msgs/turtlebot3_msgs/msg/detail/version_info__struct.h
[5.306s] -- Up-to-date symlink: /home/ziad/ziad_ws/ROS2/turtlebot3_ws/install/turtlebot3_msgs/include/turtlebot3_msgs/turtlebot3_msgs/msg/detail/version_info__type_support.h
[5.306s] -- Up-to-date symlink: /home/ziad/ziad_ws/ROS2/turtlebot3_ws/install/turtlebot3_msgs/include/turtlebot3_msgs/turtlebot3_msgs/msg/rosidl_generator_c__visibility_control.h
[5.306s] -- Up-to-date symlink: /home/ziad/ziad_ws/ROS2/turtlebot3_ws/install/turtlebot3_msgs/include/turtlebot3_msgs/turtlebot3_msgs/msg/sensor_state.h
[5.307s] -- Up-to-date symlink: /home/ziad/ziad_ws/ROS2/turtlebot3_ws/install/turtlebot3_msgs/include/turtlebot3_msgs/turtlebot3_msgs/msg/sound.h
[5.307s] -- Up-to-date symlink: /home/ziad/ziad_ws/ROS2/turtlebot3_ws/install/turtlebot3_msgs/include/turtlebot3_msgs/turtlebot3_msgs/msg/version_info.h
[5.307s] -- Up-to-date symlink: /home/ziad/ziad_ws/ROS2/turtlebot3_ws/install/turtlebot3_msgs/include/turtlebot3_msgs/turtlebot3_msgs/srv/detail/dqn__functions.h
[5.308s] -- Up-to-date symlink: /home/ziad/ziad_ws/ROS2/turtlebot3_ws/install/turtlebot3_msgs/include/turtlebot3_msgs/turtlebot3_msgs/srv/detail/dqn__struct.h
[5.308s] -- Up-to-date symlink: /home/ziad/ziad_ws/ROS2/turtlebot3_ws/install/turtlebot3_msgs/include/turtlebot3_msgs/turtlebot3_msgs/srv/detail/dqn__type_support.h
[5.308s] -- Up-to-date symlink: /home/ziad/ziad_ws/ROS2/turtlebot3_ws/install/turtlebot3_msgs/include/turtlebot3_msgs/turtlebot3_msgs/srv/detail/goal__functions.h
[5.308s] -- Up-to-date symlink: /home/ziad/ziad_ws/ROS2/turtlebot3_ws/install/turtlebot3_msgs/include/turtlebot3_msgs/turtlebot3_msgs/srv/detail/goal__struct.h
[5.309s] -- Up-to-date symlink: /home/ziad/ziad_ws/ROS2/turtlebot3_ws/install/turtlebot3_msgs/include/turtlebot3_msgs/turtlebot3_msgs/srv/detail/goal__type_support.h
[5.309s] -- Up-to-date symlink: /home/ziad/ziad_ws/ROS2/turtlebot3_ws/install/turtlebot3_msgs/include/turtlebot3_msgs/turtlebot3_msgs/srv/detail/sound__functions.h
[5.309s] -- Up-to-date symlink: /home/ziad/ziad_ws/ROS2/turtlebot3_ws/install/turtlebot3_msgs/include/turtlebot3_msgs/turtlebot3_msgs/srv/detail/sound__struct.h
[5.310s] -- Up-to-date symlink: /home/ziad/ziad_ws/ROS2/turtlebot3_ws/install/turtlebot3_msgs/include/turtlebot3_msgs/turtlebot3_msgs/srv/detail/sound__type_support.h
[5.310s] -- Up-to-date symlink: /home/ziad/ziad_ws/ROS2/turtlebot3_ws/install/turtlebot3_msgs/include/turtlebot3_msgs/turtlebot3_msgs/srv/dqn.h
[5.310s] -- Up-to-date symlink: /home/ziad/ziad_ws/ROS2/turtlebot3_ws/install/turtlebot3_msgs/include/turtlebot3_msgs/turtlebot3_msgs/srv/goal.h
[5.310s] -- Up-to-date symlink: /home/ziad/ziad_ws/ROS2/turtlebot3_ws/install/turtlebot3_msgs/include/turtlebot3_msgs/turtlebot3_msgs/srv/sound.h
[5.311s] -- Up-to-date symlink: /home/ziad/ziad_ws/ROS2/turtlebot3_ws/install/turtlebot3_msgs/share/turtlebot3_msgs/environment/library_path.sh
[5.311s] -- Up-to-date symlink: /home/ziad/ziad_ws/ROS2/turtlebot3_ws/install/turtlebot3_msgs/share/turtlebot3_msgs/environment/library_path.dsv
[5.313s] -- Up-to-date symlink: /home/ziad/ziad_ws/ROS2/turtlebot3_ws/install/turtlebot3_msgs/include/turtlebot3_msgs/turtlebot3_msgs/action/detail/patrol__rosidl_typesupport_fastrtps_c.h
[5.314s] -- Up-to-date symlink: /home/ziad/ziad_ws/ROS2/turtlebot3_ws/install/turtlebot3_msgs/include/turtlebot3_msgs/turtlebot3_msgs/msg/detail/sensor_state__rosidl_typesupport_fastrtps_c.h
[5.314s] -- Up-to-date symlink: /home/ziad/ziad_ws/ROS2/turtlebot3_ws/install/turtlebot3_msgs/include/turtlebot3_msgs/turtlebot3_msgs/msg/detail/sound__rosidl_typesupport_fastrtps_c.h
[5.315s] -- Up-to-date symlink: /home/ziad/ziad_ws/ROS2/turtlebot3_ws/install/turtlebot3_msgs/include/turtlebot3_msgs/turtlebot3_msgs/msg/detail/version_info__rosidl_typesupport_fastrtps_c.h
[5.315s] -- Up-to-date symlink: /home/ziad/ziad_ws/ROS2/turtlebot3_ws/install/turtlebot3_msgs/include/turtlebot3_msgs/turtlebot3_msgs/msg/rosidl_typesupport_fastrtps_c__visibility_control.h
[5.315s] -- Up-to-date symlink: /home/ziad/ziad_ws/ROS2/turtlebot3_ws/install/turtlebot3_msgs/include/turtlebot3_msgs/turtlebot3_msgs/srv/detail/dqn__rosidl_typesupport_fastrtps_c.h
[5.316s] -- Up-to-date symlink: /home/ziad/ziad_ws/ROS2/turtlebot3_ws/install/turtlebot3_msgs/include/turtlebot3_msgs/turtlebot3_msgs/srv/detail/goal__rosidl_typesupport_fastrtps_c.h
[5.316s] -- Up-to-date symlink: /home/ziad/ziad_ws/ROS2/turtlebot3_ws/install/turtlebot3_msgs/include/turtlebot3_msgs/turtlebot3_msgs/srv/detail/sound__rosidl_typesupport_fastrtps_c.h
[5.318s] -- Up-to-date symlink: /home/ziad/ziad_ws/ROS2/turtlebot3_ws/install/turtlebot3_msgs/include/turtlebot3_msgs/turtlebot3_msgs/action/detail/patrol__builder.hpp
[5.319s] -- Up-to-date symlink: /home/ziad/ziad_ws/ROS2/turtlebot3_ws/install/turtlebot3_msgs/include/turtlebot3_msgs/turtlebot3_msgs/action/detail/patrol__struct.hpp
[5.319s] -- Up-to-date symlink: /home/ziad/ziad_ws/ROS2/turtlebot3_ws/install/turtlebot3_msgs/include/turtlebot3_msgs/turtlebot3_msgs/action/detail/patrol__traits.hpp
[5.319s] -- Up-to-date symlink: /home/ziad/ziad_ws/ROS2/turtlebot3_ws/install/turtlebot3_msgs/include/turtlebot3_msgs/turtlebot3_msgs/action/detail/patrol__type_support.hpp
[5.320s] -- Up-to-date symlink: /home/ziad/ziad_ws/ROS2/turtlebot3_ws/install/turtlebot3_msgs/include/turtlebot3_msgs/turtlebot3_msgs/action/patrol.hpp
[5.320s] -- Up-to-date symlink: /home/ziad/ziad_ws/ROS2/turtlebot3_ws/install/turtlebot3_msgs/include/turtlebot3_msgs/turtlebot3_msgs/msg/detail/sensor_state__builder.hpp
[5.320s] -- Up-to-date symlink: /home/ziad/ziad_ws/ROS2/turtlebot3_ws/install/turtlebot3_msgs/include/turtlebot3_msgs/turtlebot3_msgs/msg/detail/sensor_state__struct.hpp
[5.321s] -- Up-to-date symlink: /home/ziad/ziad_ws/ROS2/turtlebot3_ws/install/turtlebot3_msgs/include/turtlebot3_msgs/turtlebot3_msgs/msg/detail/sensor_state__traits.hpp
[5.321s] -- Up-to-date symlink: /home/ziad/ziad_ws/ROS2/turtlebot3_ws/install/turtlebot3_msgs/include/turtlebot3_msgs/turtlebot3_msgs/msg/detail/sensor_state__type_support.hpp
[5.321s] -- Up-to-date symlink: /home/ziad/ziad_ws/ROS2/turtlebot3_ws/install/turtlebot3_msgs/include/turtlebot3_msgs/turtlebot3_msgs/msg/detail/sound__builder.hpp
[5.322s] -- Up-to-date symlink: /home/ziad/ziad_ws/ROS2/turtlebot3_ws/install/turtlebot3_msgs/include/turtlebot3_msgs/turtlebot3_msgs/msg/detail/sound__struct.hpp
[5.322s] -- Up-to-date symlink: /home/ziad/ziad_ws/ROS2/turtlebot3_ws/install/turtlebot3_msgs/include/turtlebot3_msgs/turtlebot3_msgs/msg/detail/sound__traits.hpp
[5.322s] -- Up-to-date symlink: /home/ziad/ziad_ws/ROS2/turtlebot3_ws/install/turtlebot3_msgs/include/turtlebot3_msgs/turtlebot3_msgs/msg/detail/sound__type_support.hpp
[5.323s] -- Up-to-date symlink: /home/ziad/ziad_ws/ROS2/turtlebot3_ws/install/turtlebot3_msgs/include/turtlebot3_msgs/turtlebot3_msgs/msg/detail/version_info__builder.hpp
[5.323s] -- Up-to-date symlink: /home/ziad/ziad_ws/ROS2/turtlebot3_ws/install/turtlebot3_msgs/include/turtlebot3_msgs/turtlebot3_msgs/msg/detail/version_info__struct.hpp
[5.324s] -- Up-to-date symlink: /home/ziad/ziad_ws/ROS2/turtlebot3_ws/install/turtlebot3_msgs/include/turtlebot3_msgs/turtlebot3_msgs/msg/detail/version_info__traits.hpp
[5.324s] -- Up-to-date symlink: /home/ziad/ziad_ws/ROS2/turtlebot3_ws/install/turtlebot3_msgs/include/turtlebot3_msgs/turtlebot3_msgs/msg/detail/version_info__type_support.hpp
[5.325s] -- Up-to-date symlink: /home/ziad/ziad_ws/ROS2/turtlebot3_ws/install/turtlebot3_msgs/include/turtlebot3_msgs/turtlebot3_msgs/msg/rosidl_generator_cpp__visibility_control.hpp
[5.325s] -- Up-to-date symlink: /home/ziad/ziad_ws/ROS2/turtlebot3_ws/install/turtlebot3_msgs/include/turtlebot3_msgs/turtlebot3_msgs/msg/sensor_state.hpp
[5.325s] -- Up-to-date symlink: /home/ziad/ziad_ws/ROS2/turtlebot3_ws/install/turtlebot3_msgs/include/turtlebot3_msgs/turtlebot3_msgs/msg/sound.hpp
[5.325s] -- Up-to-date symlink: /home/ziad/ziad_ws/ROS2/turtlebot3_ws/install/turtlebot3_msgs/include/turtlebot3_msgs/turtlebot3_msgs/msg/version_info.hpp
[5.326s] -- Up-to-date symlink: /home/ziad/ziad_ws/ROS2/turtlebot3_ws/install/turtlebot3_msgs/include/turtlebot3_msgs/turtlebot3_msgs/srv/detail/dqn__builder.hpp
[5.326s] -- Up-to-date symlink: /home/ziad/ziad_ws/ROS2/turtlebot3_ws/install/turtlebot3_msgs/include/turtlebot3_msgs/turtlebot3_msgs/srv/detail/dqn__struct.hpp
[5.327s] -- Up-to-date symlink: /home/ziad/ziad_ws/ROS2/turtlebot3_ws/install/turtlebot3_msgs/include/turtlebot3_msgs/turtlebot3_msgs/srv/detail/dqn__traits.hpp
[5.327s] -- Up-to-date symlink: /home/ziad/ziad_ws/ROS2/turtlebot3_ws/install/turtlebot3_msgs/include/turtlebot3_msgs/turtlebot3_msgs/srv/detail/dqn__type_support.hpp
[5.327s] -- Up-to-date symlink: /home/ziad/ziad_ws/ROS2/turtlebot3_ws/install/turtlebot3_msgs/include/turtlebot3_msgs/turtlebot3_msgs/srv/detail/goal__builder.hpp
[5.328s] -- Up-to-date symlink: /home/ziad/ziad_ws/ROS2/turtlebot3_ws/install/turtlebot3_msgs/include/turtlebot3_msgs/turtlebot3_msgs/srv/detail/goal__struct.hpp
[5.328s] -- Up-to-date symlink: /home/ziad/ziad_ws/ROS2/turtlebot3_ws/install/turtlebot3_msgs/include/turtlebot3_msgs/turtlebot3_msgs/srv/detail/goal__traits.hpp
[5.328s] -- Up-to-date symlink: /home/ziad/ziad_ws/ROS2/turtlebot3_ws/install/turtlebot3_msgs/include/turtlebot3_msgs/turtlebot3_msgs/srv/detail/goal__type_support.hpp
[5.329s] -- Up-to-date symlink: /home/ziad/ziad_ws/ROS2/turtlebot3_ws/install/turtlebot3_msgs/include/turtlebot3_msgs/turtlebot3_msgs/srv/detail/sound__builder.hpp
[5.329s] -- Up-to-date symlink: /home/ziad/ziad_ws/ROS2/turtlebot3_ws/install/turtlebot3_msgs/include/turtlebot3_msgs/turtlebot3_msgs/srv/detail/sound__struct.hpp
[5.329s] -- Up-to-date symlink: /home/ziad/ziad_ws/ROS2/turtlebot3_ws/install/turtlebot3_msgs/include/turtlebot3_msgs/turtlebot3_msgs/srv/detail/sound__traits.hpp
[5.330s] -- Up-to-date symlink: /home/ziad/ziad_ws/ROS2/turtlebot3_ws/install/turtlebot3_msgs/include/turtlebot3_msgs/turtlebot3_msgs/srv/detail/sound__type_support.hpp
[5.330s] -- Up-to-date symlink: /home/ziad/ziad_ws/ROS2/turtlebot3_ws/install/turtlebot3_msgs/include/turtlebot3_msgs/turtlebot3_msgs/srv/dqn.hpp
[5.330s] -- Up-to-date symlink: /home/ziad/ziad_ws/ROS2/turtlebot3_ws/install/turtlebot3_msgs/include/turtlebot3_msgs/turtlebot3_msgs/srv/goal.hpp
[5.331s] -- Up-to-date symlink: /home/ziad/ziad_ws/ROS2/turtlebot3_ws/install/turtlebot3_msgs/include/turtlebot3_msgs/turtlebot3_msgs/srv/sound.hpp
[5.334s] -- Up-to-date symlink: /home/ziad/ziad_ws/ROS2/turtlebot3_ws/install/turtlebot3_msgs/include/turtlebot3_msgs/turtlebot3_msgs/action/detail/patrol__rosidl_typesupport_fastrtps_cpp.hpp
[5.334s] -- Up-to-date symlink: /home/ziad/ziad_ws/ROS2/turtlebot3_ws/install/turtlebot3_msgs/include/turtlebot3_msgs/turtlebot3_msgs/msg/detail/sensor_state__rosidl_typesupport_fastrtps_cpp.hpp
[5.335s] -- Up-to-date symlink: /home/ziad/ziad_ws/ROS2/turtlebot3_ws/install/turtlebot3_msgs/include/turtlebot3_msgs/turtlebot3_msgs/msg/detail/sound__rosidl_typesupport_fastrtps_cpp.hpp
[5.335s] -- Up-to-date symlink: /home/ziad/ziad_ws/ROS2/turtlebot3_ws/install/turtlebot3_msgs/include/turtlebot3_msgs/turtlebot3_msgs/msg/detail/version_info__rosidl_typesupport_fastrtps_cpp.hpp
[5.335s] -- Up-to-date symlink: /home/ziad/ziad_ws/ROS2/turtlebot3_ws/install/turtlebot3_msgs/include/turtlebot3_msgs/turtlebot3_msgs/msg/rosidl_typesupport_fastrtps_cpp__visibility_control.h
[5.336s] -- Up-to-date symlink: /home/ziad/ziad_ws/ROS2/turtlebot3_ws/install/turtlebot3_msgs/include/turtlebot3_msgs/turtlebot3_msgs/srv/detail/dqn__rosidl_typesupport_fastrtps_cpp.hpp
[5.336s] -- Up-to-date symlink: /home/ziad/ziad_ws/ROS2/turtlebot3_ws/install/turtlebot3_msgs/include/turtlebot3_msgs/turtlebot3_msgs/srv/detail/goal__rosidl_typesupport_fastrtps_cpp.hpp
[5.337s] -- Up-to-date symlink: /home/ziad/ziad_ws/ROS2/turtlebot3_ws/install/turtlebot3_msgs/include/turtlebot3_msgs/turtlebot3_msgs/srv/detail/sound__rosidl_typesupport_fastrtps_cpp.hpp
[5.339s] -- Up-to-date symlink: /home/ziad/ziad_ws/ROS2/turtlebot3_ws/install/turtlebot3_msgs/include/turtlebot3_msgs/turtlebot3_msgs/action/detail/patrol__rosidl_typesupport_introspection_c.h
[5.339s] -- Up-to-date symlink: /home/ziad/ziad_ws/ROS2/turtlebot3_ws/install/turtlebot3_msgs/include/turtlebot3_msgs/turtlebot3_msgs/msg/detail/sensor_state__rosidl_typesupport_introspection_c.h
[5.339s] -- Up-to-date symlink: /home/ziad/ziad_ws/ROS2/turtlebot3_ws/install/turtlebot3_msgs/include/turtlebot3_msgs/turtlebot3_msgs/msg/detail/sound__rosidl_typesupport_introspection_c.h
[5.340s] -- Up-to-date symlink: /home/ziad/ziad_ws/ROS2/turtlebot3_ws/install/turtlebot3_msgs/include/turtlebot3_msgs/turtlebot3_msgs/msg/detail/version_info__rosidl_typesupport_introspection_c.h
[5.340s] -- Up-to-date symlink: /home/ziad/ziad_ws/ROS2/turtlebot3_ws/install/turtlebot3_msgs/include/turtlebot3_msgs/turtlebot3_msgs/msg/rosidl_typesupport_introspection_c__visibility_control.h
[5.340s] -- Up-to-date symlink: /home/ziad/ziad_ws/ROS2/turtlebot3_ws/install/turtlebot3_msgs/include/turtlebot3_msgs/turtlebot3_msgs/srv/detail/dqn__rosidl_typesupport_introspection_c.h
[5.341s] -- Up-to-date symlink: /home/ziad/ziad_ws/ROS2/turtlebot3_ws/install/turtlebot3_msgs/include/turtlebot3_msgs/turtlebot3_msgs/srv/detail/goal__rosidl_typesupport_introspection_c.h
[5.341s] -- Up-to-date symlink: /home/ziad/ziad_ws/ROS2/turtlebot3_ws/install/turtlebot3_msgs/include/turtlebot3_msgs/turtlebot3_msgs/srv/detail/sound__rosidl_typesupport_introspection_c.h
[5.343s] -- Up-to-date symlink: /home/ziad/ziad_ws/ROS2/turtlebot3_ws/install/turtlebot3_msgs/include/turtlebot3_msgs/turtlebot3_msgs/action/detail/patrol__rosidl_typesupport_introspection_cpp.hpp
[5.344s] -- Up-to-date symlink: /home/ziad/ziad_ws/ROS2/turtlebot3_ws/install/turtlebot3_msgs/include/turtlebot3_msgs/turtlebot3_msgs/msg/detail/sensor_state__rosidl_typesupport_introspection_cpp.hpp
[5.344s] -- Up-to-date symlink: /home/ziad/ziad_ws/ROS2/turtlebot3_ws/install/turtlebot3_msgs/include/turtlebot3_msgs/turtlebot3_msgs/msg/detail/sound__rosidl_typesupport_introspection_cpp.hpp
[5.345s] -- Up-to-date symlink: /home/ziad/ziad_ws/ROS2/turtlebot3_ws/install/turtlebot3_msgs/include/turtlebot3_msgs/turtlebot3_msgs/msg/detail/version_info__rosidl_typesupport_introspection_cpp.hpp
[5.345s] -- Up-to-date symlink: /home/ziad/ziad_ws/ROS2/turtlebot3_ws/install/turtlebot3_msgs/include/turtlebot3_msgs/turtlebot3_msgs/srv/detail/dqn__rosidl_typesupport_introspection_cpp.hpp
[5.346s] -- Up-to-date symlink: /home/ziad/ziad_ws/ROS2/turtlebot3_ws/install/turtlebot3_msgs/include/turtlebot3_msgs/turtlebot3_msgs/srv/detail/goal__rosidl_typesupport_introspection_cpp.hpp
[5.346s] -- Up-to-date symlink: /home/ziad/ziad_ws/ROS2/turtlebot3_ws/install/turtlebot3_msgs/include/turtlebot3_msgs/turtlebot3_msgs/srv/detail/sound__rosidl_typesupport_introspection_cpp.hpp
[5.346s] -- Up-to-date symlink: /home/ziad/ziad_ws/ROS2/turtlebot3_ws/install/turtlebot3_msgs/share/turtlebot3_msgs/environment/pythonpath.sh
[5.347s] -- Up-to-date symlink: /home/ziad/ziad_ws/ROS2/turtlebot3_ws/install/turtlebot3_msgs/share/turtlebot3_msgs/environment/pythonpath.dsv
[5.348s] -- Up-to-date symlink: /home/ziad/ziad_ws/ROS2/turtlebot3_ws/install/turtlebot3_msgs/local/lib/python3.10/dist-packages/turtlebot3_msgs-2.4.0-py3.10.egg-info/PKG-INFO
[5.348s] -- Up-to-date symlink: /home/ziad/ziad_ws/ROS2/turtlebot3_ws/install/turtlebot3_msgs/local/lib/python3.10/dist-packages/turtlebot3_msgs-2.4.0-py3.10.egg-info/SOURCES.txt
[5.349s] -- Up-to-date symlink: /home/ziad/ziad_ws/ROS2/turtlebot3_ws/install/turtlebot3_msgs/local/lib/python3.10/dist-packages/turtlebot3_msgs-2.4.0-py3.10.egg-info/dependency_links.txt
[5.349s] -- Up-to-date symlink: /home/ziad/ziad_ws/ROS2/turtlebot3_ws/install/turtlebot3_msgs/local/lib/python3.10/dist-packages/turtlebot3_msgs-2.4.0-py3.10.egg-info/top_level.txt
[5.351s] -- Up-to-date symlink: /home/ziad/ziad_ws/ROS2/turtlebot3_ws/install/turtlebot3_msgs/local/lib/python3.10/dist-packages/turtlebot3_msgs/__init__.py
[5.351s] -- Up-to-date symlink: /home/ziad/ziad_ws/ROS2/turtlebot3_ws/install/turtlebot3_msgs/local/lib/python3.10/dist-packages/turtlebot3_msgs/_turtlebot3_msgs_s.ep.rosidl_typesupport_c.c
[5.352s] -- Up-to-date symlink: /home/ziad/ziad_ws/ROS2/turtlebot3_ws/install/turtlebot3_msgs/local/lib/python3.10/dist-packages/turtlebot3_msgs/_turtlebot3_msgs_s.ep.rosidl_typesupport_fastrtps_c.c
[5.352s] -- Up-to-date symlink: /home/ziad/ziad_ws/ROS2/turtlebot3_ws/install/turtlebot3_msgs/local/lib/python3.10/dist-packages/turtlebot3_msgs/_turtlebot3_msgs_s.ep.rosidl_typesupport_introspection_c.c
[5.353s] -- Up-to-date symlink: /home/ziad/ziad_ws/ROS2/turtlebot3_ws/install/turtlebot3_msgs/local/lib/python3.10/dist-packages/turtlebot3_msgs/action/__init__.py
[5.353s] -- Up-to-date symlink: /home/ziad/ziad_ws/ROS2/turtlebot3_ws/install/turtlebot3_msgs/local/lib/python3.10/dist-packages/turtlebot3_msgs/action/_patrol.py
[5.353s] -- Up-to-date symlink: /home/ziad/ziad_ws/ROS2/turtlebot3_ws/install/turtlebot3_msgs/local/lib/python3.10/dist-packages/turtlebot3_msgs/action/_patrol_s.c
[5.354s] -- Up-to-date symlink: /home/ziad/ziad_ws/ROS2/turtlebot3_ws/install/turtlebot3_msgs/local/lib/python3.10/dist-packages/turtlebot3_msgs/libturtlebot3_msgs__rosidl_generator_py.so
[5.354s] -- Up-to-date symlink: /home/ziad/ziad_ws/ROS2/turtlebot3_ws/install/turtlebot3_msgs/local/lib/python3.10/dist-packages/turtlebot3_msgs/msg/__init__.py
[5.355s] -- Up-to-date symlink: /home/ziad/ziad_ws/ROS2/turtlebot3_ws/install/turtlebot3_msgs/local/lib/python3.10/dist-packages/turtlebot3_msgs/msg/_sensor_state.py
[5.355s] -- Up-to-date symlink: /home/ziad/ziad_ws/ROS2/turtlebot3_ws/install/turtlebot3_msgs/local/lib/python3.10/dist-packages/turtlebot3_msgs/msg/_sensor_state_s.c
[5.355s] -- Up-to-date symlink: /home/ziad/ziad_ws/ROS2/turtlebot3_ws/install/turtlebot3_msgs/local/lib/python3.10/dist-packages/turtlebot3_msgs/msg/_sound.py
[5.356s] -- Up-to-date symlink: /home/ziad/ziad_ws/ROS2/turtlebot3_ws/install/turtlebot3_msgs/local/lib/python3.10/dist-packages/turtlebot3_msgs/msg/_sound_s.c
[5.356s] -- Up-to-date symlink: /home/ziad/ziad_ws/ROS2/turtlebot3_ws/install/turtlebot3_msgs/local/lib/python3.10/dist-packages/turtlebot3_msgs/msg/_version_info.py
[5.356s] -- Up-to-date symlink: /home/ziad/ziad_ws/ROS2/turtlebot3_ws/install/turtlebot3_msgs/local/lib/python3.10/dist-packages/turtlebot3_msgs/msg/_version_info_s.c
[5.358s] -- Up-to-date symlink: /home/ziad/ziad_ws/ROS2/turtlebot3_ws/install/turtlebot3_msgs/local/lib/python3.10/dist-packages/turtlebot3_msgs/srv/__init__.py
[5.358s] -- Up-to-date symlink: /home/ziad/ziad_ws/ROS2/turtlebot3_ws/install/turtlebot3_msgs/local/lib/python3.10/dist-packages/turtlebot3_msgs/srv/_dqn.py
[5.358s] -- Up-to-date symlink: /home/ziad/ziad_ws/ROS2/turtlebot3_ws/install/turtlebot3_msgs/local/lib/python3.10/dist-packages/turtlebot3_msgs/srv/_dqn_s.c
[5.359s] -- Up-to-date symlink: /home/ziad/ziad_ws/ROS2/turtlebot3_ws/install/turtlebot3_msgs/local/lib/python3.10/dist-packages/turtlebot3_msgs/srv/_goal.py
[5.359s] -- Up-to-date symlink: /home/ziad/ziad_ws/ROS2/turtlebot3_ws/install/turtlebot3_msgs/local/lib/python3.10/dist-packages/turtlebot3_msgs/srv/_goal_s.c
[5.359s] -- Up-to-date symlink: /home/ziad/ziad_ws/ROS2/turtlebot3_ws/install/turtlebot3_msgs/local/lib/python3.10/dist-packages/turtlebot3_msgs/srv/_sound.py
[5.359s] -- Up-to-date symlink: /home/ziad/ziad_ws/ROS2/turtlebot3_ws/install/turtlebot3_msgs/local/lib/python3.10/dist-packages/turtlebot3_msgs/srv/_sound_s.c
[5.360s] -- Up-to-date symlink: /home/ziad/ziad_ws/ROS2/turtlebot3_ws/install/turtlebot3_msgs/local/lib/python3.10/dist-packages/turtlebot3_msgs/turtlebot3_msgs_s__rosidl_typesupport_c.cpython-310-x86_64-linux-gnu.so
[5.360s] -- Up-to-date symlink: /home/ziad/ziad_ws/ROS2/turtlebot3_ws/install/turtlebot3_msgs/local/lib/python3.10/dist-packages/turtlebot3_msgs/turtlebot3_msgs_s__rosidl_typesupport_fastrtps_c.cpython-310-x86_64-linux-gnu.so
[5.360s] -- Up-to-date symlink: /home/ziad/ziad_ws/ROS2/turtlebot3_ws/install/turtlebot3_msgs/local/lib/python3.10/dist-packages/turtlebot3_msgs/turtlebot3_msgs_s__rosidl_typesupport_introspection_c.cpython-310-x86_64-linux-gnu.so
[5.361s] -- Up-to-date symlink: /home/ziad/ziad_ws/ROS2/turtlebot3_ws/install/turtlebot3_msgs/local/lib/python3.10/dist-packages/turtlebot3_msgs/turtlebot3_msgs_s__rosidl_typesupport_fastrtps_c.cpython-310-x86_64-linux-gnu.so
[5.361s] -- Up-to-date symlink: /home/ziad/ziad_ws/ROS2/turtlebot3_ws/install/turtlebot3_msgs/local/lib/python3.10/dist-packages/turtlebot3_msgs/turtlebot3_msgs_s__rosidl_typesupport_introspection_c.cpython-310-x86_64-linux-gnu.so
[5.361s] -- Up-to-date symlink: /home/ziad/ziad_ws/ROS2/turtlebot3_ws/install/turtlebot3_msgs/local/lib/python3.10/dist-packages/turtlebot3_msgs/turtlebot3_msgs_s__rosidl_typesupport_c.cpython-310-x86_64-linux-gnu.so
[5.362s] -- Up-to-date symlink: /home/ziad/ziad_ws/ROS2/turtlebot3_ws/install/turtlebot3_msgs/share/turtlebot3_msgs/msg/SensorState.idl
[5.362s] -- Up-to-date symlink: /home/ziad/ziad_ws/ROS2/turtlebot3_ws/install/turtlebot3_msgs/share/turtlebot3_msgs/msg/Sound.idl
[5.363s] -- Up-to-date symlink: /home/ziad/ziad_ws/ROS2/turtlebot3_ws/install/turtlebot3_msgs/share/turtlebot3_msgs/msg/VersionInfo.idl
[5.364s] -- Up-to-date symlink: /home/ziad/ziad_ws/ROS2/turtlebot3_ws/install/turtlebot3_msgs/share/turtlebot3_msgs/srv/Sound.idl
[5.365s] -- Up-to-date symlink: /home/ziad/ziad_ws/ROS2/turtlebot3_ws/install/turtlebot3_msgs/share/turtlebot3_msgs/srv/Dqn.idl
[5.365s] -- Up-to-date symlink: /home/ziad/ziad_ws/ROS2/turtlebot3_ws/install/turtlebot3_msgs/share/turtlebot3_msgs/srv/Goal.idl
[5.365s] -- Up-to-date symlink: /home/ziad/ziad_ws/ROS2/turtlebot3_ws/install/turtlebot3_msgs/share/turtlebot3_msgs/action/Patrol.idl
[5.366s] -- Up-to-date symlink: /home/ziad/ziad_ws/ROS2/turtlebot3_ws/install/turtlebot3_msgs/share/turtlebot3_msgs/msg/SensorState.msg
[5.366s] -- Up-to-date symlink: /home/ziad/ziad_ws/ROS2/turtlebot3_ws/install/turtlebot3_msgs/share/turtlebot3_msgs/msg/Sound.msg
[5.366s] -- Up-to-date symlink: /home/ziad/ziad_ws/ROS2/turtlebot3_ws/install/turtlebot3_msgs/share/turtlebot3_msgs/msg/VersionInfo.msg
[5.367s] -- Up-to-date symlink: /home/ziad/ziad_ws/ROS2/turtlebot3_ws/install/turtlebot3_msgs/share/turtlebot3_msgs/srv/Sound.srv
[5.367s] -- Up-to-date symlink: /home/ziad/ziad_ws/ROS2/turtlebot3_ws/install/turtlebot3_msgs/share/turtlebot3_msgs/srv/Sound_Request.msg
[5.367s] -- Up-to-date symlink: /home/ziad/ziad_ws/ROS2/turtlebot3_ws/install/turtlebot3_msgs/share/turtlebot3_msgs/srv/Sound_Response.msg
[5.368s] -- Up-to-date symlink: /home/ziad/ziad_ws/ROS2/turtlebot3_ws/install/turtlebot3_msgs/share/turtlebot3_msgs/srv/Dqn.srv
[5.368s] -- Up-to-date symlink: /home/ziad/ziad_ws/ROS2/turtlebot3_ws/install/turtlebot3_msgs/share/turtlebot3_msgs/srv/Dqn_Request.msg
[5.368s] -- Up-to-date symlink: /home/ziad/ziad_ws/ROS2/turtlebot3_ws/install/turtlebot3_msgs/share/turtlebot3_msgs/srv/Dqn_Response.msg
[5.368s] -- Up-to-date symlink: /home/ziad/ziad_ws/ROS2/turtlebot3_ws/install/turtlebot3_msgs/share/turtlebot3_msgs/srv/Goal.srv
[5.369s] -- Up-to-date symlink: /home/ziad/ziad_ws/ROS2/turtlebot3_ws/install/turtlebot3_msgs/share/turtlebot3_msgs/srv/Goal_Request.msg
[5.369s] -- Up-to-date symlink: /home/ziad/ziad_ws/ROS2/turtlebot3_ws/install/turtlebot3_msgs/share/turtlebot3_msgs/srv/Goal_Response.msg
[5.369s] -- Up-to-date symlink: /home/ziad/ziad_ws/ROS2/turtlebot3_ws/install/turtlebot3_msgs/share/turtlebot3_msgs/action/Patrol.action
[5.369s] -- Up-to-date symlink: /home/ziad/ziad_ws/ROS2/turtlebot3_ws/install/turtlebot3_msgs/share/ament_index/resource_index/package_run_dependencies/turtlebot3_msgs
[5.370s] -- Up-to-date symlink: /home/ziad/ziad_ws/ROS2/turtlebot3_ws/install/turtlebot3_msgs/share/ament_index/resource_index/parent_prefix_path/turtlebot3_msgs
[5.370s] -- Up-to-date symlink: /home/ziad/ziad_ws/ROS2/turtlebot3_ws/install/turtlebot3_msgs/share/turtlebot3_msgs/environment/ament_prefix_path.sh
[5.370s] -- Up-to-date symlink: /home/ziad/ziad_ws/ROS2/turtlebot3_ws/install/turtlebot3_msgs/share/turtlebot3_msgs/environment/ament_prefix_path.dsv
[5.370s] -- Up-to-date symlink: /home/ziad/ziad_ws/ROS2/turtlebot3_ws/install/turtlebot3_msgs/share/turtlebot3_msgs/environment/path.sh
[5.371s] -- Up-to-date symlink: /home/ziad/ziad_ws/ROS2/turtlebot3_ws/install/turtlebot3_msgs/share/turtlebot3_msgs/environment/path.dsv
[5.371s] -- Up-to-date symlink: /home/ziad/ziad_ws/ROS2/turtlebot3_ws/install/turtlebot3_msgs/share/turtlebot3_msgs/local_setup.bash
[5.371s] -- Up-to-date symlink: /home/ziad/ziad_ws/ROS2/turtlebot3_ws/install/turtlebot3_msgs/share/turtlebot3_msgs/local_setup.sh
[5.372s] -- Up-to-date symlink: /home/ziad/ziad_ws/ROS2/turtlebot3_ws/install/turtlebot3_msgs/share/turtlebot3_msgs/local_setup.zsh
[5.372s] -- Up-to-date symlink: /home/ziad/ziad_ws/ROS2/turtlebot3_ws/install/turtlebot3_msgs/share/turtlebot3_msgs/local_setup.dsv
[5.372s] -- Symlinking: /home/ziad/ziad_ws/ROS2/turtlebot3_ws/install/turtlebot3_msgs/share/turtlebot3_msgs/package.dsv
[5.383s] -- Up-to-date symlink: /home/ziad/ziad_ws/ROS2/turtlebot3_ws/install/turtlebot3_msgs/share/ament_index/resource_index/packages/turtlebot3_msgs
[5.383s] -- Up-to-date symlink: /home/ziad/ziad_ws/ROS2/turtlebot3_ws/install/turtlebot3_msgs/share/turtlebot3_msgs/cmake/rosidl_cmake-extras.cmake
[5.383s] -- Up-to-date symlink: /home/ziad/ziad_ws/ROS2/turtlebot3_ws/install/turtlebot3_msgs/share/turtlebot3_msgs/cmake/ament_cmake_export_dependencies-extras.cmake
[5.384s] -- Up-to-date symlink: /home/ziad/ziad_ws/ROS2/turtlebot3_ws/install/turtlebot3_msgs/share/turtlebot3_msgs/cmake/ament_cmake_export_include_directories-extras.cmake
[5.384s] -- Up-to-date symlink: /home/ziad/ziad_ws/ROS2/turtlebot3_ws/install/turtlebot3_msgs/share/turtlebot3_msgs/cmake/ament_cmake_export_libraries-extras.cmake
[5.384s] -- Up-to-date symlink: /home/ziad/ziad_ws/ROS2/turtlebot3_ws/install/turtlebot3_msgs/share/turtlebot3_msgs/cmake/ament_cmake_export_targets-extras.cmake
[5.385s] -- Up-to-date symlink: /home/ziad/ziad_ws/ROS2/turtlebot3_ws/install/turtlebot3_msgs/share/turtlebot3_msgs/cmake/rosidl_cmake_export_typesupport_targets-extras.cmake
[5.385s] -- Up-to-date symlink: /home/ziad/ziad_ws/ROS2/turtlebot3_ws/install/turtlebot3_msgs/share/turtlebot3_msgs/cmake/rosidl_cmake_export_typesupport_libraries-extras.cmake
[5.385s] -- Up-to-date symlink: /home/ziad/ziad_ws/ROS2/turtlebot3_ws/install/turtlebot3_msgs/share/turtlebot3_msgs/cmake/turtlebot3_msgsConfig.cmake
[5.385s] -- Up-to-date symlink: /home/ziad/ziad_ws/ROS2/turtlebot3_ws/install/turtlebot3_msgs/share/turtlebot3_msgs/cmake/turtlebot3_msgsConfig-version.cmake
[5.386s] -- Up-to-date symlink: /home/ziad/ziad_ws/ROS2/turtlebot3_ws/install/turtlebot3_msgs/share/turtlebot3_msgs/package.xml
[5.387s] -- Up-to-date: /home/ziad/ziad_ws/ROS2/turtlebot3_ws/install/turtlebot3_msgs/lib/libturtlebot3_msgs__rosidl_generator_c.so
[5.387s] -- Up-to-date: /home/ziad/ziad_ws/ROS2/turtlebot3_ws/install/turtlebot3_msgs/lib/libturtlebot3_msgs__rosidl_typesupport_fastrtps_c.so
[5.388s] -- Up-to-date: /home/ziad/ziad_ws/ROS2/turtlebot3_ws/install/turtlebot3_msgs/lib/libturtlebot3_msgs__rosidl_typesupport_fastrtps_cpp.so
[5.389s] -- Up-to-date: /home/ziad/ziad_ws/ROS2/turtlebot3_ws/install/turtlebot3_msgs/lib/libturtlebot3_msgs__rosidl_typesupport_introspection_c.so
[5.390s] -- Up-to-date: /home/ziad/ziad_ws/ROS2/turtlebot3_ws/install/turtlebot3_msgs/lib/libturtlebot3_msgs__rosidl_typesupport_c.so
[5.391s] -- Up-to-date: /home/ziad/ziad_ws/ROS2/turtlebot3_ws/install/turtlebot3_msgs/lib/libturtlebot3_msgs__rosidl_typesupport_introspection_cpp.so
[5.392s] -- Up-to-date: /home/ziad/ziad_ws/ROS2/turtlebot3_ws/install/turtlebot3_msgs/lib/libturtlebot3_msgs__rosidl_typesupport_cpp.so
[5.435s] Listing '/home/ziad/ziad_ws/ROS2/turtlebot3_ws/install/turtlebot3_msgs/local/lib/python3.10/dist-packages/turtlebot3_msgs'...
[5.435s] Compiling '/home/ziad/ziad_ws/ROS2/turtlebot3_ws/install/turtlebot3_msgs/local/lib/python3.10/dist-packages/turtlebot3_msgs/__init__.py'...
[5.436s] Listing '/home/ziad/ziad_ws/ROS2/turtlebot3_ws/install/turtlebot3_msgs/local/lib/python3.10/dist-packages/turtlebot3_msgs/action'...
[5.436s] Listing '/home/ziad/ziad_ws/ROS2/turtlebot3_ws/install/turtlebot3_msgs/local/lib/python3.10/dist-packages/turtlebot3_msgs/msg'...
[5.436s] Listing '/home/ziad/ziad_ws/ROS2/turtlebot3_ws/install/turtlebot3_msgs/local/lib/python3.10/dist-packages/turtlebot3_msgs/srv'...
[5.442s] -- Up-to-date: /home/ziad/ziad_ws/ROS2/turtlebot3_ws/install/turtlebot3_msgs/lib/libturtlebot3_msgs__rosidl_generator_py.so
[5.443s] -- Up-to-date: /home/ziad/ziad_ws/ROS2/turtlebot3_ws/install/turtlebot3_msgs/share/turtlebot3_msgs/cmake/export_turtlebot3_msgs__rosidl_generator_cExport.cmake
[5.443s] -- Up-to-date: /home/ziad/ziad_ws/ROS2/turtlebot3_ws/install/turtlebot3_msgs/share/turtlebot3_msgs/cmake/export_turtlebot3_msgs__rosidl_generator_cExport-noconfig.cmake
[5.443s] -- Up-to-date: /home/ziad/ziad_ws/ROS2/turtlebot3_ws/install/turtlebot3_msgs/share/turtlebot3_msgs/cmake/export_turtlebot3_msgs__rosidl_typesupport_fastrtps_cExport.cmake
[5.443s] -- Up-to-date: /home/ziad/ziad_ws/ROS2/turtlebot3_ws/install/turtlebot3_msgs/share/turtlebot3_msgs/cmake/export_turtlebot3_msgs__rosidl_typesupport_fastrtps_cExport-noconfig.cmake
[5.443s] -- Up-to-date: /home/ziad/ziad_ws/ROS2/turtlebot3_ws/install/turtlebot3_msgs/share/turtlebot3_msgs/cmake/export_turtlebot3_msgs__rosidl_generator_cppExport.cmake
[5.444s] -- Up-to-date: /home/ziad/ziad_ws/ROS2/turtlebot3_ws/install/turtlebot3_msgs/share/turtlebot3_msgs/cmake/export_turtlebot3_msgs__rosidl_typesupport_fastrtps_cppExport.cmake
[5.444s] -- Up-to-date: /home/ziad/ziad_ws/ROS2/turtlebot3_ws/install/turtlebot3_msgs/share/turtlebot3_msgs/cmake/export_turtlebot3_msgs__rosidl_typesupport_fastrtps_cppExport-noconfig.cmake
[5.444s] -- Up-to-date: /home/ziad/ziad_ws/ROS2/turtlebot3_ws/install/turtlebot3_msgs/share/turtlebot3_msgs/cmake/turtlebot3_msgs__rosidl_typesupport_introspection_cExport.cmake
[5.444s] -- Up-to-date: /home/ziad/ziad_ws/ROS2/turtlebot3_ws/install/turtlebot3_msgs/share/turtlebot3_msgs/cmake/turtlebot3_msgs__rosidl_typesupport_introspection_cExport-noconfig.cmake
[5.444s] -- Up-to-date: /home/ziad/ziad_ws/ROS2/turtlebot3_ws/install/turtlebot3_msgs/share/turtlebot3_msgs/cmake/turtlebot3_msgs__rosidl_typesupport_cExport.cmake
[5.445s] -- Up-to-date: /home/ziad/ziad_ws/ROS2/turtlebot3_ws/install/turtlebot3_msgs/share/turtlebot3_msgs/cmake/turtlebot3_msgs__rosidl_typesupport_cExport-noconfig.cmake
[5.445s] -- Up-to-date: /home/ziad/ziad_ws/ROS2/turtlebot3_ws/install/turtlebot3_msgs/share/turtlebot3_msgs/cmake/turtlebot3_msgs__rosidl_typesupport_introspection_cppExport.cmake
[5.445s] -- Up-to-date: /home/ziad/ziad_ws/ROS2/turtlebot3_ws/install/turtlebot3_msgs/share/turtlebot3_msgs/cmake/turtlebot3_msgs__rosidl_typesupport_introspection_cppExport-noconfig.cmake
[5.445s] -- Up-to-date: /home/ziad/ziad_ws/ROS2/turtlebot3_ws/install/turtlebot3_msgs/share/turtlebot3_msgs/cmake/turtlebot3_msgs__rosidl_typesupport_cppExport.cmake
[5.445s] -- Up-to-date: /home/ziad/ziad_ws/ROS2/turtlebot3_ws/install/turtlebot3_msgs/share/turtlebot3_msgs/cmake/turtlebot3_msgs__rosidl_typesupport_cppExport-noconfig.cmake
[5.446s] -- Up-to-date: /home/ziad/ziad_ws/ROS2/turtlebot3_ws/install/turtlebot3_msgs/share/turtlebot3_msgs/cmake/export_turtlebot3_msgs__rosidl_generator_pyExport.cmake
[5.446s] -- Up-to-date: /home/ziad/ziad_ws/ROS2/turtlebot3_ws/install/turtlebot3_msgs/share/turtlebot3_msgs/cmake/export_turtlebot3_msgs__rosidl_generator_pyExport-noconfig.cmake
[5.449s] Invoked command in '/home/ziad/ziad_ws/ROS2/turtlebot3_ws/build/turtlebot3_msgs' returned '0': CMAKE_PREFIX_PATH=${CMAKE_PREFIX_PATH}:/home/ziad/ziad_ws/ROS2/turtlebot3_ws/install/turtlebot3_teleop:/home/ziad/ziad_ws/ROS2/turtlebot3_ws/install/turtlebot3_example:/opt/ros/humble /usr/bin/cmake --install /home/ziad/ziad_ws/ROS2/turtlebot3_ws/build/turtlebot3_msgs
