-- Install configuration: ""
-- Up-to-date: /home/ziad/Ziad_WS/ROS2/work_space/install/cyber_robt/share/cyber_robt/config
-- Up-to-date: /home/ziad/Ziad_WS/ROS2/work_space/install/cyber_robt/share/cyber_robt/config/joint_names_cyber_robt.yaml
-- Up-to-date: /home/ziad/Ziad_WS/ROS2/work_space/install/cyber_robt/share/cyber_robt/launch
-- Up-to-date: /home/ziad/Ziad_WS/ROS2/work_space/install/cyber_robt/share/cyber_robt/launch/gazebo.launch.xml
-- Up-to-date: /home/ziad/Ziad_WS/ROS2/work_space/install/cyber_robt/share/cyber_robt/launch/gazebo.launch.py
-- Up-to-date: /home/ziad/Ziad_WS/ROS2/work_space/install/cyber_robt/share/cyber_robt/launch/gazebo.launch
-- Up-to-date: /home/ziad/Ziad_WS/ROS2/work_space/install/cyber_robt/share/cyber_robt/launch/display.launch
-- Up-to-date: /home/ziad/Ziad_WS/ROS2/work_space/install/cyber_robt/share/cyber_robt/meshes
-- Up-to-date: /home/ziad/Ziad_WS/ROS2/work_space/install/cyber_robt/share/cyber_robt/meshes/U_B.STL
-- Up-to-date: /home/ziad/Ziad_WS/ROS2/work_space/install/cyber_robt/share/cyber_robt/meshes/U_R.STL
-- Up-to-date: /home/ziad/Ziad_WS/ROS2/work_space/install/cyber_robt/share/cyber_robt/meshes/W_F_R.STL
-- Up-to-date: /home/ziad/Ziad_WS/ROS2/work_space/install/cyber_robt/share/cyber_robt/meshes/W_B_L.STL
-- Up-to-date: /home/ziad/Ziad_WS/ROS2/work_space/install/cyber_robt/share/cyber_robt/meshes/U_F.STL
-- Up-to-date: /home/ziad/Ziad_WS/ROS2/work_space/install/cyber_robt/share/cyber_robt/meshes/base_link.STL
-- Up-to-date: /home/ziad/Ziad_WS/ROS2/work_space/install/cyber_robt/share/cyber_robt/meshes/Lidar.STL
-- Up-to-date: /home/ziad/Ziad_WS/ROS2/work_space/install/cyber_robt/share/cyber_robt/meshes/W_F_L.STL
-- Up-to-date: /home/ziad/Ziad_WS/ROS2/work_space/install/cyber_robt/share/cyber_robt/meshes/W_B_R.STL
-- Up-to-date: /home/ziad/Ziad_WS/ROS2/work_space/install/cyber_robt/share/cyber_robt/meshes/U_L.STL
-- Up-to-date: /home/ziad/Ziad_WS/ROS2/work_space/install/cyber_robt/share/cyber_robt/urdf
-- Up-to-date: /home/ziad/Ziad_WS/ROS2/work_space/install/cyber_robt/share/cyber_robt/urdf/cyber_robt.urdf
-- Up-to-date: /home/ziad/Ziad_WS/ROS2/work_space/install/cyber_robt/share/cyber_robt/urdf/cyber_robt.csv
-- Up-to-date: /home/ziad/Ziad_WS/ROS2/work_space/install/cyber_robt/share/ament_index/resource_index/package_run_dependencies/cyber_robt
-- Up-to-date: /home/ziad/Ziad_WS/ROS2/work_space/install/cyber_robt/share/ament_index/resource_index/parent_prefix_path/cyber_robt
-- Up-to-date: /home/ziad/Ziad_WS/ROS2/work_space/install/cyber_robt/share/cyber_robt/environment/ament_prefix_path.sh
-- Up-to-date: /home/ziad/Ziad_WS/ROS2/work_space/install/cyber_robt/share/cyber_robt/environment/ament_prefix_path.dsv
-- Up-to-date: /home/ziad/Ziad_WS/ROS2/work_space/install/cyber_robt/share/cyber_robt/environment/path.sh
-- Up-to-date: /home/ziad/Ziad_WS/ROS2/work_space/install/cyber_robt/share/cyber_robt/environment/path.dsv
-- Up-to-date: /home/ziad/Ziad_WS/ROS2/work_space/install/cyber_robt/share/cyber_robt/local_setup.bash
-- Up-to-date: /home/ziad/Ziad_WS/ROS2/work_space/install/cyber_robt/share/cyber_robt/local_setup.sh
-- Up-to-date: /home/ziad/Ziad_WS/ROS2/work_space/install/cyber_robt/share/cyber_robt/local_setup.zsh
-- Up-to-date: /home/ziad/Ziad_WS/ROS2/work_space/install/cyber_robt/share/cyber_robt/local_setup.dsv
-- Installing: /home/ziad/Ziad_WS/ROS2/work_space/install/cyber_robt/share/cyber_robt/package.dsv
-- Up-to-date: /home/ziad/Ziad_WS/ROS2/work_space/install/cyber_robt/share/ament_index/resource_index/packages/cyber_robt
-- Up-to-date: /home/ziad/Ziad_WS/ROS2/work_space/install/cyber_robt/share/cyber_robt/cmake/cyber_robtConfig.cmake
-- Up-to-date: /home/ziad/Ziad_WS/ROS2/work_space/install/cyber_robt/share/cyber_robt/cmake/cyber_robtConfig-version.cmake
-- Up-to-date: /home/ziad/Ziad_WS/ROS2/work_space/install/cyber_robt/share/cyber_robt/package.xml
