[100%] Built target dynamixel_sdk
[100%] Built target ament_cmake_python_symlink_dynamixel_sdk
running egg_info
writing dynamixel_sdk.egg-info/PKG-INFO
writing dependency_links to dynamixel_sdk.egg-info/dependency_links.txt
writing top-level names to dynamixel_sdk.egg-info/top_level.txt
reading manifest file 'dynamixel_sdk.egg-info/SOURCES.txt'
writing manifest file 'dynamixel_sdk.egg-info/SOURCES.txt'
[100%] Built target ament_cmake_python_build_dynamixel_sdk_egg
-- Install configuration: ""
-- Execute custom install script
-- Up-to-date symlink: /home/ziad/ziad_ws/ROS2/turtlebot3_ws/install/dynamixel_sdk/include//dynamixel_sdk/dynamixel_sdk.h
-- Up-to-date symlink: /home/ziad/ziad_ws/ROS2/turtlebot3_ws/install/dynamixel_sdk/include//dynamixel_sdk/group_bulk_read.h
-- Up-to-date symlink: /home/ziad/ziad_ws/ROS2/turtlebot3_ws/install/dynamixel_sdk/include//dynamixel_sdk/group_bulk_write.h
-- Up-to-date symlink: /home/ziad/ziad_ws/ROS2/turtlebot3_ws/install/dynamixel_sdk/include//dynamixel_sdk/group_fast_bulk_read.h
-- Up-to-date symlink: /home/ziad/ziad_ws/ROS2/turtlebot3_ws/install/dynamixel_sdk/include//dynamixel_sdk/group_fast_sync_read.h
-- Up-to-date symlink: /home/ziad/ziad_ws/ROS2/turtlebot3_ws/install/dynamixel_sdk/include//dynamixel_sdk/group_handler.h
-- Up-to-date symlink: /home/ziad/ziad_ws/ROS2/turtlebot3_ws/install/dynamixel_sdk/include//dynamixel_sdk/group_sync_read.h
-- Up-to-date symlink: /home/ziad/ziad_ws/ROS2/turtlebot3_ws/install/dynamixel_sdk/include//dynamixel_sdk/group_sync_write.h
-- Up-to-date symlink: /home/ziad/ziad_ws/ROS2/turtlebot3_ws/install/dynamixel_sdk/include//dynamixel_sdk/packet_handler.h
-- Up-to-date symlink: /home/ziad/ziad_ws/ROS2/turtlebot3_ws/install/dynamixel_sdk/include//dynamixel_sdk/port_handler.h
-- Up-to-date symlink: /home/ziad/ziad_ws/ROS2/turtlebot3_ws/install/dynamixel_sdk/include//dynamixel_sdk/port_handler_arduino.h
-- Up-to-date symlink: /home/ziad/ziad_ws/ROS2/turtlebot3_ws/install/dynamixel_sdk/include//dynamixel_sdk/port_handler_linux.h
-- Up-to-date symlink: /home/ziad/ziad_ws/ROS2/turtlebot3_ws/install/dynamixel_sdk/include//dynamixel_sdk/port_handler_mac.h
-- Up-to-date symlink: /home/ziad/ziad_ws/ROS2/turtlebot3_ws/install/dynamixel_sdk/include//dynamixel_sdk/port_handler_windows.h
-- Up-to-date symlink: /home/ziad/ziad_ws/ROS2/turtlebot3_ws/install/dynamixel_sdk/include//dynamixel_sdk/protocol1_packet_handler.h
-- Up-to-date symlink: /home/ziad/ziad_ws/ROS2/turtlebot3_ws/install/dynamixel_sdk/include//dynamixel_sdk/protocol2_packet_handler.h
-- Up-to-date symlink: /home/ziad/ziad_ws/ROS2/turtlebot3_ws/install/dynamixel_sdk/share/dynamixel_sdk/environment/pythonpath.sh
-- Up-to-date symlink: /home/ziad/ziad_ws/ROS2/turtlebot3_ws/install/dynamixel_sdk/share/dynamixel_sdk/environment/pythonpath.dsv
-- Up-to-date symlink: /home/ziad/ziad_ws/ROS2/turtlebot3_ws/install/dynamixel_sdk/local/lib/python3.10/dist-packages/dynamixel_sdk-3.8.4-py3.10.egg-info/PKG-INFO
-- Up-to-date symlink: /home/ziad/ziad_ws/ROS2/turtlebot3_ws/install/dynamixel_sdk/local/lib/python3.10/dist-packages/dynamixel_sdk-3.8.4-py3.10.egg-info/SOURCES.txt
-- Up-to-date symlink: /home/ziad/ziad_ws/ROS2/turtlebot3_ws/install/dynamixel_sdk/local/lib/python3.10/dist-packages/dynamixel_sdk-3.8.4-py3.10.egg-info/dependency_links.txt
-- Up-to-date symlink: /home/ziad/ziad_ws/ROS2/turtlebot3_ws/install/dynamixel_sdk/local/lib/python3.10/dist-packages/dynamixel_sdk-3.8.4-py3.10.egg-info/top_level.txt
-- Up-to-date symlink: /home/ziad/ziad_ws/ROS2/turtlebot3_ws/install/dynamixel_sdk/local/lib/python3.10/dist-packages/dynamixel_sdk/__init__.py
-- Up-to-date symlink: /home/ziad/ziad_ws/ROS2/turtlebot3_ws/install/dynamixel_sdk/local/lib/python3.10/dist-packages/dynamixel_sdk/group_bulk_read.cpp
-- Up-to-date symlink: /home/ziad/ziad_ws/ROS2/turtlebot3_ws/install/dynamixel_sdk/local/lib/python3.10/dist-packages/dynamixel_sdk/group_bulk_read.py
-- Up-to-date symlink: /home/ziad/ziad_ws/ROS2/turtlebot3_ws/install/dynamixel_sdk/local/lib/python3.10/dist-packages/dynamixel_sdk/group_bulk_write.cpp
-- Up-to-date symlink: /home/ziad/ziad_ws/ROS2/turtlebot3_ws/install/dynamixel_sdk/local/lib/python3.10/dist-packages/dynamixel_sdk/group_bulk_write.py
-- Up-to-date symlink: /home/ziad/ziad_ws/ROS2/turtlebot3_ws/install/dynamixel_sdk/local/lib/python3.10/dist-packages/dynamixel_sdk/group_fast_bulk_read.cpp
-- Up-to-date symlink: /home/ziad/ziad_ws/ROS2/turtlebot3_ws/install/dynamixel_sdk/local/lib/python3.10/dist-packages/dynamixel_sdk/group_fast_sync_read.cpp
-- Up-to-date symlink: /home/ziad/ziad_ws/ROS2/turtlebot3_ws/install/dynamixel_sdk/local/lib/python3.10/dist-packages/dynamixel_sdk/group_handler.cpp
-- Up-to-date symlink: /home/ziad/ziad_ws/ROS2/turtlebot3_ws/install/dynamixel_sdk/local/lib/python3.10/dist-packages/dynamixel_sdk/group_sync_read.cpp
-- Up-to-date symlink: /home/ziad/ziad_ws/ROS2/turtlebot3_ws/install/dynamixel_sdk/local/lib/python3.10/dist-packages/dynamixel_sdk/group_sync_read.py
-- Up-to-date symlink: /home/ziad/ziad_ws/ROS2/turtlebot3_ws/install/dynamixel_sdk/local/lib/python3.10/dist-packages/dynamixel_sdk/group_sync_write.cpp
-- Up-to-date symlink: /home/ziad/ziad_ws/ROS2/turtlebot3_ws/install/dynamixel_sdk/local/lib/python3.10/dist-packages/dynamixel_sdk/group_sync_write.py
-- Up-to-date symlink: /home/ziad/ziad_ws/ROS2/turtlebot3_ws/install/dynamixel_sdk/local/lib/python3.10/dist-packages/dynamixel_sdk/packet_handler.cpp
-- Up-to-date symlink: /home/ziad/ziad_ws/ROS2/turtlebot3_ws/install/dynamixel_sdk/local/lib/python3.10/dist-packages/dynamixel_sdk/packet_handler.py
-- Up-to-date symlink: /home/ziad/ziad_ws/ROS2/turtlebot3_ws/install/dynamixel_sdk/local/lib/python3.10/dist-packages/dynamixel_sdk/port_handler.cpp
-- Up-to-date symlink: /home/ziad/ziad_ws/ROS2/turtlebot3_ws/install/dynamixel_sdk/local/lib/python3.10/dist-packages/dynamixel_sdk/port_handler.py
-- Up-to-date symlink: /home/ziad/ziad_ws/ROS2/turtlebot3_ws/install/dynamixel_sdk/local/lib/python3.10/dist-packages/dynamixel_sdk/port_handler_arduino.cpp
-- Up-to-date symlink: /home/ziad/ziad_ws/ROS2/turtlebot3_ws/install/dynamixel_sdk/local/lib/python3.10/dist-packages/dynamixel_sdk/port_handler_linux.cpp
-- Up-to-date symlink: /home/ziad/ziad_ws/ROS2/turtlebot3_ws/install/dynamixel_sdk/local/lib/python3.10/dist-packages/dynamixel_sdk/port_handler_mac.cpp
-- Up-to-date symlink: /home/ziad/ziad_ws/ROS2/turtlebot3_ws/install/dynamixel_sdk/local/lib/python3.10/dist-packages/dynamixel_sdk/port_handler_windows.cpp
-- Up-to-date symlink: /home/ziad/ziad_ws/ROS2/turtlebot3_ws/install/dynamixel_sdk/local/lib/python3.10/dist-packages/dynamixel_sdk/protocol1_packet_handler.cpp
-- Up-to-date symlink: /home/ziad/ziad_ws/ROS2/turtlebot3_ws/install/dynamixel_sdk/local/lib/python3.10/dist-packages/dynamixel_sdk/protocol1_packet_handler.py
-- Up-to-date symlink: /home/ziad/ziad_ws/ROS2/turtlebot3_ws/install/dynamixel_sdk/local/lib/python3.10/dist-packages/dynamixel_sdk/protocol2_packet_handler.cpp
-- Up-to-date symlink: /home/ziad/ziad_ws/ROS2/turtlebot3_ws/install/dynamixel_sdk/local/lib/python3.10/dist-packages/dynamixel_sdk/protocol2_packet_handler.py
-- Up-to-date symlink: /home/ziad/ziad_ws/ROS2/turtlebot3_ws/install/dynamixel_sdk/local/lib/python3.10/dist-packages/dynamixel_sdk/robotis_def.py
-- Up-to-date symlink: /home/ziad/ziad_ws/ROS2/turtlebot3_ws/install/dynamixel_sdk/share/dynamixel_sdk/environment/library_path.sh
-- Up-to-date symlink: /home/ziad/ziad_ws/ROS2/turtlebot3_ws/install/dynamixel_sdk/share/dynamixel_sdk/environment/library_path.dsv
-- Up-to-date symlink: /home/ziad/ziad_ws/ROS2/turtlebot3_ws/install/dynamixel_sdk/share/ament_index/resource_index/package_run_dependencies/dynamixel_sdk
-- Up-to-date symlink: /home/ziad/ziad_ws/ROS2/turtlebot3_ws/install/dynamixel_sdk/share/ament_index/resource_index/parent_prefix_path/dynamixel_sdk
-- Up-to-date symlink: /home/ziad/ziad_ws/ROS2/turtlebot3_ws/install/dynamixel_sdk/share/dynamixel_sdk/environment/ament_prefix_path.sh
-- Up-to-date symlink: /home/ziad/ziad_ws/ROS2/turtlebot3_ws/install/dynamixel_sdk/share/dynamixel_sdk/environment/ament_prefix_path.dsv
-- Up-to-date symlink: /home/ziad/ziad_ws/ROS2/turtlebot3_ws/install/dynamixel_sdk/share/dynamixel_sdk/environment/path.sh
-- Up-to-date symlink: /home/ziad/ziad_ws/ROS2/turtlebot3_ws/install/dynamixel_sdk/share/dynamixel_sdk/environment/path.dsv
-- Up-to-date symlink: /home/ziad/ziad_ws/ROS2/turtlebot3_ws/install/dynamixel_sdk/share/dynamixel_sdk/local_setup.bash
-- Up-to-date symlink: /home/ziad/ziad_ws/ROS2/turtlebot3_ws/install/dynamixel_sdk/share/dynamixel_sdk/local_setup.sh
-- Up-to-date symlink: /home/ziad/ziad_ws/ROS2/turtlebot3_ws/install/dynamixel_sdk/share/dynamixel_sdk/local_setup.zsh
-- Up-to-date symlink: /home/ziad/ziad_ws/ROS2/turtlebot3_ws/install/dynamixel_sdk/share/dynamixel_sdk/local_setup.dsv
-- Up-to-date symlink: /home/ziad/ziad_ws/ROS2/turtlebot3_ws/install/dynamixel_sdk/share/dynamixel_sdk/package.dsv
-- Up-to-date symlink: /home/ziad/ziad_ws/ROS2/turtlebot3_ws/install/dynamixel_sdk/share/ament_index/resource_index/packages/dynamixel_sdk
-- Up-to-date symlink: /home/ziad/ziad_ws/ROS2/turtlebot3_ws/install/dynamixel_sdk/share/dynamixel_sdk/cmake/ament_cmake_export_targets-extras.cmake
-- Up-to-date symlink: /home/ziad/ziad_ws/ROS2/turtlebot3_ws/install/dynamixel_sdk/share/dynamixel_sdk/cmake/ament_cmake_export_include_directories-extras.cmake
-- Up-to-date symlink: /home/ziad/ziad_ws/ROS2/turtlebot3_ws/install/dynamixel_sdk/share/dynamixel_sdk/cmake/ament_cmake_export_libraries-extras.cmake
-- Up-to-date symlink: /home/ziad/ziad_ws/ROS2/turtlebot3_ws/install/dynamixel_sdk/share/dynamixel_sdk/cmake/dynamixel_sdkConfig.cmake
-- Up-to-date symlink: /home/ziad/ziad_ws/ROS2/turtlebot3_ws/install/dynamixel_sdk/share/dynamixel_sdk/cmake/dynamixel_sdkConfig-version.cmake
-- Up-to-date symlink: /home/ziad/ziad_ws/ROS2/turtlebot3_ws/install/dynamixel_sdk/share/dynamixel_sdk/package.xml
-- Up-to-date: /home/ziad/ziad_ws/ROS2/turtlebot3_ws/install/dynamixel_sdk/lib/libdynamixel_sdk.so
Listing '/home/ziad/ziad_ws/ROS2/turtlebot3_ws/install/dynamixel_sdk/local/lib/python3.10/dist-packages/dynamixel_sdk'...
-- Up-to-date: /home/ziad/ziad_ws/ROS2/turtlebot3_ws/install/dynamixel_sdk/share/dynamixel_sdk/cmake/dynamixel_sdkExport.cmake
-- Up-to-date: /home/ziad/ziad_ws/ROS2/turtlebot3_ws/install/dynamixel_sdk/share/dynamixel_sdk/cmake/dynamixel_sdkExport-noconfig.cmake
