[0.032s] Invoking command in '/home/ziad/Ziad_WS/ROS2/work_space/build/ros2_urdf': CMAKE_PREFIX_PATH=${CMAKE_PREFIX_PATH}:/opt/ros/humble /usr/bin/cmake /home/ziad/Ziad_WS/ROS2/work_space/src/ros2_urdf -DCMAKE_INSTALL_PREFIX=/home/ziad/Ziad_WS/ROS2/work_space/install/ros2_urdf
[0.057s] -- Found ament_cmake: 1.3.12 (/opt/ros/humble/share/ament_cmake/cmake)
[0.314s] -- Override CMake install command with custom implementation using symlinks instead of copying resources
[0.330s] -- Found rclcpp: 16.0.14 (/opt/ros/humble/share/rclcpp/cmake)
[0.392s] -- Found rosidl_generator_c: 3.1.7 (/opt/ros/humble/share/rosidl_generator_c/cmake)
[0.400s] -- Found rosidl_adapter: 3.1.7 (/opt/ros/humble/share/rosidl_adapter/cmake)
[0.410s] -- Found rosidl_generator_cpp: 3.1.7 (/opt/ros/humble/share/rosidl_generator_cpp/cmake)
[0.436s] -- Using all available rosidl_typesupport_c: rosidl_typesupport_fastrtps_c;rosidl_typesupport_introspection_c
[0.468s] -- Using all available rosidl_typesupport_cpp: rosidl_typesupport_fastrtps_cpp;rosidl_typesupport_introspection_cpp
[0.537s] -- Found rmw_implementation_cmake: 6.1.2 (/opt/ros/humble/share/rmw_implementation_cmake/cmake)
[0.540s] -- Found rmw_fastrtps_cpp: 6.2.8 (/opt/ros/humble/share/rmw_fastrtps_cpp/cmake)
[0.781s] -- Using RMW implementation 'rmw_fastrtps_cpp' as default
[0.882s] -- Found geometry_msgs: 4.9.0 (/opt/ros/humble/share/geometry_msgs/cmake)
[0.916s] -- Found ament_lint_auto: 0.12.14 (/opt/ros/humble/share/ament_lint_auto/cmake)
[1.169s] -- Added test 'cppcheck' to perform static code analysis on C / C++ code
[1.169s] -- Configured cppcheck include dirs: 
[1.169s] -- Configured cppcheck exclude dirs and/or files: 
[1.173s] -- Added test 'flake8' to check Python code syntax and style conventions
[1.178s] -- Added test 'lint_cmake' to check CMake code style
[1.182s] -- Added test 'pep257' to check Python code against some of the docstring style conventions in PEP 257
[1.204s] -- Added test 'uncrustify' to check C / C++ code style
[1.204s] -- Configured uncrustify additional arguments: 
[1.206s] -- Added test 'xmllint' to check XML markup files
[1.209s] -- Configuring done
[1.238s] -- Generating done
[1.244s] -- Build files have been written to: /home/ziad/Ziad_WS/ROS2/work_space/build/ros2_urdf
[1.261s] Invoked command in '/home/ziad/Ziad_WS/ROS2/work_space/build/ros2_urdf' returned '0': CMAKE_PREFIX_PATH=${CMAKE_PREFIX_PATH}:/opt/ros/humble /usr/bin/cmake /home/ziad/Ziad_WS/ROS2/work_space/src/ros2_urdf -DCMAKE_INSTALL_PREFIX=/home/ziad/Ziad_WS/ROS2/work_space/install/ros2_urdf
[1.265s] Invoking command in '/home/ziad/Ziad_WS/ROS2/work_space/build/ros2_urdf': CMAKE_PREFIX_PATH=${CMAKE_PREFIX_PATH}:/opt/ros/humble /usr/bin/cmake --build /home/ziad/Ziad_WS/ROS2/work_space/build/ros2_urdf -- -j4 -l4
[1.352s] [35m[1mConsolidate compiler generated dependencies of target move_to_goal[0m
[1.382s] [100%] Built target move_to_goal
[1.405s] Invoked command in '/home/ziad/Ziad_WS/ROS2/work_space/build/ros2_urdf' returned '0': CMAKE_PREFIX_PATH=${CMAKE_PREFIX_PATH}:/opt/ros/humble /usr/bin/cmake --build /home/ziad/Ziad_WS/ROS2/work_space/build/ros2_urdf -- -j4 -l4
[1.406s] Invoking command in '/home/ziad/Ziad_WS/ROS2/work_space/build/ros2_urdf': CMAKE_PREFIX_PATH=${CMAKE_PREFIX_PATH}:/opt/ros/humble /usr/bin/cmake --install /home/ziad/Ziad_WS/ROS2/work_space/build/ros2_urdf
[1.421s] -- Install configuration: "Release"
[1.422s] -- Execute custom install script
[1.422s] -- Up-to-date symlink: /home/ziad/Ziad_WS/ROS2/work_space/install/ros2_urdf/lib/ros2_urdf/move_to_goal
[1.425s] -- Up-to-date symlink: /home/ziad/Ziad_WS/ROS2/work_space/install/ros2_urdf/share/ros2_urdf/urdf/simple_robot.urdf
[1.425s] -- Up-to-date symlink: /home/ziad/Ziad_WS/ROS2/work_space/install/ros2_urdf/share/ros2_urdf/urdf/three_wheeled_robot.urdf
[1.425s] -- Up-to-date symlink: /home/ziad/Ziad_WS/ROS2/work_space/install/ros2_urdf/share/ros2_urdf/launch/display_simple_robot_rviz2.launch.py
[1.426s] -- Up-to-date symlink: /home/ziad/Ziad_WS/ROS2/work_space/install/ros2_urdf/share/ros2_urdf/launch/display_three_wheel_robot_rviz2.launch.py
[1.426s] -- Up-to-date symlink: /home/ziad/Ziad_WS/ROS2/work_space/install/ros2_urdf/share/ros2_urdf/launch/simulation.launch.py
[1.426s] -- Up-to-date symlink: /home/ziad/Ziad_WS/ROS2/work_space/install/ros2_urdf/share/ament_index/resource_index/package_run_dependencies/ros2_urdf
[1.427s] -- Up-to-date symlink: /home/ziad/Ziad_WS/ROS2/work_space/install/ros2_urdf/share/ament_index/resource_index/parent_prefix_path/ros2_urdf
[1.427s] -- Up-to-date symlink: /home/ziad/Ziad_WS/ROS2/work_space/install/ros2_urdf/share/ros2_urdf/environment/ament_prefix_path.sh
[1.427s] -- Up-to-date symlink: /home/ziad/Ziad_WS/ROS2/work_space/install/ros2_urdf/share/ros2_urdf/environment/ament_prefix_path.dsv
[1.429s] -- Up-to-date symlink: /home/ziad/Ziad_WS/ROS2/work_space/install/ros2_urdf/share/ros2_urdf/environment/path.sh
[1.429s] -- Up-to-date symlink: /home/ziad/Ziad_WS/ROS2/work_space/install/ros2_urdf/share/ros2_urdf/environment/path.dsv
[1.429s] -- Up-to-date symlink: /home/ziad/Ziad_WS/ROS2/work_space/install/ros2_urdf/share/ros2_urdf/local_setup.bash
[1.430s] -- Up-to-date symlink: /home/ziad/Ziad_WS/ROS2/work_space/install/ros2_urdf/share/ros2_urdf/local_setup.sh
[1.430s] -- Up-to-date symlink: /home/ziad/Ziad_WS/ROS2/work_space/install/ros2_urdf/share/ros2_urdf/local_setup.zsh
[1.430s] -- Up-to-date symlink: /home/ziad/Ziad_WS/ROS2/work_space/install/ros2_urdf/share/ros2_urdf/local_setup.dsv
[1.432s] -- Symlinking: /home/ziad/Ziad_WS/ROS2/work_space/install/ros2_urdf/share/ros2_urdf/package.dsv
[1.450s] -- Up-to-date symlink: /home/ziad/Ziad_WS/ROS2/work_space/install/ros2_urdf/share/ament_index/resource_index/packages/ros2_urdf
[1.451s] -- Up-to-date symlink: /home/ziad/Ziad_WS/ROS2/work_space/install/ros2_urdf/share/ros2_urdf/cmake/ros2_urdfConfig.cmake
[1.451s] -- Up-to-date symlink: /home/ziad/Ziad_WS/ROS2/work_space/install/ros2_urdf/share/ros2_urdf/cmake/ros2_urdfConfig-version.cmake
[1.451s] -- Up-to-date symlink: /home/ziad/Ziad_WS/ROS2/work_space/install/ros2_urdf/share/ros2_urdf/package.xml
[1.479s] Invoked command in '/home/ziad/Ziad_WS/ROS2/work_space/build/ros2_urdf' returned '0': CMAKE_PREFIX_PATH=${CMAKE_PREFIX_PATH}:/opt/ros/humble /usr/bin/cmake --install /home/ziad/Ziad_WS/ROS2/work_space/build/ros2_urdf
