-- Found ament_cmake: 1.3.12 (/opt/ros/humble/share/ament_cmake/cmake)
-- Found rclcpp: 16.0.14 (/opt/ros/humble/share/rclcpp/cmake)
-- Found rosidl_generator_c: 3.1.7 (/opt/ros/humble/share/rosidl_generator_c/cmake)
-- Found rosidl_adapter: 3.1.7 (/opt/ros/humble/share/rosidl_adapter/cmake)
-- Found rosidl_generator_cpp: 3.1.7 (/opt/ros/humble/share/rosidl_generator_cpp/cmake)
-- Using all available rosidl_typesupport_c: rosidl_typesupport_fastrtps_c;rosidl_typesupport_introspection_c
-- Using all available rosidl_typesupport_cpp: rosidl_typesupport_fastrtps_cpp;rosidl_typesupport_introspection_cpp
-- Found rmw_implementation_cmake: 6.1.2 (/opt/ros/humble/share/rmw_implementation_cmake/cmake)
-- Found rmw_fastrtps_cpp: 6.2.8 (/opt/ros/humble/share/rmw_fastrtps_cpp/cmake)
-- Found OpenSSL: /usr/lib/x86_64-linux-gnu/libcrypto.so (found version "3.0.2")  
-- Found FastRTPS: /opt/ros/humble/include  
-- Using RMW implementation 'rmw_fastrtps_cpp' as default
-- Looking for pthread.h
-- Looking for pthread.h - found
-- Performing Test CMAKE_HAVE_LIBC_PTHREAD
-- Performing Test CMAKE_HAVE_LIBC_PTHREAD - Success
-- Found Threads: TRUE  
-- Found ament_lint_auto: 0.12.14 (/opt/ros/humble/share/ament_lint_auto/cmake)
-- Added test 'cppcheck' to perform static code analysis on C / C++ code
-- Configured cppcheck include dirs: /home/ziad/Ziad_WS/ROS2/ziad_ws/src/bt_demo/include
-- Configured cppcheck exclude dirs and/or files: 
-- Added test 'lint_cmake' to check CMake code style
-- Added test 'uncrustify' to check C / C++ code style
-- Configured uncrustify additional arguments: 
-- Added test 'xmllint' to check XML markup files
-- Configuring done
-- Generating done
-- Build files have been written to: /home/ziad/Ziad_WS/ROS2/ziad_ws/build/bt_demo
[ 50%] [32mBuilding CXX object CMakeFiles/bt_main.dir/src/main.cpp.o[0m
[01m[K/home/ziad/Ziad_WS/ROS2/ziad_ws/src/bt_demo/src/main.cpp:[m[K In function ‘[01m[Kint main(int, char**)[m[K’:
[01m[K/home/ziad/Ziad_WS/ROS2/ziad_ws/src/bt_demo/src/main.cpp:14:44:[m[K [01;31m[Kerror: [m[K‘[01m[Kament_index_cpp[m[K’ has not been declared
   14 | factory.createTreeFromFile([01;31m[Kament_index_cpp[m[K::get_package_share_directory("bt_demo") + "/my_tree.xml");
      |                            [01;31m[K^~~~~~~~~~~~~~~[m[K

[01m[K/home/ziad/Ziad_WS/ROS2/ziad_ws/src/bt_demo/src/main.cpp:4:15:[m[K [01;35m[Kwarning: [m[Kunused parameter ‘[01m[Kargc[m[K’ [[01;35m[K]8;;https://gcc.gnu.org/onlinedocs/gcc/Warning-Options.html#index-Wunused-parameter-Wunused-parameter]8;;[m[K]
    4 | int main ([01;35m[Kint argc[m[K, char* argv[]) {
      |           [01;35m[K~~~~^~~~[m[K
[01m[K/home/ziad/Ziad_WS/ROS2/ziad_ws/src/bt_demo/src/main.cpp:4:27:[m[K [01;35m[Kwarning: [m[Kunused parameter ‘[01m[Kargv[m[K’ [[01;35m[K]8;;https://gcc.gnu.org/onlinedocs/gcc/Warning-Options.html#index-Wunused-parameter-Wunused-parameter]8;;[m[K]
    4 | int main (int argc, [01;35m[Kchar* argv[][m[K) {
      |                     [01;35m[K~~~~~~^~~~~~[m[K
gmake[2]: *** [CMakeFiles/bt_main.dir/build.make:76: CMakeFiles/bt_main.dir/src/main.cpp.o] Error 1
gmake[1]: *** [CMakeFiles/Makefile2:137: CMakeFiles/bt_main.dir/all] Error 2
gmake: *** [Makefile:146: all] Error 2
