-- The C compiler identification is GNU 13.3.0
-- The CXX compiler identification is GNU 13.3.0
-- Detecting C compiler ABI info
-- Detecting C compiler ABI info - done
-- Check for working C compiler: /usr/bin/cc - skipped
-- Detecting C compile features
-- Detecting C compile features - done
-- Detecting CXX compiler ABI info
-- Detecting CXX compiler ABI info - done
-- Check for working CXX compiler: /usr/bin/c++ - skipped
-- Detecting CXX compile features
-- Detecting CXX compile features - done
-- Found ament_cmake: 2.5.4 (/opt/ros/jazzy/share/ament_cmake/cmake)
-- Found Python3: /usr/bin/python3 (found version "3.12.3") found components: Interpreter 
-- Override CMake install command with custom implementation using symlinks instead of copying resources
-- Found rclcpp: 28.1.11 (/opt/ros/jazzy/share/rclcpp/cmake)
-- Found rosidl_generator_c: 4.6.6 (/opt/ros/jazzy/share/rosidl_generator_c/cmake)
-- Found rosidl_generator_cpp: 4.6.6 (/opt/ros/jazzy/share/rosidl_generator_cpp/cmake)
-- Using all available rosidl_typesupport_c: rosidl_typesupport_fastrtps_c;rosidl_typesupport_introspection_c
-- Using all available rosidl_typesupport_cpp: rosidl_typesupport_fastrtps_cpp;rosidl_typesupport_introspection_cpp
-- Found rmw_implementation_cmake: 7.3.2 (/opt/ros/jazzy/share/rmw_implementation_cmake/cmake)
-- Found rmw_fastrtps_cpp: 8.4.3 (/opt/ros/jazzy/share/rmw_fastrtps_cpp/cmake)
-- Found OpenSSL: /usr/lib/x86_64-linux-gnu/libcrypto.so (found version "3.0.13")  
-- Found FastRTPS: /opt/ros/jazzy/include (Required is at least version "2.13") 
-- Using RMW implementation 'rmw_fastrtps_cpp' as default
-- Found std_msgs: 5.3.6 (/opt/ros/jazzy/share/std_msgs/cmake)
-- Found ament_lint_auto: 0.17.3 (/opt/ros/jazzy/share/ament_lint_auto/cmake)
-- Added test 'cppcheck' to perform static code analysis on C / C++ code
-- Configured cppcheck include dirs: 
-- Configured cppcheck exclude dirs and/or files: 
-- Added test 'lint_cmake' to check CMake code style
-- Added test 'uncrustify' to check C / C++ code style
-- Configured uncrustify additional arguments: 
-- Added test 'xmllint' to check XML markup files
-- Configuring done (7.7s)
-- Generating done (0.1s)
-- Build files have been written to: /home/ziad/ziad_ws/ROS2/turtlebot3_ws/build/simple_pub_sub
[ 25%] [32mBuilding CXX object CMakeFiles/publisher.dir/src/pub.cpp.o[0m
[ 50%] [32mBuilding CXX object CMakeFiles/subscriber.dir/src/sub.cpp.o[0m
[ 75%] [32m[1mLinking CXX executable publisher[0m
[ 75%] Built target publisher
[100%] [32m[1mLinking CXX executable subscriber[0m
[100%] Built target subscriber
-- Install configuration: ""
-- Execute custom install script
-- Symlinking: /home/ziad/ziad_ws/ROS2/turtlebot3_ws/install/simple_pub_sub/lib/simple_pub_sub/publisher
-- Symlinking: /home/ziad/ziad_ws/ROS2/turtlebot3_ws/install/simple_pub_sub/lib/simple_pub_sub/subscriber
-- Symlinking: /home/ziad/ziad_ws/ROS2/turtlebot3_ws/install/simple_pub_sub/share/ament_index/resource_index/package_run_dependencies/simple_pub_sub
-- Symlinking: /home/ziad/ziad_ws/ROS2/turtlebot3_ws/install/simple_pub_sub/share/ament_index/resource_index/parent_prefix_path/simple_pub_sub
-- Symlinking: /home/ziad/ziad_ws/ROS2/turtlebot3_ws/install/simple_pub_sub/share/simple_pub_sub/environment/ament_prefix_path.sh
-- Symlinking: /home/ziad/ziad_ws/ROS2/turtlebot3_ws/install/simple_pub_sub/share/simple_pub_sub/environment/ament_prefix_path.dsv
-- Symlinking: /home/ziad/ziad_ws/ROS2/turtlebot3_ws/install/simple_pub_sub/share/simple_pub_sub/environment/path.sh
-- Symlinking: /home/ziad/ziad_ws/ROS2/turtlebot3_ws/install/simple_pub_sub/share/simple_pub_sub/environment/path.dsv
-- Symlinking: /home/ziad/ziad_ws/ROS2/turtlebot3_ws/install/simple_pub_sub/share/simple_pub_sub/local_setup.bash
-- Symlinking: /home/ziad/ziad_ws/ROS2/turtlebot3_ws/install/simple_pub_sub/share/simple_pub_sub/local_setup.sh
-- Symlinking: /home/ziad/ziad_ws/ROS2/turtlebot3_ws/install/simple_pub_sub/share/simple_pub_sub/local_setup.zsh
-- Symlinking: /home/ziad/ziad_ws/ROS2/turtlebot3_ws/install/simple_pub_sub/share/simple_pub_sub/local_setup.dsv
-- Symlinking: /home/ziad/ziad_ws/ROS2/turtlebot3_ws/install/simple_pub_sub/share/simple_pub_sub/package.dsv
-- Symlinking: /home/ziad/ziad_ws/ROS2/turtlebot3_ws/install/simple_pub_sub/share/ament_index/resource_index/packages/simple_pub_sub
-- Symlinking: /home/ziad/ziad_ws/ROS2/turtlebot3_ws/install/simple_pub_sub/share/simple_pub_sub/cmake/simple_pub_subConfig.cmake
-- Symlinking: /home/ziad/ziad_ws/ROS2/turtlebot3_ws/install/simple_pub_sub/share/simple_pub_sub/cmake/simple_pub_subConfig-version.cmake
-- Symlinking: /home/ziad/ziad_ws/ROS2/turtlebot3_ws/install/simple_pub_sub/share/simple_pub_sub/package.xml
