[0.025s] Invoking command in '/home/ziad/ziad_ws/ROS2/turtlebot3_ws/build/simple_pub_sub': CMAKE_PREFIX_PATH=${CMAKE_PREFIX_PATH}:/opt/ros/jazzy DEBUGINFOD_URLS=https://debuginfod.ubuntu.com /usr/bin/cmake /home/ziad/ziad_ws/ROS2/turtlebot3_ws/src/tutorials_work_sapce/src/simple_pub_sub -DAMENT_CMAKE_SYMLINK_INSTALL=1 -DCMAKE_INSTALL_PREFIX=/home/ziad/ziad_ws/ROS2/turtlebot3_ws/install/simple_pub_sub
[0.345s] -- The C compiler identification is GNU 13.3.0
[0.653s] -- The CXX compiler identification is GNU 13.3.0
[0.760s] -- Detecting C compiler ABI info
[1.308s] -- Detecting C compiler ABI info - done
[1.393s] -- Check for working C compiler: /usr/bin/cc - skipped
[1.396s] -- Detecting C compile features
[1.405s] -- Detecting C compile features - done
[1.493s] -- Detecting CXX compiler ABI info
[2.024s] -- Detecting CXX compiler ABI info - done
[2.054s] -- Check for working CXX compiler: /usr/bin/c++ - skipped
[2.056s] -- Detecting CXX compile features
[2.058s] -- Detecting CXX compile features - done
[2.067s] -- Found ament_cmake: 2.5.4 (/opt/ros/jazzy/share/ament_cmake/cmake)
[2.977s] -- Found Python3: /usr/bin/python3 (found version "3.12.3") found components: Interpreter 
[3.527s] -- Override CMake install command with custom implementation using symlinks instead of copying resources
[3.961s] -- Found rclcpp: 28.1.11 (/opt/ros/jazzy/share/rclcpp/cmake)
[4.345s] -- Found rosidl_generator_c: 4.6.6 (/opt/ros/jazzy/share/rosidl_generator_c/cmake)
[4.474s] -- Found rosidl_generator_cpp: 4.6.6 (/opt/ros/jazzy/share/rosidl_generator_cpp/cmake)
[4.605s] -- Using all available rosidl_typesupport_c: rosidl_typesupport_fastrtps_c;rosidl_typesupport_introspection_c
[4.763s] -- Using all available rosidl_typesupport_cpp: rosidl_typesupport_fastrtps_cpp;rosidl_typesupport_introspection_cpp
[5.475s] -- Found rmw_implementation_cmake: 7.3.2 (/opt/ros/jazzy/share/rmw_implementation_cmake/cmake)
[5.514s] -- Found rmw_fastrtps_cpp: 8.4.3 (/opt/ros/jazzy/share/rmw_fastrtps_cpp/cmake)
[6.075s] -- Found OpenSSL: /usr/lib/x86_64-linux-gnu/libcrypto.so (found version "3.0.13")  
[6.262s] -- Found FastRTPS: /opt/ros/jazzy/include (Required is at least version "2.13") 
[6.463s] -- Using RMW implementation 'rmw_fastrtps_cpp' as default
[7.072s] -- Found std_msgs: 5.3.6 (/opt/ros/jazzy/share/std_msgs/cmake)
[7.197s] -- Found ament_lint_auto: 0.17.3 (/opt/ros/jazzy/share/ament_lint_auto/cmake)
[7.758s] -- Added test 'cppcheck' to perform static code analysis on C / C++ code
[7.759s] -- Configured cppcheck include dirs: 
[7.759s] -- Configured cppcheck exclude dirs and/or files: 
[7.765s] -- Added test 'lint_cmake' to check CMake code style
[7.771s] -- Added test 'uncrustify' to check C / C++ code style
[7.773s] -- Configured uncrustify additional arguments: 
[7.783s] -- Added test 'xmllint' to check XML markup files
[7.796s] -- Configuring done (7.7s)
[7.881s] -- Generating done (0.1s)
[7.907s] -- Build files have been written to: /home/ziad/ziad_ws/ROS2/turtlebot3_ws/build/simple_pub_sub
[8.010s] Invoked command in '/home/ziad/ziad_ws/ROS2/turtlebot3_ws/build/simple_pub_sub' returned '0': CMAKE_PREFIX_PATH=${CMAKE_PREFIX_PATH}:/opt/ros/jazzy DEBUGINFOD_URLS=https://debuginfod.ubuntu.com /usr/bin/cmake /home/ziad/ziad_ws/ROS2/turtlebot3_ws/src/tutorials_work_sapce/src/simple_pub_sub -DAMENT_CMAKE_SYMLINK_INSTALL=1 -DCMAKE_INSTALL_PREFIX=/home/ziad/ziad_ws/ROS2/turtlebot3_ws/install/simple_pub_sub
[8.010s] Invoking command in '/home/ziad/ziad_ws/ROS2/turtlebot3_ws/build/simple_pub_sub': CMAKE_PREFIX_PATH=${CMAKE_PREFIX_PATH}:/opt/ros/jazzy DEBUGINFOD_URLS=https://debuginfod.ubuntu.com /usr/bin/cmake --build /home/ziad/ziad_ws/ROS2/turtlebot3_ws/build/simple_pub_sub -- -j4 -l4
[8.273s] [ 25%] [32mBuilding CXX object CMakeFiles/publisher.dir/src/pub.cpp.o[0m
[8.283s] [ 50%] [32mBuilding CXX object CMakeFiles/subscriber.dir/src/sub.cpp.o[0m
[24.194s] [ 75%] [32m[1mLinking CXX executable publisher[0m
[25.464s] [ 75%] Built target publisher
[34.777s] [100%] [32m[1mLinking CXX executable subscriber[0m
[35.890s] [100%] Built target subscriber
[35.972s] Invoked command in '/home/ziad/ziad_ws/ROS2/turtlebot3_ws/build/simple_pub_sub' returned '0': CMAKE_PREFIX_PATH=${CMAKE_PREFIX_PATH}:/opt/ros/jazzy DEBUGINFOD_URLS=https://debuginfod.ubuntu.com /usr/bin/cmake --build /home/ziad/ziad_ws/ROS2/turtlebot3_ws/build/simple_pub_sub -- -j4 -l4
[35.982s] Invoking command in '/home/ziad/ziad_ws/ROS2/turtlebot3_ws/build/simple_pub_sub': CMAKE_PREFIX_PATH=${CMAKE_PREFIX_PATH}:/opt/ros/jazzy DEBUGINFOD_URLS=https://debuginfod.ubuntu.com /usr/bin/cmake --install /home/ziad/ziad_ws/ROS2/turtlebot3_ws/build/simple_pub_sub
[36.002s] -- Install configuration: ""
[36.003s] -- Execute custom install script
[36.003s] -- Symlinking: /home/ziad/ziad_ws/ROS2/turtlebot3_ws/install/simple_pub_sub/lib/simple_pub_sub/publisher
[36.027s] -- Symlinking: /home/ziad/ziad_ws/ROS2/turtlebot3_ws/install/simple_pub_sub/lib/simple_pub_sub/subscriber
[36.053s] -- Symlinking: /home/ziad/ziad_ws/ROS2/turtlebot3_ws/install/simple_pub_sub/share/ament_index/resource_index/package_run_dependencies/simple_pub_sub
[36.084s] -- Symlinking: /home/ziad/ziad_ws/ROS2/turtlebot3_ws/install/simple_pub_sub/share/ament_index/resource_index/parent_prefix_path/simple_pub_sub
[36.103s] -- Symlinking: /home/ziad/ziad_ws/ROS2/turtlebot3_ws/install/simple_pub_sub/share/simple_pub_sub/environment/ament_prefix_path.sh
[36.132s] -- Symlinking: /home/ziad/ziad_ws/ROS2/turtlebot3_ws/install/simple_pub_sub/share/simple_pub_sub/environment/ament_prefix_path.dsv
[36.149s] -- Symlinking: /home/ziad/ziad_ws/ROS2/turtlebot3_ws/install/simple_pub_sub/share/simple_pub_sub/environment/path.sh
[36.180s] -- Symlinking: /home/ziad/ziad_ws/ROS2/turtlebot3_ws/install/simple_pub_sub/share/simple_pub_sub/environment/path.dsv
[36.200s] -- Symlinking: /home/ziad/ziad_ws/ROS2/turtlebot3_ws/install/simple_pub_sub/share/simple_pub_sub/local_setup.bash
[36.228s] -- Symlinking: /home/ziad/ziad_ws/ROS2/turtlebot3_ws/install/simple_pub_sub/share/simple_pub_sub/local_setup.sh
[36.247s] -- Symlinking: /home/ziad/ziad_ws/ROS2/turtlebot3_ws/install/simple_pub_sub/share/simple_pub_sub/local_setup.zsh
[36.269s] -- Symlinking: /home/ziad/ziad_ws/ROS2/turtlebot3_ws/install/simple_pub_sub/share/simple_pub_sub/local_setup.dsv
[36.301s] -- Symlinking: /home/ziad/ziad_ws/ROS2/turtlebot3_ws/install/simple_pub_sub/share/simple_pub_sub/package.dsv
[36.328s] -- Symlinking: /home/ziad/ziad_ws/ROS2/turtlebot3_ws/install/simple_pub_sub/share/ament_index/resource_index/packages/simple_pub_sub
[36.355s] -- Symlinking: /home/ziad/ziad_ws/ROS2/turtlebot3_ws/install/simple_pub_sub/share/simple_pub_sub/cmake/simple_pub_subConfig.cmake
[36.383s] -- Symlinking: /home/ziad/ziad_ws/ROS2/turtlebot3_ws/install/simple_pub_sub/share/simple_pub_sub/cmake/simple_pub_subConfig-version.cmake
[36.413s] -- Symlinking: /home/ziad/ziad_ws/ROS2/turtlebot3_ws/install/simple_pub_sub/share/simple_pub_sub/package.xml
[36.434s] Invoked command in '/home/ziad/ziad_ws/ROS2/turtlebot3_ws/build/simple_pub_sub' returned '0': CMAKE_PREFIX_PATH=${CMAKE_PREFIX_PATH}:/opt/ros/jazzy DEBUGINFOD_URLS=https://debuginfod.ubuntu.com /usr/bin/cmake --install /home/ziad/ziad_ws/ROS2/turtlebot3_ws/build/simple_pub_sub
