[0.038s] Invoking command in '/home/ziad/Ziad_WS/ROS2/work_space/build/robot_description': CMAKE_PREFIX_PATH=${CMAKE_PREFIX_PATH}:/opt/ros/humble /usr/bin/cmake --build /home/ziad/Ziad_WS/ROS2/work_space/build/robot_description -- -j4 -l4
[0.127s] Invoked command in '/home/ziad/Ziad_WS/ROS2/work_space/build/robot_description' returned '0': CMAKE_PREFIX_PATH=${CMAKE_PREFIX_PATH}:/opt/ros/humble /usr/bin/cmake --build /home/ziad/Ziad_WS/ROS2/work_space/build/robot_description -- -j4 -l4
[0.128s] Invoking command in '/home/ziad/Ziad_WS/ROS2/work_space/build/robot_description': CMAKE_PREFIX_PATH=${CMAKE_PREFIX_PATH}:/opt/ros/humble /usr/bin/cmake --install /home/ziad/Ziad_WS/ROS2/work_space/build/robot_description
[0.140s] -- Install configuration: ""
[0.141s] -- Execute custom install script
[0.141s] -- Up-to-date symlink: /home/ziad/Ziad_WS/ROS2/work_space/install/robot_description/share/ament_index/resource_index/package_run_dependencies/robot_description
[0.142s] -- Up-to-date symlink: /home/ziad/Ziad_WS/ROS2/work_space/install/robot_description/share/ament_index/resource_index/parent_prefix_path/robot_description
[0.142s] -- Up-to-date symlink: /home/ziad/Ziad_WS/ROS2/work_space/install/robot_description/share/robot_description/environment/ament_prefix_path.sh
[0.147s] -- Up-to-date symlink: /home/ziad/Ziad_WS/ROS2/work_space/install/robot_description/share/robot_description/environment/ament_prefix_path.dsv
[0.147s] -- Up-to-date symlink: /home/ziad/Ziad_WS/ROS2/work_space/install/robot_description/share/robot_description/environment/path.sh
[0.147s] -- Up-to-date symlink: /home/ziad/Ziad_WS/ROS2/work_space/install/robot_description/share/robot_description/environment/path.dsv
[0.147s] -- Up-to-date symlink: /home/ziad/Ziad_WS/ROS2/work_space/install/robot_description/share/robot_description/local_setup.bash
[0.147s] -- Up-to-date symlink: /home/ziad/Ziad_WS/ROS2/work_space/install/robot_description/share/robot_description/local_setup.sh
[0.147s] -- Up-to-date symlink: /home/ziad/Ziad_WS/ROS2/work_space/install/robot_description/share/robot_description/local_setup.zsh
[0.147s] -- Up-to-date symlink: /home/ziad/Ziad_WS/ROS2/work_space/install/robot_description/share/robot_description/local_setup.dsv
[0.147s] -- Symlinking: /home/ziad/Ziad_WS/ROS2/work_space/install/robot_description/share/robot_description/package.dsv
[0.162s] -- Up-to-date symlink: /home/ziad/Ziad_WS/ROS2/work_space/install/robot_description/share/ament_index/resource_index/packages/robot_description
[0.162s] -- Up-to-date symlink: /home/ziad/Ziad_WS/ROS2/work_space/install/robot_description/share/robot_description/cmake/robot_descriptionConfig.cmake
[0.163s] -- Up-to-date symlink: /home/ziad/Ziad_WS/ROS2/work_space/install/robot_description/share/robot_description/cmake/robot_descriptionConfig-version.cmake
[0.164s] -- Up-to-date symlink: /home/ziad/Ziad_WS/ROS2/work_space/install/robot_description/share/robot_description/package.xml
[0.166s] Invoked command in '/home/ziad/Ziad_WS/ROS2/work_space/build/robot_description' returned '0': CMAKE_PREFIX_PATH=${CMAKE_PREFIX_PATH}:/opt/ros/humble /usr/bin/cmake --install /home/ziad/Ziad_WS/ROS2/work_space/build/robot_description
