[0.022s] Invoking command in '/home/ziad/Ziad_WS/ROS2/work_space/build/franka_hardware': AMENT_PREFIX_PATH=/home/ziad/Ziad_WS/ROS2/work_space/install/franka_msgs:${AMENT_PREFIX_PATH} CMAKE_PREFIX_PATH=/home/ziad/Ziad_WS/ROS2/work_space/install/franka_msgs:/home/ziad/Ziad_WS/ROS2/work_space/install/robot_description:/home/ziad/Ziad_WS/ROS2/work_space/install/hand_control_robot:/home/ziad/Ziad_WS/ROS2/work_space/install/ur_simulation_gazebo:/home/ziad/Ziad_WS/ROS2/work_space/install/turtlebot3_custom:/home/ziad/Ziad_WS/ROS2/work_space/install/services_actions:/home/ziad/Ziad_WS/ROS2/work_space/install/ros2_urdf:/home/ziad/Ziad_WS/ROS2/work_space/install/robot_model_gazebo:/home/ziad/Ziad_WS/ROS2/work_space/install/publisher_subscriber:/home/ziad/Ziad_WS/ROS2/work_space/install/cyber_robt:/home/ziad/Ziad_WS/ROS2/work_space/install/custom_robot:/opt/ros/humble LD_LIBRARY_PATH=/home/ziad/Ziad_WS/ROS2/work_space/install/franka_msgs/lib:/home/ziad/Ziad_WS/ROS2/work_space/install/turtlebot3_custom/lib:/home/ziad/Ziad_WS/ROS2/work_space/install/services_actions/lib:/usr/lib/x86_64-linux-gnu/gazebo-11/plugins:/opt/ros/humble/opt/rviz_ogre_vendor/lib:/opt/ros/humble/lib/x86_64-linux-gnu:/opt/ros/humble/lib:/usr/lib/x86_64-linux-gnu/gazebo-11/plugins PYTHONPATH=/home/ziad/Ziad_WS/ROS2/work_space/install/franka_msgs/local/lib/python3.10/dist-packages:${PYTHONPATH} /usr/bin/cmake /home/ziad/Ziad_WS/ROS2/work_space/src/franka_ros2/franka_hardware -DCMAKE_BUILD_TYPE=Release -DCMAKE_INSTALL_PREFIX=/home/ziad/Ziad_WS/ROS2/work_space/install/franka_hardware
[0.147s] -- The C compiler identification is GNU 11.4.0
[0.264s] -- The CXX compiler identification is GNU 11.4.0
[0.279s] -- Detecting C compiler ABI info
[0.416s] -- Detecting C compiler ABI info - done
[0.437s] -- Check for working C compiler: /usr/bin/cc - skipped
[0.438s] -- Detecting C compile features
[0.440s] -- Detecting C compile features - done
[0.446s] -- Detecting CXX compiler ABI info
[0.605s] -- Detecting CXX compiler ABI info - done
[0.628s] -- Check for working CXX compiler: /usr/bin/c++ - skipped
[0.629s] -- Detecting CXX compile features
[0.633s] -- Detecting CXX compile features - done
[0.646s] -- Found ament_cmake: 1.3.12 (/opt/ros/humble/share/ament_cmake/cmake)
[2.095s] -- Found Python3: /usr/bin/python3 (found version "3.10.12") found components: Interpreter 
[2.235s] -- Found rclcpp: 16.0.14 (/opt/ros/humble/share/rclcpp/cmake)
[2.307s] -- Found rosidl_generator_c: 3.1.7 (/opt/ros/humble/share/rosidl_generator_c/cmake)
[2.317s] -- Found rosidl_adapter: 3.1.7 (/opt/ros/humble/share/rosidl_adapter/cmake)
[2.331s] -- Found rosidl_generator_cpp: 3.1.7 (/opt/ros/humble/share/rosidl_generator_cpp/cmake)
[2.351s] -- Using all available rosidl_typesupport_c: rosidl_typesupport_fastrtps_c;rosidl_typesupport_introspection_c
[2.375s] -- Using all available rosidl_typesupport_cpp: rosidl_typesupport_fastrtps_cpp;rosidl_typesupport_introspection_cpp
[2.444s] -- Found rmw_implementation_cmake: 6.1.2 (/opt/ros/humble/share/rmw_implementation_cmake/cmake)
[2.449s] -- Found rmw_fastrtps_cpp: 6.2.8 (/opt/ros/humble/share/rmw_fastrtps_cpp/cmake)
[2.564s] -- Found OpenSSL: /usr/lib/x86_64-linux-gnu/libcrypto.so (found version "3.0.2")  
[2.603s] -- Found FastRTPS: /opt/ros/humble/include  
[2.661s] -- Using RMW implementation 'rmw_fastrtps_cpp' as default
[2.676s] -- Looking for pthread.h
[2.757s] -- Looking for pthread.h - found
[2.758s] -- Performing Test CMAKE_HAVE_LIBC_PTHREAD
[2.841s] -- Performing Test CMAKE_HAVE_LIBC_PTHREAD - Success
[2.843s] -- Found Threads: TRUE  
[2.927s] -- Found rclcpp_action: 16.0.14 (/opt/ros/humble/share/rclcpp_action/cmake)
[2.971s] -- Found franka_msgs: 2.0.2 (/home/ziad/Ziad_WS/ROS2/work_space/install/franka_msgs/share/franka_msgs/cmake)
[3.045s] -- Found hardware_interface: 2.51.0 (/opt/ros/humble/share/hardware_interface/cmake)
[3.190s] [31mCMake Error at CMakeLists.txt:22 (find_package):
[3.191s]   By not providing "FindFranka.cmake" in CMAKE_MODULE_PATH this project has
[3.191s]   asked CMake to find a package configuration file provided by "Franka", but
[3.191s]   CMake did not find one.
[3.191s] 
[3.191s]   Could not find a package configuration file provided by "Franka" (requested
[3.191s]   version 0.13.2) with any of the following names:
[3.191s] 
[3.191s]     FrankaConfig.cmake
[3.191s]     franka-config.cmake
[3.191s] 
[3.191s]   Add the installation prefix of "Franka" to CMAKE_PREFIX_PATH or set
[3.191s]   "Franka_DIR" to a directory containing one of the above files.  If "Franka"
[3.191s]   provides a separate development package or SDK, be sure it has been
[3.191s]   installed.
[3.191s] 
[3.192s] [0m
[3.192s] -- Configuring incomplete, errors occurred!
[3.192s] See also "/home/ziad/Ziad_WS/ROS2/work_space/build/franka_hardware/CMakeFiles/CMakeOutput.log".
