[0.076s] Invoking command in '/home/ziad/Ziad_WS/ROS2/work_space/build/simple_panda_control': CMAKE_PREFIX_PATH=${CMAKE_PREFIX_PATH}:/opt/ros/humble /usr/bin/cmake --build /home/ziad/Ziad_WS/ROS2/work_space/build/simple_panda_control -- -j4 -l4
[0.153s] [35m[1mConsolidate compiler generated dependencies of target simple_controller[0m
[0.232s] [100%] Built target simple_controller
[0.260s] Invoked command in '/home/ziad/Ziad_WS/ROS2/work_space/build/simple_panda_control' returned '0': CMAKE_PREFIX_PATH=${CMAKE_PREFIX_PATH}:/opt/ros/humble /usr/bin/cmake --build /home/ziad/Ziad_WS/ROS2/work_space/build/simple_panda_control -- -j4 -l4
[0.261s] Invoking command in '/home/ziad/Ziad_WS/ROS2/work_space/build/simple_panda_control': CMAKE_PREFIX_PATH=${CMAKE_PREFIX_PATH}:/opt/ros/humble /usr/bin/cmake --install /home/ziad/Ziad_WS/ROS2/work_space/build/simple_panda_control
[0.271s] -- Install configuration: "Release"
[0.273s] -- Installing: /home/ziad/Ziad_WS/ROS2/work_space/install/simple_panda_control/lib/simple_panda_control/simple_controller
[0.273s] -- Set runtime path of "/home/ziad/Ziad_WS/ROS2/work_space/install/simple_panda_control/lib/simple_panda_control/simple_controller" to ""
[0.273s] -- Installing: /home/ziad/Ziad_WS/ROS2/work_space/install/simple_panda_control/share/simple_panda_control/launch
[0.274s] -- Installing: /home/ziad/Ziad_WS/ROS2/work_space/install/simple_panda_control/share/simple_panda_control/launch/simple_demo.launch.py
[0.275s] -- Installing: /home/ziad/Ziad_WS/ROS2/work_space/install/simple_panda_control/share/ament_index/resource_index/package_run_dependencies/simple_panda_control
[0.276s] -- Installing: /home/ziad/Ziad_WS/ROS2/work_space/install/simple_panda_control/share/ament_index/resource_index/parent_prefix_path/simple_panda_control
[0.277s] -- Installing: /home/ziad/Ziad_WS/ROS2/work_space/install/simple_panda_control/share/simple_panda_control/environment/ament_prefix_path.sh
[0.277s] -- Installing: /home/ziad/Ziad_WS/ROS2/work_space/install/simple_panda_control/share/simple_panda_control/environment/ament_prefix_path.dsv
[0.278s] -- Installing: /home/ziad/Ziad_WS/ROS2/work_space/install/simple_panda_control/share/simple_panda_control/environment/path.sh
[0.278s] -- Installing: /home/ziad/Ziad_WS/ROS2/work_space/install/simple_panda_control/share/simple_panda_control/environment/path.dsv
[0.278s] -- Installing: /home/ziad/Ziad_WS/ROS2/work_space/install/simple_panda_control/share/simple_panda_control/local_setup.bash
[0.278s] -- Installing: /home/ziad/Ziad_WS/ROS2/work_space/install/simple_panda_control/share/simple_panda_control/local_setup.sh
[0.279s] -- Installing: /home/ziad/Ziad_WS/ROS2/work_space/install/simple_panda_control/share/simple_panda_control/local_setup.zsh
[0.279s] -- Installing: /home/ziad/Ziad_WS/ROS2/work_space/install/simple_panda_control/share/simple_panda_control/local_setup.dsv
[0.279s] -- Installing: /home/ziad/Ziad_WS/ROS2/work_space/install/simple_panda_control/share/simple_panda_control/package.dsv
[0.280s] -- Installing: /home/ziad/Ziad_WS/ROS2/work_space/install/simple_panda_control/share/ament_index/resource_index/packages/simple_panda_control
[0.280s] -- Installing: /home/ziad/Ziad_WS/ROS2/work_space/install/simple_panda_control/share/simple_panda_control/cmake/simple_panda_controlConfig.cmake
[0.280s] -- Installing: /home/ziad/Ziad_WS/ROS2/work_space/install/simple_panda_control/share/simple_panda_control/cmake/simple_panda_controlConfig-version.cmake
[0.280s] -- Installing: /home/ziad/Ziad_WS/ROS2/work_space/install/simple_panda_control/share/simple_panda_control/package.xml
[0.286s] Invoked command in '/home/ziad/Ziad_WS/ROS2/work_space/build/simple_panda_control' returned '0': CMAKE_PREFIX_PATH=${CMAKE_PREFIX_PATH}:/opt/ros/humble /usr/bin/cmake --install /home/ziad/Ziad_WS/ROS2/work_space/build/simple_panda_control
