[0.046s] Invoking command in '/home/ziad/Ziad_WS/ROS2/ziad_ws/build/moveit_task_constructor_visualization': AMENT_PREFIX_PATH=/home/ziad/Ziad_WS/ROS2/ziad_ws/install/moveit_task_constructor_core:/home/ziad/Ziad_WS/ROS2/ziad_ws/install/rviz_marker_tools:/home/ziad/Ziad_WS/ROS2/ziad_ws/install/moveit_task_constructor_msgs:${AMENT_PREFIX_PATH} CMAKE_MODULE_PATH=/home/ziad/Ziad_WS/ROS2/ziad_ws/install/moveit_task_constructor_core/share/moveit_task_constructor_core/cmake CMAKE_PREFIX_PATH=/home/ziad/Ziad_WS/ROS2/ziad_ws/install/moveit_task_constructor_core:/home/ziad/Ziad_WS/ROS2/ziad_ws/install/rviz_marker_tools:/home/ziad/Ziad_WS/ROS2/ziad_ws/install/moveit_task_constructor_msgs:/home/ziad/Ziad_WS/ROS2/ziad_ws/install/move_program:/home/ziad/Ziad_WS/ROS2/ziad_ws/install/custom_turtleBot3:/home/ziad/Ziad_WS/ROS2/ziad_ws/install/custom_panda_controller:/home/ziad/Ziad_WS/ROS2/ziad_ws/install/bt_demo:/opt/ros/humble LD_LIBRARY_PATH=/home/ziad/Ziad_WS/ROS2/ziad_ws/install/moveit_task_constructor_core/lib:/home/ziad/Ziad_WS/ROS2/ziad_ws/install/rviz_marker_tools/lib:/home/ziad/Ziad_WS/ROS2/ziad_ws/install/moveit_task_constructor_msgs/lib:/usr/lib/x86_64-linux-gnu/gazebo-11/plugins:/opt/ros/humble/opt/rviz_ogre_vendor/lib:/opt/ros/humble/lib/x86_64-linux-gnu:/opt/ros/humble/lib:/usr/lib/x86_64-linux-gnu/gazebo-11/plugins PYTHONPATH=/home/ziad/Ziad_WS/ROS2/ziad_ws/install/moveit_task_constructor_core/local/lib/python3.10/dist-packages:/home/ziad/Ziad_WS/ROS2/ziad_ws/install/moveit_task_constructor_msgs/local/lib/python3.10/dist-packages:${PYTHONPATH} /usr/bin/cmake /home/ziad/Ziad_WS/ROS2/ziad_ws/src/moveit_task_constructor/visualization -DAMENT_CMAKE_SYMLINK_INSTALL=1 -DCMAKE_INSTALL_PREFIX=/home/ziad/Ziad_WS/ROS2/ziad_ws/install/moveit_task_constructor_visualization
[0.179s] -- The C compiler identification is GNU 11.4.0
[0.299s] -- The CXX compiler identification is GNU 11.4.0
[0.313s] -- Detecting C compiler ABI info
[0.446s] -- Detecting C compiler ABI info - done
[0.461s] -- Check for working C compiler: /usr/bin/cc - skipped
[0.461s] -- Detecting C compile features
[0.462s] -- Detecting C compile features - done
[0.466s] -- Detecting CXX compiler ABI info
[0.599s] -- Detecting CXX compiler ABI info - done
[0.612s] -- Check for working CXX compiler: /usr/bin/c++ - skipped
[0.612s] -- Detecting CXX compile features
[0.613s] -- Detecting CXX compile features - done
[0.618s] -- Found ament_cmake: 1.3.12 (/opt/ros/humble/share/ament_cmake/cmake)
[2.371s] -- Found Python3: /usr/bin/python3 (found version "3.10.12") found components: Interpreter 
[2.468s] -- Override CMake install command with custom implementation using symlinks instead of copying resources
[2.578s] -- Found Boost: /usr/lib/x86_64-linux-gnu/cmake/Boost-1.74.0/BoostConfig.cmake (found version "1.74.0")  
[2.583s] -- Found moveit_common: 2.5.9 (/opt/ros/humble/share/moveit_common/cmake)
[2.772s] [0mmoveit_task_constructor_visualization: You did not request a specific build type: Choosing 'Release' for maximum performance[0m
[2.776s] -- Found moveit_core: 2.5.9 (/opt/ros/humble/share/moveit_core/cmake)
[3.197s] -- Found Boost: /usr/lib/x86_64-linux-gnu/cmake/Boost-1.74.0/BoostConfig.cmake (found version "1.74.0") found components: chrono date_time filesystem iostreams program_options regex serialization system thread 
[3.350s] -- Found parameter_traits: 0.5.0 (/opt/ros/humble/share/parameter_traits/cmake)
[3.425s] -- Found rosidl_generator_c: 3.1.7 (/opt/ros/humble/share/rosidl_generator_c/cmake)
[3.434s] -- Found rosidl_adapter: 3.1.7 (/opt/ros/humble/share/rosidl_adapter/cmake)
[3.448s] -- Found rosidl_generator_cpp: 3.1.7 (/opt/ros/humble/share/rosidl_generator_cpp/cmake)
[3.482s] -- Using all available rosidl_typesupport_c: rosidl_typesupport_fastrtps_c;rosidl_typesupport_introspection_c
[3.521s] -- Using all available rosidl_typesupport_cpp: rosidl_typesupport_fastrtps_cpp;rosidl_typesupport_introspection_cpp
[3.616s] -- Found rmw_implementation_cmake: 6.1.2 (/opt/ros/humble/share/rmw_implementation_cmake/cmake)
[3.619s] -- Found rmw_fastrtps_cpp: 6.2.8 (/opt/ros/humble/share/rmw_fastrtps_cpp/cmake)
[3.791s] -- Found OpenSSL: /usr/lib/x86_64-linux-gnu/libcrypto.so (found version "3.0.2")  
[3.861s] -- Found FastRTPS: /opt/ros/humble/include  
[3.949s] -- Using RMW implementation 'rmw_fastrtps_cpp' as default
[3.967s] -- Found Threads: TRUE  
[4.092s] -- Found rclcpp_lifecycle: 16.0.14 (/opt/ros/humble/share/rclcpp_lifecycle/cmake)
[4.155s] -- Found Boost: /usr/lib/x86_64-linux-gnu/cmake/Boost-1.74.0/BoostConfig.cmake (found version "1.74.0") found components: filesystem 
[4.432s] -- library: /usr/lib/x86_64-linux-gnu/libcurl.so
[4.568s] -- Found Eigen3: TRUE (found version "3.4.0") 
[4.568s] -- Ensuring Eigen3 include directory is part of orocos-kdl CMake target
[5.069s] -- Found moveit_ros_visualization: 2.5.9 (/opt/ros/humble/share/moveit_ros_visualization/cmake)
[5.078s] -- Found Boost: /usr/lib/x86_64-linux-gnu/cmake/Boost-1.74.0/BoostConfig.cmake (found version "1.74.0") found components: thread date_time system filesystem 
[5.116s] -- Found Boost: /usr/lib/x86_64-linux-gnu/cmake/Boost-1.74.0/BoostConfig.cmake (found version "1.74.0") found components: system filesystem date_time program_options thread chrono 
[5.199s] -- Found Boost: /usr/lib/x86_64-linux-gnu/cmake/Boost-1.74.0/BoostConfig.cmake (found version "1.74.0") found components: date_time filesystem program_options system thread 
[5.238s] -- Found Boost: /usr/lib/x86_64-linux-gnu/cmake/Boost-1.74.0/BoostConfig.cmake (found version "1.74.0") found components: thread system filesystem regex date_time program_options 
[5.295s] -- Found Boost: /usr/lib/x86_64-linux-gnu/cmake/Boost-1.74.0/BoostConfig.cmake (found version "1.74.0") found components: system filesystem date_time program_options thread 
[5.456s] -- Setting OGRE_DIR to: '/opt/ros/humble/share/rviz_ogre_vendor/cmake/../../../opt/rviz_ogre_vendor/lib/OGRE/cmake'
[5.458s] -- Found OGRE
[5.459s] --   static     : OFF
[5.467s] --   components : HLMS;MeshLodGenerator;Overlay;Paging;Property;RTShaderSystem;Terrain;Volume
[5.468s] --   plugins    : Plugin_BSPSceneManager;Plugin_OctreeSceneManager;Plugin_PCZSceneManager;Plugin_ParticleFX;RenderSystem_GL;RenderSystem_GL3Plus;Codec_STBI
[5.468s] --   media      : /opt/ros/humble/opt/rviz_ogre_vendor/share/OGRE/Media
[5.468s] -- OGRE_LIBRARIES: OgreHLMS;OgreMeshLodGenerator;OgreOverlay;OgrePaging;OgreProperty;OgreRTShaderSystem;OgreTerrain;OgreVolume;OgreMain
[5.468s] -- OGRE_LIBRARY_DIRS: /opt/ros/humble/opt/rviz_ogre_vendor/lib
[5.468s] -- OGRE_PLUGINS: Plugin_BSPSceneManager;Plugin_OctreeSceneManager;Plugin_PCZSceneManager;Plugin_ParticleFX;RenderSystem_GL;RenderSystem_GL3Plus;Codec_STBI
[5.469s] -- OGRE_PLUGIN_DIR: /opt/ros/humble/opt/rviz_ogre_vendor/lib/OGRE
[5.469s] -- rviz_ogre_vendor::OgreOverlay for IMPORTED_LOCATION_RELEASE: /opt/ros/humble/opt/rviz_ogre_vendor/lib/libOgreOverlay.so
[5.469s] -- rviz_ogre_vendor::OgreOverlay for IMPORTED_LOCATION_DEBUG: /opt/ros/humble/opt/rviz_ogre_vendor/lib/libOgreOverlay.so
[5.469s] -- rviz_ogre_vendor::OgreMain for IMPORTED_LOCATION_RELEASE: /opt/ros/humble/opt/rviz_ogre_vendor/lib/libOgreMain.so
[5.469s] -- rviz_ogre_vendor::OgreMain for IMPORTED_LOCATION_DEBUG: /opt/ros/humble/opt/rviz_ogre_vendor/lib/libOgreMain.so
[5.526s] -- Found ZLIB: /usr/lib/x86_64-linux-gnu/libz.so (found version "1.2.11") 
[5.539s] -- Found OpenGL: /usr/lib/x86_64-linux-gnu/libOpenGL.so   
[5.725s] -- Found X11: /usr/include   
[5.725s] -- Looking for XOpenDisplay in /usr/lib/x86_64-linux-gnu/libX11.so;/usr/lib/x86_64-linux-gnu/libXext.so
[5.896s] -- Looking for XOpenDisplay in /usr/lib/x86_64-linux-gnu/libX11.so;/usr/lib/x86_64-linux-gnu/libXext.so - found
[5.896s] -- Looking for gethostbyname
[6.158s] -- Looking for gethostbyname - found
[6.159s] -- Looking for connect
[6.459s] -- Looking for connect - found
[6.460s] -- Looking for remove
[6.948s] -- Looking for remove - found
[6.948s] -- Looking for shmat
[7.371s] -- Looking for shmat - found
[7.372s] -- Looking for IceConnectionNumber in ICE
[7.943s] -- Looking for IceConnectionNumber in ICE - found
[8.095s] -- Setting assimp_DIR to: '/opt/ros/humble/share/rviz_assimp_vendor/cmake/../../../opt/rviz_assimp_vendor/lib/cmake/assimp-4.1'
[8.904s] -- Found moveit_task_constructor_core: 0.1.3 (/home/ziad/Ziad_WS/ROS2/ziad_ws/install/moveit_task_constructor_core/share/moveit_task_constructor_core/cmake)
[9.382s] -- Found PkgConfig: /usr/bin/pkg-config (found version "0.29.2") 
[9.388s] -- Checking for module 'yaml-0.1'
[9.489s] --   Found yaml-0.1, version 0.2.2
[9.731s] -- Found ament_cmake_gtest: 1.3.12 (/opt/ros/humble/share/ament_cmake_gtest/cmake)
[9.771s] -- Found ament_cmake_gmock: 1.3.12 (/opt/ros/humble/share/ament_cmake_gmock/cmake)
[9.789s] -- Found launch_testing_ament_cmake: 1.0.10 (/opt/ros/humble/share/launch_testing_ament_cmake/cmake)
[9.817s] -- Found python_cmake_module: 0.10.0 (/opt/ros/humble/share/python_cmake_module/cmake)
[9.899s] -- Found PythonInterp: /usr/bin/python3 (found suitable version "3.10.12", minimum required is "3.6") 
[9.938s] -- Found PythonLibs: /usr/lib/x86_64-linux-gnu/libpython3.10.so (found suitable version "3.10.12", minimum required is "3.5") 
[9.938s] -- Using PYTHON_EXECUTABLE: /usr/bin/python3
[9.939s] -- Using PYTHON_INCLUDE_DIRS: /usr/include/python3.10
[9.939s] -- Using PYTHON_LIBRARIES: /usr/lib/x86_64-linux-gnu/libpython3.10.so
[10.067s] -- Found PythonExtra: .so  
[10.080s] -- Found gtest sources under '/opt/ros/humble/src/gtest_vendor': C++ tests using 'Google Test' will be built
[10.122s] -- Found gmock sources under '/opt/ros/humble/src/gmock_vendor': C++ tests using 'Google Mock' will be built
[10.253s] -- Configuring done
[11.607s] -- Generating done
[11.777s] -- Build files have been written to: /home/ziad/Ziad_WS/ROS2/ziad_ws/build/moveit_task_constructor_visualization
[11.894s] Invoked command in '/home/ziad/Ziad_WS/ROS2/ziad_ws/build/moveit_task_constructor_visualization' returned '0': AMENT_PREFIX_PATH=/home/ziad/Ziad_WS/ROS2/ziad_ws/install/moveit_task_constructor_core:/home/ziad/Ziad_WS/ROS2/ziad_ws/install/rviz_marker_tools:/home/ziad/Ziad_WS/ROS2/ziad_ws/install/moveit_task_constructor_msgs:${AMENT_PREFIX_PATH} CMAKE_MODULE_PATH=/home/ziad/Ziad_WS/ROS2/ziad_ws/install/moveit_task_constructor_core/share/moveit_task_constructor_core/cmake CMAKE_PREFIX_PATH=/home/ziad/Ziad_WS/ROS2/ziad_ws/install/moveit_task_constructor_core:/home/ziad/Ziad_WS/ROS2/ziad_ws/install/rviz_marker_tools:/home/ziad/Ziad_WS/ROS2/ziad_ws/install/moveit_task_constructor_msgs:/home/ziad/Ziad_WS/ROS2/ziad_ws/install/move_program:/home/ziad/Ziad_WS/ROS2/ziad_ws/install/custom_turtleBot3:/home/ziad/Ziad_WS/ROS2/ziad_ws/install/custom_panda_controller:/home/ziad/Ziad_WS/ROS2/ziad_ws/install/bt_demo:/opt/ros/humble LD_LIBRARY_PATH=/home/ziad/Ziad_WS/ROS2/ziad_ws/install/moveit_task_constructor_core/lib:/home/ziad/Ziad_WS/ROS2/ziad_ws/install/rviz_marker_tools/lib:/home/ziad/Ziad_WS/ROS2/ziad_ws/install/moveit_task_constructor_msgs/lib:/usr/lib/x86_64-linux-gnu/gazebo-11/plugins:/opt/ros/humble/opt/rviz_ogre_vendor/lib:/opt/ros/humble/lib/x86_64-linux-gnu:/opt/ros/humble/lib:/usr/lib/x86_64-linux-gnu/gazebo-11/plugins PYTHONPATH=/home/ziad/Ziad_WS/ROS2/ziad_ws/install/moveit_task_constructor_core/local/lib/python3.10/dist-packages:/home/ziad/Ziad_WS/ROS2/ziad_ws/install/moveit_task_constructor_msgs/local/lib/python3.10/dist-packages:${PYTHONPATH} /usr/bin/cmake /home/ziad/Ziad_WS/ROS2/ziad_ws/src/moveit_task_constructor/visualization -DAMENT_CMAKE_SYMLINK_INSTALL=1 -DCMAKE_INSTALL_PREFIX=/home/ziad/Ziad_WS/ROS2/ziad_ws/install/moveit_task_constructor_visualization
[11.912s] Invoking command in '/home/ziad/Ziad_WS/ROS2/ziad_ws/build/moveit_task_constructor_visualization': AMENT_PREFIX_PATH=/home/ziad/Ziad_WS/ROS2/ziad_ws/install/moveit_task_constructor_core:/home/ziad/Ziad_WS/ROS2/ziad_ws/install/rviz_marker_tools:/home/ziad/Ziad_WS/ROS2/ziad_ws/install/moveit_task_constructor_msgs:${AMENT_PREFIX_PATH} CMAKE_MODULE_PATH=/home/ziad/Ziad_WS/ROS2/ziad_ws/install/moveit_task_constructor_core/share/moveit_task_constructor_core/cmake CMAKE_PREFIX_PATH=/home/ziad/Ziad_WS/ROS2/ziad_ws/install/moveit_task_constructor_core:/home/ziad/Ziad_WS/ROS2/ziad_ws/install/rviz_marker_tools:/home/ziad/Ziad_WS/ROS2/ziad_ws/install/moveit_task_constructor_msgs:/home/ziad/Ziad_WS/ROS2/ziad_ws/install/move_program:/home/ziad/Ziad_WS/ROS2/ziad_ws/install/custom_turtleBot3:/home/ziad/Ziad_WS/ROS2/ziad_ws/install/custom_panda_controller:/home/ziad/Ziad_WS/ROS2/ziad_ws/install/bt_demo:/opt/ros/humble LD_LIBRARY_PATH=/home/ziad/Ziad_WS/ROS2/ziad_ws/install/moveit_task_constructor_core/lib:/home/ziad/Ziad_WS/ROS2/ziad_ws/install/rviz_marker_tools/lib:/home/ziad/Ziad_WS/ROS2/ziad_ws/install/moveit_task_constructor_msgs/lib:/usr/lib/x86_64-linux-gnu/gazebo-11/plugins:/opt/ros/humble/opt/rviz_ogre_vendor/lib:/opt/ros/humble/lib/x86_64-linux-gnu:/opt/ros/humble/lib:/usr/lib/x86_64-linux-gnu/gazebo-11/plugins PYTHONPATH=/home/ziad/Ziad_WS/ROS2/ziad_ws/install/moveit_task_constructor_core/local/lib/python3.10/dist-packages:/home/ziad/Ziad_WS/ROS2/ziad_ws/install/moveit_task_constructor_msgs/local/lib/python3.10/dist-packages:${PYTHONPATH} /usr/bin/cmake --build /home/ziad/Ziad_WS/ROS2/ziad_ws/build/moveit_task_constructor_visualization -- -j4 -l4
[12.192s] [  1%] [34m[1mAutomatic MOC for target moveit_task_visualization_tools[0m
[12.195s] [  3%] [34m[1mAutomatic MOC for target motion_planning_tasks_utils[0m
[12.228s] [  4%] [34m[1mAutomatic MOC for target motion_planning_tasks_properties[0m
[12.558s] [  4%] Built target motion_planning_tasks_properties_autogen
[12.735s] [  6%] [34m[1mAutomatic MOC for target gtest[0m
[12.791s] [  7%] [34m[1mAutomatic MOC for target gtest_main[0m
[13.014s] [  7%] Built target gtest_autogen
[13.147s] [  9%] [34m[1mAutomatic MOC for target gmock_main[0m
[13.164s] [  9%] Built target gtest_main_autogen
[13.274s] [  9%] Built target gmock_main_autogen
[14.073s] [  9%] Built target motion_planning_tasks_utils_autogen
[15.867s] [  9%] Built target moveit_task_visualization_tools_autogen
[15.982s] [ 10%] [32mBuilding CXX object gtest/CMakeFiles/gtest_main.dir/gtest_main_autogen/mocs_compilation.cpp.o[0m
[16.090s] [ 12%] [32mBuilding CXX object gtest/CMakeFiles/gtest_main.dir/src/gtest_main.cc.o[0m
[23.347s] [ 13%] [32m[1mLinking CXX static library libgtest_main.a[0m
[29.083s] [ 13%] Built target gtest_main
[29.144s] [ 15%] [32mBuilding CXX object gtest/CMakeFiles/gtest.dir/gtest_autogen/mocs_compilation.cpp.o[0m
[29.310s] [ 16%] [32mBuilding CXX object gtest/CMakeFiles/gtest.dir/src/gtest-all.cc.o[0m
[66.319s] [ 18%] [32m[1mLinking CXX static library libgtest.a[0m
[71.231s] [ 18%] Built target gtest
[71.372s] [ 20%] [32mBuilding CXX object gmock/CMakeFiles/gmock_main.dir/gmock_main_autogen/mocs_compilation.cpp.o[0m
[72.303s] [ 21%] [32mBuilding CXX object gmock/CMakeFiles/gmock_main.dir/src/gmock_main.cc.o[0m
[78.435s] [ 23%] [32m[1mLinking CXX static library libgmock_main.a[0m
[78.564s] [ 23%] Built target gmock_main
[78.618s] [ 24%] [32mBuilding CXX object visualization_tools/CMakeFiles/moveit_task_visualization_tools.dir/moveit_task_visualization_tools_autogen/mocs_compilation.cpp.o[0m
[105.882s] [ 26%] [32mBuilding CXX object visualization_tools/CMakeFiles/moveit_task_visualization_tools.dir/src/display_solution.cpp.o[0m
[143.347s] [ 27%] [32mBuilding CXX object visualization_tools/CMakeFiles/moveit_task_visualization_tools.dir/src/marker_visualization.cpp.o[0m
[169.195s] [ 29%] [32mBuilding CXX object visualization_tools/CMakeFiles/moveit_task_visualization_tools.dir/src/task_solution_panel.cpp.o[0m
[176.705s] [ 30%] [32mBuilding CXX object visualization_tools/CMakeFiles/moveit_task_visualization_tools.dir/src/task_solution_visualization.cpp.o[0m
[209.347s] [ 32%] [32m[1mLinking CXX shared library libmoveit_task_visualization_tools.so[0m
[216.078s] [ 32%] Built target moveit_task_visualization_tools
[216.126s] [ 33%] [32mBuilding CXX object motion_planning_tasks/utils/CMakeFiles/motion_planning_tasks_utils.dir/motion_planning_tasks_utils_autogen/mocs_compilation.cpp.o[0m
[216.169s] [ 35%] [32mBuilding CXX object motion_planning_tasks/utils/CMakeFiles/motion_planning_tasks_utils.dir/flat_merge_proxy_model.cpp.o[0m
[219.900s] [ 36%] [32mBuilding CXX object motion_planning_tasks/utils/CMakeFiles/motion_planning_tasks_utils.dir/tree_merge_proxy_model.cpp.o[0m
[225.251s] [ 38%] [32mBuilding CXX object motion_planning_tasks/utils/CMakeFiles/motion_planning_tasks_utils.dir/icon.cpp.o[0m
[232.723s] [ 40%] [32m[1mLinking CXX shared library libmotion_planning_tasks_utils.so[0m
[233.459s] [ 40%] Built target motion_planning_tasks_utils
[233.510s] [ 41%] [32mBuilding CXX object motion_planning_tasks/properties/CMakeFiles/motion_planning_tasks_properties.dir/motion_planning_tasks_properties_autogen/mocs_compilation.cpp.o[0m
[233.581s] [ 43%] [32mBuilding CXX object motion_planning_tasks/properties/CMakeFiles/motion_planning_tasks_properties.dir/property_factory.cpp.o[0m
[242.815s] [ 44%] [32mBuilding CXX object motion_planning_tasks/properties/CMakeFiles/motion_planning_tasks_properties.dir/property_from_yaml.cpp.o[0m
[246.324s] [ 46%] [32m[1mLinking CXX shared library libmotion_planning_tasks_properties.so[0m
[248.793s] [ 46%] Built target motion_planning_tasks_properties
[248.833s] [ 47%] [34m[1mAutomatic MOC for target moveit_task_constructor_visualization-test-merge-models[0m
[248.907s] [ 47%] Built target moveit_task_constructor_visualization-test-merge-models_autogen
[248.949s] [ 49%] [34m[1mAutomatic MOC for target motion_planning_tasks_rviz_plugin[0m
[258.747s] [ 49%] Built target motion_planning_tasks_rviz_plugin_autogen
[258.788s] [ 50%] [32mBuilding CXX object motion_planning_tasks/test/CMakeFiles/moveit_task_constructor_visualization-test-merge-models.dir/moveit_task_constructor_visualization-test-merge-models_autogen/mocs_compilation.cpp.o[0m
[258.858s] [ 52%] [32mBuilding CXX object motion_planning_tasks/test/CMakeFiles/moveit_task_constructor_visualization-test-merge-models.dir/test_merge_models.cpp.o[0m
[264.874s] [ 53%] [32m[1mLinking CXX executable moveit_task_constructor_visualization-test-merge-models[0m
[265.918s] [ 53%] Built target moveit_task_constructor_visualization-test-merge-models
[265.945s] [ 55%] [34m[1mGenerating ui_task_view.h[0m
[266.000s] [ 56%] [34m[1mGenerating ui_global_settings.h[0m
[266.026s] [ 58%] [34m[1mGenerating ui_task_panel.h[0m
[266.057s] [ 60%] [34m[1mAutomatic RCC for resources.qrc[0m
[266.117s] [ 61%] [32mBuilding CXX object motion_planning_tasks/src/CMakeFiles/motion_planning_tasks_rviz_plugin.dir/motion_planning_tasks_rviz_plugin_autogen/mocs_compilation.cpp.o[0m
[287.196s] [ 63%] [32mBuilding CXX object motion_planning_tasks/src/CMakeFiles/motion_planning_tasks_rviz_plugin.dir/icons.cpp.o[0m
[288.782s] [ 64%] [32mBuilding CXX object motion_planning_tasks/src/CMakeFiles/motion_planning_tasks_rviz_plugin.dir/job_queue.cpp.o[0m
[294.215s] [ 66%] [32mBuilding CXX object motion_planning_tasks/src/CMakeFiles/motion_planning_tasks_rviz_plugin.dir/local_task_model.cpp.o[0m
[309.600s] [ 67%] [32mBuilding CXX object motion_planning_tasks/src/CMakeFiles/motion_planning_tasks_rviz_plugin.dir/meta_task_list_model.cpp.o[0m
[329.301s] [ 69%] [32mBuilding CXX object motion_planning_tasks/src/CMakeFiles/motion_planning_tasks_rviz_plugin.dir/plugin_init.cpp.o[0m
[348.056s] [ 70%] [32mBuilding CXX object motion_planning_tasks/src/CMakeFiles/motion_planning_tasks_rviz_plugin.dir/remote_task_model.cpp.o[0m
[382.063s] [ 72%] [32mBuilding CXX object motion_planning_tasks/src/CMakeFiles/motion_planning_tasks_rviz_plugin.dir/task_display.cpp.o[0m
[458.040s] [ 73%] [32mBuilding CXX object motion_planning_tasks/src/CMakeFiles/motion_planning_tasks_rviz_plugin.dir/task_list_model.cpp.o[0m
[485.474s] [ 75%] [32mBuilding CXX object motion_planning_tasks/src/CMakeFiles/motion_planning_tasks_rviz_plugin.dir/task_panel.cpp.o[0m
[510.596s] [ 76%] [32mBuilding CXX object motion_planning_tasks/src/CMakeFiles/motion_planning_tasks_rviz_plugin.dir/motion_planning_tasks_rviz_plugin_autogen/EWIEGA46WW/qrc_resources.cpp.o[0m
[510.652s] [ 78%] [32mBuilding CXX object motion_planning_tasks/src/CMakeFiles/motion_planning_tasks_rviz_plugin.dir/factory_model.cpp.o[0m
[513.436s] [ 80%] [32m[1mLinking CXX shared library libmotion_planning_tasks_rviz_plugin.so[0m
[519.093s] [ 80%] Built target motion_planning_tasks_rviz_plugin
[519.128s] [ 81%] [34m[1mAutomatic MOC for target gmock[0m
[519.166s] [ 81%] Built target gmock_autogen
[519.198s] [ 83%] [34m[1mAutomatic MOC for target moveit_task_constructor_visualization-test-task_model[0m
[519.242s] [ 83%] Built target moveit_task_constructor_visualization-test-task_model_autogen
[519.268s] [ 84%] [32mBuilding CXX object gmock/CMakeFiles/gmock.dir/gmock_autogen/mocs_compilation.cpp.o[0m
[519.300s] [ 86%] [32mBuilding CXX object gmock/CMakeFiles/gmock.dir/src/gmock-all.cc.o[0m
[523.875s] [ 87%] [32mBuilding CXX object gmock/CMakeFiles/gmock.dir/opt/ros/humble/src/gtest_vendor/src/gtest-all.cc.o[0m
[536.165s] [ 89%] [32m[1mLinking CXX static library libgmock.a[0m
[536.529s] [ 89%] Built target gmock
[536.564s] [ 90%] [32mBuilding CXX object motion_planning_tasks/test/CMakeFiles/moveit_task_constructor_visualization-test-task_model.dir/moveit_task_constructor_visualization-test-task_model_autogen/mocs_compilation.cpp.o[0m
[536.565s] [ 92%] [34m[1mAutomatic MOC for target moveit_task_constructor_visualization-test-solution-models[0m
[536.567s] [ 93%] [32mBuilding CXX object motion_planning_tasks/test/CMakeFiles/moveit_task_constructor_visualization-test-task_model.dir/test_task_model.cpp.o[0m
[536.620s] [ 93%] Built target moveit_task_constructor_visualization-test-solution-models_autogen
[536.656s] [ 95%] [32mBuilding CXX object motion_planning_tasks/test/CMakeFiles/moveit_task_constructor_visualization-test-solution-models.dir/moveit_task_constructor_visualization-test-solution-models_autogen/mocs_compilation.cpp.o[0m
[536.660s] [ 96%] [32mBuilding CXX object motion_planning_tasks/test/CMakeFiles/moveit_task_constructor_visualization-test-solution-models.dir/test_solution_models.cpp.o[0m
[547.906s] [ 98%] [32m[1mLinking CXX executable moveit_task_constructor_visualization-test-solution-models[0m
[548.986s] [100%] [32m[1mLinking CXX executable moveit_task_constructor_visualization-test-task_model[0m
[549.593s] [100%] Built target moveit_task_constructor_visualization-test-solution-models
[550.548s] [100%] Built target moveit_task_constructor_visualization-test-task_model
[550.608s] Invoked command in '/home/ziad/Ziad_WS/ROS2/ziad_ws/build/moveit_task_constructor_visualization' returned '0': AMENT_PREFIX_PATH=/home/ziad/Ziad_WS/ROS2/ziad_ws/install/moveit_task_constructor_core:/home/ziad/Ziad_WS/ROS2/ziad_ws/install/rviz_marker_tools:/home/ziad/Ziad_WS/ROS2/ziad_ws/install/moveit_task_constructor_msgs:${AMENT_PREFIX_PATH} CMAKE_MODULE_PATH=/home/ziad/Ziad_WS/ROS2/ziad_ws/install/moveit_task_constructor_core/share/moveit_task_constructor_core/cmake CMAKE_PREFIX_PATH=/home/ziad/Ziad_WS/ROS2/ziad_ws/install/moveit_task_constructor_core:/home/ziad/Ziad_WS/ROS2/ziad_ws/install/rviz_marker_tools:/home/ziad/Ziad_WS/ROS2/ziad_ws/install/moveit_task_constructor_msgs:/home/ziad/Ziad_WS/ROS2/ziad_ws/install/move_program:/home/ziad/Ziad_WS/ROS2/ziad_ws/install/custom_turtleBot3:/home/ziad/Ziad_WS/ROS2/ziad_ws/install/custom_panda_controller:/home/ziad/Ziad_WS/ROS2/ziad_ws/install/bt_demo:/opt/ros/humble LD_LIBRARY_PATH=/home/ziad/Ziad_WS/ROS2/ziad_ws/install/moveit_task_constructor_core/lib:/home/ziad/Ziad_WS/ROS2/ziad_ws/install/rviz_marker_tools/lib:/home/ziad/Ziad_WS/ROS2/ziad_ws/install/moveit_task_constructor_msgs/lib:/usr/lib/x86_64-linux-gnu/gazebo-11/plugins:/opt/ros/humble/opt/rviz_ogre_vendor/lib:/opt/ros/humble/lib/x86_64-linux-gnu:/opt/ros/humble/lib:/usr/lib/x86_64-linux-gnu/gazebo-11/plugins PYTHONPATH=/home/ziad/Ziad_WS/ROS2/ziad_ws/install/moveit_task_constructor_core/local/lib/python3.10/dist-packages:/home/ziad/Ziad_WS/ROS2/ziad_ws/install/moveit_task_constructor_msgs/local/lib/python3.10/dist-packages:${PYTHONPATH} /usr/bin/cmake --build /home/ziad/Ziad_WS/ROS2/ziad_ws/build/moveit_task_constructor_visualization -- -j4 -l4
[550.618s] Invoking command in '/home/ziad/Ziad_WS/ROS2/ziad_ws/build/moveit_task_constructor_visualization': AMENT_PREFIX_PATH=/home/ziad/Ziad_WS/ROS2/ziad_ws/install/moveit_task_constructor_core:/home/ziad/Ziad_WS/ROS2/ziad_ws/install/rviz_marker_tools:/home/ziad/Ziad_WS/ROS2/ziad_ws/install/moveit_task_constructor_msgs:${AMENT_PREFIX_PATH} CMAKE_MODULE_PATH=/home/ziad/Ziad_WS/ROS2/ziad_ws/install/moveit_task_constructor_core/share/moveit_task_constructor_core/cmake CMAKE_PREFIX_PATH=/home/ziad/Ziad_WS/ROS2/ziad_ws/install/moveit_task_constructor_core:/home/ziad/Ziad_WS/ROS2/ziad_ws/install/rviz_marker_tools:/home/ziad/Ziad_WS/ROS2/ziad_ws/install/moveit_task_constructor_msgs:/home/ziad/Ziad_WS/ROS2/ziad_ws/install/move_program:/home/ziad/Ziad_WS/ROS2/ziad_ws/install/custom_turtleBot3:/home/ziad/Ziad_WS/ROS2/ziad_ws/install/custom_panda_controller:/home/ziad/Ziad_WS/ROS2/ziad_ws/install/bt_demo:/opt/ros/humble LD_LIBRARY_PATH=/home/ziad/Ziad_WS/ROS2/ziad_ws/install/moveit_task_constructor_core/lib:/home/ziad/Ziad_WS/ROS2/ziad_ws/install/rviz_marker_tools/lib:/home/ziad/Ziad_WS/ROS2/ziad_ws/install/moveit_task_constructor_msgs/lib:/usr/lib/x86_64-linux-gnu/gazebo-11/plugins:/opt/ros/humble/opt/rviz_ogre_vendor/lib:/opt/ros/humble/lib/x86_64-linux-gnu:/opt/ros/humble/lib:/usr/lib/x86_64-linux-gnu/gazebo-11/plugins PYTHONPATH=/home/ziad/Ziad_WS/ROS2/ziad_ws/install/moveit_task_constructor_core/local/lib/python3.10/dist-packages:/home/ziad/Ziad_WS/ROS2/ziad_ws/install/moveit_task_constructor_msgs/local/lib/python3.10/dist-packages:${PYTHONPATH} /usr/bin/cmake --install /home/ziad/Ziad_WS/ROS2/ziad_ws/build/moveit_task_constructor_visualization
[550.626s] -- Install configuration: "Release"
[550.627s] -- Execute custom install script
[550.628s] -- Symlinking: /home/ziad/Ziad_WS/ROS2/ziad_ws/install/moveit_task_constructor_visualization/include/moveit/visualization_tools/display_solution.h
[550.644s] -- Symlinking: /home/ziad/Ziad_WS/ROS2/ziad_ws/install/moveit_task_constructor_visualization/include/moveit/visualization_tools/marker_visualization.h
[550.653s] -- Symlinking: /home/ziad/Ziad_WS/ROS2/ziad_ws/install/moveit_task_constructor_visualization/include/moveit/visualization_tools/task_solution_panel.h
[550.670s] -- Symlinking: /home/ziad/Ziad_WS/ROS2/ziad_ws/install/moveit_task_constructor_visualization/include/moveit/visualization_tools/task_solution_visualization.h
[550.680s] -- Symlinking: /home/ziad/Ziad_WS/ROS2/ziad_ws/install/moveit_task_constructor_visualization/lib/libmotion_planning_tasks_utils.so
[550.698s] -- Symlinking: /home/ziad/Ziad_WS/ROS2/ziad_ws/install/moveit_task_constructor_visualization/share/icons/classes/Motion Planning Tasks.svg
[550.715s] -- Symlinking: /home/ziad/Ziad_WS/ROS2/ziad_ws/install/moveit_task_constructor_visualization/share/moveit_task_constructor_visualization//motion_planning_tasks_rviz_plugin_description.xml
[550.726s] -- Symlinking: /home/ziad/Ziad_WS/ROS2/ziad_ws/install/moveit_task_constructor_visualization/share/moveit_task_constructor_visualization/environment/library_path.sh
[550.743s] -- Symlinking: /home/ziad/Ziad_WS/ROS2/ziad_ws/install/moveit_task_constructor_visualization/share/moveit_task_constructor_visualization/environment/library_path.dsv
[550.760s] -- Symlinking: /home/ziad/Ziad_WS/ROS2/ziad_ws/install/moveit_task_constructor_visualization/share/ament_index/resource_index/package_run_dependencies/moveit_task_constructor_visualization
[550.771s] -- Symlinking: /home/ziad/Ziad_WS/ROS2/ziad_ws/install/moveit_task_constructor_visualization/share/ament_index/resource_index/parent_prefix_path/moveit_task_constructor_visualization
[550.788s] -- Symlinking: /home/ziad/Ziad_WS/ROS2/ziad_ws/install/moveit_task_constructor_visualization/share/moveit_task_constructor_visualization/environment/ament_prefix_path.sh
[550.799s] -- Symlinking: /home/ziad/Ziad_WS/ROS2/ziad_ws/install/moveit_task_constructor_visualization/share/moveit_task_constructor_visualization/environment/ament_prefix_path.dsv
[550.815s] -- Symlinking: /home/ziad/Ziad_WS/ROS2/ziad_ws/install/moveit_task_constructor_visualization/share/moveit_task_constructor_visualization/environment/path.sh
[550.825s] -- Symlinking: /home/ziad/Ziad_WS/ROS2/ziad_ws/install/moveit_task_constructor_visualization/share/moveit_task_constructor_visualization/environment/path.dsv
[550.841s] -- Symlinking: /home/ziad/Ziad_WS/ROS2/ziad_ws/install/moveit_task_constructor_visualization/share/moveit_task_constructor_visualization/local_setup.bash
[550.859s] -- Symlinking: /home/ziad/Ziad_WS/ROS2/ziad_ws/install/moveit_task_constructor_visualization/share/moveit_task_constructor_visualization/local_setup.sh
[550.869s] -- Symlinking: /home/ziad/Ziad_WS/ROS2/ziad_ws/install/moveit_task_constructor_visualization/share/moveit_task_constructor_visualization/local_setup.zsh
[550.886s] -- Symlinking: /home/ziad/Ziad_WS/ROS2/ziad_ws/install/moveit_task_constructor_visualization/share/moveit_task_constructor_visualization/local_setup.dsv
[550.896s] -- Symlinking: /home/ziad/Ziad_WS/ROS2/ziad_ws/install/moveit_task_constructor_visualization/share/moveit_task_constructor_visualization/package.dsv
[550.914s] -- Symlinking: /home/ziad/Ziad_WS/ROS2/ziad_ws/install/moveit_task_constructor_visualization/share/ament_index/resource_index/packages/moveit_task_constructor_visualization
[550.931s] -- Symlinking: /home/ziad/Ziad_WS/ROS2/ziad_ws/install/moveit_task_constructor_visualization/share/ament_index/resource_index/rviz_common__pluginlib__plugin/moveit_task_constructor_visualization
[550.941s] -- Symlinking: /home/ziad/Ziad_WS/ROS2/ziad_ws/install/moveit_task_constructor_visualization/share/moveit_task_constructor_visualization/cmake/ament_cmake_export_include_directories-extras.cmake
[550.959s] -- Symlinking: /home/ziad/Ziad_WS/ROS2/ziad_ws/install/moveit_task_constructor_visualization/share/moveit_task_constructor_visualization/cmake/ament_cmake_export_libraries-extras.cmake
[550.969s] -- Symlinking: /home/ziad/Ziad_WS/ROS2/ziad_ws/install/moveit_task_constructor_visualization/share/moveit_task_constructor_visualization/cmake/ament_cmake_export_dependencies-extras.cmake
[550.987s] -- Symlinking: /home/ziad/Ziad_WS/ROS2/ziad_ws/install/moveit_task_constructor_visualization/share/moveit_task_constructor_visualization/cmake/moveit_task_constructor_visualizationConfig.cmake
[551.003s] -- Symlinking: /home/ziad/Ziad_WS/ROS2/ziad_ws/install/moveit_task_constructor_visualization/share/moveit_task_constructor_visualization/cmake/moveit_task_constructor_visualizationConfig-version.cmake
[551.026s] -- Symlinking: /home/ziad/Ziad_WS/ROS2/ziad_ws/install/moveit_task_constructor_visualization/share/moveit_task_constructor_visualization/package.xml
[551.040s] -- Installing: /home/ziad/Ziad_WS/ROS2/ziad_ws/install/moveit_task_constructor_visualization/lib/libmoveit_task_visualization_tools.so.0.1.3
[551.041s] -- Set runtime path of "/home/ziad/Ziad_WS/ROS2/ziad_ws/install/moveit_task_constructor_visualization/lib/libmoveit_task_visualization_tools.so.0.1.3" to ""
[551.048s] -- Installing: /home/ziad/Ziad_WS/ROS2/ziad_ws/install/moveit_task_constructor_visualization/lib/libmoveit_task_visualization_tools.so
[551.049s] -- Installing: /home/ziad/Ziad_WS/ROS2/ziad_ws/install/moveit_task_constructor_visualization/lib/libmotion_planning_tasks_properties.so
[551.050s] -- Set runtime path of "/home/ziad/Ziad_WS/ROS2/ziad_ws/install/moveit_task_constructor_visualization/lib/libmotion_planning_tasks_properties.so" to ""
[551.051s] -- Installing: /home/ziad/Ziad_WS/ROS2/ziad_ws/install/moveit_task_constructor_visualization/lib/libmotion_planning_tasks_rviz_plugin.so.0.1.3
[551.054s] -- Set runtime path of "/home/ziad/Ziad_WS/ROS2/ziad_ws/install/moveit_task_constructor_visualization/lib/libmotion_planning_tasks_rviz_plugin.so.0.1.3" to ""
[551.055s] -- Installing: /home/ziad/Ziad_WS/ROS2/ziad_ws/install/moveit_task_constructor_visualization/lib/libmotion_planning_tasks_rviz_plugin.so
[551.061s] Invoked command in '/home/ziad/Ziad_WS/ROS2/ziad_ws/build/moveit_task_constructor_visualization' returned '0': AMENT_PREFIX_PATH=/home/ziad/Ziad_WS/ROS2/ziad_ws/install/moveit_task_constructor_core:/home/ziad/Ziad_WS/ROS2/ziad_ws/install/rviz_marker_tools:/home/ziad/Ziad_WS/ROS2/ziad_ws/install/moveit_task_constructor_msgs:${AMENT_PREFIX_PATH} CMAKE_MODULE_PATH=/home/ziad/Ziad_WS/ROS2/ziad_ws/install/moveit_task_constructor_core/share/moveit_task_constructor_core/cmake CMAKE_PREFIX_PATH=/home/ziad/Ziad_WS/ROS2/ziad_ws/install/moveit_task_constructor_core:/home/ziad/Ziad_WS/ROS2/ziad_ws/install/rviz_marker_tools:/home/ziad/Ziad_WS/ROS2/ziad_ws/install/moveit_task_constructor_msgs:/home/ziad/Ziad_WS/ROS2/ziad_ws/install/move_program:/home/ziad/Ziad_WS/ROS2/ziad_ws/install/custom_turtleBot3:/home/ziad/Ziad_WS/ROS2/ziad_ws/install/custom_panda_controller:/home/ziad/Ziad_WS/ROS2/ziad_ws/install/bt_demo:/opt/ros/humble LD_LIBRARY_PATH=/home/ziad/Ziad_WS/ROS2/ziad_ws/install/moveit_task_constructor_core/lib:/home/ziad/Ziad_WS/ROS2/ziad_ws/install/rviz_marker_tools/lib:/home/ziad/Ziad_WS/ROS2/ziad_ws/install/moveit_task_constructor_msgs/lib:/usr/lib/x86_64-linux-gnu/gazebo-11/plugins:/opt/ros/humble/opt/rviz_ogre_vendor/lib:/opt/ros/humble/lib/x86_64-linux-gnu:/opt/ros/humble/lib:/usr/lib/x86_64-linux-gnu/gazebo-11/plugins PYTHONPATH=/home/ziad/Ziad_WS/ROS2/ziad_ws/install/moveit_task_constructor_core/local/lib/python3.10/dist-packages:/home/ziad/Ziad_WS/ROS2/ziad_ws/install/moveit_task_constructor_msgs/local/lib/python3.10/dist-packages:${PYTHONPATH} /usr/bin/cmake --install /home/ziad/Ziad_WS/ROS2/ziad_ws/build/moveit_task_constructor_visualization
