[0.424s] DEBUG:colcon:Command line arguments: ['/usr/bin/colcon', 'build']
[0.424s] DEBUG:colcon:Parsed command line arguments: Namespace(log_base=None, log_level=None, verb_name='build', build_base='build', install_base='install', merge_install=False, symlink_install=False, test_result_base=None, continue_on_error=False, executor='parallel', parallel_workers=4, event_handlers=None, ignore_user_meta=False, metas=['./colcon.meta'], base_paths=['.'], packages_ignore=None, packages_ignore_regex=None, paths=None, packages_up_to=None, packages_up_to_regex=None, packages_above=None, packages_above_and_dependencies=None, packages_above_depth=None, packages_select_by_dep=None, packages_skip_by_dep=None, packages_skip_up_to=None, packages_select_build_failed=False, packages_skip_build_finished=False, packages_select_test_failures=False, packages_skip_test_passed=False, packages_select=None, packages_skip=None, packages_select_regex=None, packages_skip_regex=None, packages_start=None, packages_end=None, allow_overriding=[], cmake_args=None, cmake_target=None, cmake_target_skip_unavailable=False, cmake_clean_cache=False, cmake_clean_first=False, cmake_force_configure=False, ament_cmake_args=None, catkin_cmake_args=None, catkin_skip_building_tests=False, mixin_files=None, mixin=None, verb_parser=<colcon_mixin.mixin.mixin_argument.MixinArgumentDecorator object at 0x7db1ae795700>, verb_extension=<colcon_core.verb.build.BuildVerb object at 0x7db1ae8e49e0>, main=<bound method BuildVerb.main of <colcon_core.verb.build.BuildVerb object at 0x7db1ae8e49e0>>, mixin_verb=('build',))
[0.514s] Level 1:colcon.colcon_core.package_discovery:discover_packages(colcon_meta) check parameters
[0.515s] Level 1:colcon.colcon_core.package_discovery:discover_packages(recursive) check parameters
[0.515s] Level 1:colcon.colcon_core.package_discovery:discover_packages(ignore) check parameters
[0.515s] Level 1:colcon.colcon_core.package_discovery:discover_packages(path) check parameters
[0.515s] Level 1:colcon.colcon_core.package_discovery:discover_packages(colcon_meta) discover
[0.515s] Level 1:colcon.colcon_core.package_discovery:discover_packages(recursive) discover
[0.515s] INFO:colcon.colcon_core.package_discovery:Crawling recursively for packages in '/home/ziad/ziad_ws/ROS2/tutorials_work_sapce'
[0.515s] Level 1:colcon.colcon_core.package_identification:_identify(.) by extensions ['ignore', 'ignore_ament_install']
[0.515s] Level 1:colcon.colcon_core.package_identification:_identify(.) by extension 'ignore'
[0.515s] Level 1:colcon.colcon_core.package_identification:_identify(.) by extension 'ignore_ament_install'
[0.515s] Level 1:colcon.colcon_core.package_identification:_identify(.) by extensions ['colcon_pkg']
[0.515s] Level 1:colcon.colcon_core.package_identification:_identify(.) by extension 'colcon_pkg'
[0.515s] Level 1:colcon.colcon_core.package_identification:_identify(.) by extensions ['colcon_meta']
[0.515s] Level 1:colcon.colcon_core.package_identification:_identify(.) by extension 'colcon_meta'
[0.516s] Level 1:colcon.colcon_core.package_identification:_identify(.) by extensions ['ros']
[0.516s] Level 1:colcon.colcon_core.package_identification:_identify(.) by extension 'ros'
[0.568s] Level 1:colcon.colcon_core.package_identification:_identify(.) by extensions ['cmake', 'python']
[0.568s] Level 1:colcon.colcon_core.package_identification:_identify(.) by extension 'cmake'
[0.568s] Level 1:colcon.colcon_core.package_identification:_identify(.) by extension 'python'
[0.568s] Level 1:colcon.colcon_core.package_identification:_identify(.) by extensions ['python_setup_py']
[0.568s] Level 1:colcon.colcon_core.package_identification:_identify(.) by extension 'python_setup_py'
[0.569s] Level 1:colcon.colcon_core.package_identification:_identify(build) by extensions ['ignore', 'ignore_ament_install']
[0.569s] Level 1:colcon.colcon_core.package_identification:_identify(build) by extension 'ignore'
[0.569s] Level 1:colcon.colcon_core.package_identification:_identify(build) ignored
[0.569s] Level 1:colcon.colcon_core.package_identification:_identify(install) by extensions ['ignore', 'ignore_ament_install']
[0.569s] Level 1:colcon.colcon_core.package_identification:_identify(install) by extension 'ignore'
[0.569s] Level 1:colcon.colcon_core.package_identification:_identify(install) ignored
[0.569s] Level 1:colcon.colcon_core.package_identification:_identify(log) by extensions ['ignore', 'ignore_ament_install']
[0.569s] Level 1:colcon.colcon_core.package_identification:_identify(log) by extension 'ignore'
[0.569s] Level 1:colcon.colcon_core.package_identification:_identify(log) ignored
[0.569s] Level 1:colcon.colcon_core.package_identification:_identify(src) by extensions ['ignore', 'ignore_ament_install']
[0.570s] Level 1:colcon.colcon_core.package_identification:_identify(src) by extension 'ignore'
[0.570s] Level 1:colcon.colcon_core.package_identification:_identify(src) by extension 'ignore_ament_install'
[0.570s] Level 1:colcon.colcon_core.package_identification:_identify(src) by extensions ['colcon_pkg']
[0.570s] Level 1:colcon.colcon_core.package_identification:_identify(src) by extension 'colcon_pkg'
[0.570s] Level 1:colcon.colcon_core.package_identification:_identify(src) by extensions ['colcon_meta']
[0.570s] Level 1:colcon.colcon_core.package_identification:_identify(src) by extension 'colcon_meta'
[0.570s] Level 1:colcon.colcon_core.package_identification:_identify(src) by extensions ['ros']
[0.570s] Level 1:colcon.colcon_core.package_identification:_identify(src) by extension 'ros'
[0.570s] Level 1:colcon.colcon_core.package_identification:_identify(src) by extensions ['cmake', 'python']
[0.570s] Level 1:colcon.colcon_core.package_identification:_identify(src) by extension 'cmake'
[0.570s] Level 1:colcon.colcon_core.package_identification:_identify(src) by extension 'python'
[0.570s] Level 1:colcon.colcon_core.package_identification:_identify(src) by extensions ['python_setup_py']
[0.570s] Level 1:colcon.colcon_core.package_identification:_identify(src) by extension 'python_setup_py'
[0.570s] Level 1:colcon.colcon_core.package_identification:_identify(src/ros2_service) by extensions ['ignore', 'ignore_ament_install']
[0.570s] Level 1:colcon.colcon_core.package_identification:_identify(src/ros2_service) by extension 'ignore'
[0.571s] Level 1:colcon.colcon_core.package_identification:_identify(src/ros2_service) by extension 'ignore_ament_install'
[0.571s] Level 1:colcon.colcon_core.package_identification:_identify(src/ros2_service) by extensions ['colcon_pkg']
[0.571s] Level 1:colcon.colcon_core.package_identification:_identify(src/ros2_service) by extension 'colcon_pkg'
[0.571s] Level 1:colcon.colcon_core.package_identification:_identify(src/ros2_service) by extensions ['colcon_meta']
[0.571s] Level 1:colcon.colcon_core.package_identification:_identify(src/ros2_service) by extension 'colcon_meta'
[0.571s] Level 1:colcon.colcon_core.package_identification:_identify(src/ros2_service) by extensions ['ros']
[0.571s] Level 1:colcon.colcon_core.package_identification:_identify(src/ros2_service) by extension 'ros'
[0.576s] DEBUG:colcon.colcon_core.package_identification:Package 'src/ros2_service' with type 'ros.ament_cmake' and name 'ros2_service'
[0.576s] Level 1:colcon.colcon_core.package_identification:_identify(src/simple_pub_sub) by extensions ['ignore', 'ignore_ament_install']
[0.576s] Level 1:colcon.colcon_core.package_identification:_identify(src/simple_pub_sub) by extension 'ignore'
[0.576s] Level 1:colcon.colcon_core.package_identification:_identify(src/simple_pub_sub) by extension 'ignore_ament_install'
[0.576s] Level 1:colcon.colcon_core.package_identification:_identify(src/simple_pub_sub) by extensions ['colcon_pkg']
[0.576s] Level 1:colcon.colcon_core.package_identification:_identify(src/simple_pub_sub) by extension 'colcon_pkg'
[0.576s] Level 1:colcon.colcon_core.package_identification:_identify(src/simple_pub_sub) by extensions ['colcon_meta']
[0.576s] Level 1:colcon.colcon_core.package_identification:_identify(src/simple_pub_sub) by extension 'colcon_meta'
[0.577s] Level 1:colcon.colcon_core.package_identification:_identify(src/simple_pub_sub) by extensions ['ros']
[0.577s] Level 1:colcon.colcon_core.package_identification:_identify(src/simple_pub_sub) by extension 'ros'
[0.577s] DEBUG:colcon.colcon_core.package_identification:Package 'src/simple_pub_sub' with type 'ros.ament_cmake' and name 'simple_pub_sub'
[0.578s] Level 1:colcon.colcon_core.package_discovery:discover_packages(recursive) using defaults
[0.578s] Level 1:colcon.colcon_core.package_discovery:discover_packages(ignore) discover
[0.578s] Level 1:colcon.colcon_core.package_discovery:discover_packages(ignore) using defaults
[0.578s] Level 1:colcon.colcon_core.package_discovery:discover_packages(path) discover
[0.578s] Level 1:colcon.colcon_core.package_discovery:discover_packages(path) using defaults
[0.613s] Level 1:colcon.colcon_core.package_discovery:discover_packages(prefix_path) check parameters
[0.613s] Level 1:colcon.colcon_core.package_discovery:discover_packages(prefix_path) discover
[0.616s] DEBUG:colcon.colcon_installed_package_information.package_discovery:Found 2 installed packages in /home/ziad/ziad_ws/ROS2/tutorials_work_sapce/install
[0.619s] DEBUG:colcon.colcon_installed_package_information.package_discovery:Found 489 installed packages in /opt/ros/jazzy
[0.622s] Level 1:colcon.colcon_core.package_discovery:discover_packages(prefix_path) using defaults
[0.816s] Level 5:colcon.colcon_core.verb:set package 'ros2_service' build argument 'cmake_args' from command line to 'None'
[0.816s] Level 5:colcon.colcon_core.verb:set package 'ros2_service' build argument 'cmake_target' from command line to 'None'
[0.816s] Level 5:colcon.colcon_core.verb:set package 'ros2_service' build argument 'cmake_target_skip_unavailable' from command line to 'False'
[0.816s] Level 5:colcon.colcon_core.verb:set package 'ros2_service' build argument 'cmake_clean_cache' from command line to 'False'
[0.817s] Level 5:colcon.colcon_core.verb:set package 'ros2_service' build argument 'cmake_clean_first' from command line to 'False'
[0.817s] Level 5:colcon.colcon_core.verb:set package 'ros2_service' build argument 'cmake_force_configure' from command line to 'False'
[0.817s] Level 5:colcon.colcon_core.verb:set package 'ros2_service' build argument 'ament_cmake_args' from command line to 'None'
[0.817s] Level 5:colcon.colcon_core.verb:set package 'ros2_service' build argument 'catkin_cmake_args' from command line to 'None'
[0.817s] Level 5:colcon.colcon_core.verb:set package 'ros2_service' build argument 'catkin_skip_building_tests' from command line to 'False'
[0.817s] DEBUG:colcon.colcon_core.verb:Building package 'ros2_service' with the following arguments: {'ament_cmake_args': None, 'build_base': '/home/ziad/ziad_ws/ROS2/tutorials_work_sapce/build/ros2_service', 'catkin_cmake_args': None, 'catkin_skip_building_tests': False, 'cmake_args': None, 'cmake_clean_cache': False, 'cmake_clean_first': False, 'cmake_force_configure': False, 'cmake_target': None, 'cmake_target_skip_unavailable': False, 'install_base': '/home/ziad/ziad_ws/ROS2/tutorials_work_sapce/install/ros2_service', 'merge_install': False, 'path': '/home/ziad/ziad_ws/ROS2/tutorials_work_sapce/src/ros2_service', 'symlink_install': False, 'test_result_base': None}
[0.817s] Level 5:colcon.colcon_core.verb:set package 'simple_pub_sub' build argument 'cmake_args' from command line to 'None'
[0.817s] Level 5:colcon.colcon_core.verb:set package 'simple_pub_sub' build argument 'cmake_target' from command line to 'None'
[0.817s] Level 5:colcon.colcon_core.verb:set package 'simple_pub_sub' build argument 'cmake_target_skip_unavailable' from command line to 'False'
[0.817s] Level 5:colcon.colcon_core.verb:set package 'simple_pub_sub' build argument 'cmake_clean_cache' from command line to 'False'
[0.817s] Level 5:colcon.colcon_core.verb:set package 'simple_pub_sub' build argument 'cmake_clean_first' from command line to 'False'
[0.817s] Level 5:colcon.colcon_core.verb:set package 'simple_pub_sub' build argument 'cmake_force_configure' from command line to 'False'
[0.817s] Level 5:colcon.colcon_core.verb:set package 'simple_pub_sub' build argument 'ament_cmake_args' from command line to 'None'
[0.817s] Level 5:colcon.colcon_core.verb:set package 'simple_pub_sub' build argument 'catkin_cmake_args' from command line to 'None'
[0.817s] Level 5:colcon.colcon_core.verb:set package 'simple_pub_sub' build argument 'catkin_skip_building_tests' from command line to 'False'
[0.817s] DEBUG:colcon.colcon_core.verb:Building package 'simple_pub_sub' with the following arguments: {'ament_cmake_args': None, 'build_base': '/home/ziad/ziad_ws/ROS2/tutorials_work_sapce/build/simple_pub_sub', 'catkin_cmake_args': None, 'catkin_skip_building_tests': False, 'cmake_args': None, 'cmake_clean_cache': False, 'cmake_clean_first': False, 'cmake_force_configure': False, 'cmake_target': None, 'cmake_target_skip_unavailable': False, 'install_base': '/home/ziad/ziad_ws/ROS2/tutorials_work_sapce/install/simple_pub_sub', 'merge_install': False, 'path': '/home/ziad/ziad_ws/ROS2/tutorials_work_sapce/src/simple_pub_sub', 'symlink_install': False, 'test_result_base': None}
[0.817s] INFO:colcon.colcon_core.executor:Executing jobs using 'parallel' executor
[0.819s] DEBUG:colcon.colcon_parallel_executor.executor.parallel:run_until_complete
[0.819s] INFO:colcon.colcon_ros.task.ament_cmake.build:Building ROS package in '/home/ziad/ziad_ws/ROS2/tutorials_work_sapce/src/ros2_service' with build type 'ament_cmake'
[0.819s] INFO:colcon.colcon_cmake.task.cmake.build:Building CMake package in '/home/ziad/ziad_ws/ROS2/tutorials_work_sapce/src/ros2_service'
[0.827s] INFO:colcon.colcon_core.plugin_system:Skipping extension 'colcon_core.shell.bat': Not used on non-Windows systems
[0.828s] INFO:colcon.colcon_core.shell:Skip shell extension 'powershell' for command environment: Not usable outside of PowerShell
[0.828s] DEBUG:colcon.colcon_core.shell:Skip shell extension 'dsv' for command environment
[0.834s] INFO:colcon.colcon_ros.task.ament_cmake.build:Building ROS package in '/home/ziad/ziad_ws/ROS2/tutorials_work_sapce/src/simple_pub_sub' with build type 'ament_cmake'
[0.834s] INFO:colcon.colcon_cmake.task.cmake.build:Building CMake package in '/home/ziad/ziad_ws/ROS2/tutorials_work_sapce/src/simple_pub_sub'
[0.834s] INFO:colcon.colcon_core.shell:Skip shell extension 'powershell' for command environment: Not usable outside of PowerShell
[0.834s] DEBUG:colcon.colcon_core.shell:Skip shell extension 'dsv' for command environment
[0.852s] DEBUG:colcon.colcon_core.event_handler.log_command:Invoking command in '/home/ziad/ziad_ws/ROS2/tutorials_work_sapce/build/ros2_service': CMAKE_PREFIX_PATH=${CMAKE_PREFIX_PATH}:/opt/ros/jazzy DEBUGINFOD_URLS=https://debuginfod.ubuntu.com /usr/bin/cmake --build /home/ziad/ziad_ws/ROS2/tutorials_work_sapce/build/ros2_service -- -j4 -l4
[0.864s] DEBUG:colcon.colcon_core.event_handler.log_command:Invoking command in '/home/ziad/ziad_ws/ROS2/tutorials_work_sapce/build/simple_pub_sub': CMAKE_PREFIX_PATH=${CMAKE_PREFIX_PATH}:/opt/ros/jazzy DEBUGINFOD_URLS=https://debuginfod.ubuntu.com /usr/bin/cmake --build /home/ziad/ziad_ws/ROS2/tutorials_work_sapce/build/simple_pub_sub -- -j4 -l4
[22.933s] DEBUG:colcon.colcon_core.event_handler.log_command:Invoked command in '/home/ziad/ziad_ws/ROS2/tutorials_work_sapce/build/ros2_service' returned '0': CMAKE_PREFIX_PATH=${CMAKE_PREFIX_PATH}:/opt/ros/jazzy DEBUGINFOD_URLS=https://debuginfod.ubuntu.com /usr/bin/cmake --build /home/ziad/ziad_ws/ROS2/tutorials_work_sapce/build/ros2_service -- -j4 -l4
[22.981s] DEBUG:colcon.colcon_core.event_handler.log_command:Invoking command in '/home/ziad/ziad_ws/ROS2/tutorials_work_sapce/build/ros2_service': CMAKE_PREFIX_PATH=${CMAKE_PREFIX_PATH}:/opt/ros/jazzy DEBUGINFOD_URLS=https://debuginfod.ubuntu.com /usr/bin/cmake --install /home/ziad/ziad_ws/ROS2/tutorials_work_sapce/build/ros2_service
[23.233s] Level 1:colcon.colcon_core.environment:create_environment_scripts_only(ros2_service)
[23.234s] DEBUG:colcon.colcon_core.event_handler.log_command:Invoked command in '/home/ziad/ziad_ws/ROS2/tutorials_work_sapce/build/ros2_service' returned '0': CMAKE_PREFIX_PATH=${CMAKE_PREFIX_PATH}:/opt/ros/jazzy DEBUGINFOD_URLS=https://debuginfod.ubuntu.com /usr/bin/cmake --install /home/ziad/ziad_ws/ROS2/tutorials_work_sapce/build/ros2_service
[23.245s] Level 1:colcon.colcon_core.environment:checking '/home/ziad/ziad_ws/ROS2/tutorials_work_sapce/install/ros2_service' for CMake module files
[23.246s] Level 1:colcon.colcon_core.environment:checking '/home/ziad/ziad_ws/ROS2/tutorials_work_sapce/install/ros2_service' for CMake config files
[23.247s] Level 1:colcon.colcon_core.shell:create_environment_hook('ros2_service', 'cmake_prefix_path')
[23.247s] INFO:colcon.colcon_core.shell:Creating environment hook '/home/ziad/ziad_ws/ROS2/tutorials_work_sapce/install/ros2_service/share/ros2_service/hook/cmake_prefix_path.ps1'
[23.249s] INFO:colcon.colcon_core.shell:Creating environment descriptor '/home/ziad/ziad_ws/ROS2/tutorials_work_sapce/install/ros2_service/share/ros2_service/hook/cmake_prefix_path.dsv'
[23.250s] INFO:colcon.colcon_core.shell:Creating environment hook '/home/ziad/ziad_ws/ROS2/tutorials_work_sapce/install/ros2_service/share/ros2_service/hook/cmake_prefix_path.sh'
[23.251s] Level 1:colcon.colcon_core.environment:checking '/home/ziad/ziad_ws/ROS2/tutorials_work_sapce/install/ros2_service/lib'
[23.252s] Level 1:colcon.colcon_core.shell:create_environment_hook('ros2_service', 'ld_library_path_lib')
[23.252s] INFO:colcon.colcon_core.shell:Creating environment hook '/home/ziad/ziad_ws/ROS2/tutorials_work_sapce/install/ros2_service/share/ros2_service/hook/ld_library_path_lib.ps1'
[23.253s] INFO:colcon.colcon_core.shell:Creating environment descriptor '/home/ziad/ziad_ws/ROS2/tutorials_work_sapce/install/ros2_service/share/ros2_service/hook/ld_library_path_lib.dsv'
[23.253s] INFO:colcon.colcon_core.shell:Creating environment hook '/home/ziad/ziad_ws/ROS2/tutorials_work_sapce/install/ros2_service/share/ros2_service/hook/ld_library_path_lib.sh'
[23.254s] Level 1:colcon.colcon_core.environment:checking '/home/ziad/ziad_ws/ROS2/tutorials_work_sapce/install/ros2_service/bin'
[23.254s] Level 1:colcon.colcon_core.environment:checking '/home/ziad/ziad_ws/ROS2/tutorials_work_sapce/install/ros2_service/lib/pkgconfig/ros2_service.pc'
[23.255s] Level 1:colcon.colcon_core.environment:checking '/home/ziad/ziad_ws/ROS2/tutorials_work_sapce/install/ros2_service/lib/python3.12/site-packages'
[23.256s] Level 1:colcon.colcon_core.shell:create_environment_hook('ros2_service', 'pythonpath')
[23.256s] INFO:colcon.colcon_core.shell:Creating environment hook '/home/ziad/ziad_ws/ROS2/tutorials_work_sapce/install/ros2_service/share/ros2_service/hook/pythonpath.ps1'
[23.258s] INFO:colcon.colcon_core.shell:Creating environment descriptor '/home/ziad/ziad_ws/ROS2/tutorials_work_sapce/install/ros2_service/share/ros2_service/hook/pythonpath.dsv'
[23.259s] INFO:colcon.colcon_core.shell:Creating environment hook '/home/ziad/ziad_ws/ROS2/tutorials_work_sapce/install/ros2_service/share/ros2_service/hook/pythonpath.sh'
[23.260s] Level 1:colcon.colcon_core.environment:checking '/home/ziad/ziad_ws/ROS2/tutorials_work_sapce/install/ros2_service/bin'
[23.260s] INFO:colcon.colcon_core.shell:Creating package script '/home/ziad/ziad_ws/ROS2/tutorials_work_sapce/install/ros2_service/share/ros2_service/package.ps1'
[23.262s] INFO:colcon.colcon_core.shell:Creating package descriptor '/home/ziad/ziad_ws/ROS2/tutorials_work_sapce/install/ros2_service/share/ros2_service/package.dsv'
[23.262s] INFO:colcon.colcon_core.shell:Creating package script '/home/ziad/ziad_ws/ROS2/tutorials_work_sapce/install/ros2_service/share/ros2_service/package.sh'
[23.291s] INFO:colcon.colcon_core.shell:Creating package script '/home/ziad/ziad_ws/ROS2/tutorials_work_sapce/install/ros2_service/share/ros2_service/package.bash'
[23.293s] INFO:colcon.colcon_core.shell:Creating package script '/home/ziad/ziad_ws/ROS2/tutorials_work_sapce/install/ros2_service/share/ros2_service/package.zsh'
[23.303s] Level 1:colcon.colcon_core.environment:create_file_with_runtime_dependencies(/home/ziad/ziad_ws/ROS2/tutorials_work_sapce/install/ros2_service/share/colcon-core/packages/ros2_service)
[23.306s] Level 1:colcon.colcon_core.environment:create_environment_scripts_only(ros2_service)
[23.306s] Level 1:colcon.colcon_core.environment:checking '/home/ziad/ziad_ws/ROS2/tutorials_work_sapce/install/ros2_service' for CMake module files
[23.308s] Level 1:colcon.colcon_core.environment:checking '/home/ziad/ziad_ws/ROS2/tutorials_work_sapce/install/ros2_service' for CMake config files
[23.309s] Level 1:colcon.colcon_core.shell:create_environment_hook('ros2_service', 'cmake_prefix_path')
[23.310s] INFO:colcon.colcon_core.shell:Creating environment hook '/home/ziad/ziad_ws/ROS2/tutorials_work_sapce/install/ros2_service/share/ros2_service/hook/cmake_prefix_path.ps1'
[23.310s] INFO:colcon.colcon_core.shell:Creating environment descriptor '/home/ziad/ziad_ws/ROS2/tutorials_work_sapce/install/ros2_service/share/ros2_service/hook/cmake_prefix_path.dsv'
[23.311s] INFO:colcon.colcon_core.shell:Creating environment hook '/home/ziad/ziad_ws/ROS2/tutorials_work_sapce/install/ros2_service/share/ros2_service/hook/cmake_prefix_path.sh'
[23.312s] Level 1:colcon.colcon_core.environment:checking '/home/ziad/ziad_ws/ROS2/tutorials_work_sapce/install/ros2_service/lib'
[23.312s] Level 1:colcon.colcon_core.shell:create_environment_hook('ros2_service', 'ld_library_path_lib')
[23.312s] INFO:colcon.colcon_core.shell:Creating environment hook '/home/ziad/ziad_ws/ROS2/tutorials_work_sapce/install/ros2_service/share/ros2_service/hook/ld_library_path_lib.ps1'
[23.313s] INFO:colcon.colcon_core.shell:Creating environment descriptor '/home/ziad/ziad_ws/ROS2/tutorials_work_sapce/install/ros2_service/share/ros2_service/hook/ld_library_path_lib.dsv'
[23.314s] INFO:colcon.colcon_core.shell:Creating environment hook '/home/ziad/ziad_ws/ROS2/tutorials_work_sapce/install/ros2_service/share/ros2_service/hook/ld_library_path_lib.sh'
[23.314s] Level 1:colcon.colcon_core.environment:checking '/home/ziad/ziad_ws/ROS2/tutorials_work_sapce/install/ros2_service/bin'
[23.314s] Level 1:colcon.colcon_core.environment:checking '/home/ziad/ziad_ws/ROS2/tutorials_work_sapce/install/ros2_service/lib/pkgconfig/ros2_service.pc'
[23.315s] Level 1:colcon.colcon_core.environment:checking '/home/ziad/ziad_ws/ROS2/tutorials_work_sapce/install/ros2_service/lib/python3.12/site-packages'
[23.315s] Level 1:colcon.colcon_core.shell:create_environment_hook('ros2_service', 'pythonpath')
[23.315s] INFO:colcon.colcon_core.shell:Creating environment hook '/home/ziad/ziad_ws/ROS2/tutorials_work_sapce/install/ros2_service/share/ros2_service/hook/pythonpath.ps1'
[23.315s] INFO:colcon.colcon_core.shell:Creating environment descriptor '/home/ziad/ziad_ws/ROS2/tutorials_work_sapce/install/ros2_service/share/ros2_service/hook/pythonpath.dsv'
[23.316s] INFO:colcon.colcon_core.shell:Creating environment hook '/home/ziad/ziad_ws/ROS2/tutorials_work_sapce/install/ros2_service/share/ros2_service/hook/pythonpath.sh'
[23.317s] Level 1:colcon.colcon_core.environment:checking '/home/ziad/ziad_ws/ROS2/tutorials_work_sapce/install/ros2_service/bin'
[23.317s] INFO:colcon.colcon_core.shell:Creating package script '/home/ziad/ziad_ws/ROS2/tutorials_work_sapce/install/ros2_service/share/ros2_service/package.ps1'
[23.319s] INFO:colcon.colcon_core.shell:Creating package descriptor '/home/ziad/ziad_ws/ROS2/tutorials_work_sapce/install/ros2_service/share/ros2_service/package.dsv'
[23.321s] INFO:colcon.colcon_core.shell:Creating package script '/home/ziad/ziad_ws/ROS2/tutorials_work_sapce/install/ros2_service/share/ros2_service/package.sh'
[23.323s] INFO:colcon.colcon_core.shell:Creating package script '/home/ziad/ziad_ws/ROS2/tutorials_work_sapce/install/ros2_service/share/ros2_service/package.bash'
[23.324s] INFO:colcon.colcon_core.shell:Creating package script '/home/ziad/ziad_ws/ROS2/tutorials_work_sapce/install/ros2_service/share/ros2_service/package.zsh'
[23.324s] Level 1:colcon.colcon_core.environment:create_file_with_runtime_dependencies(/home/ziad/ziad_ws/ROS2/tutorials_work_sapce/install/ros2_service/share/colcon-core/packages/ros2_service)
[28.952s] DEBUG:colcon.colcon_core.event_handler.log_command:Invoked command in '/home/ziad/ziad_ws/ROS2/tutorials_work_sapce/build/simple_pub_sub' returned '0': CMAKE_PREFIX_PATH=${CMAKE_PREFIX_PATH}:/opt/ros/jazzy DEBUGINFOD_URLS=https://debuginfod.ubuntu.com /usr/bin/cmake --build /home/ziad/ziad_ws/ROS2/tutorials_work_sapce/build/simple_pub_sub -- -j4 -l4
[28.955s] DEBUG:colcon.colcon_core.event_handler.log_command:Invoking command in '/home/ziad/ziad_ws/ROS2/tutorials_work_sapce/build/simple_pub_sub': CMAKE_PREFIX_PATH=${CMAKE_PREFIX_PATH}:/opt/ros/jazzy DEBUGINFOD_URLS=https://debuginfod.ubuntu.com /usr/bin/cmake --install /home/ziad/ziad_ws/ROS2/tutorials_work_sapce/build/simple_pub_sub
[28.982s] Level 1:colcon.colcon_core.environment:create_environment_scripts_only(simple_pub_sub)
[28.983s] Level 1:colcon.colcon_core.environment:checking '/home/ziad/ziad_ws/ROS2/tutorials_work_sapce/install/simple_pub_sub' for CMake module files
[28.983s] DEBUG:colcon.colcon_core.event_handler.log_command:Invoked command in '/home/ziad/ziad_ws/ROS2/tutorials_work_sapce/build/simple_pub_sub' returned '0': CMAKE_PREFIX_PATH=${CMAKE_PREFIX_PATH}:/opt/ros/jazzy DEBUGINFOD_URLS=https://debuginfod.ubuntu.com /usr/bin/cmake --install /home/ziad/ziad_ws/ROS2/tutorials_work_sapce/build/simple_pub_sub
[28.984s] Level 1:colcon.colcon_core.environment:checking '/home/ziad/ziad_ws/ROS2/tutorials_work_sapce/install/simple_pub_sub' for CMake config files
[28.985s] Level 1:colcon.colcon_core.shell:create_environment_hook('simple_pub_sub', 'cmake_prefix_path')
[28.986s] INFO:colcon.colcon_core.shell:Creating environment hook '/home/ziad/ziad_ws/ROS2/tutorials_work_sapce/install/simple_pub_sub/share/simple_pub_sub/hook/cmake_prefix_path.ps1'
[28.987s] INFO:colcon.colcon_core.shell:Creating environment descriptor '/home/ziad/ziad_ws/ROS2/tutorials_work_sapce/install/simple_pub_sub/share/simple_pub_sub/hook/cmake_prefix_path.dsv'
[28.987s] INFO:colcon.colcon_core.shell:Creating environment hook '/home/ziad/ziad_ws/ROS2/tutorials_work_sapce/install/simple_pub_sub/share/simple_pub_sub/hook/cmake_prefix_path.sh'
[28.989s] Level 1:colcon.colcon_core.environment:checking '/home/ziad/ziad_ws/ROS2/tutorials_work_sapce/install/simple_pub_sub/lib'
[28.989s] Level 1:colcon.colcon_core.environment:checking '/home/ziad/ziad_ws/ROS2/tutorials_work_sapce/install/simple_pub_sub/bin'
[28.989s] Level 1:colcon.colcon_core.environment:checking '/home/ziad/ziad_ws/ROS2/tutorials_work_sapce/install/simple_pub_sub/lib/pkgconfig/simple_pub_sub.pc'
[28.989s] Level 1:colcon.colcon_core.environment:checking '/home/ziad/ziad_ws/ROS2/tutorials_work_sapce/install/simple_pub_sub/lib/python3.12/site-packages'
[28.990s] Level 1:colcon.colcon_core.environment:checking '/home/ziad/ziad_ws/ROS2/tutorials_work_sapce/install/simple_pub_sub/bin'
[28.990s] INFO:colcon.colcon_core.shell:Creating package script '/home/ziad/ziad_ws/ROS2/tutorials_work_sapce/install/simple_pub_sub/share/simple_pub_sub/package.ps1'
[28.991s] INFO:colcon.colcon_core.shell:Creating package descriptor '/home/ziad/ziad_ws/ROS2/tutorials_work_sapce/install/simple_pub_sub/share/simple_pub_sub/package.dsv'
[28.991s] INFO:colcon.colcon_core.shell:Creating package script '/home/ziad/ziad_ws/ROS2/tutorials_work_sapce/install/simple_pub_sub/share/simple_pub_sub/package.sh'
[28.992s] INFO:colcon.colcon_core.shell:Creating package script '/home/ziad/ziad_ws/ROS2/tutorials_work_sapce/install/simple_pub_sub/share/simple_pub_sub/package.bash'
[28.992s] INFO:colcon.colcon_core.shell:Creating package script '/home/ziad/ziad_ws/ROS2/tutorials_work_sapce/install/simple_pub_sub/share/simple_pub_sub/package.zsh'
[28.993s] Level 1:colcon.colcon_core.environment:create_file_with_runtime_dependencies(/home/ziad/ziad_ws/ROS2/tutorials_work_sapce/install/simple_pub_sub/share/colcon-core/packages/simple_pub_sub)
[28.993s] Level 1:colcon.colcon_core.environment:create_environment_scripts_only(simple_pub_sub)
[28.993s] Level 1:colcon.colcon_core.environment:checking '/home/ziad/ziad_ws/ROS2/tutorials_work_sapce/install/simple_pub_sub' for CMake module files
[28.994s] Level 1:colcon.colcon_core.environment:checking '/home/ziad/ziad_ws/ROS2/tutorials_work_sapce/install/simple_pub_sub' for CMake config files
[28.995s] Level 1:colcon.colcon_core.shell:create_environment_hook('simple_pub_sub', 'cmake_prefix_path')
[28.995s] INFO:colcon.colcon_core.shell:Creating environment hook '/home/ziad/ziad_ws/ROS2/tutorials_work_sapce/install/simple_pub_sub/share/simple_pub_sub/hook/cmake_prefix_path.ps1'
[28.996s] INFO:colcon.colcon_core.shell:Creating environment descriptor '/home/ziad/ziad_ws/ROS2/tutorials_work_sapce/install/simple_pub_sub/share/simple_pub_sub/hook/cmake_prefix_path.dsv'
[28.997s] INFO:colcon.colcon_core.shell:Creating environment hook '/home/ziad/ziad_ws/ROS2/tutorials_work_sapce/install/simple_pub_sub/share/simple_pub_sub/hook/cmake_prefix_path.sh'
[28.998s] Level 1:colcon.colcon_core.environment:checking '/home/ziad/ziad_ws/ROS2/tutorials_work_sapce/install/simple_pub_sub/lib'
[28.998s] Level 1:colcon.colcon_core.environment:checking '/home/ziad/ziad_ws/ROS2/tutorials_work_sapce/install/simple_pub_sub/bin'
[28.998s] Level 1:colcon.colcon_core.environment:checking '/home/ziad/ziad_ws/ROS2/tutorials_work_sapce/install/simple_pub_sub/lib/pkgconfig/simple_pub_sub.pc'
[28.998s] Level 1:colcon.colcon_core.environment:checking '/home/ziad/ziad_ws/ROS2/tutorials_work_sapce/install/simple_pub_sub/lib/python3.12/site-packages'
[28.999s] Level 1:colcon.colcon_core.environment:checking '/home/ziad/ziad_ws/ROS2/tutorials_work_sapce/install/simple_pub_sub/bin'
[28.999s] INFO:colcon.colcon_core.shell:Creating package script '/home/ziad/ziad_ws/ROS2/tutorials_work_sapce/install/simple_pub_sub/share/simple_pub_sub/package.ps1'
[29.000s] INFO:colcon.colcon_core.shell:Creating package descriptor '/home/ziad/ziad_ws/ROS2/tutorials_work_sapce/install/simple_pub_sub/share/simple_pub_sub/package.dsv'
[29.001s] INFO:colcon.colcon_core.shell:Creating package script '/home/ziad/ziad_ws/ROS2/tutorials_work_sapce/install/simple_pub_sub/share/simple_pub_sub/package.sh'
[29.001s] INFO:colcon.colcon_core.shell:Creating package script '/home/ziad/ziad_ws/ROS2/tutorials_work_sapce/install/simple_pub_sub/share/simple_pub_sub/package.bash'
[29.003s] INFO:colcon.colcon_core.shell:Creating package script '/home/ziad/ziad_ws/ROS2/tutorials_work_sapce/install/simple_pub_sub/share/simple_pub_sub/package.zsh'
[29.005s] Level 1:colcon.colcon_core.environment:create_file_with_runtime_dependencies(/home/ziad/ziad_ws/ROS2/tutorials_work_sapce/install/simple_pub_sub/share/colcon-core/packages/simple_pub_sub)
[29.005s] DEBUG:colcon.colcon_parallel_executor.executor.parallel:closing loop
[29.006s] DEBUG:colcon.colcon_parallel_executor.executor.parallel:loop closed
[29.006s] DEBUG:colcon.colcon_parallel_executor.executor.parallel:run_until_complete finished with '0'
[29.006s] DEBUG:colcon.colcon_core.event_reactor:joining thread
[29.023s] INFO:colcon.colcon_core.plugin_system:Skipping extension 'colcon_notification.desktop_notification.terminal_notifier': Not used on non-Darwin systems
[29.023s] INFO:colcon.colcon_core.plugin_system:Skipping extension 'colcon_notification.desktop_notification.win32': Not used on non-Windows systems
[29.024s] INFO:colcon.colcon_notification.desktop_notification:Sending desktop notification using 'notify2'
[29.068s] DEBUG:colcon.colcon_core.event_reactor:joined thread
[29.069s] INFO:colcon.colcon_core.shell:Creating prefix script '/home/ziad/ziad_ws/ROS2/tutorials_work_sapce/install/local_setup.ps1'
[29.071s] INFO:colcon.colcon_core.shell:Creating prefix util module '/home/ziad/ziad_ws/ROS2/tutorials_work_sapce/install/_local_setup_util_ps1.py'
[29.074s] INFO:colcon.colcon_core.shell:Creating prefix chain script '/home/ziad/ziad_ws/ROS2/tutorials_work_sapce/install/setup.ps1'
[29.077s] INFO:colcon.colcon_core.shell:Creating prefix script '/home/ziad/ziad_ws/ROS2/tutorials_work_sapce/install/local_setup.sh'
[29.078s] INFO:colcon.colcon_core.shell:Creating prefix util module '/home/ziad/ziad_ws/ROS2/tutorials_work_sapce/install/_local_setup_util_sh.py'
[29.079s] INFO:colcon.colcon_core.shell:Creating prefix chain script '/home/ziad/ziad_ws/ROS2/tutorials_work_sapce/install/setup.sh'
[29.081s] INFO:colcon.colcon_core.shell:Creating prefix script '/home/ziad/ziad_ws/ROS2/tutorials_work_sapce/install/local_setup.bash'
[29.082s] INFO:colcon.colcon_core.shell:Creating prefix chain script '/home/ziad/ziad_ws/ROS2/tutorials_work_sapce/install/setup.bash'
[29.084s] INFO:colcon.colcon_core.shell:Creating prefix script '/home/ziad/ziad_ws/ROS2/tutorials_work_sapce/install/local_setup.zsh'
[29.085s] INFO:colcon.colcon_core.shell:Creating prefix chain script '/home/ziad/ziad_ws/ROS2/tutorials_work_sapce/install/setup.zsh'
