[0.037s] Invoking command in '/home/ziad/Ziad_WS/ROS2/work_space/build/robot_description': CMAKE_PREFIX_PATH=${CMAKE_PREFIX_PATH}:/opt/ros/humble /usr/bin/cmake /home/ziad/Ziad_WS/ROS2/work_space/src/robot_description -DAMENT_CMAKE_SYMLINK_INSTALL=1 -DCMAKE_INSTALL_PREFIX=/home/ziad/Ziad_WS/ROS2/work_space/install/robot_description
[0.280s] -- The C compiler identification is GNU 11.4.0
[0.512s] -- The CXX compiler identification is GNU 11.4.0
[0.523s] -- Detecting C compiler ABI info
[0.655s] -- Detecting C compiler ABI info - done
[0.670s] -- Check for working C compiler: /usr/bin/cc - skipped
[0.671s] -- Detecting C compile features
[0.672s] -- Detecting C compile features - done
[0.678s] -- Detecting CXX compiler ABI info
[0.831s] -- Detecting CXX compiler ABI info - done
[0.851s] -- Check for working CXX compiler: /usr/bin/c++ - skipped
[0.852s] -- Detecting CXX compile features
[0.854s] -- Detecting CXX compile features - done
[0.866s] -- Found ament_cmake: 1.3.12 (/opt/ros/humble/share/ament_cmake/cmake)
[2.727s] -- Found Python3: /usr/bin/python3 (found version "3.10.12") found components: Interpreter 
[2.853s] -- Override CMake install command with custom implementation using symlinks instead of copying resources
[2.927s] -- Found ament_lint_auto: 0.12.14 (/opt/ros/humble/share/ament_lint_auto/cmake)
[3.134s] -- Added test 'flake8' to check Python code syntax and style conventions
[3.135s] -- Added test 'lint_cmake' to check CMake code style
[3.135s] -- Added test 'pep257' to check Python code against some of the docstring style conventions in PEP 257
[3.137s] -- Added test 'xmllint' to check XML markup files
[3.140s] -- Configuring done
[3.145s] -- Generating done
[3.148s] -- Build files have been written to: /home/ziad/Ziad_WS/ROS2/work_space/build/robot_description
[3.157s] Invoked command in '/home/ziad/Ziad_WS/ROS2/work_space/build/robot_description' returned '0': CMAKE_PREFIX_PATH=${CMAKE_PREFIX_PATH}:/opt/ros/humble /usr/bin/cmake /home/ziad/Ziad_WS/ROS2/work_space/src/robot_description -DAMENT_CMAKE_SYMLINK_INSTALL=1 -DCMAKE_INSTALL_PREFIX=/home/ziad/Ziad_WS/ROS2/work_space/install/robot_description
[3.162s] Invoking command in '/home/ziad/Ziad_WS/ROS2/work_space/build/robot_description': CMAKE_PREFIX_PATH=${CMAKE_PREFIX_PATH}:/opt/ros/humble /usr/bin/cmake --build /home/ziad/Ziad_WS/ROS2/work_space/build/robot_description -- -j4 -l4
[3.249s] Invoked command in '/home/ziad/Ziad_WS/ROS2/work_space/build/robot_description' returned '0': CMAKE_PREFIX_PATH=${CMAKE_PREFIX_PATH}:/opt/ros/humble /usr/bin/cmake --build /home/ziad/Ziad_WS/ROS2/work_space/build/robot_description -- -j4 -l4
[3.252s] Invoking command in '/home/ziad/Ziad_WS/ROS2/work_space/build/robot_description': CMAKE_PREFIX_PATH=${CMAKE_PREFIX_PATH}:/opt/ros/humble /usr/bin/cmake --install /home/ziad/Ziad_WS/ROS2/work_space/build/robot_description
[3.272s] -- Install configuration: ""
[3.272s] -- Execute custom install script
[3.272s] -- Symlinking: /home/ziad/Ziad_WS/ROS2/work_space/install/robot_description/share/ament_index/resource_index/package_run_dependencies/robot_description
[3.290s] -- Symlinking: /home/ziad/Ziad_WS/ROS2/work_space/install/robot_description/share/ament_index/resource_index/parent_prefix_path/robot_description
[3.304s] -- Symlinking: /home/ziad/Ziad_WS/ROS2/work_space/install/robot_description/share/robot_description/environment/ament_prefix_path.sh
[3.323s] -- Symlinking: /home/ziad/Ziad_WS/ROS2/work_space/install/robot_description/share/robot_description/environment/ament_prefix_path.dsv
[3.345s] -- Symlinking: /home/ziad/Ziad_WS/ROS2/work_space/install/robot_description/share/robot_description/environment/path.sh
[3.361s] -- Symlinking: /home/ziad/Ziad_WS/ROS2/work_space/install/robot_description/share/robot_description/environment/path.dsv
[3.377s] -- Symlinking: /home/ziad/Ziad_WS/ROS2/work_space/install/robot_description/share/robot_description/local_setup.bash
[3.393s] -- Symlinking: /home/ziad/Ziad_WS/ROS2/work_space/install/robot_description/share/robot_description/local_setup.sh
[3.405s] -- Symlinking: /home/ziad/Ziad_WS/ROS2/work_space/install/robot_description/share/robot_description/local_setup.zsh
[3.421s] -- Symlinking: /home/ziad/Ziad_WS/ROS2/work_space/install/robot_description/share/robot_description/local_setup.dsv
[3.439s] -- Symlinking: /home/ziad/Ziad_WS/ROS2/work_space/install/robot_description/share/robot_description/package.dsv
[3.457s] -- Symlinking: /home/ziad/Ziad_WS/ROS2/work_space/install/robot_description/share/ament_index/resource_index/packages/robot_description
[3.470s] -- Symlinking: /home/ziad/Ziad_WS/ROS2/work_space/install/robot_description/share/robot_description/cmake/robot_descriptionConfig.cmake
[3.487s] -- Symlinking: /home/ziad/Ziad_WS/ROS2/work_space/install/robot_description/share/robot_description/cmake/robot_descriptionConfig-version.cmake
[3.505s] -- Symlinking: /home/ziad/Ziad_WS/ROS2/work_space/install/robot_description/share/robot_description/package.xml
[3.524s] Invoked command in '/home/ziad/Ziad_WS/ROS2/work_space/build/robot_description' returned '0': CMAKE_PREFIX_PATH=${CMAKE_PREFIX_PATH}:/opt/ros/humble /usr/bin/cmake --install /home/ziad/Ziad_WS/ROS2/work_space/build/robot_description
