[0.074s] Invoking command in '/home/ziad/Ziad_WS/ROS2/work_space/build/turtlebot3_custom': CMAKE_PREFIX_PATH=/opt/ros/humble /usr/bin/cmake --build /home/ziad/Ziad_WS/ROS2/work_space/build/turtlebot3_custom -- -j4 -l4
[0.437s] [35m[1mConsolidate compiler generated dependencies of target turtlebot3_controller[0m
[0.448s] [  2%] Built target turtlebot3_custom__cpp
[0.503s] [ 10%] Built target turtlebot3_custom__rosidl_generator_c
[0.527s] [ 10%] Built target ament_cmake_python_copy_turtlebot3_custom
[0.534s] [ 18%] Built target turtlebot3_custom__rosidl_typesupport_cpp
[0.552s] [ 20%] [32mBuilding CXX object CMakeFiles/turtlebot3_controller.dir/src/turtlebot3_controller.cpp.o[0m
[0.833s] [ 28%] Built target turtlebot3_custom__rosidl_typesupport_fastrtps_cpp
[0.876s] [ 36%] Built target turtlebot3_custom__rosidl_typesupport_c
[0.969s] [ 44%] Built target turtlebot3_custom__rosidl_typesupport_introspection_c
[1.066s] [ 48%] Built target robot_status_server
[1.088s] [ 57%] Built target turtlebot3_custom__rosidl_typesupport_introspection_cpp
[1.155s] [ 61%] Built target status_client
[1.247s] [ 65%] Built target navigation_action_server
[1.675s] [ 69%] Built target navigation_client
[1.710s] [ 77%] Built target turtlebot3_custom__rosidl_typesupport_fastrtps_c
[1.770s] [ 77%] Built target turtlebot3_custom
[1.842s] [ 79%] Built target turtlebot3_custom__py
[1.949s] [ 85%] Built target turtlebot3_custom__rosidl_generator_py
[2.028s] running egg_info
[2.044s] [ 89%] Built target turtlebot3_custom__rosidl_typesupport_fastrtps_c__pyext
[2.062s] [ 93%] Built target turtlebot3_custom__rosidl_typesupport_introspection_c__pyext
[2.074s] writing turtlebot3_custom.egg-info/PKG-INFO
[2.075s] writing dependency_links to turtlebot3_custom.egg-info/dependency_links.txt
[2.075s] writing top-level names to turtlebot3_custom.egg-info/top_level.txt
[2.156s] [ 97%] Built target turtlebot3_custom__rosidl_typesupport_c__pyext
[2.195s] reading manifest file 'turtlebot3_custom.egg-info/SOURCES.txt'
[2.202s] writing manifest file 'turtlebot3_custom.egg-info/SOURCES.txt'
[2.271s] [ 97%] Built target ament_cmake_python_build_turtlebot3_custom_egg
[18.692s] [100%] [32m[1mLinking CXX executable turtlebot3_controller[0m
[19.676s] [100%] Built target turtlebot3_controller
