[0.029s] Invoking command in '/home/ziad/Ziad_WS/ROS2/ziad_ws/build/rviz_marker_tools': CMAKE_PREFIX_PATH=${CMAKE_PREFIX_PATH}:/opt/ros/humble /usr/bin/cmake /home/ziad/Ziad_WS/ROS2/ziad_ws/src/moveit_task_constructor/rviz_marker_tools -DAMENT_CMAKE_SYMLINK_INSTALL=1 -DCMAKE_INSTALL_PREFIX=/home/ziad/Ziad_WS/ROS2/ziad_ws/install/rviz_marker_tools
[0.172s] -- The C compiler identification is GNU 11.4.0
[0.306s] -- The CXX compiler identification is GNU 11.4.0
[0.320s] -- Detecting C compiler ABI info
[0.415s] -- Detecting C compiler ABI info - done
[0.427s] -- Check for working C compiler: /usr/bin/cc - skipped
[0.428s] -- Detecting C compile features
[0.429s] -- Detecting C compile features - done
[0.434s] -- Detecting CXX compiler ABI info
[0.551s] -- Detecting CXX compiler ABI info - done
[0.562s] -- Check for working CXX compiler: /usr/bin/c++ - skipped
[0.562s] -- Detecting CXX compile features
[0.563s] -- Detecting CXX compile features - done
[0.575s] -- Found ament_cmake: 1.3.12 (/opt/ros/humble/share/ament_cmake/cmake)
[1.917s] -- Found Python3: /usr/bin/python3 (found version "3.10.12") found components: Interpreter 
[2.008s] -- Override CMake install command with custom implementation using symlinks instead of copying resources
[2.057s] -- Found moveit_common: 2.5.9 (/opt/ros/humble/share/moveit_common/cmake)
[2.220s] [0mrviz_marker_tools: You did not request a specific build type: Choosing 'Release' for maximum performance[0m
[2.223s] -- Found eigen3_cmake_module: 0.1.1 (/opt/ros/humble/share/eigen3_cmake_module/cmake)
[2.245s] -- Found Eigen3: TRUE (found version "3.4.0") 
[2.249s] -- Found geometry_msgs: 4.9.0 (/opt/ros/humble/share/geometry_msgs/cmake)
[2.325s] -- Found rosidl_generator_c: 3.1.7 (/opt/ros/humble/share/rosidl_generator_c/cmake)
[2.335s] -- Found rosidl_adapter: 3.1.7 (/opt/ros/humble/share/rosidl_adapter/cmake)
[2.347s] -- Found rosidl_generator_cpp: 3.1.7 (/opt/ros/humble/share/rosidl_generator_cpp/cmake)
[2.368s] -- Using all available rosidl_typesupport_c: rosidl_typesupport_fastrtps_c;rosidl_typesupport_introspection_c
[2.395s] -- Using all available rosidl_typesupport_cpp: rosidl_typesupport_fastrtps_cpp;rosidl_typesupport_introspection_cpp
[2.465s] -- Found rclcpp: 16.0.14 (/opt/ros/humble/share/rclcpp/cmake)
[2.562s] -- Found rmw_implementation_cmake: 6.1.2 (/opt/ros/humble/share/rmw_implementation_cmake/cmake)
[2.567s] -- Found rmw_fastrtps_cpp: 6.2.8 (/opt/ros/humble/share/rmw_fastrtps_cpp/cmake)
[2.705s] -- Found OpenSSL: /usr/lib/x86_64-linux-gnu/libcrypto.so (found version "3.0.2")  
[2.759s] -- Found FastRTPS: /opt/ros/humble/include  
[2.832s] -- Using RMW implementation 'rmw_fastrtps_cpp' as default
[2.856s] -- Looking for pthread.h
[3.004s] -- Looking for pthread.h - found
[3.004s] -- Performing Test CMAKE_HAVE_LIBC_PTHREAD
[3.167s] -- Performing Test CMAKE_HAVE_LIBC_PTHREAD - Success
[3.169s] -- Found Threads: TRUE  
[3.247s] -- Found tf2_eigen: 0.25.16 (/opt/ros/humble/share/tf2_eigen/cmake)
[3.408s] -- Found visualization_msgs: 4.9.0 (/opt/ros/humble/share/visualization_msgs/cmake)
[3.485s] -- Configuring done
[3.502s] -- Generating done
[3.507s] -- Build files have been written to: /home/ziad/Ziad_WS/ROS2/ziad_ws/build/rviz_marker_tools
[3.524s] Invoked command in '/home/ziad/Ziad_WS/ROS2/ziad_ws/build/rviz_marker_tools' returned '0': CMAKE_PREFIX_PATH=${CMAKE_PREFIX_PATH}:/opt/ros/humble /usr/bin/cmake /home/ziad/Ziad_WS/ROS2/ziad_ws/src/moveit_task_constructor/rviz_marker_tools -DAMENT_CMAKE_SYMLINK_INSTALL=1 -DCMAKE_INSTALL_PREFIX=/home/ziad/Ziad_WS/ROS2/ziad_ws/install/rviz_marker_tools
[3.526s] Invoking command in '/home/ziad/Ziad_WS/ROS2/ziad_ws/build/rviz_marker_tools': CMAKE_PREFIX_PATH=${CMAKE_PREFIX_PATH}:/opt/ros/humble /usr/bin/cmake --build /home/ziad/Ziad_WS/ROS2/ziad_ws/build/rviz_marker_tools -- -j4 -l4
[3.596s] [ 50%] [32mBuilding CXX object CMakeFiles/rviz_marker_tools.dir/src/marker_creation.cpp.o[0m
[20.736s] [100%] [32m[1mLinking CXX shared library librviz_marker_tools.so[0m
[21.707s] [100%] Built target rviz_marker_tools
[21.768s] Invoked command in '/home/ziad/Ziad_WS/ROS2/ziad_ws/build/rviz_marker_tools' returned '0': CMAKE_PREFIX_PATH=${CMAKE_PREFIX_PATH}:/opt/ros/humble /usr/bin/cmake --build /home/ziad/Ziad_WS/ROS2/ziad_ws/build/rviz_marker_tools -- -j4 -l4
[21.775s] Invoking command in '/home/ziad/Ziad_WS/ROS2/ziad_ws/build/rviz_marker_tools': CMAKE_PREFIX_PATH=${CMAKE_PREFIX_PATH}:/opt/ros/humble /usr/bin/cmake --install /home/ziad/Ziad_WS/ROS2/ziad_ws/build/rviz_marker_tools
[21.818s] -- Install configuration: "Release"
[21.819s] -- Execute custom install script
[21.828s] -- Symlinking: /home/ziad/Ziad_WS/ROS2/ziad_ws/install/rviz_marker_tools/include/rviz_marker_tools/marker_creation.h
[21.882s] -- Symlinking: /home/ziad/Ziad_WS/ROS2/ziad_ws/install/rviz_marker_tools/share/rviz_marker_tools/environment/library_path.sh
[21.924s] -- Symlinking: /home/ziad/Ziad_WS/ROS2/ziad_ws/install/rviz_marker_tools/share/rviz_marker_tools/environment/library_path.dsv
[21.969s] -- Symlinking: /home/ziad/Ziad_WS/ROS2/ziad_ws/install/rviz_marker_tools/share/ament_index/resource_index/package_run_dependencies/rviz_marker_tools
[22.014s] -- Symlinking: /home/ziad/Ziad_WS/ROS2/ziad_ws/install/rviz_marker_tools/share/ament_index/resource_index/parent_prefix_path/rviz_marker_tools
[22.053s] -- Symlinking: /home/ziad/Ziad_WS/ROS2/ziad_ws/install/rviz_marker_tools/share/rviz_marker_tools/environment/ament_prefix_path.sh
[22.115s] -- Symlinking: /home/ziad/Ziad_WS/ROS2/ziad_ws/install/rviz_marker_tools/share/rviz_marker_tools/environment/ament_prefix_path.dsv
[22.162s] -- Symlinking: /home/ziad/Ziad_WS/ROS2/ziad_ws/install/rviz_marker_tools/share/rviz_marker_tools/environment/path.sh
[22.212s] -- Symlinking: /home/ziad/Ziad_WS/ROS2/ziad_ws/install/rviz_marker_tools/share/rviz_marker_tools/environment/path.dsv
[22.275s] -- Symlinking: /home/ziad/Ziad_WS/ROS2/ziad_ws/install/rviz_marker_tools/share/rviz_marker_tools/local_setup.bash
[22.297s] -- Symlinking: /home/ziad/Ziad_WS/ROS2/ziad_ws/install/rviz_marker_tools/share/rviz_marker_tools/local_setup.sh
[22.363s] -- Symlinking: /home/ziad/Ziad_WS/ROS2/ziad_ws/install/rviz_marker_tools/share/rviz_marker_tools/local_setup.zsh
[22.404s] -- Symlinking: /home/ziad/Ziad_WS/ROS2/ziad_ws/install/rviz_marker_tools/share/rviz_marker_tools/local_setup.dsv
[22.450s] -- Symlinking: /home/ziad/Ziad_WS/ROS2/ziad_ws/install/rviz_marker_tools/share/rviz_marker_tools/package.dsv
[22.483s] -- Symlinking: /home/ziad/Ziad_WS/ROS2/ziad_ws/install/rviz_marker_tools/share/ament_index/resource_index/packages/rviz_marker_tools
[22.531s] -- Symlinking: /home/ziad/Ziad_WS/ROS2/ziad_ws/install/rviz_marker_tools/share/rviz_marker_tools/cmake/ament_cmake_export_targets-extras.cmake
[22.574s] -- Symlinking: /home/ziad/Ziad_WS/ROS2/ziad_ws/install/rviz_marker_tools/share/rviz_marker_tools/cmake/ament_cmake_export_dependencies-extras.cmake
[22.612s] -- Symlinking: /home/ziad/Ziad_WS/ROS2/ziad_ws/install/rviz_marker_tools/share/rviz_marker_tools/cmake/rviz_marker_toolsConfig.cmake
[22.654s] -- Symlinking: /home/ziad/Ziad_WS/ROS2/ziad_ws/install/rviz_marker_tools/share/rviz_marker_tools/cmake/rviz_marker_toolsConfig-version.cmake
[22.675s] -- Symlinking: /home/ziad/Ziad_WS/ROS2/ziad_ws/install/rviz_marker_tools/share/rviz_marker_tools/package.xml
[22.717s] -- Installing: /home/ziad/Ziad_WS/ROS2/ziad_ws/install/rviz_marker_tools/lib/librviz_marker_tools.so
[22.720s] -- Set runtime path of "/home/ziad/Ziad_WS/ROS2/ziad_ws/install/rviz_marker_tools/lib/librviz_marker_tools.so" to ""
[22.727s] -- Installing: /home/ziad/Ziad_WS/ROS2/ziad_ws/install/rviz_marker_tools/share/rviz_marker_tools/cmake/rviz_marker_toolsTargetsExport.cmake
[22.728s] -- Installing: /home/ziad/Ziad_WS/ROS2/ziad_ws/install/rviz_marker_tools/share/rviz_marker_tools/cmake/rviz_marker_toolsTargetsExport-release.cmake
[22.747s] Invoked command in '/home/ziad/Ziad_WS/ROS2/ziad_ws/build/rviz_marker_tools' returned '0': CMAKE_PREFIX_PATH=${CMAKE_PREFIX_PATH}:/opt/ros/humble /usr/bin/cmake --install /home/ziad/Ziad_WS/ROS2/ziad_ws/build/rviz_marker_tools
