[0.035s] Invoking command in '/home/ziad/Ziad_WS/ROS2/work_space/build/moveit2_tutorials': CMAKE_PREFIX_PATH=${CMAKE_PREFIX_PATH}:/opt/ros/humble /usr/bin/cmake /home/ziad/Ziad_WS/ROS2/work_space/src/moveit2_tutorials -DCMAKE_BUILD_TYPE=Release -DCMAKE_INSTALL_PREFIX=/home/ziad/Ziad_WS/ROS2/work_space/install/moveit2_tutorials
[0.058s] -- Found moveit_common: 2.5.9 (/opt/ros/humble/share/moveit_common/cmake)
[0.059s] -- Found ament_cmake: 1.3.12 (/opt/ros/humble/share/ament_cmake/cmake)
[0.702s] -- Found Boost: /usr/lib/x86_64-linux-gnu/cmake/Boost-1.74.0/BoostConfig.cmake (found version "1.74.0") found components: system filesystem date_time thread 
[0.704s] -- Found control_msgs: 4.8.0 (/opt/ros/humble/share/control_msgs/cmake)
[0.745s] -- Found rosidl_generator_c: 3.1.7 (/opt/ros/humble/share/rosidl_generator_c/cmake)
[0.749s] -- Found rosidl_adapter: 3.1.7 (/opt/ros/humble/share/rosidl_adapter/cmake)
[0.756s] -- Found rosidl_generator_cpp: 3.1.7 (/opt/ros/humble/share/rosidl_generator_cpp/cmake)
[0.770s] -- Using all available rosidl_typesupport_c: rosidl_typesupport_fastrtps_c;rosidl_typesupport_introspection_c
[0.800s] -- Using all available rosidl_typesupport_cpp: rosidl_typesupport_fastrtps_cpp;rosidl_typesupport_introspection_cpp
[1.119s] -- Found moveit_core: 2.5.9 (/opt/ros/humble/share/moveit_core/cmake)
[1.153s] -- Found Boost: /usr/lib/x86_64-linux-gnu/cmake/Boost-1.74.0/BoostConfig.cmake (found version "1.74.0") found components: chrono date_time filesystem iostreams program_options regex serialization system thread 
[1.316s] -- Found parameter_traits: 0.5.0 (/opt/ros/humble/share/parameter_traits/cmake)
[1.484s] -- Found rmw_implementation_cmake: 6.1.2 (/opt/ros/humble/share/rmw_implementation_cmake/cmake)
[1.497s] -- Found rmw_fastrtps_cpp: 6.2.8 (/opt/ros/humble/share/rmw_fastrtps_cpp/cmake)
[1.949s] -- Using RMW implementation 'rmw_fastrtps_cpp' as default
[2.130s] -- Found rclcpp_lifecycle: 16.0.14 (/opt/ros/humble/share/rclcpp_lifecycle/cmake)
[2.180s] -- Found Boost: /usr/lib/x86_64-linux-gnu/cmake/Boost-1.74.0/BoostConfig.cmake (found version "1.74.0") found components: filesystem 
[2.274s] -- library: /usr/lib/x86_64-linux-gnu/libcurl.so
[2.456s] -- Ensuring Eigen3 include directory is part of orocos-kdl CMake target
[2.938s] -- Configuring incomplete, errors occurred!
[2.939s] See also "/home/ziad/Ziad_WS/ROS2/work_space/build/moveit2_tutorials/CMakeFiles/CMakeOutput.log".
[2.940s] [31mCMake Error at CMakeLists.txt:13 (find_package):
[2.940s]   By not providing "Findmoveit_task_constructor_core.cmake" in
[2.940s]   CMAKE_MODULE_PATH this project has asked CMake to find a package
[2.940s]   configuration file provided by "moveit_task_constructor_core", but CMake
[2.940s]   did not find one.
[2.940s] 
[2.941s]   Could not find a package configuration file provided by
[2.941s]   "moveit_task_constructor_core" with any of the following names:
[2.941s] 
[2.941s]     moveit_task_constructor_coreConfig.cmake
[2.941s]     moveit_task_constructor_core-config.cmake
[2.941s] 
[2.941s]   Add the installation prefix of "moveit_task_constructor_core" to
[2.941s]   CMAKE_PREFIX_PATH or set "moveit_task_constructor_core_DIR" to a directory
[2.941s]   containing one of the above files.  If "moveit_task_constructor_core"
[2.942s]   provides a separate development package or SDK, be sure it has been
[2.942s]   installed.
[2.942s] 
[2.942s] [0m
[2.971s] Invoked command in '/home/ziad/Ziad_WS/ROS2/work_space/build/moveit2_tutorials' returned '1': CMAKE_PREFIX_PATH=${CMAKE_PREFIX_PATH}:/opt/ros/humble /usr/bin/cmake /home/ziad/Ziad_WS/ROS2/work_space/src/moveit2_tutorials -DCMAKE_BUILD_TYPE=Release -DCMAKE_INSTALL_PREFIX=/home/ziad/Ziad_WS/ROS2/work_space/install/moveit2_tutorials
