[  2%] Built target turtlebot3_custom__cpp
[ 10%] Built target turtlebot3_custom__rosidl_generator_c
[ 14%] Built target turtlebot3_controller
[ 14%] Built target ament_cmake_python_copy_turtlebot3_custom
[ 22%] Built target turtlebot3_custom__rosidl_typesupport_cpp
[ 30%] Built target turtlebot3_custom__rosidl_typesupport_fastrtps_cpp
[ 38%] Built target turtlebot3_custom__rosidl_typesupport_introspection_c
[ 46%] Built target turtlebot3_custom__rosidl_typesupport_c
[ 55%] Built target turtlebot3_custom__rosidl_typesupport_introspection_cpp
[ 59%] Built target robot_status_server
[ 63%] Built target status_client
[ 67%] Built target navigation_action_server
[ 71%] Built target navigation_client
[ 79%] Built target turtlebot3_custom__rosidl_typesupport_fastrtps_c
[ 79%] Built target turtlebot3_custom
[ 81%] Built target turtlebot3_custom__py
[ 87%] Built target turtlebot3_custom__rosidl_generator_py
[ 91%] Built target turtlebot3_custom__rosidl_typesupport_c__pyext
[ 95%] Built target turtlebot3_custom__rosidl_typesupport_introspection_c__pyext
[100%] Built target turtlebot3_custom__rosidl_typesupport_fastrtps_c__pyext
running egg_info
writing turtlebot3_custom.egg-info/PKG-INFO
writing dependency_links to turtlebot3_custom.egg-info/dependency_links.txt
writing top-level names to turtlebot3_custom.egg-info/top_level.txt
reading manifest file 'turtlebot3_custom.egg-info/SOURCES.txt'
writing manifest file 'turtlebot3_custom.egg-info/SOURCES.txt'
[100%] Built target ament_cmake_python_build_turtlebot3_custom_egg
