[0.057s] Invoking command in '/home/ziad/Ziad_WS/ROS2/work_space/build/turtlebot3_custom': CMAKE_PREFIX_PATH=/opt/ros/humble /usr/bin/cmake --build /home/ziad/Ziad_WS/ROS2/work_space/build/turtlebot3_custom -- -j4 -l4
[0.251s] [  2%] Built target turtlebot3_custom__cpp
[0.310s] [ 10%] Built target turtlebot3_custom__rosidl_generator_c
[0.324s] [ 14%] Built target turtlebot3_controller
[0.346s] [ 14%] Built target ament_cmake_python_copy_turtlebot3_custom
[0.383s] [ 22%] Built target turtlebot3_custom__rosidl_typesupport_cpp
[0.398s] [ 30%] Built target turtlebot3_custom__rosidl_typesupport_fastrtps_cpp
[0.414s] [ 38%] Built target turtlebot3_custom__rosidl_typesupport_introspection_c
[0.431s] [ 46%] Built target turtlebot3_custom__rosidl_typesupport_c
[0.498s] [ 55%] Built target turtlebot3_custom__rosidl_typesupport_introspection_cpp
[0.510s] [ 59%] Built target robot_status_server
[0.542s] [ 63%] Built target status_client
[0.613s] [ 67%] Built target navigation_action_server
[0.620s] [ 71%] Built target navigation_client
[0.626s] [ 79%] Built target turtlebot3_custom__rosidl_typesupport_fastrtps_c
[0.666s] [ 79%] Built target turtlebot3_custom
[0.718s] [ 81%] Built target turtlebot3_custom__py
[0.764s] [ 87%] Built target turtlebot3_custom__rosidl_generator_py
[0.838s] [ 91%] Built target turtlebot3_custom__rosidl_typesupport_c__pyext
[0.843s] [ 95%] Built target turtlebot3_custom__rosidl_typesupport_introspection_c__pyext
[0.851s] [100%] Built target turtlebot3_custom__rosidl_typesupport_fastrtps_c__pyext
[1.523s] running egg_info
[1.555s] writing turtlebot3_custom.egg-info/PKG-INFO
[1.556s] writing dependency_links to turtlebot3_custom.egg-info/dependency_links.txt
[1.556s] writing top-level names to turtlebot3_custom.egg-info/top_level.txt
[1.649s] reading manifest file 'turtlebot3_custom.egg-info/SOURCES.txt'
[1.650s] writing manifest file 'turtlebot3_custom.egg-info/SOURCES.txt'
[1.713s] [100%] Built target ament_cmake_python_build_turtlebot3_custom_egg
