[0.047s] Invoking command in '/home/ziad/ziad_ws/ROS2/work_space/build/cyber_robt': CMAKE_PREFIX_PATH=${CMAKE_PREFIX_PATH}:/home/ziad/ziad_ws/ROS2/turtlebot3_ws/install/turtlebot3_teleop:/home/ziad/ziad_ws/ROS2/turtlebot3_ws/install/turtlebot3_example:/opt/ros/humble /usr/bin/cmake --build /home/ziad/ziad_ws/ROS2/work_space/build/cyber_robt -- -j4 -l4
[0.195s] Invoked command in '/home/ziad/ziad_ws/ROS2/work_space/build/cyber_robt' returned '0': CMAKE_PREFIX_PATH=${CMAKE_PREFIX_PATH}:/home/ziad/ziad_ws/ROS2/turtlebot3_ws/install/turtlebot3_teleop:/home/ziad/ziad_ws/ROS2/turtlebot3_ws/install/turtlebot3_example:/opt/ros/humble /usr/bin/cmake --build /home/ziad/ziad_ws/ROS2/work_space/build/cyber_robt -- -j4 -l4
[0.197s] Invoking command in '/home/ziad/ziad_ws/ROS2/work_space/build/cyber_robt': CMAKE_PREFIX_PATH=${CMAKE_PREFIX_PATH}:/home/ziad/ziad_ws/ROS2/turtlebot3_ws/install/turtlebot3_teleop:/home/ziad/ziad_ws/ROS2/turtlebot3_ws/install/turtlebot3_example:/opt/ros/humble /usr/bin/cmake --install /home/ziad/ziad_ws/ROS2/work_space/build/cyber_robt
[0.226s] -- Install configuration: ""
[0.227s] -- Execute custom install script
[0.229s] -- Symlinking: /home/ziad/ziad_ws/ROS2/work_space/install/cyber_robt/share/cyber_robt/config/cyber_truck.rviz
[0.248s] -- Symlinking: /home/ziad/ziad_ws/ROS2/work_space/install/cyber_robt/share/cyber_robt/config/joint_names_cyber_robt.yaml
[0.265s] -- Symlinking: /home/ziad/ziad_ws/ROS2/work_space/install/cyber_robt/share/cyber_robt/launch/gazebo.launch.py
[0.277s] -- Symlinking: /home/ziad/ziad_ws/ROS2/work_space/install/cyber_robt/share/cyber_robt/launch/ign.launch.py
[0.290s] -- Symlinking: /home/ziad/ziad_ws/ROS2/work_space/install/cyber_robt/share/cyber_robt/meshes/Lidar.STL
[0.305s] -- Symlinking: /home/ziad/ziad_ws/ROS2/work_space/install/cyber_robt/share/cyber_robt/meshes/U_B.STL
[0.322s] -- Symlinking: /home/ziad/ziad_ws/ROS2/work_space/install/cyber_robt/share/cyber_robt/meshes/U_F.STL
[0.343s] -- Symlinking: /home/ziad/ziad_ws/ROS2/work_space/install/cyber_robt/share/cyber_robt/meshes/U_L.STL
[0.364s] -- Symlinking: /home/ziad/ziad_ws/ROS2/work_space/install/cyber_robt/share/cyber_robt/meshes/U_R.STL
[0.383s] -- Symlinking: /home/ziad/ziad_ws/ROS2/work_space/install/cyber_robt/share/cyber_robt/meshes/W_B_L.STL
[0.403s] -- Symlinking: /home/ziad/ziad_ws/ROS2/work_space/install/cyber_robt/share/cyber_robt/meshes/W_B_R.STL
[0.425s] -- Symlinking: /home/ziad/ziad_ws/ROS2/work_space/install/cyber_robt/share/cyber_robt/meshes/W_F_L.STL
[0.447s] -- Symlinking: /home/ziad/ziad_ws/ROS2/work_space/install/cyber_robt/share/cyber_robt/meshes/W_F_R.STL
[0.476s] -- Symlinking: /home/ziad/ziad_ws/ROS2/work_space/install/cyber_robt/share/cyber_robt/meshes/base_link.STL
[0.503s] -- Symlinking: /home/ziad/ziad_ws/ROS2/work_space/install/cyber_robt/share/cyber_robt/urdf/classic_plugins.xacro
[0.520s] -- Symlinking: /home/ziad/ziad_ws/ROS2/work_space/install/cyber_robt/share/cyber_robt/urdf/cyber_robt.csv
[0.535s] -- Symlinking: /home/ziad/ziad_ws/ROS2/work_space/install/cyber_robt/share/cyber_robt/urdf/cyber_robt.urdf.xacro
[0.551s] -- Symlinking: /home/ziad/ziad_ws/ROS2/work_space/install/cyber_robt/share/cyber_robt/urdf/cyber_robt_base.urdf.xacro
[0.569s] -- Symlinking: /home/ziad/ziad_ws/ROS2/work_space/install/cyber_robt/share/cyber_robt/urdf/cyber_robt_ign.urdf
[0.584s] -- Symlinking: /home/ziad/ziad_ws/ROS2/work_space/install/cyber_robt/share/cyber_robt/urdf/ignition_plugins.xacro
[0.603s] -- Symlinking: /home/ziad/ziad_ws/ROS2/work_space/install/cyber_robt/share/cyber_robt/worlds/classroom.sdf
[0.619s] -- Symlinking: /home/ziad/ziad_ws/ROS2/work_space/install/cyber_robt/share/cyber_robt/worlds/wider_classroom.sdf
[0.643s] -- Symlinking: /home/ziad/ziad_ws/ROS2/work_space/install/cyber_robt/share/ament_index/resource_index/package_run_dependencies/cyber_robt
[0.662s] -- Symlinking: /home/ziad/ziad_ws/ROS2/work_space/install/cyber_robt/share/ament_index/resource_index/parent_prefix_path/cyber_robt
[0.681s] -- Symlinking: /home/ziad/ziad_ws/ROS2/work_space/install/cyber_robt/share/cyber_robt/environment/ament_prefix_path.sh
[0.697s] -- Symlinking: /home/ziad/ziad_ws/ROS2/work_space/install/cyber_robt/share/cyber_robt/environment/ament_prefix_path.dsv
[0.731s] -- Symlinking: /home/ziad/ziad_ws/ROS2/work_space/install/cyber_robt/share/cyber_robt/environment/path.sh
[0.748s] -- Symlinking: /home/ziad/ziad_ws/ROS2/work_space/install/cyber_robt/share/cyber_robt/environment/path.dsv
[0.767s] -- Symlinking: /home/ziad/ziad_ws/ROS2/work_space/install/cyber_robt/share/cyber_robt/local_setup.bash
[0.784s] -- Symlinking: /home/ziad/ziad_ws/ROS2/work_space/install/cyber_robt/share/cyber_robt/local_setup.sh
[0.798s] -- Symlinking: /home/ziad/ziad_ws/ROS2/work_space/install/cyber_robt/share/cyber_robt/local_setup.zsh
[0.818s] -- Symlinking: /home/ziad/ziad_ws/ROS2/work_space/install/cyber_robt/share/cyber_robt/local_setup.dsv
[0.835s] -- Symlinking: /home/ziad/ziad_ws/ROS2/work_space/install/cyber_robt/share/cyber_robt/package.dsv
[0.854s] -- Symlinking: /home/ziad/ziad_ws/ROS2/work_space/install/cyber_robt/share/ament_index/resource_index/packages/cyber_robt
[0.868s] -- Symlinking: /home/ziad/ziad_ws/ROS2/work_space/install/cyber_robt/share/cyber_robt/cmake/cyber_robtConfig.cmake
[0.880s] -- Symlinking: /home/ziad/ziad_ws/ROS2/work_space/install/cyber_robt/share/cyber_robt/cmake/cyber_robtConfig-version.cmake
[0.895s] -- Symlinking: /home/ziad/ziad_ws/ROS2/work_space/install/cyber_robt/share/cyber_robt/package.xml
[0.920s] Invoked command in '/home/ziad/ziad_ws/ROS2/work_space/build/cyber_robt' returned '0': CMAKE_PREFIX_PATH=${CMAKE_PREFIX_PATH}:/home/ziad/ziad_ws/ROS2/turtlebot3_ws/install/turtlebot3_teleop:/home/ziad/ziad_ws/ROS2/turtlebot3_ws/install/turtlebot3_example:/opt/ros/humble /usr/bin/cmake --install /home/ziad/ziad_ws/ROS2/work_space/build/cyber_robt
