[0.032s] Invoking command in '/home/ziad/ziad_ws/ROS2/turtlebot3_ws/build/dynamixel_sdk': CMAKE_PREFIX_PATH=${CMAKE_PREFIX_PATH}:/home/ziad/ziad_ws/ROS2/turtlebot3_ws/install/turtlebot3_teleop:/home/ziad/ziad_ws/ROS2/turtlebot3_ws/install/turtlebot3_example:/opt/ros/humble /usr/bin/cmake --build /home/ziad/ziad_ws/ROS2/turtlebot3_ws/build/dynamixel_sdk -- -j4 -l4
[0.190s] [100%] Built target dynamixel_sdk
[0.204s] [100%] Built target ament_cmake_python_symlink_dynamixel_sdk
[0.941s] running egg_info
[0.945s] writing dynamixel_sdk.egg-info/PKG-INFO
[0.946s] writing dependency_links to dynamixel_sdk.egg-info/dependency_links.txt
[0.947s] writing top-level names to dynamixel_sdk.egg-info/top_level.txt
[0.953s] reading manifest file 'dynamixel_sdk.egg-info/SOURCES.txt'
[0.955s] writing manifest file 'dynamixel_sdk.egg-info/SOURCES.txt'
[1.029s] [100%] Built target ament_cmake_python_build_dynamixel_sdk_egg
[1.051s] Invoked command in '/home/ziad/ziad_ws/ROS2/turtlebot3_ws/build/dynamixel_sdk' returned '0': CMAKE_PREFIX_PATH=${CMAKE_PREFIX_PATH}:/home/ziad/ziad_ws/ROS2/turtlebot3_ws/install/turtlebot3_teleop:/home/ziad/ziad_ws/ROS2/turtlebot3_ws/install/turtlebot3_example:/opt/ros/humble /usr/bin/cmake --build /home/ziad/ziad_ws/ROS2/turtlebot3_ws/build/dynamixel_sdk -- -j4 -l4
[1.051s] Invoking command in '/home/ziad/ziad_ws/ROS2/turtlebot3_ws/build/dynamixel_sdk': CMAKE_PREFIX_PATH=${CMAKE_PREFIX_PATH}:/home/ziad/ziad_ws/ROS2/turtlebot3_ws/install/turtlebot3_teleop:/home/ziad/ziad_ws/ROS2/turtlebot3_ws/install/turtlebot3_example:/opt/ros/humble /usr/bin/cmake --install /home/ziad/ziad_ws/ROS2/turtlebot3_ws/build/dynamixel_sdk
[1.066s] -- Install configuration: ""
[1.067s] -- Execute custom install script
[1.068s] -- Up-to-date symlink: /home/ziad/ziad_ws/ROS2/turtlebot3_ws/install/dynamixel_sdk/include//dynamixel_sdk/dynamixel_sdk.h
[1.069s] -- Up-to-date symlink: /home/ziad/ziad_ws/ROS2/turtlebot3_ws/install/dynamixel_sdk/include//dynamixel_sdk/group_bulk_read.h
[1.070s] -- Up-to-date symlink: /home/ziad/ziad_ws/ROS2/turtlebot3_ws/install/dynamixel_sdk/include//dynamixel_sdk/group_bulk_write.h
[1.070s] -- Up-to-date symlink: /home/ziad/ziad_ws/ROS2/turtlebot3_ws/install/dynamixel_sdk/include//dynamixel_sdk/group_fast_bulk_read.h
[1.071s] -- Up-to-date symlink: /home/ziad/ziad_ws/ROS2/turtlebot3_ws/install/dynamixel_sdk/include//dynamixel_sdk/group_fast_sync_read.h
[1.071s] -- Up-to-date symlink: /home/ziad/ziad_ws/ROS2/turtlebot3_ws/install/dynamixel_sdk/include//dynamixel_sdk/group_handler.h
[1.072s] -- Up-to-date symlink: /home/ziad/ziad_ws/ROS2/turtlebot3_ws/install/dynamixel_sdk/include//dynamixel_sdk/group_sync_read.h
[1.072s] -- Up-to-date symlink: /home/ziad/ziad_ws/ROS2/turtlebot3_ws/install/dynamixel_sdk/include//dynamixel_sdk/group_sync_write.h
[1.073s] -- Up-to-date symlink: /home/ziad/ziad_ws/ROS2/turtlebot3_ws/install/dynamixel_sdk/include//dynamixel_sdk/packet_handler.h
[1.073s] -- Up-to-date symlink: /home/ziad/ziad_ws/ROS2/turtlebot3_ws/install/dynamixel_sdk/include//dynamixel_sdk/port_handler.h
[1.073s] -- Up-to-date symlink: /home/ziad/ziad_ws/ROS2/turtlebot3_ws/install/dynamixel_sdk/include//dynamixel_sdk/port_handler_arduino.h
[1.073s] -- Up-to-date symlink: /home/ziad/ziad_ws/ROS2/turtlebot3_ws/install/dynamixel_sdk/include//dynamixel_sdk/port_handler_linux.h
[1.073s] -- Up-to-date symlink: /home/ziad/ziad_ws/ROS2/turtlebot3_ws/install/dynamixel_sdk/include//dynamixel_sdk/port_handler_mac.h
[1.073s] -- Up-to-date symlink: /home/ziad/ziad_ws/ROS2/turtlebot3_ws/install/dynamixel_sdk/include//dynamixel_sdk/port_handler_windows.h
[1.074s] -- Up-to-date symlink: /home/ziad/ziad_ws/ROS2/turtlebot3_ws/install/dynamixel_sdk/include//dynamixel_sdk/protocol1_packet_handler.h
[1.074s] -- Up-to-date symlink: /home/ziad/ziad_ws/ROS2/turtlebot3_ws/install/dynamixel_sdk/include//dynamixel_sdk/protocol2_packet_handler.h
[1.074s] -- Up-to-date symlink: /home/ziad/ziad_ws/ROS2/turtlebot3_ws/install/dynamixel_sdk/share/dynamixel_sdk/environment/pythonpath.sh
[1.074s] -- Up-to-date symlink: /home/ziad/ziad_ws/ROS2/turtlebot3_ws/install/dynamixel_sdk/share/dynamixel_sdk/environment/pythonpath.dsv
[1.076s] -- Up-to-date symlink: /home/ziad/ziad_ws/ROS2/turtlebot3_ws/install/dynamixel_sdk/local/lib/python3.10/dist-packages/dynamixel_sdk-3.8.4-py3.10.egg-info/PKG-INFO
[1.076s] -- Up-to-date symlink: /home/ziad/ziad_ws/ROS2/turtlebot3_ws/install/dynamixel_sdk/local/lib/python3.10/dist-packages/dynamixel_sdk-3.8.4-py3.10.egg-info/SOURCES.txt
[1.079s] -- Up-to-date symlink: /home/ziad/ziad_ws/ROS2/turtlebot3_ws/install/dynamixel_sdk/local/lib/python3.10/dist-packages/dynamixel_sdk-3.8.4-py3.10.egg-info/dependency_links.txt
[1.079s] -- Up-to-date symlink: /home/ziad/ziad_ws/ROS2/turtlebot3_ws/install/dynamixel_sdk/local/lib/python3.10/dist-packages/dynamixel_sdk-3.8.4-py3.10.egg-info/top_level.txt
[1.080s] -- Up-to-date symlink: /home/ziad/ziad_ws/ROS2/turtlebot3_ws/install/dynamixel_sdk/local/lib/python3.10/dist-packages/dynamixel_sdk/__init__.py
[1.080s] -- Up-to-date symlink: /home/ziad/ziad_ws/ROS2/turtlebot3_ws/install/dynamixel_sdk/local/lib/python3.10/dist-packages/dynamixel_sdk/group_bulk_read.cpp
[1.080s] -- Up-to-date symlink: /home/ziad/ziad_ws/ROS2/turtlebot3_ws/install/dynamixel_sdk/local/lib/python3.10/dist-packages/dynamixel_sdk/group_bulk_read.py
[1.080s] -- Up-to-date symlink: /home/ziad/ziad_ws/ROS2/turtlebot3_ws/install/dynamixel_sdk/local/lib/python3.10/dist-packages/dynamixel_sdk/group_bulk_write.cpp
[1.080s] -- Up-to-date symlink: /home/ziad/ziad_ws/ROS2/turtlebot3_ws/install/dynamixel_sdk/local/lib/python3.10/dist-packages/dynamixel_sdk/group_bulk_write.py
[1.080s] -- Up-to-date symlink: /home/ziad/ziad_ws/ROS2/turtlebot3_ws/install/dynamixel_sdk/local/lib/python3.10/dist-packages/dynamixel_sdk/group_fast_bulk_read.cpp
[1.080s] -- Up-to-date symlink: /home/ziad/ziad_ws/ROS2/turtlebot3_ws/install/dynamixel_sdk/local/lib/python3.10/dist-packages/dynamixel_sdk/group_fast_sync_read.cpp
[1.081s] -- Up-to-date symlink: /home/ziad/ziad_ws/ROS2/turtlebot3_ws/install/dynamixel_sdk/local/lib/python3.10/dist-packages/dynamixel_sdk/group_handler.cpp
[1.081s] -- Up-to-date symlink: /home/ziad/ziad_ws/ROS2/turtlebot3_ws/install/dynamixel_sdk/local/lib/python3.10/dist-packages/dynamixel_sdk/group_sync_read.cpp
[1.081s] -- Up-to-date symlink: /home/ziad/ziad_ws/ROS2/turtlebot3_ws/install/dynamixel_sdk/local/lib/python3.10/dist-packages/dynamixel_sdk/group_sync_read.py
[1.081s] -- Up-to-date symlink: /home/ziad/ziad_ws/ROS2/turtlebot3_ws/install/dynamixel_sdk/local/lib/python3.10/dist-packages/dynamixel_sdk/group_sync_write.cpp
[1.081s] -- Up-to-date symlink: /home/ziad/ziad_ws/ROS2/turtlebot3_ws/install/dynamixel_sdk/local/lib/python3.10/dist-packages/dynamixel_sdk/group_sync_write.py
[1.082s] -- Up-to-date symlink: /home/ziad/ziad_ws/ROS2/turtlebot3_ws/install/dynamixel_sdk/local/lib/python3.10/dist-packages/dynamixel_sdk/packet_handler.cpp
[1.085s] -- Up-to-date symlink: /home/ziad/ziad_ws/ROS2/turtlebot3_ws/install/dynamixel_sdk/local/lib/python3.10/dist-packages/dynamixel_sdk/packet_handler.py
[1.085s] -- Up-to-date symlink: /home/ziad/ziad_ws/ROS2/turtlebot3_ws/install/dynamixel_sdk/local/lib/python3.10/dist-packages/dynamixel_sdk/port_handler.cpp
[1.086s] -- Up-to-date symlink: /home/ziad/ziad_ws/ROS2/turtlebot3_ws/install/dynamixel_sdk/local/lib/python3.10/dist-packages/dynamixel_sdk/port_handler.py
[1.086s] -- Up-to-date symlink: /home/ziad/ziad_ws/ROS2/turtlebot3_ws/install/dynamixel_sdk/local/lib/python3.10/dist-packages/dynamixel_sdk/port_handler_arduino.cpp
[1.086s] -- Up-to-date symlink: /home/ziad/ziad_ws/ROS2/turtlebot3_ws/install/dynamixel_sdk/local/lib/python3.10/dist-packages/dynamixel_sdk/port_handler_linux.cpp
[1.086s] -- Up-to-date symlink: /home/ziad/ziad_ws/ROS2/turtlebot3_ws/install/dynamixel_sdk/local/lib/python3.10/dist-packages/dynamixel_sdk/port_handler_mac.cpp
[1.086s] -- Up-to-date symlink: /home/ziad/ziad_ws/ROS2/turtlebot3_ws/install/dynamixel_sdk/local/lib/python3.10/dist-packages/dynamixel_sdk/port_handler_windows.cpp
[1.086s] -- Up-to-date symlink: /home/ziad/ziad_ws/ROS2/turtlebot3_ws/install/dynamixel_sdk/local/lib/python3.10/dist-packages/dynamixel_sdk/protocol1_packet_handler.cpp
[1.087s] -- Up-to-date symlink: /home/ziad/ziad_ws/ROS2/turtlebot3_ws/install/dynamixel_sdk/local/lib/python3.10/dist-packages/dynamixel_sdk/protocol1_packet_handler.py
[1.087s] -- Up-to-date symlink: /home/ziad/ziad_ws/ROS2/turtlebot3_ws/install/dynamixel_sdk/local/lib/python3.10/dist-packages/dynamixel_sdk/protocol2_packet_handler.cpp
[1.087s] -- Up-to-date symlink: /home/ziad/ziad_ws/ROS2/turtlebot3_ws/install/dynamixel_sdk/local/lib/python3.10/dist-packages/dynamixel_sdk/protocol2_packet_handler.py
[1.087s] -- Up-to-date symlink: /home/ziad/ziad_ws/ROS2/turtlebot3_ws/install/dynamixel_sdk/local/lib/python3.10/dist-packages/dynamixel_sdk/robotis_def.py
[1.087s] -- Up-to-date symlink: /home/ziad/ziad_ws/ROS2/turtlebot3_ws/install/dynamixel_sdk/share/dynamixel_sdk/environment/library_path.sh
[1.087s] -- Up-to-date symlink: /home/ziad/ziad_ws/ROS2/turtlebot3_ws/install/dynamixel_sdk/share/dynamixel_sdk/environment/library_path.dsv
[1.087s] -- Up-to-date symlink: /home/ziad/ziad_ws/ROS2/turtlebot3_ws/install/dynamixel_sdk/share/ament_index/resource_index/package_run_dependencies/dynamixel_sdk
[1.088s] -- Up-to-date symlink: /home/ziad/ziad_ws/ROS2/turtlebot3_ws/install/dynamixel_sdk/share/ament_index/resource_index/parent_prefix_path/dynamixel_sdk
[1.088s] -- Up-to-date symlink: /home/ziad/ziad_ws/ROS2/turtlebot3_ws/install/dynamixel_sdk/share/dynamixel_sdk/environment/ament_prefix_path.sh
[1.088s] -- Up-to-date symlink: /home/ziad/ziad_ws/ROS2/turtlebot3_ws/install/dynamixel_sdk/share/dynamixel_sdk/environment/ament_prefix_path.dsv
[1.091s] -- Up-to-date symlink: /home/ziad/ziad_ws/ROS2/turtlebot3_ws/install/dynamixel_sdk/share/dynamixel_sdk/environment/path.sh
[1.092s] -- Up-to-date symlink: /home/ziad/ziad_ws/ROS2/turtlebot3_ws/install/dynamixel_sdk/share/dynamixel_sdk/environment/path.dsv
[1.092s] -- Up-to-date symlink: /home/ziad/ziad_ws/ROS2/turtlebot3_ws/install/dynamixel_sdk/share/dynamixel_sdk/local_setup.bash
[1.092s] -- Up-to-date symlink: /home/ziad/ziad_ws/ROS2/turtlebot3_ws/install/dynamixel_sdk/share/dynamixel_sdk/local_setup.sh
[1.092s] -- Up-to-date symlink: /home/ziad/ziad_ws/ROS2/turtlebot3_ws/install/dynamixel_sdk/share/dynamixel_sdk/local_setup.zsh
[1.092s] -- Up-to-date symlink: /home/ziad/ziad_ws/ROS2/turtlebot3_ws/install/dynamixel_sdk/share/dynamixel_sdk/local_setup.dsv
[1.092s] -- Symlinking: /home/ziad/ziad_ws/ROS2/turtlebot3_ws/install/dynamixel_sdk/share/dynamixel_sdk/package.dsv
[1.102s] -- Up-to-date symlink: /home/ziad/ziad_ws/ROS2/turtlebot3_ws/install/dynamixel_sdk/share/ament_index/resource_index/packages/dynamixel_sdk
[1.103s] -- Up-to-date symlink: /home/ziad/ziad_ws/ROS2/turtlebot3_ws/install/dynamixel_sdk/share/dynamixel_sdk/cmake/ament_cmake_export_targets-extras.cmake
[1.103s] -- Up-to-date symlink: /home/ziad/ziad_ws/ROS2/turtlebot3_ws/install/dynamixel_sdk/share/dynamixel_sdk/cmake/ament_cmake_export_include_directories-extras.cmake
[1.103s] -- Up-to-date symlink: /home/ziad/ziad_ws/ROS2/turtlebot3_ws/install/dynamixel_sdk/share/dynamixel_sdk/cmake/ament_cmake_export_libraries-extras.cmake
[1.104s] -- Up-to-date symlink: /home/ziad/ziad_ws/ROS2/turtlebot3_ws/install/dynamixel_sdk/share/dynamixel_sdk/cmake/dynamixel_sdkConfig.cmake
[1.104s] -- Up-to-date symlink: /home/ziad/ziad_ws/ROS2/turtlebot3_ws/install/dynamixel_sdk/share/dynamixel_sdk/cmake/dynamixel_sdkConfig-version.cmake
[1.104s] -- Up-to-date symlink: /home/ziad/ziad_ws/ROS2/turtlebot3_ws/install/dynamixel_sdk/share/dynamixel_sdk/package.xml
[1.105s] -- Up-to-date: /home/ziad/ziad_ws/ROS2/turtlebot3_ws/install/dynamixel_sdk/lib/libdynamixel_sdk.so
[1.192s] Listing '/home/ziad/ziad_ws/ROS2/turtlebot3_ws/install/dynamixel_sdk/local/lib/python3.10/dist-packages/dynamixel_sdk'...
[1.205s] -- Up-to-date: /home/ziad/ziad_ws/ROS2/turtlebot3_ws/install/dynamixel_sdk/share/dynamixel_sdk/cmake/dynamixel_sdkExport.cmake
[1.206s] -- Up-to-date: /home/ziad/ziad_ws/ROS2/turtlebot3_ws/install/dynamixel_sdk/share/dynamixel_sdk/cmake/dynamixel_sdkExport-noconfig.cmake
[1.206s] Invoked command in '/home/ziad/ziad_ws/ROS2/turtlebot3_ws/build/dynamixel_sdk' returned '0': CMAKE_PREFIX_PATH=${CMAKE_PREFIX_PATH}:/home/ziad/ziad_ws/ROS2/turtlebot3_ws/install/turtlebot3_teleop:/home/ziad/ziad_ws/ROS2/turtlebot3_ws/install/turtlebot3_example:/opt/ros/humble /usr/bin/cmake --install /home/ziad/ziad_ws/ROS2/turtlebot3_ws/build/dynamixel_sdk
