[0.057s] Invoking command in '/home/ziad/ziad_ws/ROS2/work_space/build/apriltag_ros': CMAKE_PREFIX_PATH=${CMAKE_PREFIX_PATH}:/home/ziad/ziad_ws/ROS2/turtlebot3_ws/install/turtlebot3_teleop:/home/ziad/ziad_ws/ROS2/turtlebot3_ws/install/turtlebot3_example:/opt/ros/jazzy DEBUGINFOD_URLS=https://debuginfod.ubuntu.com /usr/bin/cmake --build /home/ziad/ziad_ws/ROS2/work_space/build/apriltag_ros -- -j4 -l4
[0.280s] [ 20%] Built target tags
[0.355s] [ 40%] Built target apriltag_node
[0.417s] [ 60%] Built target conversion
[0.484s] [ 80%] Built target pose_estimation
[0.570s] [100%] Built target AprilTagNode
[0.597s] Invoked command in '/home/ziad/ziad_ws/ROS2/work_space/build/apriltag_ros' returned '0': CMAKE_PREFIX_PATH=${CMAKE_PREFIX_PATH}:/home/ziad/ziad_ws/ROS2/turtlebot3_ws/install/turtlebot3_teleop:/home/ziad/ziad_ws/ROS2/turtlebot3_ws/install/turtlebot3_example:/opt/ros/jazzy DEBUGINFOD_URLS=https://debuginfod.ubuntu.com /usr/bin/cmake --build /home/ziad/ziad_ws/ROS2/work_space/build/apriltag_ros -- -j4 -l4
[0.600s] Invoking command in '/home/ziad/ziad_ws/ROS2/work_space/build/apriltag_ros': CMAKE_PREFIX_PATH=${CMAKE_PREFIX_PATH}:/home/ziad/ziad_ws/ROS2/turtlebot3_ws/install/turtlebot3_teleop:/home/ziad/ziad_ws/ROS2/turtlebot3_ws/install/turtlebot3_example:/opt/ros/jazzy DEBUGINFOD_URLS=https://debuginfod.ubuntu.com /usr/bin/cmake --install /home/ziad/ziad_ws/ROS2/work_space/build/apriltag_ros
[0.624s] -- Install configuration: ""
[0.626s] -- Execute custom install script
[0.627s] -- Up-to-date symlink: /home/ziad/ziad_ws/ROS2/work_space/install/apriltag_ros/lib/apriltag_ros/apriltag_node
[0.628s] -- Up-to-date symlink: /home/ziad/ziad_ws/ROS2/work_space/install/apriltag_ros/share/apriltag_ros/environment/library_path.sh
[0.629s] -- Up-to-date symlink: /home/ziad/ziad_ws/ROS2/work_space/install/apriltag_ros/share/apriltag_ros/environment/library_path.dsv
[0.631s] -- Up-to-date symlink: /home/ziad/ziad_ws/ROS2/work_space/install/apriltag_ros/lib/libAprilTagNode.so
[0.632s] -- Up-to-date symlink: /home/ziad/ziad_ws/ROS2/work_space/install/apriltag_ros/share/apriltag_ros/cfg/tags_36h11.yaml
[0.635s] -- Up-to-date symlink: /home/ziad/ziad_ws/ROS2/work_space/install/apriltag_ros/share/apriltag_ros/launch/camera_36h11.launch.yml
[0.635s] -- Up-to-date symlink: /home/ziad/ziad_ws/ROS2/work_space/install/apriltag_ros/share/ament_index/resource_index/package_run_dependencies/apriltag_ros
[0.639s] -- Up-to-date symlink: /home/ziad/ziad_ws/ROS2/work_space/install/apriltag_ros/share/ament_index/resource_index/parent_prefix_path/apriltag_ros
[0.640s] -- Up-to-date symlink: /home/ziad/ziad_ws/ROS2/work_space/install/apriltag_ros/share/apriltag_ros/environment/ament_prefix_path.sh
[0.640s] -- Up-to-date symlink: /home/ziad/ziad_ws/ROS2/work_space/install/apriltag_ros/share/apriltag_ros/environment/ament_prefix_path.dsv
[0.645s] -- Up-to-date symlink: /home/ziad/ziad_ws/ROS2/work_space/install/apriltag_ros/share/apriltag_ros/environment/path.sh
[0.645s] -- Up-to-date symlink: /home/ziad/ziad_ws/ROS2/work_space/install/apriltag_ros/share/apriltag_ros/environment/path.dsv
[0.648s] -- Up-to-date symlink: /home/ziad/ziad_ws/ROS2/work_space/install/apriltag_ros/share/apriltag_ros/local_setup.bash
[0.648s] -- Up-to-date symlink: /home/ziad/ziad_ws/ROS2/work_space/install/apriltag_ros/share/apriltag_ros/local_setup.sh
[0.648s] -- Up-to-date symlink: /home/ziad/ziad_ws/ROS2/work_space/install/apriltag_ros/share/apriltag_ros/local_setup.zsh
[0.649s] -- Up-to-date symlink: /home/ziad/ziad_ws/ROS2/work_space/install/apriltag_ros/share/apriltag_ros/local_setup.dsv
[0.649s] -- Symlinking: /home/ziad/ziad_ws/ROS2/work_space/install/apriltag_ros/share/apriltag_ros/package.dsv
[0.677s] -- Up-to-date symlink: /home/ziad/ziad_ws/ROS2/work_space/install/apriltag_ros/share/ament_index/resource_index/packages/apriltag_ros
[0.678s] -- Up-to-date symlink: /home/ziad/ziad_ws/ROS2/work_space/install/apriltag_ros/share/ament_index/resource_index/rclcpp_components/apriltag_ros
[0.679s] -- Up-to-date symlink: /home/ziad/ziad_ws/ROS2/work_space/install/apriltag_ros/share/apriltag_ros/cmake/apriltag_rosConfig.cmake
[0.680s] -- Up-to-date symlink: /home/ziad/ziad_ws/ROS2/work_space/install/apriltag_ros/share/apriltag_ros/cmake/apriltag_rosConfig-version.cmake
[0.681s] -- Up-to-date symlink: /home/ziad/ziad_ws/ROS2/work_space/install/apriltag_ros/share/apriltag_ros/package.xml
[0.687s] Invoked command in '/home/ziad/ziad_ws/ROS2/work_space/build/apriltag_ros' returned '0': CMAKE_PREFIX_PATH=${CMAKE_PREFIX_PATH}:/home/ziad/ziad_ws/ROS2/turtlebot3_ws/install/turtlebot3_teleop:/home/ziad/ziad_ws/ROS2/turtlebot3_ws/install/turtlebot3_example:/opt/ros/jazzy DEBUGINFOD_URLS=https://debuginfod.ubuntu.com /usr/bin/cmake --install /home/ziad/ziad_ws/ROS2/work_space/build/apriltag_ros
