[0.014s] Invoking command in '/home/ziad/Ziad_WS/ROS2/work_space/build/hand_control_robot': CMAKE_PREFIX_PATH=/opt/ros/humble /usr/bin/cmake /home/ziad/Ziad_WS/ROS2/work_space/src/hand_control_robot -DCMAKE_BUILD_TYPE=Release -DCMAKE_INSTALL_PREFIX=/home/ziad/Ziad_WS/ROS2/work_space/install/hand_control_robot
[0.190s] -- The C compiler identification is GNU 11.4.0
[0.311s] -- The CXX compiler identification is GNU 11.4.0
[0.323s] -- Detecting C compiler ABI info
[0.423s] -- Detecting C compiler ABI info - done
[0.434s] -- Check for working C compiler: /usr/bin/cc - skipped
[0.434s] -- Detecting C compile features
[0.435s] -- Detecting C compile features - done
[0.440s] -- Detecting CXX compiler ABI info
[0.531s] -- Detecting CXX compiler ABI info - done
[0.541s] -- Check for working CXX compiler: /usr/bin/c++ - skipped
[0.541s] -- Detecting CXX compile features
[0.542s] -- Detecting CXX compile features - done
[0.564s] -- Found ament_cmake: 1.3.12 (/opt/ros/humble/share/ament_cmake/cmake)
[1.608s] -- Found Python3: /usr/bin/python3 (found version "3.10.12") found components: Interpreter 
[3.962s] -- Found rclcpp: 16.0.14 (/opt/ros/humble/share/rclcpp/cmake)
[4.728s] -- Found rosidl_generator_c: 3.1.7 (/opt/ros/humble/share/rosidl_generator_c/cmake)
[4.738s] -- Found rosidl_adapter: 3.1.7 (/opt/ros/humble/share/rosidl_adapter/cmake)
[4.763s] -- Found rosidl_generator_cpp: 3.1.7 (/opt/ros/humble/share/rosidl_generator_cpp/cmake)
[4.830s] -- Using all available rosidl_typesupport_c: rosidl_typesupport_fastrtps_c;rosidl_typesupport_introspection_c
[4.903s] -- Using all available rosidl_typesupport_cpp: rosidl_typesupport_fastrtps_cpp;rosidl_typesupport_introspection_cpp
[5.118s] -- Found rmw_implementation_cmake: 6.1.2 (/opt/ros/humble/share/rmw_implementation_cmake/cmake)
[5.132s] -- Found rmw_fastrtps_cpp: 6.2.8 (/opt/ros/humble/share/rmw_fastrtps_cpp/cmake)
[5.442s] -- Found OpenSSL: /usr/lib/x86_64-linux-gnu/libcrypto.so (found version "3.0.2")  
[5.492s] -- Found FastRTPS: /opt/ros/humble/include  
[5.555s] -- Using RMW implementation 'rmw_fastrtps_cpp' as default
[5.592s] -- Looking for pthread.h
[5.747s] -- Looking for pthread.h - found
[5.748s] -- Performing Test CMAKE_HAVE_LIBC_PTHREAD
[5.842s] -- Performing Test CMAKE_HAVE_LIBC_PTHREAD - Success
[5.844s] -- Found Threads: TRUE  
[5.946s] -- Found geometry_msgs: 4.9.0 (/opt/ros/humble/share/geometry_msgs/cmake)
[5.970s] -- Found sensor_msgs: 4.9.0 (/opt/ros/humble/share/sensor_msgs/cmake)
[6.002s] -- Found moveit_core: 2.5.9 (/opt/ros/humble/share/moveit_core/cmake)
[6.061s] -- Found Boost: /usr/lib/x86_64-linux-gnu/cmake/Boost-1.74.0/BoostConfig.cmake (found version "1.74.0") found components: chrono date_time filesystem iostreams program_options regex serialization system thread 
[6.141s] -- Found parameter_traits: 0.5.0 (/opt/ros/humble/share/parameter_traits/cmake)
[6.161s] -- Found rclcpp_lifecycle: 16.0.14 (/opt/ros/humble/share/rclcpp_lifecycle/cmake)
[6.205s] -- Found Boost: /usr/lib/x86_64-linux-gnu/cmake/Boost-1.74.0/BoostConfig.cmake (found version "1.74.0") found components: filesystem 
[6.332s] -- library: /usr/lib/x86_64-linux-gnu/libcurl.so
[6.418s] -- Found Eigen3: TRUE (found version "3.4.0") 
[6.418s] -- Ensuring Eigen3 include directory is part of orocos-kdl CMake target
[6.850s] -- Found moveit_ros_planning: 2.5.9 (/opt/ros/humble/share/moveit_ros_planning/cmake)
[6.858s] -- Found Boost: /usr/lib/x86_64-linux-gnu/cmake/Boost-1.74.0/BoostConfig.cmake (found version "1.74.0") found components: system filesystem date_time program_options thread chrono 
[6.899s] -- Found moveit_ros_planning_interface: 2.5.9 (/opt/ros/humble/share/moveit_ros_planning_interface/cmake)
[6.905s] -- Found Boost: /usr/lib/x86_64-linux-gnu/cmake/Boost-1.74.0/BoostConfig.cmake (found version "1.74.0") found components: date_time filesystem program_options system thread 
[6.926s] -- Found Boost: /usr/lib/x86_64-linux-gnu/cmake/Boost-1.74.0/BoostConfig.cmake (found version "1.74.0") found components: thread system filesystem regex date_time program_options 
[6.959s] -- Found Boost: /usr/lib/x86_64-linux-gnu/cmake/Boost-1.74.0/BoostConfig.cmake (found version "1.74.0") found components: system filesystem date_time program_options thread 
[7.010s] -- Found moveit_visual_tools: 4.1.2 (/opt/ros/humble/share/moveit_visual_tools/cmake)
[7.111s] -- Setting assimp_DIR to: '/opt/ros/humble/share/rviz_assimp_vendor/cmake/../../../opt/rviz_assimp_vendor/lib/cmake/assimp-4.1'
[7.128s] -- Setting OGRE_DIR to: '/opt/ros/humble/share/rviz_ogre_vendor/cmake/../../../opt/rviz_ogre_vendor/lib/OGRE/cmake'
[7.131s] -- Found OGRE
[7.131s] --   static     : OFF
[7.131s] --   components : HLMS;MeshLodGenerator;Overlay;Paging;Property;RTShaderSystem;Terrain;Volume
[7.131s] --   plugins    : Plugin_BSPSceneManager;Plugin_OctreeSceneManager;Plugin_PCZSceneManager;Plugin_ParticleFX;RenderSystem_GL;RenderSystem_GL3Plus;Codec_STBI
[7.131s] --   media      : /opt/ros/humble/opt/rviz_ogre_vendor/share/OGRE/Media
[7.132s] -- OGRE_LIBRARIES: OgreHLMS;OgreMeshLodGenerator;OgreOverlay;OgrePaging;OgreProperty;OgreRTShaderSystem;OgreTerrain;OgreVolume;OgreMain
[7.132s] -- OGRE_LIBRARY_DIRS: /opt/ros/humble/opt/rviz_ogre_vendor/lib
[7.132s] -- OGRE_PLUGINS: Plugin_BSPSceneManager;Plugin_OctreeSceneManager;Plugin_PCZSceneManager;Plugin_ParticleFX;RenderSystem_GL;RenderSystem_GL3Plus;Codec_STBI
[7.132s] -- OGRE_PLUGIN_DIR: /opt/ros/humble/opt/rviz_ogre_vendor/lib/OGRE
[7.132s] -- rviz_ogre_vendor::OgreOverlay for IMPORTED_LOCATION_RELEASE: /opt/ros/humble/opt/rviz_ogre_vendor/lib/libOgreOverlay.so
[7.132s] -- rviz_ogre_vendor::OgreOverlay for IMPORTED_LOCATION_DEBUG: /opt/ros/humble/opt/rviz_ogre_vendor/lib/libOgreOverlay.so
[7.132s] -- rviz_ogre_vendor::OgreMain for IMPORTED_LOCATION_RELEASE: /opt/ros/humble/opt/rviz_ogre_vendor/lib/libOgreMain.so
[7.132s] -- rviz_ogre_vendor::OgreMain for IMPORTED_LOCATION_DEBUG: /opt/ros/humble/opt/rviz_ogre_vendor/lib/libOgreMain.so
[7.172s] -- Found ZLIB: /usr/lib/x86_64-linux-gnu/libz.so (found version "1.2.11") 
[7.181s] -- Found OpenGL: /usr/lib/x86_64-linux-gnu/libOpenGL.so   
[7.332s] -- Found X11: /usr/include   
[7.333s] -- Looking for XOpenDisplay in /usr/lib/x86_64-linux-gnu/libX11.so;/usr/lib/x86_64-linux-gnu/libXext.so
[7.440s] -- Looking for XOpenDisplay in /usr/lib/x86_64-linux-gnu/libX11.so;/usr/lib/x86_64-linux-gnu/libXext.so - found
[7.440s] -- Looking for gethostbyname
[7.537s] -- Looking for gethostbyname - found
[7.538s] -- Looking for connect
[7.624s] -- Looking for connect - found
[7.624s] -- Looking for remove
[7.713s] -- Looking for remove - found
[7.713s] -- Looking for shmat
[7.800s] -- Looking for shmat - found
[7.800s] -- Looking for IceConnectionNumber in ICE
[7.892s] -- Looking for IceConnectionNumber in ICE - found
[8.047s] -- Found cv_bridge: 3.2.1 (/opt/ros/humble/share/cv_bridge/cmake)
[8.070s] -- Found OpenCV: /usr/local (found version "4.12.0") 
[8.079s] -- Found ament_lint_auto: 0.12.14 (/opt/ros/humble/share/ament_lint_auto/cmake)
[8.222s] -- Added test 'cppcheck' to perform static code analysis on C / C++ code
[8.222s] -- Configured cppcheck include dirs: /home/ziad/Ziad_WS/ROS2/work_space/src/hand_control_robot/include
[8.222s] -- Configured cppcheck exclude dirs and/or files: 
[8.223s] -- Added test 'flake8' to check Python code syntax and style conventions
[8.225s] -- Added test 'lint_cmake' to check CMake code style
[8.226s] -- Added test 'pep257' to check Python code against some of the docstring style conventions in PEP 257
[8.228s] -- Added test 'uncrustify' to check C / C++ code style
[8.228s] -- Configured uncrustify additional arguments: 
[8.230s] -- Added test 'xmllint' to check XML markup files
[8.232s] -- Configuring done
[8.312s] -- Generating done
[8.324s] -- Build files have been written to: /home/ziad/Ziad_WS/ROS2/work_space/build/hand_control_robot
[8.351s] Invoked command in '/home/ziad/Ziad_WS/ROS2/work_space/build/hand_control_robot' returned '0': CMAKE_PREFIX_PATH=/opt/ros/humble /usr/bin/cmake /home/ziad/Ziad_WS/ROS2/work_space/src/hand_control_robot -DCMAKE_BUILD_TYPE=Release -DCMAKE_INSTALL_PREFIX=/home/ziad/Ziad_WS/ROS2/work_space/install/hand_control_robot
[8.354s] Invoking command in '/home/ziad/Ziad_WS/ROS2/work_space/build/hand_control_robot': CMAKE_PREFIX_PATH=/opt/ros/humble /usr/bin/cmake --build /home/ziad/Ziad_WS/ROS2/work_space/build/hand_control_robot -- -j4 -l4
[8.427s] [ 20%] [32mBuilding CXX object CMakeFiles/hand_control_robot.dir/src/main.cpp.o[0m
[8.428s] [ 40%] [32mBuilding CXX object CMakeFiles/hand_control_robot.dir/src/robot_controller.cpp.o[0m
[8.430s] [ 60%] [32mBuilding CXX object CMakeFiles/hand_control_robot.dir/src/trajectory_planner.cpp.o[0m
[8.438s] [ 80%] [32mBuilding CXX object CMakeFiles/hand_control_robot.dir/src/hand_detector.cpp.o[0m
[31.290s] [100%] [32m[1mLinking CXX executable hand_control_robot[0m
[34.537s] /usr/bin/ld: CMakeFiles/hand_control_robot.dir/src/main.cpp.o: in function `std::__shared_ptr<hand_control::HandDetector, (__gnu_cxx::_Lock_policy)2>::__shared_ptr<std::allocator<hand_control::HandDetector>>(std::_Sp_alloc_shared_tag<std::allocator<hand_control::HandDetector> >)':
[34.537s] main.cpp:(.text._ZNSt12__shared_ptrIN12hand_control12HandDetectorELN9__gnu_cxx12_Lock_policyE2EEC2ISaIS1_EJEEESt20_Sp_alloc_shared_tagIT_EDpOT0_[_ZNSt12__shared_ptrIN12hand_control12HandDetectorELN9__gnu_cxx12_Lock_policyE2EEC5ISaIS1_EJEEESt20_Sp_alloc_shared_tagIT_EDpOT0_]+0xa2): undefined reference to `hand_control::HandDetector::HandDetector(std::__cxx11::basic_string<char, std::char_traits<char>, std::allocator<char> > const&)'
[34.537s] /usr/bin/ld: CMakeFiles/hand_control_robot.dir/src/main.cpp.o: in function `std::__shared_ptr<hand_control::RobotController, (__gnu_cxx::_Lock_policy)2>::__shared_ptr<std::allocator<hand_control::RobotController>>(std::_Sp_alloc_shared_tag<std::allocator<hand_control::RobotController> >)':
[34.537s] main.cpp:(.text._ZNSt12__shared_ptrIN12hand_control15RobotControllerELN9__gnu_cxx12_Lock_policyE2EEC2ISaIS1_EJEEESt20_Sp_alloc_shared_tagIT_EDpOT0_[_ZNSt12__shared_ptrIN12hand_control15RobotControllerELN9__gnu_cxx12_Lock_policyE2EEC5ISaIS1_EJEEESt20_Sp_alloc_shared_tagIT_EDpOT0_]+0xb0): undefined reference to `hand_control::RobotController::RobotController(std::__cxx11::basic_string<char, std::char_traits<char>, std::allocator<char> > const&)'
[34.537s] /usr/bin/ld: CMakeFiles/hand_control_robot.dir/src/main.cpp.o: in function `main':
[34.538s] main.cpp:(.text.startup+0x2a9): undefined reference to `hand_control::RobotController::initialize()'
[34.565s] collect2: error: ld returned 1 exit status
[34.567s] gmake[2]: *** [CMakeFiles/hand_control_robot.dir/build.make:527: hand_control_robot] Error 1
[34.567s] gmake[1]: *** [CMakeFiles/Makefile2:137: CMakeFiles/hand_control_robot.dir/all] Error 2
[34.567s] gmake: *** [Makefile:146: all] Error 2
[34.571s] Invoked command in '/home/ziad/Ziad_WS/ROS2/work_space/build/hand_control_robot' returned '2': CMAKE_PREFIX_PATH=/opt/ros/humble /usr/bin/cmake --build /home/ziad/Ziad_WS/ROS2/work_space/build/hand_control_robot -- -j4 -l4
