[0.023s] Invoking command in '/home/ziad/Ziad_WS/ROS2/ziad_ws/build/custom_turtleBot3': CMAKE_PREFIX_PATH=${CMAKE_PREFIX_PATH}:/opt/ros/humble /usr/bin/cmake --build /home/ziad/Ziad_WS/ROS2/ziad_ws/build/custom_turtleBot3 -- -j4 -l4
[0.096s] Invoked command in '/home/ziad/Ziad_WS/ROS2/ziad_ws/build/custom_turtleBot3' returned '0': CMAKE_PREFIX_PATH=${CMAKE_PREFIX_PATH}:/opt/ros/humble /usr/bin/cmake --build /home/ziad/Ziad_WS/ROS2/ziad_ws/build/custom_turtleBot3 -- -j4 -l4
[0.110s] Invoking command in '/home/ziad/Ziad_WS/ROS2/ziad_ws/build/custom_turtleBot3': CMAKE_PREFIX_PATH=${CMAKE_PREFIX_PATH}:/opt/ros/humble /usr/bin/cmake --install /home/ziad/Ziad_WS/ROS2/ziad_ws/build/custom_turtleBot3
[0.125s] -- Install configuration: ""
[0.125s] -- Up-to-date: /home/ziad/Ziad_WS/ROS2/ziad_ws/install/custom_turtleBot3/share/ament_index/resource_index/package_run_dependencies/custom_turtleBot3
[0.126s] -- Up-to-date: /home/ziad/Ziad_WS/ROS2/ziad_ws/install/custom_turtleBot3/share/ament_index/resource_index/parent_prefix_path/custom_turtleBot3
[0.126s] -- Up-to-date: /home/ziad/Ziad_WS/ROS2/ziad_ws/install/custom_turtleBot3/share/custom_turtleBot3/environment/ament_prefix_path.sh
[0.126s] -- Up-to-date: /home/ziad/Ziad_WS/ROS2/ziad_ws/install/custom_turtleBot3/share/custom_turtleBot3/environment/ament_prefix_path.dsv
[0.126s] -- Up-to-date: /home/ziad/Ziad_WS/ROS2/ziad_ws/install/custom_turtleBot3/share/custom_turtleBot3/environment/path.sh
[0.126s] -- Up-to-date: /home/ziad/Ziad_WS/ROS2/ziad_ws/install/custom_turtleBot3/share/custom_turtleBot3/environment/path.dsv
[0.127s] -- Up-to-date: /home/ziad/Ziad_WS/ROS2/ziad_ws/install/custom_turtleBot3/share/custom_turtleBot3/local_setup.bash
[0.127s] -- Up-to-date: /home/ziad/Ziad_WS/ROS2/ziad_ws/install/custom_turtleBot3/share/custom_turtleBot3/local_setup.sh
[0.127s] -- Up-to-date: /home/ziad/Ziad_WS/ROS2/ziad_ws/install/custom_turtleBot3/share/custom_turtleBot3/local_setup.zsh
[0.127s] -- Up-to-date: /home/ziad/Ziad_WS/ROS2/ziad_ws/install/custom_turtleBot3/share/custom_turtleBot3/local_setup.dsv
[0.127s] -- Installing: /home/ziad/Ziad_WS/ROS2/ziad_ws/install/custom_turtleBot3/share/custom_turtleBot3/package.dsv
[0.127s] -- Up-to-date: /home/ziad/Ziad_WS/ROS2/ziad_ws/install/custom_turtleBot3/share/ament_index/resource_index/packages/custom_turtleBot3
[0.128s] -- Up-to-date: /home/ziad/Ziad_WS/ROS2/ziad_ws/install/custom_turtleBot3/share/custom_turtleBot3/cmake/custom_turtleBot3Config.cmake
[0.128s] -- Up-to-date: /home/ziad/Ziad_WS/ROS2/ziad_ws/install/custom_turtleBot3/share/custom_turtleBot3/cmake/custom_turtleBot3Config-version.cmake
[0.128s] -- Up-to-date: /home/ziad/Ziad_WS/ROS2/ziad_ws/install/custom_turtleBot3/share/custom_turtleBot3/package.xml
[0.131s] Invoked command in '/home/ziad/Ziad_WS/ROS2/ziad_ws/build/custom_turtleBot3' returned '0': CMAKE_PREFIX_PATH=${CMAKE_PREFIX_PATH}:/opt/ros/humble /usr/bin/cmake --install /home/ziad/Ziad_WS/ROS2/ziad_ws/build/custom_turtleBot3
