[1.836s] Invoking command in '/home/ziad/ziad_ws/ROS2/turtlebot3_ws/src/turtlebot3/turtlebot3_example': AMENT_PREFIX_PATH=/home/ziad/ziad_ws/ROS2/turtlebot3_ws/install/turtlebot3_msgs:${AMENT_PREFIX_PATH} CMAKE_PREFIX_PATH=/home/ziad/ziad_ws/ROS2/turtlebot3_ws/install/turtlebot3_msgs LD_LIBRARY_PATH=/home/ziad/ziad_ws/ROS2/turtlebot3_ws/install/turtlebot3_msgs/lib:${LD_LIBRARY_PATH} PYTHONPATH=/home/ziad/ziad_ws/ROS2/turtlebot3_ws/build/turtlebot3_example/prefix_override:/usr/lib/python3/dist-packages/colcon_core/task/python/colcon_distutils_commands:/home/ziad/ziad_ws/ROS2/turtlebot3_ws/install/turtlebot3_example/lib/python3.10/site-packages:/home/ziad/ziad_ws/ROS2/turtlebot3_ws/install/turtlebot3_msgs/local/lib/python3.10/dist-packages:${PYTHONPATH} /usr/bin/python3 -W ignore:setup.py install is deprecated -W ignore:easy_install command is deprecated setup.py egg_info --egg-base ../../../build/turtlebot3_example build --build-base /home/ziad/ziad_ws/ROS2/turtlebot3_ws/build/turtlebot3_example/build install --record /home/ziad/ziad_ws/ROS2/turtlebot3_ws/build/turtlebot3_example/install.log --single-version-externally-managed install_data
[2.241s] running egg_info
[2.242s] creating ../../../build/turtlebot3_example/turtlebot3_example.egg-info
[2.242s] writing ../../../build/turtlebot3_example/turtlebot3_example.egg-info/PKG-INFO
[2.242s] writing dependency_links to ../../../build/turtlebot3_example/turtlebot3_example.egg-info/dependency_links.txt
[2.242s] writing entry points to ../../../build/turtlebot3_example/turtlebot3_example.egg-info/entry_points.txt
[2.242s] writing requirements to ../../../build/turtlebot3_example/turtlebot3_example.egg-info/requires.txt
[2.243s] writing top-level names to ../../../build/turtlebot3_example/turtlebot3_example.egg-info/top_level.txt
[2.243s] writing manifest file '../../../build/turtlebot3_example/turtlebot3_example.egg-info/SOURCES.txt'
[2.245s] reading manifest file '../../../build/turtlebot3_example/turtlebot3_example.egg-info/SOURCES.txt'
[2.246s] writing manifest file '../../../build/turtlebot3_example/turtlebot3_example.egg-info/SOURCES.txt'
[2.247s] running build
[2.247s] running build_py
[2.247s] creating /home/ziad/ziad_ws/ROS2/turtlebot3_ws/build/turtlebot3_example/build
[2.247s] creating /home/ziad/ziad_ws/ROS2/turtlebot3_ws/build/turtlebot3_example/build/lib
[2.247s] creating /home/ziad/ziad_ws/ROS2/turtlebot3_ws/build/turtlebot3_example/build/lib/turtlebot3_example
[2.247s] copying turtlebot3_example/__init__.py -> /home/ziad/ziad_ws/ROS2/turtlebot3_ws/build/turtlebot3_example/build/lib/turtlebot3_example
[2.247s] creating /home/ziad/ziad_ws/ROS2/turtlebot3_ws/build/turtlebot3_example/build/lib/turtlebot3_example/turtlebot3_interactive_marker
[2.248s] copying turtlebot3_example/turtlebot3_interactive_marker/turtlebot3_interactive_marker.py -> /home/ziad/ziad_ws/ROS2/turtlebot3_ws/build/turtlebot3_example/build/lib/turtlebot3_example/turtlebot3_interactive_marker
[2.248s] copying turtlebot3_example/turtlebot3_interactive_marker/__init__.py -> /home/ziad/ziad_ws/ROS2/turtlebot3_ws/build/turtlebot3_example/build/lib/turtlebot3_example/turtlebot3_interactive_marker
[2.248s] creating /home/ziad/ziad_ws/ROS2/turtlebot3_ws/build/turtlebot3_example/build/lib/turtlebot3_example/turtlebot3_obstacle_detection
[2.248s] copying turtlebot3_example/turtlebot3_obstacle_detection/turtlebot3_obstacle_detection.py -> /home/ziad/ziad_ws/ROS2/turtlebot3_ws/build/turtlebot3_example/build/lib/turtlebot3_example/turtlebot3_obstacle_detection
[2.248s] copying turtlebot3_example/turtlebot3_obstacle_detection/__init__.py -> /home/ziad/ziad_ws/ROS2/turtlebot3_ws/build/turtlebot3_example/build/lib/turtlebot3_example/turtlebot3_obstacle_detection
[2.249s] creating /home/ziad/ziad_ws/ROS2/turtlebot3_ws/build/turtlebot3_example/build/lib/turtlebot3_example/turtlebot3_patrol
[2.249s] copying turtlebot3_example/turtlebot3_patrol/turtlebot3_patrol_server.py -> /home/ziad/ziad_ws/ROS2/turtlebot3_ws/build/turtlebot3_example/build/lib/turtlebot3_example/turtlebot3_patrol
[2.249s] copying turtlebot3_example/turtlebot3_patrol/turtlebot3_patrol_client.py -> /home/ziad/ziad_ws/ROS2/turtlebot3_ws/build/turtlebot3_example/build/lib/turtlebot3_example/turtlebot3_patrol
[2.250s] copying turtlebot3_example/turtlebot3_patrol/__init__.py -> /home/ziad/ziad_ws/ROS2/turtlebot3_ws/build/turtlebot3_example/build/lib/turtlebot3_example/turtlebot3_patrol
[2.251s] creating /home/ziad/ziad_ws/ROS2/turtlebot3_ws/build/turtlebot3_example/build/lib/turtlebot3_example/turtlebot3_relative_move
[2.251s] copying turtlebot3_example/turtlebot3_relative_move/turtlebot3_relative_move.py -> /home/ziad/ziad_ws/ROS2/turtlebot3_ws/build/turtlebot3_example/build/lib/turtlebot3_example/turtlebot3_relative_move
[2.252s] copying turtlebot3_example/turtlebot3_relative_move/__init__.py -> /home/ziad/ziad_ws/ROS2/turtlebot3_ws/build/turtlebot3_example/build/lib/turtlebot3_example/turtlebot3_relative_move
[2.252s] creating /home/ziad/ziad_ws/ROS2/turtlebot3_ws/build/turtlebot3_example/build/lib/turtlebot3_example/turtlebot3_absolute_move
[2.252s] copying turtlebot3_example/turtlebot3_absolute_move/turtlebot3_absolute_move.py -> /home/ziad/ziad_ws/ROS2/turtlebot3_ws/build/turtlebot3_example/build/lib/turtlebot3_example/turtlebot3_absolute_move
[2.252s] copying turtlebot3_example/turtlebot3_absolute_move/__init__.py -> /home/ziad/ziad_ws/ROS2/turtlebot3_ws/build/turtlebot3_example/build/lib/turtlebot3_example/turtlebot3_absolute_move
[2.253s] running install
[2.254s] running install_lib
[2.255s] creating /home/ziad/ziad_ws/ROS2/turtlebot3_ws/install/turtlebot3_example/lib/python3.10/site-packages/turtlebot3_example
[2.255s] creating /home/ziad/ziad_ws/ROS2/turtlebot3_ws/install/turtlebot3_example/lib/python3.10/site-packages/turtlebot3_example/turtlebot3_interactive_marker
[2.255s] copying /home/ziad/ziad_ws/ROS2/turtlebot3_ws/build/turtlebot3_example/build/lib/turtlebot3_example/turtlebot3_interactive_marker/turtlebot3_interactive_marker.py -> /home/ziad/ziad_ws/ROS2/turtlebot3_ws/install/turtlebot3_example/lib/python3.10/site-packages/turtlebot3_example/turtlebot3_interactive_marker
[2.256s] copying /home/ziad/ziad_ws/ROS2/turtlebot3_ws/build/turtlebot3_example/build/lib/turtlebot3_example/turtlebot3_interactive_marker/__init__.py -> /home/ziad/ziad_ws/ROS2/turtlebot3_ws/install/turtlebot3_example/lib/python3.10/site-packages/turtlebot3_example/turtlebot3_interactive_marker
[2.256s] creating /home/ziad/ziad_ws/ROS2/turtlebot3_ws/install/turtlebot3_example/lib/python3.10/site-packages/turtlebot3_example/turtlebot3_obstacle_detection
[2.256s] copying /home/ziad/ziad_ws/ROS2/turtlebot3_ws/build/turtlebot3_example/build/lib/turtlebot3_example/turtlebot3_obstacle_detection/turtlebot3_obstacle_detection.py -> /home/ziad/ziad_ws/ROS2/turtlebot3_ws/install/turtlebot3_example/lib/python3.10/site-packages/turtlebot3_example/turtlebot3_obstacle_detection
[2.256s] copying /home/ziad/ziad_ws/ROS2/turtlebot3_ws/build/turtlebot3_example/build/lib/turtlebot3_example/turtlebot3_obstacle_detection/__init__.py -> /home/ziad/ziad_ws/ROS2/turtlebot3_ws/install/turtlebot3_example/lib/python3.10/site-packages/turtlebot3_example/turtlebot3_obstacle_detection
[2.256s] creating /home/ziad/ziad_ws/ROS2/turtlebot3_ws/install/turtlebot3_example/lib/python3.10/site-packages/turtlebot3_example/turtlebot3_patrol
[2.256s] copying /home/ziad/ziad_ws/ROS2/turtlebot3_ws/build/turtlebot3_example/build/lib/turtlebot3_example/turtlebot3_patrol/turtlebot3_patrol_server.py -> /home/ziad/ziad_ws/ROS2/turtlebot3_ws/install/turtlebot3_example/lib/python3.10/site-packages/turtlebot3_example/turtlebot3_patrol
[2.257s] copying /home/ziad/ziad_ws/ROS2/turtlebot3_ws/build/turtlebot3_example/build/lib/turtlebot3_example/turtlebot3_patrol/turtlebot3_patrol_client.py -> /home/ziad/ziad_ws/ROS2/turtlebot3_ws/install/turtlebot3_example/lib/python3.10/site-packages/turtlebot3_example/turtlebot3_patrol
[2.257s] copying /home/ziad/ziad_ws/ROS2/turtlebot3_ws/build/turtlebot3_example/build/lib/turtlebot3_example/turtlebot3_patrol/__init__.py -> /home/ziad/ziad_ws/ROS2/turtlebot3_ws/install/turtlebot3_example/lib/python3.10/site-packages/turtlebot3_example/turtlebot3_patrol
[2.257s] creating /home/ziad/ziad_ws/ROS2/turtlebot3_ws/install/turtlebot3_example/lib/python3.10/site-packages/turtlebot3_example/turtlebot3_relative_move
[2.257s] copying /home/ziad/ziad_ws/ROS2/turtlebot3_ws/build/turtlebot3_example/build/lib/turtlebot3_example/turtlebot3_relative_move/turtlebot3_relative_move.py -> /home/ziad/ziad_ws/ROS2/turtlebot3_ws/install/turtlebot3_example/lib/python3.10/site-packages/turtlebot3_example/turtlebot3_relative_move
[2.257s] copying /home/ziad/ziad_ws/ROS2/turtlebot3_ws/build/turtlebot3_example/build/lib/turtlebot3_example/turtlebot3_relative_move/__init__.py -> /home/ziad/ziad_ws/ROS2/turtlebot3_ws/install/turtlebot3_example/lib/python3.10/site-packages/turtlebot3_example/turtlebot3_relative_move
[2.257s] creating /home/ziad/ziad_ws/ROS2/turtlebot3_ws/install/turtlebot3_example/lib/python3.10/site-packages/turtlebot3_example/turtlebot3_absolute_move
[2.258s] copying /home/ziad/ziad_ws/ROS2/turtlebot3_ws/build/turtlebot3_example/build/lib/turtlebot3_example/turtlebot3_absolute_move/turtlebot3_absolute_move.py -> /home/ziad/ziad_ws/ROS2/turtlebot3_ws/install/turtlebot3_example/lib/python3.10/site-packages/turtlebot3_example/turtlebot3_absolute_move
[2.258s] copying /home/ziad/ziad_ws/ROS2/turtlebot3_ws/build/turtlebot3_example/build/lib/turtlebot3_example/turtlebot3_absolute_move/__init__.py -> /home/ziad/ziad_ws/ROS2/turtlebot3_ws/install/turtlebot3_example/lib/python3.10/site-packages/turtlebot3_example/turtlebot3_absolute_move
[2.258s] copying /home/ziad/ziad_ws/ROS2/turtlebot3_ws/build/turtlebot3_example/build/lib/turtlebot3_example/__init__.py -> /home/ziad/ziad_ws/ROS2/turtlebot3_ws/install/turtlebot3_example/lib/python3.10/site-packages/turtlebot3_example
[2.258s] byte-compiling /home/ziad/ziad_ws/ROS2/turtlebot3_ws/install/turtlebot3_example/lib/python3.10/site-packages/turtlebot3_example/turtlebot3_interactive_marker/turtlebot3_interactive_marker.py to turtlebot3_interactive_marker.cpython-310.pyc
[2.260s] byte-compiling /home/ziad/ziad_ws/ROS2/turtlebot3_ws/install/turtlebot3_example/lib/python3.10/site-packages/turtlebot3_example/turtlebot3_interactive_marker/__init__.py to __init__.cpython-310.pyc
[2.260s] byte-compiling /home/ziad/ziad_ws/ROS2/turtlebot3_ws/install/turtlebot3_example/lib/python3.10/site-packages/turtlebot3_example/turtlebot3_obstacle_detection/turtlebot3_obstacle_detection.py to turtlebot3_obstacle_detection.cpython-310.pyc
[2.261s] byte-compiling /home/ziad/ziad_ws/ROS2/turtlebot3_ws/install/turtlebot3_example/lib/python3.10/site-packages/turtlebot3_example/turtlebot3_obstacle_detection/__init__.py to __init__.cpython-310.pyc
[2.261s] byte-compiling /home/ziad/ziad_ws/ROS2/turtlebot3_ws/install/turtlebot3_example/lib/python3.10/site-packages/turtlebot3_example/turtlebot3_patrol/turtlebot3_patrol_server.py to turtlebot3_patrol_server.cpython-310.pyc
[2.262s] byte-compiling /home/ziad/ziad_ws/ROS2/turtlebot3_ws/install/turtlebot3_example/lib/python3.10/site-packages/turtlebot3_example/turtlebot3_patrol/turtlebot3_patrol_client.py to turtlebot3_patrol_client.cpython-310.pyc
[2.263s] byte-compiling /home/ziad/ziad_ws/ROS2/turtlebot3_ws/install/turtlebot3_example/lib/python3.10/site-packages/turtlebot3_example/turtlebot3_patrol/__init__.py to __init__.cpython-310.pyc
[2.264s] byte-compiling /home/ziad/ziad_ws/ROS2/turtlebot3_ws/install/turtlebot3_example/lib/python3.10/site-packages/turtlebot3_example/turtlebot3_relative_move/turtlebot3_relative_move.py to turtlebot3_relative_move.cpython-310.pyc
[2.265s] byte-compiling /home/ziad/ziad_ws/ROS2/turtlebot3_ws/install/turtlebot3_example/lib/python3.10/site-packages/turtlebot3_example/turtlebot3_relative_move/__init__.py to __init__.cpython-310.pyc
[2.266s] byte-compiling /home/ziad/ziad_ws/ROS2/turtlebot3_ws/install/turtlebot3_example/lib/python3.10/site-packages/turtlebot3_example/turtlebot3_absolute_move/turtlebot3_absolute_move.py to turtlebot3_absolute_move.cpython-310.pyc
[2.267s] byte-compiling /home/ziad/ziad_ws/ROS2/turtlebot3_ws/install/turtlebot3_example/lib/python3.10/site-packages/turtlebot3_example/turtlebot3_absolute_move/__init__.py to __init__.cpython-310.pyc
[2.267s] byte-compiling /home/ziad/ziad_ws/ROS2/turtlebot3_ws/install/turtlebot3_example/lib/python3.10/site-packages/turtlebot3_example/__init__.py to __init__.cpython-310.pyc
[2.267s] running install_data
[2.268s] creating /home/ziad/ziad_ws/ROS2/turtlebot3_ws/install/turtlebot3_example/share/ament_index
[2.268s] creating /home/ziad/ziad_ws/ROS2/turtlebot3_ws/install/turtlebot3_example/share/ament_index/resource_index
[2.268s] creating /home/ziad/ziad_ws/ROS2/turtlebot3_ws/install/turtlebot3_example/share/ament_index/resource_index/packages
[2.268s] copying resource/turtlebot3_example -> /home/ziad/ziad_ws/ROS2/turtlebot3_ws/install/turtlebot3_example/share/ament_index/resource_index/packages
[2.268s] copying package.xml -> /home/ziad/ziad_ws/ROS2/turtlebot3_ws/install/turtlebot3_example/share/turtlebot3_example
[2.268s] running install_egg_info
[2.271s] Copying ../../../build/turtlebot3_example/turtlebot3_example.egg-info to /home/ziad/ziad_ws/ROS2/turtlebot3_ws/install/turtlebot3_example/lib/python3.10/site-packages/turtlebot3_example-2.3.3-py3.10.egg-info
[2.272s] running install_scripts
[2.297s] Installing turtlebot3_absolute_move script to /home/ziad/ziad_ws/ROS2/turtlebot3_ws/install/turtlebot3_example/lib/turtlebot3_example
[2.298s] Installing turtlebot3_interactive_marker script to /home/ziad/ziad_ws/ROS2/turtlebot3_ws/install/turtlebot3_example/lib/turtlebot3_example
[2.298s] Installing turtlebot3_obstacle_detection script to /home/ziad/ziad_ws/ROS2/turtlebot3_ws/install/turtlebot3_example/lib/turtlebot3_example
[2.298s] Installing turtlebot3_patrol_client script to /home/ziad/ziad_ws/ROS2/turtlebot3_ws/install/turtlebot3_example/lib/turtlebot3_example
[2.298s] Installing turtlebot3_patrol_server script to /home/ziad/ziad_ws/ROS2/turtlebot3_ws/install/turtlebot3_example/lib/turtlebot3_example
[2.298s] Installing turtlebot3_relative_move script to /home/ziad/ziad_ws/ROS2/turtlebot3_ws/install/turtlebot3_example/lib/turtlebot3_example
[2.299s] writing list of installed files to '/home/ziad/ziad_ws/ROS2/turtlebot3_ws/build/turtlebot3_example/install.log'
[2.347s] Invoked command in '/home/ziad/ziad_ws/ROS2/turtlebot3_ws/src/turtlebot3/turtlebot3_example' returned '0': AMENT_PREFIX_PATH=/home/ziad/ziad_ws/ROS2/turtlebot3_ws/install/turtlebot3_msgs:${AMENT_PREFIX_PATH} CMAKE_PREFIX_PATH=/home/ziad/ziad_ws/ROS2/turtlebot3_ws/install/turtlebot3_msgs LD_LIBRARY_PATH=/home/ziad/ziad_ws/ROS2/turtlebot3_ws/install/turtlebot3_msgs/lib:${LD_LIBRARY_PATH} PYTHONPATH=/home/ziad/ziad_ws/ROS2/turtlebot3_ws/build/turtlebot3_example/prefix_override:/usr/lib/python3/dist-packages/colcon_core/task/python/colcon_distutils_commands:/home/ziad/ziad_ws/ROS2/turtlebot3_ws/install/turtlebot3_example/lib/python3.10/site-packages:/home/ziad/ziad_ws/ROS2/turtlebot3_ws/install/turtlebot3_msgs/local/lib/python3.10/dist-packages:${PYTHONPATH} /usr/bin/python3 -W ignore:setup.py install is deprecated -W ignore:easy_install command is deprecated setup.py egg_info --egg-base ../../../build/turtlebot3_example build --build-base /home/ziad/ziad_ws/ROS2/turtlebot3_ws/build/turtlebot3_example/build install --record /home/ziad/ziad_ws/ROS2/turtlebot3_ws/build/turtlebot3_example/install.log --single-version-externally-managed install_data
