[ 50%] [32mBuilding CXX object CMakeFiles/panda_pick_place.dir/src/panda_pick_place.cpp.o[0m
[100%] [32m[1mLinking CXX executable panda_pick_place[0m
[100%] Built target panda_pick_place
-- Install configuration: ""
-- Installing: /home/ziad/Ziad_WS/ROS2/ziad_ws/install/custom_panda_controller/lib/custom_panda_controller/panda_pick_place
-- Set runtime path of "/home/ziad/Ziad_WS/ROS2/ziad_ws/install/custom_panda_controller/lib/custom_panda_controller/panda_pick_place" to ""
-- Up-to-date: /home/ziad/Ziad_WS/ROS2/ziad_ws/install/custom_panda_controller/share/custom_panda_controller/launch
-- Up-to-date: /home/ziad/Ziad_WS/ROS2/ziad_ws/install/custom_panda_controller/share/ament_index/resource_index/package_run_dependencies/custom_panda_controller
-- Up-to-date: /home/ziad/Ziad_WS/ROS2/ziad_ws/install/custom_panda_controller/share/ament_index/resource_index/parent_prefix_path/custom_panda_controller
-- Up-to-date: /home/ziad/Ziad_WS/ROS2/ziad_ws/install/custom_panda_controller/share/custom_panda_controller/environment/ament_prefix_path.sh
-- Up-to-date: /home/ziad/Ziad_WS/ROS2/ziad_ws/install/custom_panda_controller/share/custom_panda_controller/environment/ament_prefix_path.dsv
-- Up-to-date: /home/ziad/Ziad_WS/ROS2/ziad_ws/install/custom_panda_controller/share/custom_panda_controller/environment/path.sh
-- Up-to-date: /home/ziad/Ziad_WS/ROS2/ziad_ws/install/custom_panda_controller/share/custom_panda_controller/environment/path.dsv
-- Up-to-date: /home/ziad/Ziad_WS/ROS2/ziad_ws/install/custom_panda_controller/share/custom_panda_controller/local_setup.bash
-- Up-to-date: /home/ziad/Ziad_WS/ROS2/ziad_ws/install/custom_panda_controller/share/custom_panda_controller/local_setup.sh
-- Up-to-date: /home/ziad/Ziad_WS/ROS2/ziad_ws/install/custom_panda_controller/share/custom_panda_controller/local_setup.zsh
-- Up-to-date: /home/ziad/Ziad_WS/ROS2/ziad_ws/install/custom_panda_controller/share/custom_panda_controller/local_setup.dsv
-- Installing: /home/ziad/Ziad_WS/ROS2/ziad_ws/install/custom_panda_controller/share/custom_panda_controller/package.dsv
-- Up-to-date: /home/ziad/Ziad_WS/ROS2/ziad_ws/install/custom_panda_controller/share/ament_index/resource_index/packages/custom_panda_controller
-- Up-to-date: /home/ziad/Ziad_WS/ROS2/ziad_ws/install/custom_panda_controller/share/custom_panda_controller/cmake/custom_panda_controllerConfig.cmake
-- Up-to-date: /home/ziad/Ziad_WS/ROS2/ziad_ws/install/custom_panda_controller/share/custom_panda_controller/cmake/custom_panda_controllerConfig-version.cmake
-- Up-to-date: /home/ziad/Ziad_WS/ROS2/ziad_ws/install/custom_panda_controller/share/custom_panda_controller/package.xml
