[0.325s] DEBUG:colcon:Command line arguments: ['/usr/bin/colcon', 'build']
[0.325s] DEBUG:colcon:Parsed command line arguments: Namespace(log_base=None, log_level=None, verb_name='build', build_base='build', install_base='install', merge_install=False, symlink_install=False, test_result_base=None, continue_on_error=False, executor='parallel', parallel_workers=4, event_handlers=None, ignore_user_meta=False, metas=['./colcon.meta'], base_paths=['.'], packages_ignore=None, packages_ignore_regex=None, paths=None, packages_up_to=None, packages_up_to_regex=None, packages_above=None, packages_above_and_dependencies=None, packages_above_depth=None, packages_select_by_dep=None, packages_skip_by_dep=None, packages_skip_up_to=None, packages_select_build_failed=False, packages_skip_build_finished=False, packages_select_test_failures=False, packages_skip_test_passed=False, packages_select=None, packages_skip=None, packages_select_regex=None, packages_skip_regex=None, packages_start=None, packages_end=None, allow_overriding=[], cmake_args=None, cmake_target=None, cmake_target_skip_unavailable=False, cmake_clean_cache=False, cmake_clean_first=False, cmake_force_configure=False, ament_cmake_args=None, catkin_cmake_args=None, catkin_skip_building_tests=False, mixin_files=None, mixin=None, verb_parser=<colcon_mixin.mixin.mixin_argument.MixinArgumentDecorator object at 0x73243479ca30>, verb_extension=<colcon_core.verb.build.BuildVerb object at 0x73243479c460>, main=<bound method BuildVerb.main of <colcon_core.verb.build.BuildVerb object at 0x73243479c460>>, mixin_verb=('build',))
[0.668s] Level 1:colcon.colcon_core.package_discovery:discover_packages(colcon_meta) check parameters
[0.669s] Level 1:colcon.colcon_core.package_discovery:discover_packages(recursive) check parameters
[0.669s] Level 1:colcon.colcon_core.package_discovery:discover_packages(ignore) check parameters
[0.669s] Level 1:colcon.colcon_core.package_discovery:discover_packages(path) check parameters
[0.669s] Level 1:colcon.colcon_core.package_discovery:discover_packages(colcon_meta) discover
[0.669s] Level 1:colcon.colcon_core.package_discovery:discover_packages(recursive) discover
[0.669s] INFO:colcon.colcon_core.package_discovery:Crawling recursively for packages in '/home/ziad/ziad_ws/ROS2/work_space'
[0.669s] Level 1:colcon.colcon_core.package_identification:_identify(.) by extensions ['ignore', 'ignore_ament_install']
[0.669s] Level 1:colcon.colcon_core.package_identification:_identify(.) by extension 'ignore'
[0.669s] Level 1:colcon.colcon_core.package_identification:_identify(.) by extension 'ignore_ament_install'
[0.669s] Level 1:colcon.colcon_core.package_identification:_identify(.) by extensions ['colcon_pkg']
[0.669s] Level 1:colcon.colcon_core.package_identification:_identify(.) by extension 'colcon_pkg'
[0.669s] Level 1:colcon.colcon_core.package_identification:_identify(.) by extensions ['colcon_meta']
[0.670s] Level 1:colcon.colcon_core.package_identification:_identify(.) by extension 'colcon_meta'
[0.670s] Level 1:colcon.colcon_core.package_identification:_identify(.) by extensions ['ros']
[0.670s] Level 1:colcon.colcon_core.package_identification:_identify(.) by extension 'ros'
[0.698s] Level 1:colcon.colcon_core.package_identification:_identify(.) by extensions ['cmake', 'python']
[0.698s] Level 1:colcon.colcon_core.package_identification:_identify(.) by extension 'cmake'
[0.698s] Level 1:colcon.colcon_core.package_identification:_identify(.) by extension 'python'
[0.698s] Level 1:colcon.colcon_core.package_identification:_identify(.) by extensions ['python_setup_py']
[0.698s] Level 1:colcon.colcon_core.package_identification:_identify(.) by extension 'python_setup_py'
[0.698s] Level 1:colcon.colcon_core.package_identification:_identify(build) by extensions ['ignore', 'ignore_ament_install']
[0.698s] Level 1:colcon.colcon_core.package_identification:_identify(build) by extension 'ignore'
[0.698s] Level 1:colcon.colcon_core.package_identification:_identify(build) ignored
[0.699s] Level 1:colcon.colcon_core.package_identification:_identify(install) by extensions ['ignore', 'ignore_ament_install']
[0.699s] Level 1:colcon.colcon_core.package_identification:_identify(install) by extension 'ignore'
[0.699s] Level 1:colcon.colcon_core.package_identification:_identify(install) ignored
[0.699s] Level 1:colcon.colcon_core.package_identification:_identify(log) by extensions ['ignore', 'ignore_ament_install']
[0.699s] Level 1:colcon.colcon_core.package_identification:_identify(log) by extension 'ignore'
[0.699s] Level 1:colcon.colcon_core.package_identification:_identify(log) ignored
[0.699s] Level 1:colcon.colcon_core.package_identification:_identify(src) by extensions ['ignore', 'ignore_ament_install']
[0.699s] Level 1:colcon.colcon_core.package_identification:_identify(src) by extension 'ignore'
[0.699s] Level 1:colcon.colcon_core.package_identification:_identify(src) by extension 'ignore_ament_install'
[0.699s] Level 1:colcon.colcon_core.package_identification:_identify(src) by extensions ['colcon_pkg']
[0.699s] Level 1:colcon.colcon_core.package_identification:_identify(src) by extension 'colcon_pkg'
[0.699s] Level 1:colcon.colcon_core.package_identification:_identify(src) by extensions ['colcon_meta']
[0.699s] Level 1:colcon.colcon_core.package_identification:_identify(src) by extension 'colcon_meta'
[0.699s] Level 1:colcon.colcon_core.package_identification:_identify(src) by extensions ['ros']
[0.699s] Level 1:colcon.colcon_core.package_identification:_identify(src) by extension 'ros'
[0.700s] Level 1:colcon.colcon_core.package_identification:_identify(src) by extensions ['cmake', 'python']
[0.700s] Level 1:colcon.colcon_core.package_identification:_identify(src) by extension 'cmake'
[0.700s] Level 1:colcon.colcon_core.package_identification:_identify(src) by extension 'python'
[0.700s] Level 1:colcon.colcon_core.package_identification:_identify(src) by extensions ['python_setup_py']
[0.700s] Level 1:colcon.colcon_core.package_identification:_identify(src) by extension 'python_setup_py'
[0.700s] Level 1:colcon.colcon_core.package_identification:_identify(src/anymal_description) by extensions ['ignore', 'ignore_ament_install']
[0.700s] Level 1:colcon.colcon_core.package_identification:_identify(src/anymal_description) by extension 'ignore'
[0.701s] Level 1:colcon.colcon_core.package_identification:_identify(src/anymal_description) by extension 'ignore_ament_install'
[0.701s] Level 1:colcon.colcon_core.package_identification:_identify(src/anymal_description) by extensions ['colcon_pkg']
[0.701s] Level 1:colcon.colcon_core.package_identification:_identify(src/anymal_description) by extension 'colcon_pkg'
[0.701s] Level 1:colcon.colcon_core.package_identification:_identify(src/anymal_description) by extensions ['colcon_meta']
[0.701s] Level 1:colcon.colcon_core.package_identification:_identify(src/anymal_description) by extension 'colcon_meta'
[0.701s] Level 1:colcon.colcon_core.package_identification:_identify(src/anymal_description) by extensions ['ros']
[0.701s] Level 1:colcon.colcon_core.package_identification:_identify(src/anymal_description) by extension 'ros'
[0.705s] DEBUG:colcon.colcon_core.package_identification:Package 'src/anymal_description' with type 'ros.ament_cmake' and name 'anymal_description'
[0.705s] Level 1:colcon.colcon_core.package_identification:_identify(src/custom_robot) by extensions ['ignore', 'ignore_ament_install']
[0.705s] Level 1:colcon.colcon_core.package_identification:_identify(src/custom_robot) by extension 'ignore'
[0.706s] Level 1:colcon.colcon_core.package_identification:_identify(src/custom_robot) by extension 'ignore_ament_install'
[0.706s] Level 1:colcon.colcon_core.package_identification:_identify(src/custom_robot) by extensions ['colcon_pkg']
[0.706s] Level 1:colcon.colcon_core.package_identification:_identify(src/custom_robot) by extension 'colcon_pkg'
[0.706s] Level 1:colcon.colcon_core.package_identification:_identify(src/custom_robot) by extensions ['colcon_meta']
[0.706s] Level 1:colcon.colcon_core.package_identification:_identify(src/custom_robot) by extension 'colcon_meta'
[0.706s] Level 1:colcon.colcon_core.package_identification:_identify(src/custom_robot) by extensions ['ros']
[0.706s] Level 1:colcon.colcon_core.package_identification:_identify(src/custom_robot) by extension 'ros'
[0.707s] DEBUG:colcon.colcon_core.package_identification:Package 'src/custom_robot' with type 'ros.ament_cmake' and name 'custom_robot'
[0.707s] Level 1:colcon.colcon_core.package_identification:_identify(src/cyber_robt) by extensions ['ignore', 'ignore_ament_install']
[0.708s] Level 1:colcon.colcon_core.package_identification:_identify(src/cyber_robt) by extension 'ignore'
[0.708s] Level 1:colcon.colcon_core.package_identification:_identify(src/cyber_robt) by extension 'ignore_ament_install'
[0.708s] Level 1:colcon.colcon_core.package_identification:_identify(src/cyber_robt) by extensions ['colcon_pkg']
[0.708s] Level 1:colcon.colcon_core.package_identification:_identify(src/cyber_robt) by extension 'colcon_pkg'
[0.708s] Level 1:colcon.colcon_core.package_identification:_identify(src/cyber_robt) by extensions ['colcon_meta']
[0.708s] Level 1:colcon.colcon_core.package_identification:_identify(src/cyber_robt) by extension 'colcon_meta'
[0.708s] Level 1:colcon.colcon_core.package_identification:_identify(src/cyber_robt) by extensions ['ros']
[0.708s] Level 1:colcon.colcon_core.package_identification:_identify(src/cyber_robt) by extension 'ros'
[0.710s] DEBUG:colcon.colcon_core.package_identification:Package 'src/cyber_robt' with type 'ros.ament_cmake' and name 'cyber_robt'
[0.710s] Level 1:colcon.colcon_core.package_identification:_identify(src/fusion_odom_imu) by extensions ['ignore', 'ignore_ament_install']
[0.710s] Level 1:colcon.colcon_core.package_identification:_identify(src/fusion_odom_imu) by extension 'ignore'
[0.710s] Level 1:colcon.colcon_core.package_identification:_identify(src/fusion_odom_imu) by extension 'ignore_ament_install'
[0.710s] Level 1:colcon.colcon_core.package_identification:_identify(src/fusion_odom_imu) by extensions ['colcon_pkg']
[0.710s] Level 1:colcon.colcon_core.package_identification:_identify(src/fusion_odom_imu) by extension 'colcon_pkg'
[0.710s] Level 1:colcon.colcon_core.package_identification:_identify(src/fusion_odom_imu) by extensions ['colcon_meta']
[0.711s] Level 1:colcon.colcon_core.package_identification:_identify(src/fusion_odom_imu) by extension 'colcon_meta'
[0.711s] Level 1:colcon.colcon_core.package_identification:_identify(src/fusion_odom_imu) by extensions ['ros']
[0.711s] Level 1:colcon.colcon_core.package_identification:_identify(src/fusion_odom_imu) by extension 'ros'
[0.711s] DEBUG:colcon.colcon_core.package_identification:Package 'src/fusion_odom_imu' with type 'ros.ament_cmake' and name 'fusion_odom_imu'
[0.712s] Level 1:colcon.colcon_core.package_identification:_identify(src/navigation) by extensions ['ignore', 'ignore_ament_install']
[0.712s] Level 1:colcon.colcon_core.package_identification:_identify(src/navigation) by extension 'ignore'
[0.712s] Level 1:colcon.colcon_core.package_identification:_identify(src/navigation) by extension 'ignore_ament_install'
[0.712s] Level 1:colcon.colcon_core.package_identification:_identify(src/navigation) by extensions ['colcon_pkg']
[0.712s] Level 1:colcon.colcon_core.package_identification:_identify(src/navigation) by extension 'colcon_pkg'
[0.712s] Level 1:colcon.colcon_core.package_identification:_identify(src/navigation) by extensions ['colcon_meta']
[0.712s] Level 1:colcon.colcon_core.package_identification:_identify(src/navigation) by extension 'colcon_meta'
[0.712s] Level 1:colcon.colcon_core.package_identification:_identify(src/navigation) by extensions ['ros']
[0.712s] Level 1:colcon.colcon_core.package_identification:_identify(src/navigation) by extension 'ros'
[0.713s] DEBUG:colcon.colcon_core.package_identification:Package 'src/navigation' with type 'ros.ament_cmake' and name 'navigation'
[0.714s] Level 1:colcon.colcon_core.package_identification:_identify(src/ros2_control_turtel_bot) by extensions ['ignore', 'ignore_ament_install']
[0.714s] Level 1:colcon.colcon_core.package_identification:_identify(src/ros2_control_turtel_bot) by extension 'ignore'
[0.714s] Level 1:colcon.colcon_core.package_identification:_identify(src/ros2_control_turtel_bot) by extension 'ignore_ament_install'
[0.714s] Level 1:colcon.colcon_core.package_identification:_identify(src/ros2_control_turtel_bot) by extensions ['colcon_pkg']
[0.714s] Level 1:colcon.colcon_core.package_identification:_identify(src/ros2_control_turtel_bot) by extension 'colcon_pkg'
[0.714s] Level 1:colcon.colcon_core.package_identification:_identify(src/ros2_control_turtel_bot) by extensions ['colcon_meta']
[0.714s] Level 1:colcon.colcon_core.package_identification:_identify(src/ros2_control_turtel_bot) by extension 'colcon_meta'
[0.714s] Level 1:colcon.colcon_core.package_identification:_identify(src/ros2_control_turtel_bot) by extensions ['ros']
[0.714s] Level 1:colcon.colcon_core.package_identification:_identify(src/ros2_control_turtel_bot) by extension 'ros'
[0.715s] DEBUG:colcon.colcon_core.package_identification:Package 'src/ros2_control_turtel_bot' with type 'ros.ament_cmake' and name 'ros2_control_turtel_bot'
[0.715s] Level 1:colcon.colcon_core.package_discovery:discover_packages(recursive) using defaults
[0.715s] Level 1:colcon.colcon_core.package_discovery:discover_packages(ignore) discover
[0.715s] Level 1:colcon.colcon_core.package_discovery:discover_packages(ignore) using defaults
[0.715s] Level 1:colcon.colcon_core.package_discovery:discover_packages(path) discover
[0.715s] Level 1:colcon.colcon_core.package_discovery:discover_packages(path) using defaults
[0.754s] Level 1:colcon.colcon_core.package_discovery:discover_packages(prefix_path) check parameters
[0.754s] Level 1:colcon.colcon_core.package_discovery:discover_packages(prefix_path) discover
[0.761s] DEBUG:colcon.colcon_installed_package_information.package_discovery:Found 16 installed packages in /home/ziad/ziad_ws/ROS2/turtlebot3_ws/install
[0.763s] DEBUG:colcon.colcon_installed_package_information.package_discovery:Found 399 installed packages in /opt/ros/humble
[0.766s] Level 1:colcon.colcon_core.package_discovery:discover_packages(prefix_path) using defaults
[0.899s] Level 5:colcon.colcon_core.verb:set package 'anymal_description' build argument 'cmake_args' from command line to 'None'
[0.899s] Level 5:colcon.colcon_core.verb:set package 'anymal_description' build argument 'cmake_target' from command line to 'None'
[0.899s] Level 5:colcon.colcon_core.verb:set package 'anymal_description' build argument 'cmake_target_skip_unavailable' from command line to 'False'
[0.899s] Level 5:colcon.colcon_core.verb:set package 'anymal_description' build argument 'cmake_clean_cache' from command line to 'False'
[0.899s] Level 5:colcon.colcon_core.verb:set package 'anymal_description' build argument 'cmake_clean_first' from command line to 'False'
[0.899s] Level 5:colcon.colcon_core.verb:set package 'anymal_description' build argument 'cmake_force_configure' from command line to 'False'
[0.899s] Level 5:colcon.colcon_core.verb:set package 'anymal_description' build argument 'ament_cmake_args' from command line to 'None'
[0.899s] Level 5:colcon.colcon_core.verb:set package 'anymal_description' build argument 'catkin_cmake_args' from command line to 'None'
[0.899s] Level 5:colcon.colcon_core.verb:set package 'anymal_description' build argument 'catkin_skip_building_tests' from command line to 'False'
[0.900s] DEBUG:colcon.colcon_core.verb:Building package 'anymal_description' with the following arguments: {'ament_cmake_args': None, 'build_base': '/home/ziad/ziad_ws/ROS2/work_space/build/anymal_description', 'catkin_cmake_args': None, 'catkin_skip_building_tests': False, 'cmake_args': None, 'cmake_clean_cache': False, 'cmake_clean_first': False, 'cmake_force_configure': False, 'cmake_target': None, 'cmake_target_skip_unavailable': False, 'install_base': '/home/ziad/ziad_ws/ROS2/work_space/install/anymal_description', 'merge_install': False, 'path': '/home/ziad/ziad_ws/ROS2/work_space/src/anymal_description', 'symlink_install': False, 'test_result_base': None}
[0.900s] Level 5:colcon.colcon_core.verb:set package 'custom_robot' build argument 'cmake_args' from command line to 'None'
[0.900s] Level 5:colcon.colcon_core.verb:set package 'custom_robot' build argument 'cmake_target' from command line to 'None'
[0.900s] Level 5:colcon.colcon_core.verb:set package 'custom_robot' build argument 'cmake_target_skip_unavailable' from command line to 'False'
[0.900s] Level 5:colcon.colcon_core.verb:set package 'custom_robot' build argument 'cmake_clean_cache' from command line to 'False'
[0.900s] Level 5:colcon.colcon_core.verb:set package 'custom_robot' build argument 'cmake_clean_first' from command line to 'False'
[0.900s] Level 5:colcon.colcon_core.verb:set package 'custom_robot' build argument 'cmake_force_configure' from command line to 'False'
[0.900s] Level 5:colcon.colcon_core.verb:set package 'custom_robot' build argument 'ament_cmake_args' from command line to 'None'
[0.900s] Level 5:colcon.colcon_core.verb:set package 'custom_robot' build argument 'catkin_cmake_args' from command line to 'None'
[0.900s] Level 5:colcon.colcon_core.verb:set package 'custom_robot' build argument 'catkin_skip_building_tests' from command line to 'False'
[0.900s] DEBUG:colcon.colcon_core.verb:Building package 'custom_robot' with the following arguments: {'ament_cmake_args': None, 'build_base': '/home/ziad/ziad_ws/ROS2/work_space/build/custom_robot', 'catkin_cmake_args': None, 'catkin_skip_building_tests': False, 'cmake_args': None, 'cmake_clean_cache': False, 'cmake_clean_first': False, 'cmake_force_configure': False, 'cmake_target': None, 'cmake_target_skip_unavailable': False, 'install_base': '/home/ziad/ziad_ws/ROS2/work_space/install/custom_robot', 'merge_install': False, 'path': '/home/ziad/ziad_ws/ROS2/work_space/src/custom_robot', 'symlink_install': False, 'test_result_base': None}
[0.901s] Level 5:colcon.colcon_core.verb:set package 'cyber_robt' build argument 'cmake_args' from command line to 'None'
[0.901s] Level 5:colcon.colcon_core.verb:set package 'cyber_robt' build argument 'cmake_target' from command line to 'None'
[0.901s] Level 5:colcon.colcon_core.verb:set package 'cyber_robt' build argument 'cmake_target_skip_unavailable' from command line to 'False'
[0.901s] Level 5:colcon.colcon_core.verb:set package 'cyber_robt' build argument 'cmake_clean_cache' from command line to 'False'
[0.901s] Level 5:colcon.colcon_core.verb:set package 'cyber_robt' build argument 'cmake_clean_first' from command line to 'False'
[0.901s] Level 5:colcon.colcon_core.verb:set package 'cyber_robt' build argument 'cmake_force_configure' from command line to 'False'
[0.901s] Level 5:colcon.colcon_core.verb:set package 'cyber_robt' build argument 'ament_cmake_args' from command line to 'None'
[0.901s] Level 5:colcon.colcon_core.verb:set package 'cyber_robt' build argument 'catkin_cmake_args' from command line to 'None'
[0.901s] Level 5:colcon.colcon_core.verb:set package 'cyber_robt' build argument 'catkin_skip_building_tests' from command line to 'False'
[0.901s] DEBUG:colcon.colcon_core.verb:Building package 'cyber_robt' with the following arguments: {'ament_cmake_args': None, 'build_base': '/home/ziad/ziad_ws/ROS2/work_space/build/cyber_robt', 'catkin_cmake_args': None, 'catkin_skip_building_tests': False, 'cmake_args': None, 'cmake_clean_cache': False, 'cmake_clean_first': False, 'cmake_force_configure': False, 'cmake_target': None, 'cmake_target_skip_unavailable': False, 'install_base': '/home/ziad/ziad_ws/ROS2/work_space/install/cyber_robt', 'merge_install': False, 'path': '/home/ziad/ziad_ws/ROS2/work_space/src/cyber_robt', 'symlink_install': False, 'test_result_base': None}
[0.902s] Level 5:colcon.colcon_core.verb:set package 'fusion_odom_imu' build argument 'cmake_args' from command line to 'None'
[0.902s] Level 5:colcon.colcon_core.verb:set package 'fusion_odom_imu' build argument 'cmake_target' from command line to 'None'
[0.902s] Level 5:colcon.colcon_core.verb:set package 'fusion_odom_imu' build argument 'cmake_target_skip_unavailable' from command line to 'False'
[0.902s] Level 5:colcon.colcon_core.verb:set package 'fusion_odom_imu' build argument 'cmake_clean_cache' from command line to 'False'
[0.902s] Level 5:colcon.colcon_core.verb:set package 'fusion_odom_imu' build argument 'cmake_clean_first' from command line to 'False'
[0.902s] Level 5:colcon.colcon_core.verb:set package 'fusion_odom_imu' build argument 'cmake_force_configure' from command line to 'False'
[0.902s] Level 5:colcon.colcon_core.verb:set package 'fusion_odom_imu' build argument 'ament_cmake_args' from command line to 'None'
[0.902s] Level 5:colcon.colcon_core.verb:set package 'fusion_odom_imu' build argument 'catkin_cmake_args' from command line to 'None'
[0.902s] Level 5:colcon.colcon_core.verb:set package 'fusion_odom_imu' build argument 'catkin_skip_building_tests' from command line to 'False'
[0.902s] DEBUG:colcon.colcon_core.verb:Building package 'fusion_odom_imu' with the following arguments: {'ament_cmake_args': None, 'build_base': '/home/ziad/ziad_ws/ROS2/work_space/build/fusion_odom_imu', 'catkin_cmake_args': None, 'catkin_skip_building_tests': False, 'cmake_args': None, 'cmake_clean_cache': False, 'cmake_clean_first': False, 'cmake_force_configure': False, 'cmake_target': None, 'cmake_target_skip_unavailable': False, 'install_base': '/home/ziad/ziad_ws/ROS2/work_space/install/fusion_odom_imu', 'merge_install': False, 'path': '/home/ziad/ziad_ws/ROS2/work_space/src/fusion_odom_imu', 'symlink_install': False, 'test_result_base': None}
[0.902s] Level 5:colcon.colcon_core.verb:set package 'navigation' build argument 'cmake_args' from command line to 'None'
[0.902s] Level 5:colcon.colcon_core.verb:set package 'navigation' build argument 'cmake_target' from command line to 'None'
[0.902s] Level 5:colcon.colcon_core.verb:set package 'navigation' build argument 'cmake_target_skip_unavailable' from command line to 'False'
[0.902s] Level 5:colcon.colcon_core.verb:set package 'navigation' build argument 'cmake_clean_cache' from command line to 'False'
[0.902s] Level 5:colcon.colcon_core.verb:set package 'navigation' build argument 'cmake_clean_first' from command line to 'False'
[0.902s] Level 5:colcon.colcon_core.verb:set package 'navigation' build argument 'cmake_force_configure' from command line to 'False'
[0.902s] Level 5:colcon.colcon_core.verb:set package 'navigation' build argument 'ament_cmake_args' from command line to 'None'
[0.902s] Level 5:colcon.colcon_core.verb:set package 'navigation' build argument 'catkin_cmake_args' from command line to 'None'
[0.902s] Level 5:colcon.colcon_core.verb:set package 'navigation' build argument 'catkin_skip_building_tests' from command line to 'False'
[0.903s] DEBUG:colcon.colcon_core.verb:Building package 'navigation' with the following arguments: {'ament_cmake_args': None, 'build_base': '/home/ziad/ziad_ws/ROS2/work_space/build/navigation', 'catkin_cmake_args': None, 'catkin_skip_building_tests': False, 'cmake_args': None, 'cmake_clean_cache': False, 'cmake_clean_first': False, 'cmake_force_configure': False, 'cmake_target': None, 'cmake_target_skip_unavailable': False, 'install_base': '/home/ziad/ziad_ws/ROS2/work_space/install/navigation', 'merge_install': False, 'path': '/home/ziad/ziad_ws/ROS2/work_space/src/navigation', 'symlink_install': False, 'test_result_base': None}
[0.903s] Level 5:colcon.colcon_core.verb:set package 'ros2_control_turtel_bot' build argument 'cmake_args' from command line to 'None'
[0.903s] Level 5:colcon.colcon_core.verb:set package 'ros2_control_turtel_bot' build argument 'cmake_target' from command line to 'None'
[0.903s] Level 5:colcon.colcon_core.verb:set package 'ros2_control_turtel_bot' build argument 'cmake_target_skip_unavailable' from command line to 'False'
[0.903s] Level 5:colcon.colcon_core.verb:set package 'ros2_control_turtel_bot' build argument 'cmake_clean_cache' from command line to 'False'
[0.903s] Level 5:colcon.colcon_core.verb:set package 'ros2_control_turtel_bot' build argument 'cmake_clean_first' from command line to 'False'
[0.903s] Level 5:colcon.colcon_core.verb:set package 'ros2_control_turtel_bot' build argument 'cmake_force_configure' from command line to 'False'
[0.903s] Level 5:colcon.colcon_core.verb:set package 'ros2_control_turtel_bot' build argument 'ament_cmake_args' from command line to 'None'
[0.903s] Level 5:colcon.colcon_core.verb:set package 'ros2_control_turtel_bot' build argument 'catkin_cmake_args' from command line to 'None'
[0.903s] Level 5:colcon.colcon_core.verb:set package 'ros2_control_turtel_bot' build argument 'catkin_skip_building_tests' from command line to 'False'
[0.903s] DEBUG:colcon.colcon_core.verb:Building package 'ros2_control_turtel_bot' with the following arguments: {'ament_cmake_args': None, 'build_base': '/home/ziad/ziad_ws/ROS2/work_space/build/ros2_control_turtel_bot', 'catkin_cmake_args': None, 'catkin_skip_building_tests': False, 'cmake_args': None, 'cmake_clean_cache': False, 'cmake_clean_first': False, 'cmake_force_configure': False, 'cmake_target': None, 'cmake_target_skip_unavailable': False, 'install_base': '/home/ziad/ziad_ws/ROS2/work_space/install/ros2_control_turtel_bot', 'merge_install': False, 'path': '/home/ziad/ziad_ws/ROS2/work_space/src/ros2_control_turtel_bot', 'symlink_install': False, 'test_result_base': None}
[0.903s] INFO:colcon.colcon_core.executor:Executing jobs using 'parallel' executor
[0.904s] DEBUG:colcon.colcon_parallel_executor.executor.parallel:run_until_complete
[0.905s] INFO:colcon.colcon_ros.task.ament_cmake.build:Building ROS package in '/home/ziad/ziad_ws/ROS2/work_space/src/anymal_description' with build type 'ament_cmake'
[0.905s] INFO:colcon.colcon_cmake.task.cmake.build:Building CMake package in '/home/ziad/ziad_ws/ROS2/work_space/src/anymal_description'
[0.910s] INFO:colcon.colcon_core.plugin_system:Skipping extension 'colcon_core.shell.bat': Not used on non-Windows systems
[0.911s] INFO:colcon.colcon_core.shell:Skip shell extension 'powershell' for command environment: Not usable outside of PowerShell
[0.911s] DEBUG:colcon.colcon_core.shell:Skip shell extension 'dsv' for command environment
[0.917s] INFO:colcon.colcon_ros.task.ament_cmake.build:Building ROS package in '/home/ziad/ziad_ws/ROS2/work_space/src/custom_robot' with build type 'ament_cmake'
[0.917s] INFO:colcon.colcon_cmake.task.cmake.build:Building CMake package in '/home/ziad/ziad_ws/ROS2/work_space/src/custom_robot'
[0.917s] INFO:colcon.colcon_core.shell:Skip shell extension 'powershell' for command environment: Not usable outside of PowerShell
[0.917s] DEBUG:colcon.colcon_core.shell:Skip shell extension 'dsv' for command environment
[0.923s] INFO:colcon.colcon_ros.task.ament_cmake.build:Building ROS package in '/home/ziad/ziad_ws/ROS2/work_space/src/cyber_robt' with build type 'ament_cmake'
[0.923s] INFO:colcon.colcon_cmake.task.cmake.build:Building CMake package in '/home/ziad/ziad_ws/ROS2/work_space/src/cyber_robt'
[0.923s] INFO:colcon.colcon_core.shell:Skip shell extension 'powershell' for command environment: Not usable outside of PowerShell
[0.923s] DEBUG:colcon.colcon_core.shell:Skip shell extension 'dsv' for command environment
[0.928s] INFO:colcon.colcon_ros.task.ament_cmake.build:Building ROS package in '/home/ziad/ziad_ws/ROS2/work_space/src/fusion_odom_imu' with build type 'ament_cmake'
[0.928s] INFO:colcon.colcon_cmake.task.cmake.build:Building CMake package in '/home/ziad/ziad_ws/ROS2/work_space/src/fusion_odom_imu'
[0.929s] INFO:colcon.colcon_core.shell:Skip shell extension 'powershell' for command environment: Not usable outside of PowerShell
[0.929s] DEBUG:colcon.colcon_core.shell:Skip shell extension 'dsv' for command environment
[0.941s] DEBUG:colcon.colcon_core.event_handler.log_command:Invoking command in '/home/ziad/ziad_ws/ROS2/work_space/build/anymal_description': CMAKE_PREFIX_PATH=${CMAKE_PREFIX_PATH}:/home/ziad/ziad_ws/ROS2/turtlebot3_ws/install/turtlebot3_teleop:/home/ziad/ziad_ws/ROS2/turtlebot3_ws/install/turtlebot3_example:/opt/ros/humble /usr/bin/cmake --build /home/ziad/ziad_ws/ROS2/work_space/build/anymal_description -- -j4 -l4
[0.947s] DEBUG:colcon.colcon_core.event_handler.log_command:Invoking command in '/home/ziad/ziad_ws/ROS2/work_space/build/custom_robot': CMAKE_PREFIX_PATH=${CMAKE_PREFIX_PATH}:/home/ziad/ziad_ws/ROS2/turtlebot3_ws/install/turtlebot3_teleop:/home/ziad/ziad_ws/ROS2/turtlebot3_ws/install/turtlebot3_example:/opt/ros/humble /usr/bin/cmake /home/ziad/ziad_ws/ROS2/work_space/src/custom_robot -DCMAKE_INSTALL_PREFIX=/home/ziad/ziad_ws/ROS2/work_space/install/custom_robot
[0.952s] DEBUG:colcon.colcon_core.event_handler.log_command:Invoking command in '/home/ziad/ziad_ws/ROS2/work_space/build/cyber_robt': CMAKE_PREFIX_PATH=${CMAKE_PREFIX_PATH}:/home/ziad/ziad_ws/ROS2/turtlebot3_ws/install/turtlebot3_teleop:/home/ziad/ziad_ws/ROS2/turtlebot3_ws/install/turtlebot3_example:/opt/ros/humble /usr/bin/cmake --build /home/ziad/ziad_ws/ROS2/work_space/build/cyber_robt -- -j4 -l4
[0.964s] DEBUG:colcon.colcon_core.event_handler.log_command:Invoking command in '/home/ziad/ziad_ws/ROS2/work_space/build/fusion_odom_imu': CMAKE_PREFIX_PATH=${CMAKE_PREFIX_PATH}:/home/ziad/ziad_ws/ROS2/turtlebot3_ws/install/turtlebot3_teleop:/home/ziad/ziad_ws/ROS2/turtlebot3_ws/install/turtlebot3_example:/opt/ros/humble /usr/bin/cmake --build /home/ziad/ziad_ws/ROS2/work_space/build/fusion_odom_imu -- -j4 -l4
[1.040s] DEBUG:colcon.colcon_core.event_handler.log_command:Invoked command in '/home/ziad/ziad_ws/ROS2/work_space/build/anymal_description' returned '0': CMAKE_PREFIX_PATH=${CMAKE_PREFIX_PATH}:/home/ziad/ziad_ws/ROS2/turtlebot3_ws/install/turtlebot3_teleop:/home/ziad/ziad_ws/ROS2/turtlebot3_ws/install/turtlebot3_example:/opt/ros/humble /usr/bin/cmake --build /home/ziad/ziad_ws/ROS2/work_space/build/anymal_description -- -j4 -l4
[1.059s] DEBUG:colcon.colcon_core.event_handler.log_command:Invoking command in '/home/ziad/ziad_ws/ROS2/work_space/build/anymal_description': CMAKE_PREFIX_PATH=${CMAKE_PREFIX_PATH}:/home/ziad/ziad_ws/ROS2/turtlebot3_ws/install/turtlebot3_teleop:/home/ziad/ziad_ws/ROS2/turtlebot3_ws/install/turtlebot3_example:/opt/ros/humble /usr/bin/cmake --install /home/ziad/ziad_ws/ROS2/work_space/build/anymal_description
[1.061s] DEBUG:colcon.colcon_core.event_handler.log_command:Invoked command in '/home/ziad/ziad_ws/ROS2/work_space/build/fusion_odom_imu' returned '0': CMAKE_PREFIX_PATH=${CMAKE_PREFIX_PATH}:/home/ziad/ziad_ws/ROS2/turtlebot3_ws/install/turtlebot3_teleop:/home/ziad/ziad_ws/ROS2/turtlebot3_ws/install/turtlebot3_example:/opt/ros/humble /usr/bin/cmake --build /home/ziad/ziad_ws/ROS2/work_space/build/fusion_odom_imu -- -j4 -l4
[1.065s] DEBUG:colcon.colcon_core.event_handler.log_command:Invoking command in '/home/ziad/ziad_ws/ROS2/work_space/build/fusion_odom_imu': CMAKE_PREFIX_PATH=${CMAKE_PREFIX_PATH}:/home/ziad/ziad_ws/ROS2/turtlebot3_ws/install/turtlebot3_teleop:/home/ziad/ziad_ws/ROS2/turtlebot3_ws/install/turtlebot3_example:/opt/ros/humble /usr/bin/cmake --install /home/ziad/ziad_ws/ROS2/work_space/build/fusion_odom_imu
[1.067s] DEBUG:colcon.colcon_core.event_handler.log_command:Invoked command in '/home/ziad/ziad_ws/ROS2/work_space/build/cyber_robt' returned '0': CMAKE_PREFIX_PATH=${CMAKE_PREFIX_PATH}:/home/ziad/ziad_ws/ROS2/turtlebot3_ws/install/turtlebot3_teleop:/home/ziad/ziad_ws/ROS2/turtlebot3_ws/install/turtlebot3_example:/opt/ros/humble /usr/bin/cmake --build /home/ziad/ziad_ws/ROS2/work_space/build/cyber_robt -- -j4 -l4
[1.071s] DEBUG:colcon.colcon_core.event_handler.log_command:Invoking command in '/home/ziad/ziad_ws/ROS2/work_space/build/cyber_robt': CMAKE_PREFIX_PATH=${CMAKE_PREFIX_PATH}:/home/ziad/ziad_ws/ROS2/turtlebot3_ws/install/turtlebot3_teleop:/home/ziad/ziad_ws/ROS2/turtlebot3_ws/install/turtlebot3_example:/opt/ros/humble /usr/bin/cmake --install /home/ziad/ziad_ws/ROS2/work_space/build/cyber_robt
[1.112s] Level 1:colcon.colcon_core.environment:create_environment_scripts_only(fusion_odom_imu)
[1.114s] DEBUG:colcon.colcon_core.event_handler.log_command:Invoked command in '/home/ziad/ziad_ws/ROS2/work_space/build/fusion_odom_imu' returned '0': CMAKE_PREFIX_PATH=${CMAKE_PREFIX_PATH}:/home/ziad/ziad_ws/ROS2/turtlebot3_ws/install/turtlebot3_teleop:/home/ziad/ziad_ws/ROS2/turtlebot3_ws/install/turtlebot3_example:/opt/ros/humble /usr/bin/cmake --install /home/ziad/ziad_ws/ROS2/work_space/build/fusion_odom_imu
[1.123s] Level 1:colcon.colcon_core.environment:checking '/home/ziad/ziad_ws/ROS2/work_space/install/fusion_odom_imu' for CMake module files
[1.124s] Level 1:colcon.colcon_core.environment:checking '/home/ziad/ziad_ws/ROS2/work_space/install/fusion_odom_imu' for CMake config files
[1.124s] Level 1:colcon.colcon_core.shell:create_environment_hook('fusion_odom_imu', 'cmake_prefix_path')
[1.124s] INFO:colcon.colcon_core.shell:Creating environment hook '/home/ziad/ziad_ws/ROS2/work_space/install/fusion_odom_imu/share/fusion_odom_imu/hook/cmake_prefix_path.ps1'
[1.126s] INFO:colcon.colcon_core.shell:Creating environment descriptor '/home/ziad/ziad_ws/ROS2/work_space/install/fusion_odom_imu/share/fusion_odom_imu/hook/cmake_prefix_path.dsv'
[1.127s] INFO:colcon.colcon_core.shell:Creating environment hook '/home/ziad/ziad_ws/ROS2/work_space/install/fusion_odom_imu/share/fusion_odom_imu/hook/cmake_prefix_path.sh'
[1.130s] Level 1:colcon.colcon_core.environment:checking '/home/ziad/ziad_ws/ROS2/work_space/install/fusion_odom_imu/bin'
[1.130s] Level 1:colcon.colcon_core.environment:checking '/home/ziad/ziad_ws/ROS2/work_space/install/fusion_odom_imu/lib/pkgconfig/fusion_odom_imu.pc'
[1.131s] Level 1:colcon.colcon_core.environment:checking '/home/ziad/ziad_ws/ROS2/work_space/install/fusion_odom_imu/lib/python3.10/site-packages'
[1.131s] Level 1:colcon.colcon_core.environment:checking '/home/ziad/ziad_ws/ROS2/work_space/install/fusion_odom_imu/bin'
[1.131s] INFO:colcon.colcon_core.shell:Creating package script '/home/ziad/ziad_ws/ROS2/work_space/install/fusion_odom_imu/share/fusion_odom_imu/package.ps1'
[1.133s] INFO:colcon.colcon_core.shell:Creating package descriptor '/home/ziad/ziad_ws/ROS2/work_space/install/fusion_odom_imu/share/fusion_odom_imu/package.dsv'
[1.135s] INFO:colcon.colcon_core.shell:Creating package script '/home/ziad/ziad_ws/ROS2/work_space/install/fusion_odom_imu/share/fusion_odom_imu/package.sh'
[1.137s] INFO:colcon.colcon_core.shell:Creating package script '/home/ziad/ziad_ws/ROS2/work_space/install/fusion_odom_imu/share/fusion_odom_imu/package.bash'
[1.138s] INFO:colcon.colcon_core.shell:Creating package script '/home/ziad/ziad_ws/ROS2/work_space/install/fusion_odom_imu/share/fusion_odom_imu/package.zsh'
[1.140s] Level 1:colcon.colcon_core.environment:create_file_with_runtime_dependencies(/home/ziad/ziad_ws/ROS2/work_space/install/fusion_odom_imu/share/colcon-core/packages/fusion_odom_imu)
[1.141s] Level 1:colcon.colcon_core.environment:create_environment_scripts_only(fusion_odom_imu)
[1.141s] Level 1:colcon.colcon_core.environment:checking '/home/ziad/ziad_ws/ROS2/work_space/install/fusion_odom_imu' for CMake module files
[1.142s] Level 1:colcon.colcon_core.environment:checking '/home/ziad/ziad_ws/ROS2/work_space/install/fusion_odom_imu' for CMake config files
[1.142s] Level 1:colcon.colcon_core.shell:create_environment_hook('fusion_odom_imu', 'cmake_prefix_path')
[1.143s] INFO:colcon.colcon_core.shell:Creating environment hook '/home/ziad/ziad_ws/ROS2/work_space/install/fusion_odom_imu/share/fusion_odom_imu/hook/cmake_prefix_path.ps1'
[1.143s] INFO:colcon.colcon_core.shell:Creating environment descriptor '/home/ziad/ziad_ws/ROS2/work_space/install/fusion_odom_imu/share/fusion_odom_imu/hook/cmake_prefix_path.dsv'
[1.144s] INFO:colcon.colcon_core.shell:Creating environment hook '/home/ziad/ziad_ws/ROS2/work_space/install/fusion_odom_imu/share/fusion_odom_imu/hook/cmake_prefix_path.sh'
[1.145s] Level 1:colcon.colcon_core.environment:checking '/home/ziad/ziad_ws/ROS2/work_space/install/fusion_odom_imu/bin'
[1.145s] Level 1:colcon.colcon_core.environment:checking '/home/ziad/ziad_ws/ROS2/work_space/install/fusion_odom_imu/lib/pkgconfig/fusion_odom_imu.pc'
[1.146s] Level 1:colcon.colcon_core.environment:checking '/home/ziad/ziad_ws/ROS2/work_space/install/fusion_odom_imu/lib/python3.10/site-packages'
[1.146s] Level 1:colcon.colcon_core.environment:checking '/home/ziad/ziad_ws/ROS2/work_space/install/fusion_odom_imu/bin'
[1.146s] INFO:colcon.colcon_core.shell:Creating package script '/home/ziad/ziad_ws/ROS2/work_space/install/fusion_odom_imu/share/fusion_odom_imu/package.ps1'
[1.147s] INFO:colcon.colcon_core.shell:Creating package descriptor '/home/ziad/ziad_ws/ROS2/work_space/install/fusion_odom_imu/share/fusion_odom_imu/package.dsv'
[1.148s] INFO:colcon.colcon_core.shell:Creating package script '/home/ziad/ziad_ws/ROS2/work_space/install/fusion_odom_imu/share/fusion_odom_imu/package.sh'
[1.149s] INFO:colcon.colcon_core.shell:Creating package script '/home/ziad/ziad_ws/ROS2/work_space/install/fusion_odom_imu/share/fusion_odom_imu/package.bash'
[1.149s] INFO:colcon.colcon_core.shell:Creating package script '/home/ziad/ziad_ws/ROS2/work_space/install/fusion_odom_imu/share/fusion_odom_imu/package.zsh'
[1.150s] Level 1:colcon.colcon_core.environment:create_file_with_runtime_dependencies(/home/ziad/ziad_ws/ROS2/work_space/install/fusion_odom_imu/share/colcon-core/packages/fusion_odom_imu)
[1.151s] INFO:colcon.colcon_ros.task.ament_cmake.build:Building ROS package in '/home/ziad/ziad_ws/ROS2/work_space/src/navigation' with build type 'ament_cmake'
[1.151s] INFO:colcon.colcon_cmake.task.cmake.build:Building CMake package in '/home/ziad/ziad_ws/ROS2/work_space/src/navigation'
[1.152s] INFO:colcon.colcon_core.shell:Skip shell extension 'powershell' for command environment: Not usable outside of PowerShell
[1.152s] DEBUG:colcon.colcon_core.shell:Skip shell extension 'dsv' for command environment
[1.162s] Level 1:colcon.colcon_core.environment:create_environment_scripts_only(cyber_robt)
[1.163s] Level 1:colcon.colcon_core.environment:checking '/home/ziad/ziad_ws/ROS2/work_space/install/cyber_robt' for CMake module files
[1.164s] DEBUG:colcon.colcon_core.event_handler.log_command:Invoked command in '/home/ziad/ziad_ws/ROS2/work_space/build/cyber_robt' returned '0': CMAKE_PREFIX_PATH=${CMAKE_PREFIX_PATH}:/home/ziad/ziad_ws/ROS2/turtlebot3_ws/install/turtlebot3_teleop:/home/ziad/ziad_ws/ROS2/turtlebot3_ws/install/turtlebot3_example:/opt/ros/humble /usr/bin/cmake --install /home/ziad/ziad_ws/ROS2/work_space/build/cyber_robt
[1.165s] Level 1:colcon.colcon_core.environment:checking '/home/ziad/ziad_ws/ROS2/work_space/install/cyber_robt' for CMake config files
[1.166s] Level 1:colcon.colcon_core.shell:create_environment_hook('cyber_robt', 'cmake_prefix_path')
[1.167s] INFO:colcon.colcon_core.shell:Creating environment hook '/home/ziad/ziad_ws/ROS2/work_space/install/cyber_robt/share/cyber_robt/hook/cmake_prefix_path.ps1'
[1.169s] INFO:colcon.colcon_core.shell:Creating environment descriptor '/home/ziad/ziad_ws/ROS2/work_space/install/cyber_robt/share/cyber_robt/hook/cmake_prefix_path.dsv'
[1.169s] INFO:colcon.colcon_core.shell:Creating environment hook '/home/ziad/ziad_ws/ROS2/work_space/install/cyber_robt/share/cyber_robt/hook/cmake_prefix_path.sh'
[1.170s] Level 1:colcon.colcon_core.environment:checking '/home/ziad/ziad_ws/ROS2/work_space/install/cyber_robt/bin'
[1.170s] Level 1:colcon.colcon_core.environment:checking '/home/ziad/ziad_ws/ROS2/work_space/install/cyber_robt/lib/pkgconfig/cyber_robt.pc'
[1.171s] Level 1:colcon.colcon_core.environment:checking '/home/ziad/ziad_ws/ROS2/work_space/install/cyber_robt/lib/python3.10/site-packages'
[1.171s] Level 1:colcon.colcon_core.environment:checking '/home/ziad/ziad_ws/ROS2/work_space/install/cyber_robt/bin'
[1.172s] INFO:colcon.colcon_core.shell:Creating package script '/home/ziad/ziad_ws/ROS2/work_space/install/cyber_robt/share/cyber_robt/package.ps1'
[1.173s] INFO:colcon.colcon_core.shell:Creating package descriptor '/home/ziad/ziad_ws/ROS2/work_space/install/cyber_robt/share/cyber_robt/package.dsv'
[1.173s] INFO:colcon.colcon_core.shell:Creating package script '/home/ziad/ziad_ws/ROS2/work_space/install/cyber_robt/share/cyber_robt/package.sh'
[1.174s] INFO:colcon.colcon_core.shell:Creating package script '/home/ziad/ziad_ws/ROS2/work_space/install/cyber_robt/share/cyber_robt/package.bash'
[1.175s] INFO:colcon.colcon_core.shell:Creating package script '/home/ziad/ziad_ws/ROS2/work_space/install/cyber_robt/share/cyber_robt/package.zsh'
[1.175s] Level 1:colcon.colcon_core.environment:create_file_with_runtime_dependencies(/home/ziad/ziad_ws/ROS2/work_space/install/cyber_robt/share/colcon-core/packages/cyber_robt)
[1.176s] Level 1:colcon.colcon_core.environment:create_environment_scripts_only(cyber_robt)
[1.176s] Level 1:colcon.colcon_core.environment:checking '/home/ziad/ziad_ws/ROS2/work_space/install/cyber_robt' for CMake module files
[1.177s] Level 1:colcon.colcon_core.environment:checking '/home/ziad/ziad_ws/ROS2/work_space/install/cyber_robt' for CMake config files
[1.177s] Level 1:colcon.colcon_core.shell:create_environment_hook('cyber_robt', 'cmake_prefix_path')
[1.177s] INFO:colcon.colcon_core.shell:Creating environment hook '/home/ziad/ziad_ws/ROS2/work_space/install/cyber_robt/share/cyber_robt/hook/cmake_prefix_path.ps1'
[1.178s] INFO:colcon.colcon_core.shell:Creating environment descriptor '/home/ziad/ziad_ws/ROS2/work_space/install/cyber_robt/share/cyber_robt/hook/cmake_prefix_path.dsv'
[1.178s] INFO:colcon.colcon_core.shell:Creating environment hook '/home/ziad/ziad_ws/ROS2/work_space/install/cyber_robt/share/cyber_robt/hook/cmake_prefix_path.sh'
[1.179s] Level 1:colcon.colcon_core.environment:checking '/home/ziad/ziad_ws/ROS2/work_space/install/cyber_robt/bin'
[1.179s] Level 1:colcon.colcon_core.environment:checking '/home/ziad/ziad_ws/ROS2/work_space/install/cyber_robt/lib/pkgconfig/cyber_robt.pc'
[1.179s] Level 1:colcon.colcon_core.environment:checking '/home/ziad/ziad_ws/ROS2/work_space/install/cyber_robt/lib/python3.10/site-packages'
[1.179s] Level 1:colcon.colcon_core.environment:checking '/home/ziad/ziad_ws/ROS2/work_space/install/cyber_robt/bin'
[1.180s] INFO:colcon.colcon_core.shell:Creating package script '/home/ziad/ziad_ws/ROS2/work_space/install/cyber_robt/share/cyber_robt/package.ps1'
[1.180s] INFO:colcon.colcon_core.shell:Creating package descriptor '/home/ziad/ziad_ws/ROS2/work_space/install/cyber_robt/share/cyber_robt/package.dsv'
[1.181s] INFO:colcon.colcon_core.shell:Creating package script '/home/ziad/ziad_ws/ROS2/work_space/install/cyber_robt/share/cyber_robt/package.sh'
[1.181s] INFO:colcon.colcon_core.shell:Creating package script '/home/ziad/ziad_ws/ROS2/work_space/install/cyber_robt/share/cyber_robt/package.bash'
[1.182s] INFO:colcon.colcon_core.shell:Creating package script '/home/ziad/ziad_ws/ROS2/work_space/install/cyber_robt/share/cyber_robt/package.zsh'
[1.182s] Level 1:colcon.colcon_core.environment:create_file_with_runtime_dependencies(/home/ziad/ziad_ws/ROS2/work_space/install/cyber_robt/share/colcon-core/packages/cyber_robt)
[1.183s] Level 1:colcon.colcon_core.environment:create_environment_scripts_only(anymal_description)
[1.183s] Level 1:colcon.colcon_core.environment:checking '/home/ziad/ziad_ws/ROS2/work_space/install/anymal_description' for CMake module files
[1.185s] DEBUG:colcon.colcon_core.event_handler.log_command:Invoked command in '/home/ziad/ziad_ws/ROS2/work_space/build/anymal_description' returned '0': CMAKE_PREFIX_PATH=${CMAKE_PREFIX_PATH}:/home/ziad/ziad_ws/ROS2/turtlebot3_ws/install/turtlebot3_teleop:/home/ziad/ziad_ws/ROS2/turtlebot3_ws/install/turtlebot3_example:/opt/ros/humble /usr/bin/cmake --install /home/ziad/ziad_ws/ROS2/work_space/build/anymal_description
[1.185s] Level 1:colcon.colcon_core.environment:checking '/home/ziad/ziad_ws/ROS2/work_space/install/anymal_description' for CMake config files
[1.185s] Level 1:colcon.colcon_core.shell:create_environment_hook('anymal_description', 'cmake_prefix_path')
[1.185s] INFO:colcon.colcon_core.shell:Creating environment hook '/home/ziad/ziad_ws/ROS2/work_space/install/anymal_description/share/anymal_description/hook/cmake_prefix_path.ps1'
[1.186s] INFO:colcon.colcon_core.shell:Creating environment descriptor '/home/ziad/ziad_ws/ROS2/work_space/install/anymal_description/share/anymal_description/hook/cmake_prefix_path.dsv'
[1.187s] INFO:colcon.colcon_core.shell:Creating environment hook '/home/ziad/ziad_ws/ROS2/work_space/install/anymal_description/share/anymal_description/hook/cmake_prefix_path.sh'
[1.188s] Level 1:colcon.colcon_core.environment:checking '/home/ziad/ziad_ws/ROS2/work_space/install/anymal_description/bin'
[1.188s] Level 1:colcon.colcon_core.environment:checking '/home/ziad/ziad_ws/ROS2/work_space/install/anymal_description/lib/pkgconfig/anymal_description.pc'
[1.188s] Level 1:colcon.colcon_core.environment:checking '/home/ziad/ziad_ws/ROS2/work_space/install/anymal_description/lib/python3.10/site-packages'
[1.188s] Level 1:colcon.colcon_core.environment:checking '/home/ziad/ziad_ws/ROS2/work_space/install/anymal_description/bin'
[1.189s] INFO:colcon.colcon_core.shell:Creating package script '/home/ziad/ziad_ws/ROS2/work_space/install/anymal_description/share/anymal_description/package.ps1'
[1.189s] INFO:colcon.colcon_core.shell:Creating package descriptor '/home/ziad/ziad_ws/ROS2/work_space/install/anymal_description/share/anymal_description/package.dsv'
[1.191s] INFO:colcon.colcon_core.shell:Creating package script '/home/ziad/ziad_ws/ROS2/work_space/install/anymal_description/share/anymal_description/package.sh'
[1.192s] INFO:colcon.colcon_core.shell:Creating package script '/home/ziad/ziad_ws/ROS2/work_space/install/anymal_description/share/anymal_description/package.bash'
[1.193s] INFO:colcon.colcon_core.shell:Creating package script '/home/ziad/ziad_ws/ROS2/work_space/install/anymal_description/share/anymal_description/package.zsh'
[1.194s] Level 1:colcon.colcon_core.environment:create_file_with_runtime_dependencies(/home/ziad/ziad_ws/ROS2/work_space/install/anymal_description/share/colcon-core/packages/anymal_description)
[1.195s] Level 1:colcon.colcon_core.environment:create_environment_scripts_only(anymal_description)
[1.195s] Level 1:colcon.colcon_core.environment:checking '/home/ziad/ziad_ws/ROS2/work_space/install/anymal_description' for CMake module files
[1.196s] Level 1:colcon.colcon_core.environment:checking '/home/ziad/ziad_ws/ROS2/work_space/install/anymal_description' for CMake config files
[1.196s] Level 1:colcon.colcon_core.shell:create_environment_hook('anymal_description', 'cmake_prefix_path')
[1.196s] INFO:colcon.colcon_core.shell:Creating environment hook '/home/ziad/ziad_ws/ROS2/work_space/install/anymal_description/share/anymal_description/hook/cmake_prefix_path.ps1'
[1.197s] INFO:colcon.colcon_core.shell:Creating environment descriptor '/home/ziad/ziad_ws/ROS2/work_space/install/anymal_description/share/anymal_description/hook/cmake_prefix_path.dsv'
[1.197s] INFO:colcon.colcon_core.shell:Creating environment hook '/home/ziad/ziad_ws/ROS2/work_space/install/anymal_description/share/anymal_description/hook/cmake_prefix_path.sh'
[1.198s] Level 1:colcon.colcon_core.environment:checking '/home/ziad/ziad_ws/ROS2/work_space/install/anymal_description/bin'
[1.198s] Level 1:colcon.colcon_core.environment:checking '/home/ziad/ziad_ws/ROS2/work_space/install/anymal_description/lib/pkgconfig/anymal_description.pc'
[1.198s] Level 1:colcon.colcon_core.environment:checking '/home/ziad/ziad_ws/ROS2/work_space/install/anymal_description/lib/python3.10/site-packages'
[1.199s] Level 1:colcon.colcon_core.environment:checking '/home/ziad/ziad_ws/ROS2/work_space/install/anymal_description/bin'
[1.199s] INFO:colcon.colcon_core.shell:Creating package script '/home/ziad/ziad_ws/ROS2/work_space/install/anymal_description/share/anymal_description/package.ps1'
[1.201s] INFO:colcon.colcon_core.shell:Creating package descriptor '/home/ziad/ziad_ws/ROS2/work_space/install/anymal_description/share/anymal_description/package.dsv'
[1.202s] INFO:colcon.colcon_core.shell:Creating package script '/home/ziad/ziad_ws/ROS2/work_space/install/anymal_description/share/anymal_description/package.sh'
[1.203s] INFO:colcon.colcon_core.shell:Creating package script '/home/ziad/ziad_ws/ROS2/work_space/install/anymal_description/share/anymal_description/package.bash'
[1.203s] INFO:colcon.colcon_core.shell:Creating package script '/home/ziad/ziad_ws/ROS2/work_space/install/anymal_description/share/anymal_description/package.zsh'
[1.204s] Level 1:colcon.colcon_core.environment:create_file_with_runtime_dependencies(/home/ziad/ziad_ws/ROS2/work_space/install/anymal_description/share/colcon-core/packages/anymal_description)
[1.204s] INFO:colcon.colcon_ros.task.ament_cmake.build:Building ROS package in '/home/ziad/ziad_ws/ROS2/work_space/src/ros2_control_turtel_bot' with build type 'ament_cmake'
[1.205s] INFO:colcon.colcon_cmake.task.cmake.build:Building CMake package in '/home/ziad/ziad_ws/ROS2/work_space/src/ros2_control_turtel_bot'
[1.205s] INFO:colcon.colcon_core.shell:Skip shell extension 'powershell' for command environment: Not usable outside of PowerShell
[1.205s] DEBUG:colcon.colcon_core.shell:Skip shell extension 'dsv' for command environment
[1.217s] DEBUG:colcon.colcon_core.event_handler.log_command:Invoking command in '/home/ziad/ziad_ws/ROS2/work_space/build/navigation': CMAKE_PREFIX_PATH=${CMAKE_PREFIX_PATH}:/home/ziad/ziad_ws/ROS2/turtlebot3_ws/install/turtlebot3_teleop:/home/ziad/ziad_ws/ROS2/turtlebot3_ws/install/turtlebot3_example:/opt/ros/humble /usr/bin/cmake --build /home/ziad/ziad_ws/ROS2/work_space/build/navigation -- -j4 -l4
[1.224s] DEBUG:colcon.colcon_core.event_handler.log_command:Invoking command in '/home/ziad/ziad_ws/ROS2/work_space/build/ros2_control_turtel_bot': CMAKE_PREFIX_PATH=${CMAKE_PREFIX_PATH}:/home/ziad/ziad_ws/ROS2/turtlebot3_ws/install/turtlebot3_teleop:/home/ziad/ziad_ws/ROS2/turtlebot3_ws/install/turtlebot3_example:/opt/ros/humble /usr/bin/cmake --build /home/ziad/ziad_ws/ROS2/work_space/build/ros2_control_turtel_bot -- -j4 -l4
[1.294s] DEBUG:colcon.colcon_core.event_handler.log_command:Invoked command in '/home/ziad/ziad_ws/ROS2/work_space/build/navigation' returned '0': CMAKE_PREFIX_PATH=${CMAKE_PREFIX_PATH}:/home/ziad/ziad_ws/ROS2/turtlebot3_ws/install/turtlebot3_teleop:/home/ziad/ziad_ws/ROS2/turtlebot3_ws/install/turtlebot3_example:/opt/ros/humble /usr/bin/cmake --build /home/ziad/ziad_ws/ROS2/work_space/build/navigation -- -j4 -l4
[1.297s] DEBUG:colcon.colcon_core.event_handler.log_command:Invoking command in '/home/ziad/ziad_ws/ROS2/work_space/build/navigation': CMAKE_PREFIX_PATH=${CMAKE_PREFIX_PATH}:/home/ziad/ziad_ws/ROS2/turtlebot3_ws/install/turtlebot3_teleop:/home/ziad/ziad_ws/ROS2/turtlebot3_ws/install/turtlebot3_example:/opt/ros/humble /usr/bin/cmake --install /home/ziad/ziad_ws/ROS2/work_space/build/navigation
[1.341s] Level 1:colcon.colcon_core.environment:create_environment_scripts_only(navigation)
[1.341s] Level 1:colcon.colcon_core.environment:checking '/home/ziad/ziad_ws/ROS2/work_space/install/navigation' for CMake module files
[1.342s] DEBUG:colcon.colcon_core.event_handler.log_command:Invoked command in '/home/ziad/ziad_ws/ROS2/work_space/build/navigation' returned '0': CMAKE_PREFIX_PATH=${CMAKE_PREFIX_PATH}:/home/ziad/ziad_ws/ROS2/turtlebot3_ws/install/turtlebot3_teleop:/home/ziad/ziad_ws/ROS2/turtlebot3_ws/install/turtlebot3_example:/opt/ros/humble /usr/bin/cmake --install /home/ziad/ziad_ws/ROS2/work_space/build/navigation
[1.342s] Level 1:colcon.colcon_core.environment:checking '/home/ziad/ziad_ws/ROS2/work_space/install/navigation' for CMake config files
[1.343s] Level 1:colcon.colcon_core.shell:create_environment_hook('navigation', 'cmake_prefix_path')
[1.343s] INFO:colcon.colcon_core.shell:Creating environment hook '/home/ziad/ziad_ws/ROS2/work_space/install/navigation/share/navigation/hook/cmake_prefix_path.ps1'
[1.344s] INFO:colcon.colcon_core.shell:Creating environment descriptor '/home/ziad/ziad_ws/ROS2/work_space/install/navigation/share/navigation/hook/cmake_prefix_path.dsv'
[1.345s] INFO:colcon.colcon_core.shell:Creating environment hook '/home/ziad/ziad_ws/ROS2/work_space/install/navigation/share/navigation/hook/cmake_prefix_path.sh'
[1.346s] Level 1:colcon.colcon_core.environment:checking '/home/ziad/ziad_ws/ROS2/work_space/install/navigation/bin'
[1.346s] Level 1:colcon.colcon_core.environment:checking '/home/ziad/ziad_ws/ROS2/work_space/install/navigation/lib/pkgconfig/navigation.pc'
[1.346s] Level 1:colcon.colcon_core.environment:checking '/home/ziad/ziad_ws/ROS2/work_space/install/navigation/lib/python3.10/site-packages'
[1.347s] Level 1:colcon.colcon_core.environment:checking '/home/ziad/ziad_ws/ROS2/work_space/install/navigation/bin'
[1.347s] INFO:colcon.colcon_core.shell:Creating package script '/home/ziad/ziad_ws/ROS2/work_space/install/navigation/share/navigation/package.ps1'
[1.348s] INFO:colcon.colcon_core.shell:Creating package descriptor '/home/ziad/ziad_ws/ROS2/work_space/install/navigation/share/navigation/package.dsv'
[1.350s] INFO:colcon.colcon_core.shell:Creating package script '/home/ziad/ziad_ws/ROS2/work_space/install/navigation/share/navigation/package.sh'
[1.352s] INFO:colcon.colcon_core.shell:Creating package script '/home/ziad/ziad_ws/ROS2/work_space/install/navigation/share/navigation/package.bash'
[1.352s] INFO:colcon.colcon_core.shell:Creating package script '/home/ziad/ziad_ws/ROS2/work_space/install/navigation/share/navigation/package.zsh'
[1.353s] Level 1:colcon.colcon_core.environment:create_file_with_runtime_dependencies(/home/ziad/ziad_ws/ROS2/work_space/install/navigation/share/colcon-core/packages/navigation)
[1.355s] Level 1:colcon.colcon_core.environment:create_environment_scripts_only(navigation)
[1.355s] Level 1:colcon.colcon_core.environment:checking '/home/ziad/ziad_ws/ROS2/work_space/install/navigation' for CMake module files
[1.356s] Level 1:colcon.colcon_core.environment:checking '/home/ziad/ziad_ws/ROS2/work_space/install/navigation' for CMake config files
[1.356s] Level 1:colcon.colcon_core.shell:create_environment_hook('navigation', 'cmake_prefix_path')
[1.357s] INFO:colcon.colcon_core.shell:Creating environment hook '/home/ziad/ziad_ws/ROS2/work_space/install/navigation/share/navigation/hook/cmake_prefix_path.ps1'
[1.358s] INFO:colcon.colcon_core.shell:Creating environment descriptor '/home/ziad/ziad_ws/ROS2/work_space/install/navigation/share/navigation/hook/cmake_prefix_path.dsv'
[1.358s] INFO:colcon.colcon_core.shell:Creating environment hook '/home/ziad/ziad_ws/ROS2/work_space/install/navigation/share/navigation/hook/cmake_prefix_path.sh'
[1.359s] Level 1:colcon.colcon_core.environment:checking '/home/ziad/ziad_ws/ROS2/work_space/install/navigation/bin'
[1.359s] Level 1:colcon.colcon_core.environment:checking '/home/ziad/ziad_ws/ROS2/work_space/install/navigation/lib/pkgconfig/navigation.pc'
[1.360s] Level 1:colcon.colcon_core.environment:checking '/home/ziad/ziad_ws/ROS2/work_space/install/navigation/lib/python3.10/site-packages'
[1.360s] Level 1:colcon.colcon_core.environment:checking '/home/ziad/ziad_ws/ROS2/work_space/install/navigation/bin'
[1.361s] INFO:colcon.colcon_core.shell:Creating package script '/home/ziad/ziad_ws/ROS2/work_space/install/navigation/share/navigation/package.ps1'
[1.361s] INFO:colcon.colcon_core.shell:Creating package descriptor '/home/ziad/ziad_ws/ROS2/work_space/install/navigation/share/navigation/package.dsv'
[1.362s] INFO:colcon.colcon_core.shell:Creating package script '/home/ziad/ziad_ws/ROS2/work_space/install/navigation/share/navigation/package.sh'
[1.363s] INFO:colcon.colcon_core.shell:Creating package script '/home/ziad/ziad_ws/ROS2/work_space/install/navigation/share/navigation/package.bash'
[1.363s] INFO:colcon.colcon_core.shell:Creating package script '/home/ziad/ziad_ws/ROS2/work_space/install/navigation/share/navigation/package.zsh'
[1.364s] Level 1:colcon.colcon_core.environment:create_file_with_runtime_dependencies(/home/ziad/ziad_ws/ROS2/work_space/install/navigation/share/colcon-core/packages/navigation)
[1.366s] DEBUG:colcon.colcon_core.event_handler.log_command:Invoked command in '/home/ziad/ziad_ws/ROS2/work_space/build/ros2_control_turtel_bot' returned '0': CMAKE_PREFIX_PATH=${CMAKE_PREFIX_PATH}:/home/ziad/ziad_ws/ROS2/turtlebot3_ws/install/turtlebot3_teleop:/home/ziad/ziad_ws/ROS2/turtlebot3_ws/install/turtlebot3_example:/opt/ros/humble /usr/bin/cmake --build /home/ziad/ziad_ws/ROS2/work_space/build/ros2_control_turtel_bot -- -j4 -l4
[1.369s] DEBUG:colcon.colcon_core.event_handler.log_command:Invoking command in '/home/ziad/ziad_ws/ROS2/work_space/build/ros2_control_turtel_bot': CMAKE_PREFIX_PATH=${CMAKE_PREFIX_PATH}:/home/ziad/ziad_ws/ROS2/turtlebot3_ws/install/turtlebot3_teleop:/home/ziad/ziad_ws/ROS2/turtlebot3_ws/install/turtlebot3_example:/opt/ros/humble /usr/bin/cmake --install /home/ziad/ziad_ws/ROS2/work_space/build/ros2_control_turtel_bot
[1.400s] Level 1:colcon.colcon_core.environment:create_environment_scripts_only(ros2_control_turtel_bot)
[1.402s] Level 1:colcon.colcon_core.environment:checking '/home/ziad/ziad_ws/ROS2/work_space/install/ros2_control_turtel_bot' for CMake module files
[1.403s] DEBUG:colcon.colcon_core.event_handler.log_command:Invoked command in '/home/ziad/ziad_ws/ROS2/work_space/build/ros2_control_turtel_bot' returned '0': CMAKE_PREFIX_PATH=${CMAKE_PREFIX_PATH}:/home/ziad/ziad_ws/ROS2/turtlebot3_ws/install/turtlebot3_teleop:/home/ziad/ziad_ws/ROS2/turtlebot3_ws/install/turtlebot3_example:/opt/ros/humble /usr/bin/cmake --install /home/ziad/ziad_ws/ROS2/work_space/build/ros2_control_turtel_bot
[1.403s] Level 1:colcon.colcon_core.environment:checking '/home/ziad/ziad_ws/ROS2/work_space/install/ros2_control_turtel_bot' for CMake config files
[1.404s] Level 1:colcon.colcon_core.shell:create_environment_hook('ros2_control_turtel_bot', 'cmake_prefix_path')
[1.404s] INFO:colcon.colcon_core.shell:Creating environment hook '/home/ziad/ziad_ws/ROS2/work_space/install/ros2_control_turtel_bot/share/ros2_control_turtel_bot/hook/cmake_prefix_path.ps1'
[1.405s] INFO:colcon.colcon_core.shell:Creating environment descriptor '/home/ziad/ziad_ws/ROS2/work_space/install/ros2_control_turtel_bot/share/ros2_control_turtel_bot/hook/cmake_prefix_path.dsv'
[1.406s] INFO:colcon.colcon_core.shell:Creating environment hook '/home/ziad/ziad_ws/ROS2/work_space/install/ros2_control_turtel_bot/share/ros2_control_turtel_bot/hook/cmake_prefix_path.sh'
[1.407s] Level 1:colcon.colcon_core.environment:checking '/home/ziad/ziad_ws/ROS2/work_space/install/ros2_control_turtel_bot/lib'
[1.407s] Level 1:colcon.colcon_core.environment:checking '/home/ziad/ziad_ws/ROS2/work_space/install/ros2_control_turtel_bot/bin'
[1.407s] Level 1:colcon.colcon_core.environment:checking '/home/ziad/ziad_ws/ROS2/work_space/install/ros2_control_turtel_bot/lib/pkgconfig/ros2_control_turtel_bot.pc'
[1.407s] Level 1:colcon.colcon_core.environment:checking '/home/ziad/ziad_ws/ROS2/work_space/install/ros2_control_turtel_bot/lib/python3.10/site-packages'
[1.408s] Level 1:colcon.colcon_core.environment:checking '/home/ziad/ziad_ws/ROS2/work_space/install/ros2_control_turtel_bot/bin'
[1.408s] INFO:colcon.colcon_core.shell:Creating package script '/home/ziad/ziad_ws/ROS2/work_space/install/ros2_control_turtel_bot/share/ros2_control_turtel_bot/package.ps1'
[1.409s] INFO:colcon.colcon_core.shell:Creating package descriptor '/home/ziad/ziad_ws/ROS2/work_space/install/ros2_control_turtel_bot/share/ros2_control_turtel_bot/package.dsv'
[1.409s] INFO:colcon.colcon_core.shell:Creating package script '/home/ziad/ziad_ws/ROS2/work_space/install/ros2_control_turtel_bot/share/ros2_control_turtel_bot/package.sh'
[1.410s] INFO:colcon.colcon_core.shell:Creating package script '/home/ziad/ziad_ws/ROS2/work_space/install/ros2_control_turtel_bot/share/ros2_control_turtel_bot/package.bash'
[1.410s] INFO:colcon.colcon_core.shell:Creating package script '/home/ziad/ziad_ws/ROS2/work_space/install/ros2_control_turtel_bot/share/ros2_control_turtel_bot/package.zsh'
[1.411s] Level 1:colcon.colcon_core.environment:create_file_with_runtime_dependencies(/home/ziad/ziad_ws/ROS2/work_space/install/ros2_control_turtel_bot/share/colcon-core/packages/ros2_control_turtel_bot)
[1.411s] Level 1:colcon.colcon_core.environment:create_environment_scripts_only(ros2_control_turtel_bot)
[1.412s] Level 1:colcon.colcon_core.environment:checking '/home/ziad/ziad_ws/ROS2/work_space/install/ros2_control_turtel_bot' for CMake module files
[1.412s] Level 1:colcon.colcon_core.environment:checking '/home/ziad/ziad_ws/ROS2/work_space/install/ros2_control_turtel_bot' for CMake config files
[1.412s] Level 1:colcon.colcon_core.shell:create_environment_hook('ros2_control_turtel_bot', 'cmake_prefix_path')
[1.413s] INFO:colcon.colcon_core.shell:Creating environment hook '/home/ziad/ziad_ws/ROS2/work_space/install/ros2_control_turtel_bot/share/ros2_control_turtel_bot/hook/cmake_prefix_path.ps1'
[1.413s] INFO:colcon.colcon_core.shell:Creating environment descriptor '/home/ziad/ziad_ws/ROS2/work_space/install/ros2_control_turtel_bot/share/ros2_control_turtel_bot/hook/cmake_prefix_path.dsv'
[1.414s] INFO:colcon.colcon_core.shell:Creating environment hook '/home/ziad/ziad_ws/ROS2/work_space/install/ros2_control_turtel_bot/share/ros2_control_turtel_bot/hook/cmake_prefix_path.sh'
[1.414s] Level 1:colcon.colcon_core.environment:checking '/home/ziad/ziad_ws/ROS2/work_space/install/ros2_control_turtel_bot/lib'
[1.414s] Level 1:colcon.colcon_core.environment:checking '/home/ziad/ziad_ws/ROS2/work_space/install/ros2_control_turtel_bot/bin'
[1.414s] Level 1:colcon.colcon_core.environment:checking '/home/ziad/ziad_ws/ROS2/work_space/install/ros2_control_turtel_bot/lib/pkgconfig/ros2_control_turtel_bot.pc'
[1.415s] Level 1:colcon.colcon_core.environment:checking '/home/ziad/ziad_ws/ROS2/work_space/install/ros2_control_turtel_bot/lib/python3.10/site-packages'
[1.415s] Level 1:colcon.colcon_core.environment:checking '/home/ziad/ziad_ws/ROS2/work_space/install/ros2_control_turtel_bot/bin'
[1.415s] INFO:colcon.colcon_core.shell:Creating package script '/home/ziad/ziad_ws/ROS2/work_space/install/ros2_control_turtel_bot/share/ros2_control_turtel_bot/package.ps1'
[1.416s] INFO:colcon.colcon_core.shell:Creating package descriptor '/home/ziad/ziad_ws/ROS2/work_space/install/ros2_control_turtel_bot/share/ros2_control_turtel_bot/package.dsv'
[1.416s] INFO:colcon.colcon_core.shell:Creating package script '/home/ziad/ziad_ws/ROS2/work_space/install/ros2_control_turtel_bot/share/ros2_control_turtel_bot/package.sh'
[1.417s] INFO:colcon.colcon_core.shell:Creating package script '/home/ziad/ziad_ws/ROS2/work_space/install/ros2_control_turtel_bot/share/ros2_control_turtel_bot/package.bash'
[1.417s] INFO:colcon.colcon_core.shell:Creating package script '/home/ziad/ziad_ws/ROS2/work_space/install/ros2_control_turtel_bot/share/ros2_control_turtel_bot/package.zsh'
[1.418s] Level 1:colcon.colcon_core.environment:create_file_with_runtime_dependencies(/home/ziad/ziad_ws/ROS2/work_space/install/ros2_control_turtel_bot/share/colcon-core/packages/ros2_control_turtel_bot)
[2.861s] DEBUG:colcon.colcon_core.event_handler.log_command:Invoked command in '/home/ziad/ziad_ws/ROS2/work_space/build/custom_robot' returned '0': CMAKE_PREFIX_PATH=${CMAKE_PREFIX_PATH}:/home/ziad/ziad_ws/ROS2/turtlebot3_ws/install/turtlebot3_teleop:/home/ziad/ziad_ws/ROS2/turtlebot3_ws/install/turtlebot3_example:/opt/ros/humble /usr/bin/cmake /home/ziad/ziad_ws/ROS2/work_space/src/custom_robot -DCMAKE_INSTALL_PREFIX=/home/ziad/ziad_ws/ROS2/work_space/install/custom_robot
[2.863s] DEBUG:colcon.colcon_core.event_handler.log_command:Invoking command in '/home/ziad/ziad_ws/ROS2/work_space/build/custom_robot': CMAKE_PREFIX_PATH=${CMAKE_PREFIX_PATH}:/home/ziad/ziad_ws/ROS2/turtlebot3_ws/install/turtlebot3_teleop:/home/ziad/ziad_ws/ROS2/turtlebot3_ws/install/turtlebot3_example:/opt/ros/humble /usr/bin/cmake --build /home/ziad/ziad_ws/ROS2/work_space/build/custom_robot -- -j4 -l4
[2.905s] DEBUG:colcon.colcon_core.event_handler.log_command:Invoked command in '/home/ziad/ziad_ws/ROS2/work_space/build/custom_robot' returned '0': CMAKE_PREFIX_PATH=${CMAKE_PREFIX_PATH}:/home/ziad/ziad_ws/ROS2/turtlebot3_ws/install/turtlebot3_teleop:/home/ziad/ziad_ws/ROS2/turtlebot3_ws/install/turtlebot3_example:/opt/ros/humble /usr/bin/cmake --build /home/ziad/ziad_ws/ROS2/work_space/build/custom_robot -- -j4 -l4
[2.907s] DEBUG:colcon.colcon_core.event_handler.log_command:Invoking command in '/home/ziad/ziad_ws/ROS2/work_space/build/custom_robot': CMAKE_PREFIX_PATH=${CMAKE_PREFIX_PATH}:/home/ziad/ziad_ws/ROS2/turtlebot3_ws/install/turtlebot3_teleop:/home/ziad/ziad_ws/ROS2/turtlebot3_ws/install/turtlebot3_example:/opt/ros/humble /usr/bin/cmake --install /home/ziad/ziad_ws/ROS2/work_space/build/custom_robot
[2.920s] Level 1:colcon.colcon_core.environment:create_environment_scripts_only(custom_robot)
[2.921s] Level 1:colcon.colcon_core.environment:checking '/home/ziad/ziad_ws/ROS2/work_space/install/custom_robot' for CMake module files
[2.921s] DEBUG:colcon.colcon_core.event_handler.log_command:Invoked command in '/home/ziad/ziad_ws/ROS2/work_space/build/custom_robot' returned '0': CMAKE_PREFIX_PATH=${CMAKE_PREFIX_PATH}:/home/ziad/ziad_ws/ROS2/turtlebot3_ws/install/turtlebot3_teleop:/home/ziad/ziad_ws/ROS2/turtlebot3_ws/install/turtlebot3_example:/opt/ros/humble /usr/bin/cmake --install /home/ziad/ziad_ws/ROS2/work_space/build/custom_robot
[2.922s] Level 1:colcon.colcon_core.environment:checking '/home/ziad/ziad_ws/ROS2/work_space/install/custom_robot' for CMake config files
[2.922s] Level 1:colcon.colcon_core.shell:create_environment_hook('custom_robot', 'cmake_prefix_path')
[2.922s] INFO:colcon.colcon_core.shell:Creating environment hook '/home/ziad/ziad_ws/ROS2/work_space/install/custom_robot/share/custom_robot/hook/cmake_prefix_path.ps1'
[2.923s] INFO:colcon.colcon_core.shell:Creating environment descriptor '/home/ziad/ziad_ws/ROS2/work_space/install/custom_robot/share/custom_robot/hook/cmake_prefix_path.dsv'
[2.923s] INFO:colcon.colcon_core.shell:Creating environment hook '/home/ziad/ziad_ws/ROS2/work_space/install/custom_robot/share/custom_robot/hook/cmake_prefix_path.sh'
[2.923s] Level 1:colcon.colcon_core.environment:checking '/home/ziad/ziad_ws/ROS2/work_space/install/custom_robot/bin'
[2.924s] Level 1:colcon.colcon_core.environment:checking '/home/ziad/ziad_ws/ROS2/work_space/install/custom_robot/lib/pkgconfig/custom_robot.pc'
[2.924s] Level 1:colcon.colcon_core.environment:checking '/home/ziad/ziad_ws/ROS2/work_space/install/custom_robot/lib/python3.10/site-packages'
[2.924s] Level 1:colcon.colcon_core.environment:checking '/home/ziad/ziad_ws/ROS2/work_space/install/custom_robot/bin'
[2.924s] INFO:colcon.colcon_core.shell:Creating package script '/home/ziad/ziad_ws/ROS2/work_space/install/custom_robot/share/custom_robot/package.ps1'
[2.925s] INFO:colcon.colcon_core.shell:Creating package descriptor '/home/ziad/ziad_ws/ROS2/work_space/install/custom_robot/share/custom_robot/package.dsv'
[2.925s] INFO:colcon.colcon_core.shell:Creating package script '/home/ziad/ziad_ws/ROS2/work_space/install/custom_robot/share/custom_robot/package.sh'
[2.926s] INFO:colcon.colcon_core.shell:Creating package script '/home/ziad/ziad_ws/ROS2/work_space/install/custom_robot/share/custom_robot/package.bash'
[2.926s] INFO:colcon.colcon_core.shell:Creating package script '/home/ziad/ziad_ws/ROS2/work_space/install/custom_robot/share/custom_robot/package.zsh'
[2.926s] Level 1:colcon.colcon_core.environment:create_file_with_runtime_dependencies(/home/ziad/ziad_ws/ROS2/work_space/install/custom_robot/share/colcon-core/packages/custom_robot)
[2.927s] Level 1:colcon.colcon_core.environment:create_environment_scripts_only(custom_robot)
[2.927s] Level 1:colcon.colcon_core.environment:checking '/home/ziad/ziad_ws/ROS2/work_space/install/custom_robot' for CMake module files
[2.928s] Level 1:colcon.colcon_core.environment:checking '/home/ziad/ziad_ws/ROS2/work_space/install/custom_robot' for CMake config files
[2.928s] Level 1:colcon.colcon_core.shell:create_environment_hook('custom_robot', 'cmake_prefix_path')
[2.928s] INFO:colcon.colcon_core.shell:Creating environment hook '/home/ziad/ziad_ws/ROS2/work_space/install/custom_robot/share/custom_robot/hook/cmake_prefix_path.ps1'
[2.929s] INFO:colcon.colcon_core.shell:Creating environment descriptor '/home/ziad/ziad_ws/ROS2/work_space/install/custom_robot/share/custom_robot/hook/cmake_prefix_path.dsv'
[2.929s] INFO:colcon.colcon_core.shell:Creating environment hook '/home/ziad/ziad_ws/ROS2/work_space/install/custom_robot/share/custom_robot/hook/cmake_prefix_path.sh'
[2.930s] Level 1:colcon.colcon_core.environment:checking '/home/ziad/ziad_ws/ROS2/work_space/install/custom_robot/bin'
[2.930s] Level 1:colcon.colcon_core.environment:checking '/home/ziad/ziad_ws/ROS2/work_space/install/custom_robot/lib/pkgconfig/custom_robot.pc'
[2.931s] Level 1:colcon.colcon_core.environment:checking '/home/ziad/ziad_ws/ROS2/work_space/install/custom_robot/lib/python3.10/site-packages'
[2.931s] Level 1:colcon.colcon_core.environment:checking '/home/ziad/ziad_ws/ROS2/work_space/install/custom_robot/bin'
[2.932s] INFO:colcon.colcon_core.shell:Creating package script '/home/ziad/ziad_ws/ROS2/work_space/install/custom_robot/share/custom_robot/package.ps1'
[2.933s] INFO:colcon.colcon_core.shell:Creating package descriptor '/home/ziad/ziad_ws/ROS2/work_space/install/custom_robot/share/custom_robot/package.dsv'
[2.933s] INFO:colcon.colcon_core.shell:Creating package script '/home/ziad/ziad_ws/ROS2/work_space/install/custom_robot/share/custom_robot/package.sh'
[2.934s] INFO:colcon.colcon_core.shell:Creating package script '/home/ziad/ziad_ws/ROS2/work_space/install/custom_robot/share/custom_robot/package.bash'
[2.935s] INFO:colcon.colcon_core.shell:Creating package script '/home/ziad/ziad_ws/ROS2/work_space/install/custom_robot/share/custom_robot/package.zsh'
[2.936s] Level 1:colcon.colcon_core.environment:create_file_with_runtime_dependencies(/home/ziad/ziad_ws/ROS2/work_space/install/custom_robot/share/colcon-core/packages/custom_robot)
[2.936s] DEBUG:colcon.colcon_parallel_executor.executor.parallel:closing loop
[2.937s] DEBUG:colcon.colcon_parallel_executor.executor.parallel:loop closed
[2.937s] DEBUG:colcon.colcon_parallel_executor.executor.parallel:run_until_complete finished with '0'
[2.937s] DEBUG:colcon.colcon_core.event_reactor:joining thread
[2.946s] INFO:colcon.colcon_core.plugin_system:Skipping extension 'colcon_notification.desktop_notification.terminal_notifier': Not used on non-Darwin systems
[2.946s] INFO:colcon.colcon_core.plugin_system:Skipping extension 'colcon_notification.desktop_notification.win32': Not used on non-Windows systems
[2.946s] INFO:colcon.colcon_notification.desktop_notification:Sending desktop notification using 'notify2'
[2.970s] DEBUG:colcon.colcon_core.event_reactor:joined thread
[2.971s] INFO:colcon.colcon_core.shell:Creating prefix script '/home/ziad/ziad_ws/ROS2/work_space/install/local_setup.ps1'
[2.974s] INFO:colcon.colcon_core.shell:Creating prefix util module '/home/ziad/ziad_ws/ROS2/work_space/install/_local_setup_util_ps1.py'
[2.978s] INFO:colcon.colcon_core.shell:Creating prefix chain script '/home/ziad/ziad_ws/ROS2/work_space/install/setup.ps1'
[2.982s] INFO:colcon.colcon_core.shell:Creating prefix script '/home/ziad/ziad_ws/ROS2/work_space/install/local_setup.sh'
[2.984s] INFO:colcon.colcon_core.shell:Creating prefix util module '/home/ziad/ziad_ws/ROS2/work_space/install/_local_setup_util_sh.py'
[2.987s] INFO:colcon.colcon_core.shell:Creating prefix chain script '/home/ziad/ziad_ws/ROS2/work_space/install/setup.sh'
[2.992s] INFO:colcon.colcon_core.shell:Creating prefix script '/home/ziad/ziad_ws/ROS2/work_space/install/local_setup.bash'
[2.994s] INFO:colcon.colcon_core.shell:Creating prefix chain script '/home/ziad/ziad_ws/ROS2/work_space/install/setup.bash'
[2.996s] INFO:colcon.colcon_core.shell:Creating prefix script '/home/ziad/ziad_ws/ROS2/work_space/install/local_setup.zsh'
[2.997s] INFO:colcon.colcon_core.shell:Creating prefix chain script '/home/ziad/ziad_ws/ROS2/work_space/install/setup.zsh'
