-- The C compiler identification is GNU 13.3.0
-- The CXX compiler identification is GNU 13.3.0
-- Detecting C compiler ABI info
-- Detecting C compiler ABI info - done
-- Check for working C compiler: /usr/bin/cc - skipped
-- Detecting C compile features
-- Detecting C compile features - done
-- Detecting CXX compiler ABI info
-- Detecting CXX compiler ABI info - done
-- Check for working CXX compiler: /usr/bin/c++ - skipped
-- Detecting CXX compile features
-- Detecting CXX compile features - done
-- Found ament_cmake: 2.5.4 (/opt/ros/jazzy/share/ament_cmake/cmake)
-- Found Python3: /usr/bin/python3 (found version "3.12.3") found components: Interpreter 
-- Override CMake install command with custom implementation using symlinks instead of copying resources
-- Found geometry_msgs: 5.3.6 (/opt/ros/jazzy/share/geometry_msgs/cmake)
-- Found rosidl_generator_c: 4.6.6 (/opt/ros/jazzy/share/rosidl_generator_c/cmake)
-- Found rosidl_generator_cpp: 4.6.6 (/opt/ros/jazzy/share/rosidl_generator_cpp/cmake)
-- Using all available rosidl_typesupport_c: rosidl_typesupport_fastrtps_c;rosidl_typesupport_introspection_c
-- Using all available rosidl_typesupport_cpp: rosidl_typesupport_fastrtps_cpp;rosidl_typesupport_introspection_cpp
-- Found sensor_msgs: 5.3.6 (/opt/ros/jazzy/share/sensor_msgs/cmake)
-- Found tf2_ros: 0.36.14 (/opt/ros/jazzy/share/tf2_ros/cmake)
-- Found rmw_implementation_cmake: 7.3.2 (/opt/ros/jazzy/share/rmw_implementation_cmake/cmake)
-- Found rmw_fastrtps_cpp: 8.4.3 (/opt/ros/jazzy/share/rmw_fastrtps_cpp/cmake)
-- Found OpenSSL: /usr/lib/x86_64-linux-gnu/libcrypto.so (found version "3.0.13")  
-- Found FastRTPS: /opt/ros/jazzy/include (Required is at least version "2.13") 
-- Using RMW implementation 'rmw_fastrtps_cpp' as default
-- Found tf2_geometry_msgs: 0.36.14 (/opt/ros/jazzy/share/tf2_geometry_msgs/cmake)
-- Found eigen3_cmake_module: 0.3.0 (/opt/ros/jazzy/share/eigen3_cmake_module/cmake)
-- Found Eigen3: TRUE (found version "3.4.0") 
-- Ensuring Eigen3 include directory is part of orocos-kdl CMake target
-- Configuring done (7.5s)
-- Generating done (0.0s)
-- Build files have been written to: /home/ziad/ziad_ws/ROS2/turtlebot3_ws/build/urdf_tutorial_cpp
[ 50%] [32mBuilding CXX object CMakeFiles/urdf_tutorial_cpp.dir/src/urdf_tutorial.cpp.o[0m
[100%] [32m[1mLinking CXX executable urdf_tutorial_cpp[0m
[100%] Built target urdf_tutorial_cpp
-- Install configuration: ""
-- Execute custom install script
-- Symlinking: /home/ziad/ziad_ws/ROS2/turtlebot3_ws/install/urdf_tutorial_cpp/lib/urdf_tutorial_cpp/urdf_tutorial_cpp
-- Symlinking: /home/ziad/ziad_ws/ROS2/turtlebot3_ws/install/urdf_tutorial_cpp/share/urdf_tutorial_cpp/launch/launch.py
-- Symlinking: /home/ziad/ziad_ws/ROS2/turtlebot3_ws/install/urdf_tutorial_cpp/share/urdf_tutorial_cpp/urdf/r2d2.urdf.xml
-- Symlinking: /home/ziad/ziad_ws/ROS2/turtlebot3_ws/install/urdf_tutorial_cpp/share/ament_index/resource_index/package_run_dependencies/urdf_tutorial_cpp
-- Symlinking: /home/ziad/ziad_ws/ROS2/turtlebot3_ws/install/urdf_tutorial_cpp/share/ament_index/resource_index/parent_prefix_path/urdf_tutorial_cpp
-- Symlinking: /home/ziad/ziad_ws/ROS2/turtlebot3_ws/install/urdf_tutorial_cpp/share/urdf_tutorial_cpp/environment/ament_prefix_path.sh
-- Symlinking: /home/ziad/ziad_ws/ROS2/turtlebot3_ws/install/urdf_tutorial_cpp/share/urdf_tutorial_cpp/environment/ament_prefix_path.dsv
-- Symlinking: /home/ziad/ziad_ws/ROS2/turtlebot3_ws/install/urdf_tutorial_cpp/share/urdf_tutorial_cpp/environment/path.sh
-- Symlinking: /home/ziad/ziad_ws/ROS2/turtlebot3_ws/install/urdf_tutorial_cpp/share/urdf_tutorial_cpp/environment/path.dsv
-- Symlinking: /home/ziad/ziad_ws/ROS2/turtlebot3_ws/install/urdf_tutorial_cpp/share/urdf_tutorial_cpp/local_setup.bash
-- Symlinking: /home/ziad/ziad_ws/ROS2/turtlebot3_ws/install/urdf_tutorial_cpp/share/urdf_tutorial_cpp/local_setup.sh
-- Symlinking: /home/ziad/ziad_ws/ROS2/turtlebot3_ws/install/urdf_tutorial_cpp/share/urdf_tutorial_cpp/local_setup.zsh
-- Symlinking: /home/ziad/ziad_ws/ROS2/turtlebot3_ws/install/urdf_tutorial_cpp/share/urdf_tutorial_cpp/local_setup.dsv
-- Symlinking: /home/ziad/ziad_ws/ROS2/turtlebot3_ws/install/urdf_tutorial_cpp/share/urdf_tutorial_cpp/package.dsv
-- Symlinking: /home/ziad/ziad_ws/ROS2/turtlebot3_ws/install/urdf_tutorial_cpp/share/ament_index/resource_index/packages/urdf_tutorial_cpp
-- Symlinking: /home/ziad/ziad_ws/ROS2/turtlebot3_ws/install/urdf_tutorial_cpp/share/urdf_tutorial_cpp/cmake/urdf_tutorial_cppConfig.cmake
-- Symlinking: /home/ziad/ziad_ws/ROS2/turtlebot3_ws/install/urdf_tutorial_cpp/share/urdf_tutorial_cpp/cmake/urdf_tutorial_cppConfig-version.cmake
-- Symlinking: /home/ziad/ziad_ws/ROS2/turtlebot3_ws/install/urdf_tutorial_cpp/share/urdf_tutorial_cpp/package.xml
