[0.069s] Invoking command in '/home/ziad/ziad_ws/ROS2/work_space/build/navigation': CMAKE_PREFIX_PATH=${CMAKE_PREFIX_PATH}:/home/ziad/ziad_ws/ROS2/turtlebot3_ws/install/turtlebot3_teleop:/home/ziad/ziad_ws/ROS2/turtlebot3_ws/install/turtlebot3_example:/opt/ros/humble /usr/bin/cmake --build /home/ziad/ziad_ws/ROS2/work_space/build/navigation -- -j4 -l4
[0.126s] Invoked command in '/home/ziad/ziad_ws/ROS2/work_space/build/navigation' returned '0': CMAKE_PREFIX_PATH=${CMAKE_PREFIX_PATH}:/home/ziad/ziad_ws/ROS2/turtlebot3_ws/install/turtlebot3_teleop:/home/ziad/ziad_ws/ROS2/turtlebot3_ws/install/turtlebot3_example:/opt/ros/humble /usr/bin/cmake --build /home/ziad/ziad_ws/ROS2/work_space/build/navigation -- -j4 -l4
[0.128s] Invoking command in '/home/ziad/ziad_ws/ROS2/work_space/build/navigation': CMAKE_PREFIX_PATH=${CMAKE_PREFIX_PATH}:/home/ziad/ziad_ws/ROS2/turtlebot3_ws/install/turtlebot3_teleop:/home/ziad/ziad_ws/ROS2/turtlebot3_ws/install/turtlebot3_example:/opt/ros/humble /usr/bin/cmake --install /home/ziad/ziad_ws/ROS2/work_space/build/navigation
[0.138s] -- Install configuration: ""
[0.139s] -- Execute custom install script
[0.139s] -- Up-to-date symlink: /home/ziad/ziad_ws/ROS2/work_space/install/navigation/share/navigation/maps/classroom_map.pgm
[0.140s] -- Up-to-date symlink: /home/ziad/ziad_ws/ROS2/work_space/install/navigation/share/navigation/maps/classroom_map.yaml
[0.140s] -- Up-to-date symlink: /home/ziad/ziad_ws/ROS2/work_space/install/navigation/share/navigation/maps/wider_classroom_map.pgm
[0.140s] -- Up-to-date symlink: /home/ziad/ziad_ws/ROS2/work_space/install/navigation/share/navigation/maps/wider_classroom_map.yaml
[0.141s] -- Up-to-date symlink: /home/ziad/ziad_ws/ROS2/work_space/install/navigation/share/navigation/launch/navigation_bringup.launch.py
[0.141s] -- Up-to-date symlink: /home/ziad/ziad_ws/ROS2/work_space/install/navigation/share/navigation/config/amcl.yaml
[0.141s] -- Up-to-date symlink: /home/ziad/ziad_ws/ROS2/work_space/install/navigation/share/navigation/config/navigation.yaml
[0.142s] -- Up-to-date symlink: /home/ziad/ziad_ws/ROS2/work_space/install/navigation/share/ament_index/resource_index/package_run_dependencies/navigation
[0.142s] -- Up-to-date symlink: /home/ziad/ziad_ws/ROS2/work_space/install/navigation/share/ament_index/resource_index/parent_prefix_path/navigation
[0.142s] -- Up-to-date symlink: /home/ziad/ziad_ws/ROS2/work_space/install/navigation/share/navigation/environment/ament_prefix_path.sh
[0.143s] -- Up-to-date symlink: /home/ziad/ziad_ws/ROS2/work_space/install/navigation/share/navigation/environment/ament_prefix_path.dsv
[0.143s] -- Up-to-date symlink: /home/ziad/ziad_ws/ROS2/work_space/install/navigation/share/navigation/environment/path.sh
[0.143s] -- Up-to-date symlink: /home/ziad/ziad_ws/ROS2/work_space/install/navigation/share/navigation/environment/path.dsv
[0.144s] -- Up-to-date symlink: /home/ziad/ziad_ws/ROS2/work_space/install/navigation/share/navigation/local_setup.bash
[0.146s] -- Up-to-date symlink: /home/ziad/ziad_ws/ROS2/work_space/install/navigation/share/navigation/local_setup.sh
[0.146s] -- Up-to-date symlink: /home/ziad/ziad_ws/ROS2/work_space/install/navigation/share/navigation/local_setup.zsh
[0.147s] -- Up-to-date symlink: /home/ziad/ziad_ws/ROS2/work_space/install/navigation/share/navigation/local_setup.dsv
[0.147s] -- Symlinking: /home/ziad/ziad_ws/ROS2/work_space/install/navigation/share/navigation/package.dsv
[0.159s] -- Up-to-date symlink: /home/ziad/ziad_ws/ROS2/work_space/install/navigation/share/ament_index/resource_index/packages/navigation
[0.159s] -- Up-to-date symlink: /home/ziad/ziad_ws/ROS2/work_space/install/navigation/share/navigation/cmake/navigationConfig.cmake
[0.160s] -- Up-to-date symlink: /home/ziad/ziad_ws/ROS2/work_space/install/navigation/share/navigation/cmake/navigationConfig-version.cmake
[0.160s] -- Up-to-date symlink: /home/ziad/ziad_ws/ROS2/work_space/install/navigation/share/navigation/package.xml
[0.163s] Invoked command in '/home/ziad/ziad_ws/ROS2/work_space/build/navigation' returned '0': CMAKE_PREFIX_PATH=${CMAKE_PREFIX_PATH}:/home/ziad/ziad_ws/ROS2/turtlebot3_ws/install/turtlebot3_teleop:/home/ziad/ziad_ws/ROS2/turtlebot3_ws/install/turtlebot3_example:/opt/ros/humble /usr/bin/cmake --install /home/ziad/ziad_ws/ROS2/work_space/build/navigation
