[0.365s] DEBUG:colcon:Command line arguments: ['/usr/bin/colcon', 'build']
[0.365s] DEBUG:colcon:Parsed command line arguments: Namespace(log_base=None, log_level=None, verb_name='build', build_base='build', install_base='install', merge_install=False, symlink_install=False, test_result_base=None, continue_on_error=False, executor='parallel', parallel_workers=4, event_handlers=None, ignore_user_meta=False, metas=['./colcon.meta'], base_paths=['.'], packages_ignore=None, packages_ignore_regex=None, paths=None, packages_up_to=None, packages_up_to_regex=None, packages_above=None, packages_above_and_dependencies=None, packages_above_depth=None, packages_select_by_dep=None, packages_skip_by_dep=None, packages_skip_up_to=None, packages_select_build_failed=False, packages_skip_build_finished=False, packages_select_test_failures=False, packages_skip_test_passed=False, packages_select=None, packages_skip=None, packages_select_regex=None, packages_skip_regex=None, packages_start=None, packages_end=None, allow_overriding=[], cmake_args=None, cmake_target=None, cmake_target_skip_unavailable=False, cmake_clean_cache=False, cmake_clean_first=False, cmake_force_configure=False, ament_cmake_args=None, catkin_cmake_args=None, catkin_skip_building_tests=False, mixin_files=None, mixin=None, verb_parser=<colcon_mixin.mixin.mixin_argument.MixinArgumentDecorator object at 0x70f12cc489d0>, verb_extension=<colcon_core.verb.build.BuildVerb object at 0x70f12cc48400>, main=<bound method BuildVerb.main of <colcon_core.verb.build.BuildVerb object at 0x70f12cc48400>>, mixin_verb=('build',))
[0.849s] Level 1:colcon.colcon_core.package_discovery:discover_packages(colcon_meta) check parameters
[0.849s] Level 1:colcon.colcon_core.package_discovery:discover_packages(recursive) check parameters
[0.849s] Level 1:colcon.colcon_core.package_discovery:discover_packages(ignore) check parameters
[0.849s] Level 1:colcon.colcon_core.package_discovery:discover_packages(path) check parameters
[0.849s] Level 1:colcon.colcon_core.package_discovery:discover_packages(colcon_meta) discover
[0.849s] Level 1:colcon.colcon_core.package_discovery:discover_packages(recursive) discover
[0.849s] INFO:colcon.colcon_core.package_discovery:Crawling recursively for packages in '/home/ziad/ziad_ws/ROS2/work_space'
[0.850s] Level 1:colcon.colcon_core.package_identification:_identify(.) by extensions ['ignore', 'ignore_ament_install']
[0.850s] Level 1:colcon.colcon_core.package_identification:_identify(.) by extension 'ignore'
[0.850s] Level 1:colcon.colcon_core.package_identification:_identify(.) by extension 'ignore_ament_install'
[0.850s] Level 1:colcon.colcon_core.package_identification:_identify(.) by extensions ['colcon_pkg']
[0.850s] Level 1:colcon.colcon_core.package_identification:_identify(.) by extension 'colcon_pkg'
[0.850s] Level 1:colcon.colcon_core.package_identification:_identify(.) by extensions ['colcon_meta']
[0.850s] Level 1:colcon.colcon_core.package_identification:_identify(.) by extension 'colcon_meta'
[0.850s] Level 1:colcon.colcon_core.package_identification:_identify(.) by extensions ['ros']
[0.850s] Level 1:colcon.colcon_core.package_identification:_identify(.) by extension 'ros'
[0.897s] Level 1:colcon.colcon_core.package_identification:_identify(.) by extensions ['cmake', 'python']
[0.897s] Level 1:colcon.colcon_core.package_identification:_identify(.) by extension 'cmake'
[0.897s] Level 1:colcon.colcon_core.package_identification:_identify(.) by extension 'python'
[0.897s] Level 1:colcon.colcon_core.package_identification:_identify(.) by extensions ['python_setup_py']
[0.897s] Level 1:colcon.colcon_core.package_identification:_identify(.) by extension 'python_setup_py'
[0.897s] Level 1:colcon.colcon_core.package_identification:_identify(build) by extensions ['ignore', 'ignore_ament_install']
[0.897s] Level 1:colcon.colcon_core.package_identification:_identify(build) by extension 'ignore'
[0.897s] Level 1:colcon.colcon_core.package_identification:_identify(build) ignored
[0.897s] Level 1:colcon.colcon_core.package_identification:_identify(install) by extensions ['ignore', 'ignore_ament_install']
[0.898s] Level 1:colcon.colcon_core.package_identification:_identify(install) by extension 'ignore'
[0.898s] Level 1:colcon.colcon_core.package_identification:_identify(install) ignored
[0.898s] Level 1:colcon.colcon_core.package_identification:_identify(log) by extensions ['ignore', 'ignore_ament_install']
[0.898s] Level 1:colcon.colcon_core.package_identification:_identify(log) by extension 'ignore'
[0.898s] Level 1:colcon.colcon_core.package_identification:_identify(log) ignored
[0.898s] Level 1:colcon.colcon_core.package_identification:_identify(src) by extensions ['ignore', 'ignore_ament_install']
[0.898s] Level 1:colcon.colcon_core.package_identification:_identify(src) by extension 'ignore'
[0.898s] Level 1:colcon.colcon_core.package_identification:_identify(src) by extension 'ignore_ament_install'
[0.898s] Level 1:colcon.colcon_core.package_identification:_identify(src) by extensions ['colcon_pkg']
[0.898s] Level 1:colcon.colcon_core.package_identification:_identify(src) by extension 'colcon_pkg'
[0.898s] Level 1:colcon.colcon_core.package_identification:_identify(src) by extensions ['colcon_meta']
[0.898s] Level 1:colcon.colcon_core.package_identification:_identify(src) by extension 'colcon_meta'
[0.898s] Level 1:colcon.colcon_core.package_identification:_identify(src) by extensions ['ros']
[0.898s] Level 1:colcon.colcon_core.package_identification:_identify(src) by extension 'ros'
[0.899s] Level 1:colcon.colcon_core.package_identification:_identify(src) by extensions ['cmake', 'python']
[0.899s] Level 1:colcon.colcon_core.package_identification:_identify(src) by extension 'cmake'
[0.899s] Level 1:colcon.colcon_core.package_identification:_identify(src) by extension 'python'
[0.899s] Level 1:colcon.colcon_core.package_identification:_identify(src) by extensions ['python_setup_py']
[0.899s] Level 1:colcon.colcon_core.package_identification:_identify(src) by extension 'python_setup_py'
[0.899s] Level 1:colcon.colcon_core.package_identification:_identify(src/anymal_description) by extensions ['ignore', 'ignore_ament_install']
[0.899s] Level 1:colcon.colcon_core.package_identification:_identify(src/anymal_description) by extension 'ignore'
[0.899s] Level 1:colcon.colcon_core.package_identification:_identify(src/anymal_description) by extension 'ignore_ament_install'
[0.899s] Level 1:colcon.colcon_core.package_identification:_identify(src/anymal_description) by extensions ['colcon_pkg']
[0.899s] Level 1:colcon.colcon_core.package_identification:_identify(src/anymal_description) by extension 'colcon_pkg'
[0.899s] Level 1:colcon.colcon_core.package_identification:_identify(src/anymal_description) by extensions ['colcon_meta']
[0.899s] Level 1:colcon.colcon_core.package_identification:_identify(src/anymal_description) by extension 'colcon_meta'
[0.899s] Level 1:colcon.colcon_core.package_identification:_identify(src/anymal_description) by extensions ['ros']
[0.899s] Level 1:colcon.colcon_core.package_identification:_identify(src/anymal_description) by extension 'ros'
[0.904s] DEBUG:colcon.colcon_core.package_identification:Package 'src/anymal_description' with type 'ros.ament_cmake' and name 'anymal_description'
[0.904s] Level 1:colcon.colcon_core.package_identification:_identify(src/custom_robot) by extensions ['ignore', 'ignore_ament_install']
[0.904s] Level 1:colcon.colcon_core.package_identification:_identify(src/custom_robot) by extension 'ignore'
[0.904s] Level 1:colcon.colcon_core.package_identification:_identify(src/custom_robot) by extension 'ignore_ament_install'
[0.904s] Level 1:colcon.colcon_core.package_identification:_identify(src/custom_robot) by extensions ['colcon_pkg']
[0.904s] Level 1:colcon.colcon_core.package_identification:_identify(src/custom_robot) by extension 'colcon_pkg'
[0.904s] Level 1:colcon.colcon_core.package_identification:_identify(src/custom_robot) by extensions ['colcon_meta']
[0.904s] Level 1:colcon.colcon_core.package_identification:_identify(src/custom_robot) by extension 'colcon_meta'
[0.904s] Level 1:colcon.colcon_core.package_identification:_identify(src/custom_robot) by extensions ['ros']
[0.904s] Level 1:colcon.colcon_core.package_identification:_identify(src/custom_robot) by extension 'ros'
[0.905s] DEBUG:colcon.colcon_core.package_identification:Package 'src/custom_robot' with type 'ros.ament_cmake' and name 'custom_robot'
[0.906s] Level 1:colcon.colcon_core.package_identification:_identify(src/cyber_robt) by extensions ['ignore', 'ignore_ament_install']
[0.906s] Level 1:colcon.colcon_core.package_identification:_identify(src/cyber_robt) by extension 'ignore'
[0.906s] Level 1:colcon.colcon_core.package_identification:_identify(src/cyber_robt) by extension 'ignore_ament_install'
[0.907s] Level 1:colcon.colcon_core.package_identification:_identify(src/cyber_robt) by extensions ['colcon_pkg']
[0.907s] Level 1:colcon.colcon_core.package_identification:_identify(src/cyber_robt) by extension 'colcon_pkg'
[0.907s] Level 1:colcon.colcon_core.package_identification:_identify(src/cyber_robt) by extensions ['colcon_meta']
[0.908s] Level 1:colcon.colcon_core.package_identification:_identify(src/cyber_robt) by extension 'colcon_meta'
[0.909s] Level 1:colcon.colcon_core.package_identification:_identify(src/cyber_robt) by extensions ['ros']
[0.909s] Level 1:colcon.colcon_core.package_identification:_identify(src/cyber_robt) by extension 'ros'
[0.913s] DEBUG:colcon.colcon_core.package_identification:Package 'src/cyber_robt' with type 'ros.ament_cmake' and name 'cyber_robt'
[0.913s] Level 1:colcon.colcon_core.package_identification:_identify(src/fusion_odom_imu) by extensions ['ignore', 'ignore_ament_install']
[0.913s] Level 1:colcon.colcon_core.package_identification:_identify(src/fusion_odom_imu) by extension 'ignore'
[0.913s] Level 1:colcon.colcon_core.package_identification:_identify(src/fusion_odom_imu) by extension 'ignore_ament_install'
[0.913s] Level 1:colcon.colcon_core.package_identification:_identify(src/fusion_odom_imu) by extensions ['colcon_pkg']
[0.913s] Level 1:colcon.colcon_core.package_identification:_identify(src/fusion_odom_imu) by extension 'colcon_pkg'
[0.913s] Level 1:colcon.colcon_core.package_identification:_identify(src/fusion_odom_imu) by extensions ['colcon_meta']
[0.913s] Level 1:colcon.colcon_core.package_identification:_identify(src/fusion_odom_imu) by extension 'colcon_meta'
[0.914s] Level 1:colcon.colcon_core.package_identification:_identify(src/fusion_odom_imu) by extensions ['ros']
[0.914s] Level 1:colcon.colcon_core.package_identification:_identify(src/fusion_odom_imu) by extension 'ros'
[0.914s] DEBUG:colcon.colcon_core.package_identification:Package 'src/fusion_odom_imu' with type 'ros.ament_cmake' and name 'fusion_odom_imu'
[0.914s] Level 1:colcon.colcon_core.package_identification:_identify(src/navigation) by extensions ['ignore', 'ignore_ament_install']
[0.915s] Level 1:colcon.colcon_core.package_identification:_identify(src/navigation) by extension 'ignore'
[0.915s] Level 1:colcon.colcon_core.package_identification:_identify(src/navigation) by extension 'ignore_ament_install'
[0.915s] Level 1:colcon.colcon_core.package_identification:_identify(src/navigation) by extensions ['colcon_pkg']
[0.915s] Level 1:colcon.colcon_core.package_identification:_identify(src/navigation) by extension 'colcon_pkg'
[0.915s] Level 1:colcon.colcon_core.package_identification:_identify(src/navigation) by extensions ['colcon_meta']
[0.915s] Level 1:colcon.colcon_core.package_identification:_identify(src/navigation) by extension 'colcon_meta'
[0.915s] Level 1:colcon.colcon_core.package_identification:_identify(src/navigation) by extensions ['ros']
[0.915s] Level 1:colcon.colcon_core.package_identification:_identify(src/navigation) by extension 'ros'
[0.916s] DEBUG:colcon.colcon_core.package_identification:Package 'src/navigation' with type 'ros.ament_cmake' and name 'navigation'
[0.916s] Level 1:colcon.colcon_core.package_identification:_identify(src/ros2_control_turtel_bot) by extensions ['ignore', 'ignore_ament_install']
[0.916s] Level 1:colcon.colcon_core.package_identification:_identify(src/ros2_control_turtel_bot) by extension 'ignore'
[0.916s] Level 1:colcon.colcon_core.package_identification:_identify(src/ros2_control_turtel_bot) by extension 'ignore_ament_install'
[0.916s] Level 1:colcon.colcon_core.package_identification:_identify(src/ros2_control_turtel_bot) by extensions ['colcon_pkg']
[0.916s] Level 1:colcon.colcon_core.package_identification:_identify(src/ros2_control_turtel_bot) by extension 'colcon_pkg'
[0.916s] Level 1:colcon.colcon_core.package_identification:_identify(src/ros2_control_turtel_bot) by extensions ['colcon_meta']
[0.916s] Level 1:colcon.colcon_core.package_identification:_identify(src/ros2_control_turtel_bot) by extension 'colcon_meta'
[0.916s] Level 1:colcon.colcon_core.package_identification:_identify(src/ros2_control_turtel_bot) by extensions ['ros']
[0.916s] Level 1:colcon.colcon_core.package_identification:_identify(src/ros2_control_turtel_bot) by extension 'ros'
[0.917s] DEBUG:colcon.colcon_core.package_identification:Package 'src/ros2_control_turtel_bot' with type 'ros.ament_cmake' and name 'ros2_control_turtel_bot'
[0.918s] Level 1:colcon.colcon_core.package_discovery:discover_packages(recursive) using defaults
[0.918s] Level 1:colcon.colcon_core.package_discovery:discover_packages(ignore) discover
[0.918s] Level 1:colcon.colcon_core.package_discovery:discover_packages(ignore) using defaults
[0.918s] Level 1:colcon.colcon_core.package_discovery:discover_packages(path) discover
[0.918s] Level 1:colcon.colcon_core.package_discovery:discover_packages(path) using defaults
[0.969s] Level 1:colcon.colcon_core.package_discovery:discover_packages(prefix_path) check parameters
[0.969s] Level 1:colcon.colcon_core.package_discovery:discover_packages(prefix_path) discover
[0.979s] DEBUG:colcon.colcon_installed_package_information.package_discovery:Found 8 installed packages in /home/ziad/ziad_ws/ROS2/work_space/install
[0.980s] DEBUG:colcon.colcon_installed_package_information.package_discovery:Found 16 installed packages in /home/ziad/ziad_ws/ROS2/turtlebot3_ws/install
[0.982s] DEBUG:colcon.colcon_installed_package_information.package_discovery:Found 407 installed packages in /opt/ros/humble
[0.985s] Level 1:colcon.colcon_core.package_discovery:discover_packages(prefix_path) using defaults
[1.135s] Level 5:colcon.colcon_core.verb:set package 'anymal_description' build argument 'cmake_args' from command line to 'None'
[1.135s] Level 5:colcon.colcon_core.verb:set package 'anymal_description' build argument 'cmake_target' from command line to 'None'
[1.135s] Level 5:colcon.colcon_core.verb:set package 'anymal_description' build argument 'cmake_target_skip_unavailable' from command line to 'False'
[1.135s] Level 5:colcon.colcon_core.verb:set package 'anymal_description' build argument 'cmake_clean_cache' from command line to 'False'
[1.135s] Level 5:colcon.colcon_core.verb:set package 'anymal_description' build argument 'cmake_clean_first' from command line to 'False'
[1.135s] Level 5:colcon.colcon_core.verb:set package 'anymal_description' build argument 'cmake_force_configure' from command line to 'False'
[1.135s] Level 5:colcon.colcon_core.verb:set package 'anymal_description' build argument 'ament_cmake_args' from command line to 'None'
[1.135s] Level 5:colcon.colcon_core.verb:set package 'anymal_description' build argument 'catkin_cmake_args' from command line to 'None'
[1.135s] Level 5:colcon.colcon_core.verb:set package 'anymal_description' build argument 'catkin_skip_building_tests' from command line to 'False'
[1.135s] DEBUG:colcon.colcon_core.verb:Building package 'anymal_description' with the following arguments: {'ament_cmake_args': None, 'build_base': '/home/ziad/ziad_ws/ROS2/work_space/build/anymal_description', 'catkin_cmake_args': None, 'catkin_skip_building_tests': False, 'cmake_args': None, 'cmake_clean_cache': False, 'cmake_clean_first': False, 'cmake_force_configure': False, 'cmake_target': None, 'cmake_target_skip_unavailable': False, 'install_base': '/home/ziad/ziad_ws/ROS2/work_space/install/anymal_description', 'merge_install': False, 'path': '/home/ziad/ziad_ws/ROS2/work_space/src/anymal_description', 'symlink_install': False, 'test_result_base': None}
[1.136s] Level 5:colcon.colcon_core.verb:set package 'custom_robot' build argument 'cmake_args' from command line to 'None'
[1.136s] Level 5:colcon.colcon_core.verb:set package 'custom_robot' build argument 'cmake_target' from command line to 'None'
[1.136s] Level 5:colcon.colcon_core.verb:set package 'custom_robot' build argument 'cmake_target_skip_unavailable' from command line to 'False'
[1.136s] Level 5:colcon.colcon_core.verb:set package 'custom_robot' build argument 'cmake_clean_cache' from command line to 'False'
[1.136s] Level 5:colcon.colcon_core.verb:set package 'custom_robot' build argument 'cmake_clean_first' from command line to 'False'
[1.136s] Level 5:colcon.colcon_core.verb:set package 'custom_robot' build argument 'cmake_force_configure' from command line to 'False'
[1.136s] Level 5:colcon.colcon_core.verb:set package 'custom_robot' build argument 'ament_cmake_args' from command line to 'None'
[1.136s] Level 5:colcon.colcon_core.verb:set package 'custom_robot' build argument 'catkin_cmake_args' from command line to 'None'
[1.136s] Level 5:colcon.colcon_core.verb:set package 'custom_robot' build argument 'catkin_skip_building_tests' from command line to 'False'
[1.136s] DEBUG:colcon.colcon_core.verb:Building package 'custom_robot' with the following arguments: {'ament_cmake_args': None, 'build_base': '/home/ziad/ziad_ws/ROS2/work_space/build/custom_robot', 'catkin_cmake_args': None, 'catkin_skip_building_tests': False, 'cmake_args': None, 'cmake_clean_cache': False, 'cmake_clean_first': False, 'cmake_force_configure': False, 'cmake_target': None, 'cmake_target_skip_unavailable': False, 'install_base': '/home/ziad/ziad_ws/ROS2/work_space/install/custom_robot', 'merge_install': False, 'path': '/home/ziad/ziad_ws/ROS2/work_space/src/custom_robot', 'symlink_install': False, 'test_result_base': None}
[1.136s] Level 5:colcon.colcon_core.verb:set package 'cyber_robt' build argument 'cmake_args' from command line to 'None'
[1.136s] Level 5:colcon.colcon_core.verb:set package 'cyber_robt' build argument 'cmake_target' from command line to 'None'
[1.136s] Level 5:colcon.colcon_core.verb:set package 'cyber_robt' build argument 'cmake_target_skip_unavailable' from command line to 'False'
[1.136s] Level 5:colcon.colcon_core.verb:set package 'cyber_robt' build argument 'cmake_clean_cache' from command line to 'False'
[1.137s] Level 5:colcon.colcon_core.verb:set package 'cyber_robt' build argument 'cmake_clean_first' from command line to 'False'
[1.137s] Level 5:colcon.colcon_core.verb:set package 'cyber_robt' build argument 'cmake_force_configure' from command line to 'False'
[1.137s] Level 5:colcon.colcon_core.verb:set package 'cyber_robt' build argument 'ament_cmake_args' from command line to 'None'
[1.137s] Level 5:colcon.colcon_core.verb:set package 'cyber_robt' build argument 'catkin_cmake_args' from command line to 'None'
[1.137s] Level 5:colcon.colcon_core.verb:set package 'cyber_robt' build argument 'catkin_skip_building_tests' from command line to 'False'
[1.137s] DEBUG:colcon.colcon_core.verb:Building package 'cyber_robt' with the following arguments: {'ament_cmake_args': None, 'build_base': '/home/ziad/ziad_ws/ROS2/work_space/build/cyber_robt', 'catkin_cmake_args': None, 'catkin_skip_building_tests': False, 'cmake_args': None, 'cmake_clean_cache': False, 'cmake_clean_first': False, 'cmake_force_configure': False, 'cmake_target': None, 'cmake_target_skip_unavailable': False, 'install_base': '/home/ziad/ziad_ws/ROS2/work_space/install/cyber_robt', 'merge_install': False, 'path': '/home/ziad/ziad_ws/ROS2/work_space/src/cyber_robt', 'symlink_install': False, 'test_result_base': None}
[1.137s] Level 5:colcon.colcon_core.verb:set package 'fusion_odom_imu' build argument 'cmake_args' from command line to 'None'
[1.137s] Level 5:colcon.colcon_core.verb:set package 'fusion_odom_imu' build argument 'cmake_target' from command line to 'None'
[1.137s] Level 5:colcon.colcon_core.verb:set package 'fusion_odom_imu' build argument 'cmake_target_skip_unavailable' from command line to 'False'
[1.137s] Level 5:colcon.colcon_core.verb:set package 'fusion_odom_imu' build argument 'cmake_clean_cache' from command line to 'False'
[1.137s] Level 5:colcon.colcon_core.verb:set package 'fusion_odom_imu' build argument 'cmake_clean_first' from command line to 'False'
[1.137s] Level 5:colcon.colcon_core.verb:set package 'fusion_odom_imu' build argument 'cmake_force_configure' from command line to 'False'
[1.137s] Level 5:colcon.colcon_core.verb:set package 'fusion_odom_imu' build argument 'ament_cmake_args' from command line to 'None'
[1.137s] Level 5:colcon.colcon_core.verb:set package 'fusion_odom_imu' build argument 'catkin_cmake_args' from command line to 'None'
[1.137s] Level 5:colcon.colcon_core.verb:set package 'fusion_odom_imu' build argument 'catkin_skip_building_tests' from command line to 'False'
[1.137s] DEBUG:colcon.colcon_core.verb:Building package 'fusion_odom_imu' with the following arguments: {'ament_cmake_args': None, 'build_base': '/home/ziad/ziad_ws/ROS2/work_space/build/fusion_odom_imu', 'catkin_cmake_args': None, 'catkin_skip_building_tests': False, 'cmake_args': None, 'cmake_clean_cache': False, 'cmake_clean_first': False, 'cmake_force_configure': False, 'cmake_target': None, 'cmake_target_skip_unavailable': False, 'install_base': '/home/ziad/ziad_ws/ROS2/work_space/install/fusion_odom_imu', 'merge_install': False, 'path': '/home/ziad/ziad_ws/ROS2/work_space/src/fusion_odom_imu', 'symlink_install': False, 'test_result_base': None}
[1.138s] Level 5:colcon.colcon_core.verb:set package 'navigation' build argument 'cmake_args' from command line to 'None'
[1.138s] Level 5:colcon.colcon_core.verb:set package 'navigation' build argument 'cmake_target' from command line to 'None'
[1.138s] Level 5:colcon.colcon_core.verb:set package 'navigation' build argument 'cmake_target_skip_unavailable' from command line to 'False'
[1.138s] Level 5:colcon.colcon_core.verb:set package 'navigation' build argument 'cmake_clean_cache' from command line to 'False'
[1.138s] Level 5:colcon.colcon_core.verb:set package 'navigation' build argument 'cmake_clean_first' from command line to 'False'
[1.138s] Level 5:colcon.colcon_core.verb:set package 'navigation' build argument 'cmake_force_configure' from command line to 'False'
[1.138s] Level 5:colcon.colcon_core.verb:set package 'navigation' build argument 'ament_cmake_args' from command line to 'None'
[1.138s] Level 5:colcon.colcon_core.verb:set package 'navigation' build argument 'catkin_cmake_args' from command line to 'None'
[1.138s] Level 5:colcon.colcon_core.verb:set package 'navigation' build argument 'catkin_skip_building_tests' from command line to 'False'
[1.138s] DEBUG:colcon.colcon_core.verb:Building package 'navigation' with the following arguments: {'ament_cmake_args': None, 'build_base': '/home/ziad/ziad_ws/ROS2/work_space/build/navigation', 'catkin_cmake_args': None, 'catkin_skip_building_tests': False, 'cmake_args': None, 'cmake_clean_cache': False, 'cmake_clean_first': False, 'cmake_force_configure': False, 'cmake_target': None, 'cmake_target_skip_unavailable': False, 'install_base': '/home/ziad/ziad_ws/ROS2/work_space/install/navigation', 'merge_install': False, 'path': '/home/ziad/ziad_ws/ROS2/work_space/src/navigation', 'symlink_install': False, 'test_result_base': None}
[1.138s] Level 5:colcon.colcon_core.verb:set package 'ros2_control_turtel_bot' build argument 'cmake_args' from command line to 'None'
[1.138s] Level 5:colcon.colcon_core.verb:set package 'ros2_control_turtel_bot' build argument 'cmake_target' from command line to 'None'
[1.138s] Level 5:colcon.colcon_core.verb:set package 'ros2_control_turtel_bot' build argument 'cmake_target_skip_unavailable' from command line to 'False'
[1.139s] Level 5:colcon.colcon_core.verb:set package 'ros2_control_turtel_bot' build argument 'cmake_clean_cache' from command line to 'False'
[1.139s] Level 5:colcon.colcon_core.verb:set package 'ros2_control_turtel_bot' build argument 'cmake_clean_first' from command line to 'False'
[1.139s] Level 5:colcon.colcon_core.verb:set package 'ros2_control_turtel_bot' build argument 'cmake_force_configure' from command line to 'False'
[1.139s] Level 5:colcon.colcon_core.verb:set package 'ros2_control_turtel_bot' build argument 'ament_cmake_args' from command line to 'None'
[1.139s] Level 5:colcon.colcon_core.verb:set package 'ros2_control_turtel_bot' build argument 'catkin_cmake_args' from command line to 'None'
[1.139s] Level 5:colcon.colcon_core.verb:set package 'ros2_control_turtel_bot' build argument 'catkin_skip_building_tests' from command line to 'False'
[1.139s] DEBUG:colcon.colcon_core.verb:Building package 'ros2_control_turtel_bot' with the following arguments: {'ament_cmake_args': None, 'build_base': '/home/ziad/ziad_ws/ROS2/work_space/build/ros2_control_turtel_bot', 'catkin_cmake_args': None, 'catkin_skip_building_tests': False, 'cmake_args': None, 'cmake_clean_cache': False, 'cmake_clean_first': False, 'cmake_force_configure': False, 'cmake_target': None, 'cmake_target_skip_unavailable': False, 'install_base': '/home/ziad/ziad_ws/ROS2/work_space/install/ros2_control_turtel_bot', 'merge_install': False, 'path': '/home/ziad/ziad_ws/ROS2/work_space/src/ros2_control_turtel_bot', 'symlink_install': False, 'test_result_base': None}
[1.139s] INFO:colcon.colcon_core.executor:Executing jobs using 'parallel' executor
[1.140s] DEBUG:colcon.colcon_parallel_executor.executor.parallel:run_until_complete
[1.140s] INFO:colcon.colcon_ros.task.ament_cmake.build:Building ROS package in '/home/ziad/ziad_ws/ROS2/work_space/src/anymal_description' with build type 'ament_cmake'
[1.140s] INFO:colcon.colcon_cmake.task.cmake.build:Building CMake package in '/home/ziad/ziad_ws/ROS2/work_space/src/anymal_description'
[1.144s] INFO:colcon.colcon_core.plugin_system:Skipping extension 'colcon_core.shell.bat': Not used on non-Windows systems
[1.145s] INFO:colcon.colcon_core.shell:Skip shell extension 'powershell' for command environment: Not usable outside of PowerShell
[1.145s] DEBUG:colcon.colcon_core.shell:Skip shell extension 'dsv' for command environment
[1.151s] INFO:colcon.colcon_ros.task.ament_cmake.build:Building ROS package in '/home/ziad/ziad_ws/ROS2/work_space/src/custom_robot' with build type 'ament_cmake'
[1.151s] INFO:colcon.colcon_cmake.task.cmake.build:Building CMake package in '/home/ziad/ziad_ws/ROS2/work_space/src/custom_robot'
[1.152s] INFO:colcon.colcon_core.shell:Skip shell extension 'powershell' for command environment: Not usable outside of PowerShell
[1.152s] DEBUG:colcon.colcon_core.shell:Skip shell extension 'dsv' for command environment
[1.160s] INFO:colcon.colcon_ros.task.ament_cmake.build:Building ROS package in '/home/ziad/ziad_ws/ROS2/work_space/src/cyber_robt' with build type 'ament_cmake'
[1.160s] INFO:colcon.colcon_cmake.task.cmake.build:Building CMake package in '/home/ziad/ziad_ws/ROS2/work_space/src/cyber_robt'
[1.160s] INFO:colcon.colcon_core.shell:Skip shell extension 'powershell' for command environment: Not usable outside of PowerShell
[1.161s] DEBUG:colcon.colcon_core.shell:Skip shell extension 'dsv' for command environment
[1.167s] INFO:colcon.colcon_ros.task.ament_cmake.build:Building ROS package in '/home/ziad/ziad_ws/ROS2/work_space/src/fusion_odom_imu' with build type 'ament_cmake'
[1.167s] INFO:colcon.colcon_cmake.task.cmake.build:Building CMake package in '/home/ziad/ziad_ws/ROS2/work_space/src/fusion_odom_imu'
[1.167s] INFO:colcon.colcon_core.shell:Skip shell extension 'powershell' for command environment: Not usable outside of PowerShell
[1.167s] DEBUG:colcon.colcon_core.shell:Skip shell extension 'dsv' for command environment
[1.180s] DEBUG:colcon.colcon_core.event_handler.log_command:Invoking command in '/home/ziad/ziad_ws/ROS2/work_space/build/anymal_description': CMAKE_PREFIX_PATH=${CMAKE_PREFIX_PATH}:/home/ziad/ziad_ws/ROS2/turtlebot3_ws/install/turtlebot3_teleop:/home/ziad/ziad_ws/ROS2/turtlebot3_ws/install/turtlebot3_example:/opt/ros/humble /usr/bin/cmake --build /home/ziad/ziad_ws/ROS2/work_space/build/anymal_description -- -j4 -l4
[1.186s] DEBUG:colcon.colcon_core.event_handler.log_command:Invoking command in '/home/ziad/ziad_ws/ROS2/work_space/build/custom_robot': CMAKE_PREFIX_PATH=${CMAKE_PREFIX_PATH}:/home/ziad/ziad_ws/ROS2/turtlebot3_ws/install/turtlebot3_teleop:/home/ziad/ziad_ws/ROS2/turtlebot3_ws/install/turtlebot3_example:/opt/ros/humble /usr/bin/cmake --build /home/ziad/ziad_ws/ROS2/work_space/build/custom_robot -- -j4 -l4
[1.191s] DEBUG:colcon.colcon_core.event_handler.log_command:Invoking command in '/home/ziad/ziad_ws/ROS2/work_space/build/cyber_robt': CMAKE_PREFIX_PATH=${CMAKE_PREFIX_PATH}:/home/ziad/ziad_ws/ROS2/turtlebot3_ws/install/turtlebot3_teleop:/home/ziad/ziad_ws/ROS2/turtlebot3_ws/install/turtlebot3_example:/opt/ros/humble /usr/bin/cmake --build /home/ziad/ziad_ws/ROS2/work_space/build/cyber_robt -- -j4 -l4
[1.210s] DEBUG:colcon.colcon_core.event_handler.log_command:Invoking command in '/home/ziad/ziad_ws/ROS2/work_space/build/fusion_odom_imu': CMAKE_PREFIX_PATH=${CMAKE_PREFIX_PATH}:/home/ziad/ziad_ws/ROS2/turtlebot3_ws/install/turtlebot3_teleop:/home/ziad/ziad_ws/ROS2/turtlebot3_ws/install/turtlebot3_example:/opt/ros/humble /usr/bin/cmake --build /home/ziad/ziad_ws/ROS2/work_space/build/fusion_odom_imu -- -j4 -l4
[1.251s] DEBUG:colcon.colcon_core.event_handler.log_command:Invoked command in '/home/ziad/ziad_ws/ROS2/work_space/build/anymal_description' returned '0': CMAKE_PREFIX_PATH=${CMAKE_PREFIX_PATH}:/home/ziad/ziad_ws/ROS2/turtlebot3_ws/install/turtlebot3_teleop:/home/ziad/ziad_ws/ROS2/turtlebot3_ws/install/turtlebot3_example:/opt/ros/humble /usr/bin/cmake --build /home/ziad/ziad_ws/ROS2/work_space/build/anymal_description -- -j4 -l4
[1.277s] DEBUG:colcon.colcon_core.event_handler.log_command:Invoking command in '/home/ziad/ziad_ws/ROS2/work_space/build/anymal_description': CMAKE_PREFIX_PATH=${CMAKE_PREFIX_PATH}:/home/ziad/ziad_ws/ROS2/turtlebot3_ws/install/turtlebot3_teleop:/home/ziad/ziad_ws/ROS2/turtlebot3_ws/install/turtlebot3_example:/opt/ros/humble /usr/bin/cmake --install /home/ziad/ziad_ws/ROS2/work_space/build/anymal_description
[1.280s] DEBUG:colcon.colcon_core.event_handler.log_command:Invoked command in '/home/ziad/ziad_ws/ROS2/work_space/build/fusion_odom_imu' returned '0': CMAKE_PREFIX_PATH=${CMAKE_PREFIX_PATH}:/home/ziad/ziad_ws/ROS2/turtlebot3_ws/install/turtlebot3_teleop:/home/ziad/ziad_ws/ROS2/turtlebot3_ws/install/turtlebot3_example:/opt/ros/humble /usr/bin/cmake --build /home/ziad/ziad_ws/ROS2/work_space/build/fusion_odom_imu -- -j4 -l4
[1.283s] DEBUG:colcon.colcon_core.event_handler.log_command:Invoking command in '/home/ziad/ziad_ws/ROS2/work_space/build/fusion_odom_imu': CMAKE_PREFIX_PATH=${CMAKE_PREFIX_PATH}:/home/ziad/ziad_ws/ROS2/turtlebot3_ws/install/turtlebot3_teleop:/home/ziad/ziad_ws/ROS2/turtlebot3_ws/install/turtlebot3_example:/opt/ros/humble /usr/bin/cmake --install /home/ziad/ziad_ws/ROS2/work_space/build/fusion_odom_imu
[1.287s] DEBUG:colcon.colcon_core.event_handler.log_command:Invoked command in '/home/ziad/ziad_ws/ROS2/work_space/build/cyber_robt' returned '0': CMAKE_PREFIX_PATH=${CMAKE_PREFIX_PATH}:/home/ziad/ziad_ws/ROS2/turtlebot3_ws/install/turtlebot3_teleop:/home/ziad/ziad_ws/ROS2/turtlebot3_ws/install/turtlebot3_example:/opt/ros/humble /usr/bin/cmake --build /home/ziad/ziad_ws/ROS2/work_space/build/cyber_robt -- -j4 -l4
[1.289s] DEBUG:colcon.colcon_core.event_handler.log_command:Invoking command in '/home/ziad/ziad_ws/ROS2/work_space/build/cyber_robt': CMAKE_PREFIX_PATH=${CMAKE_PREFIX_PATH}:/home/ziad/ziad_ws/ROS2/turtlebot3_ws/install/turtlebot3_teleop:/home/ziad/ziad_ws/ROS2/turtlebot3_ws/install/turtlebot3_example:/opt/ros/humble /usr/bin/cmake --install /home/ziad/ziad_ws/ROS2/work_space/build/cyber_robt
[1.320s] Level 1:colcon.colcon_core.environment:create_environment_scripts_only(anymal_description)
[1.324s] DEBUG:colcon.colcon_core.event_handler.log_command:Invoked command in '/home/ziad/ziad_ws/ROS2/work_space/build/anymal_description' returned '0': CMAKE_PREFIX_PATH=${CMAKE_PREFIX_PATH}:/home/ziad/ziad_ws/ROS2/turtlebot3_ws/install/turtlebot3_teleop:/home/ziad/ziad_ws/ROS2/turtlebot3_ws/install/turtlebot3_example:/opt/ros/humble /usr/bin/cmake --install /home/ziad/ziad_ws/ROS2/work_space/build/anymal_description
[1.328s] Level 1:colcon.colcon_core.environment:checking '/home/ziad/ziad_ws/ROS2/work_space/install/anymal_description' for CMake module files
[1.329s] Level 1:colcon.colcon_core.environment:checking '/home/ziad/ziad_ws/ROS2/work_space/install/anymal_description' for CMake config files
[1.329s] Level 1:colcon.colcon_core.shell:create_environment_hook('anymal_description', 'cmake_prefix_path')
[1.330s] INFO:colcon.colcon_core.shell:Creating environment hook '/home/ziad/ziad_ws/ROS2/work_space/install/anymal_description/share/anymal_description/hook/cmake_prefix_path.ps1'
[1.330s] INFO:colcon.colcon_core.shell:Creating environment descriptor '/home/ziad/ziad_ws/ROS2/work_space/install/anymal_description/share/anymal_description/hook/cmake_prefix_path.dsv'
[1.331s] INFO:colcon.colcon_core.shell:Creating environment hook '/home/ziad/ziad_ws/ROS2/work_space/install/anymal_description/share/anymal_description/hook/cmake_prefix_path.sh'
[1.332s] Level 1:colcon.colcon_core.environment:checking '/home/ziad/ziad_ws/ROS2/work_space/install/anymal_description/bin'
[1.332s] Level 1:colcon.colcon_core.environment:checking '/home/ziad/ziad_ws/ROS2/work_space/install/anymal_description/lib/pkgconfig/anymal_description.pc'
[1.333s] Level 1:colcon.colcon_core.environment:checking '/home/ziad/ziad_ws/ROS2/work_space/install/anymal_description/lib/python3.10/site-packages'
[1.333s] Level 1:colcon.colcon_core.environment:checking '/home/ziad/ziad_ws/ROS2/work_space/install/anymal_description/bin'
[1.333s] INFO:colcon.colcon_core.shell:Creating package script '/home/ziad/ziad_ws/ROS2/work_space/install/anymal_description/share/anymal_description/package.ps1'
[1.334s] INFO:colcon.colcon_core.shell:Creating package descriptor '/home/ziad/ziad_ws/ROS2/work_space/install/anymal_description/share/anymal_description/package.dsv'
[1.335s] INFO:colcon.colcon_core.shell:Creating package script '/home/ziad/ziad_ws/ROS2/work_space/install/anymal_description/share/anymal_description/package.sh'
[1.337s] INFO:colcon.colcon_core.shell:Creating package script '/home/ziad/ziad_ws/ROS2/work_space/install/anymal_description/share/anymal_description/package.bash'
[1.338s] INFO:colcon.colcon_core.shell:Creating package script '/home/ziad/ziad_ws/ROS2/work_space/install/anymal_description/share/anymal_description/package.zsh'
[1.339s] Level 1:colcon.colcon_core.environment:create_file_with_runtime_dependencies(/home/ziad/ziad_ws/ROS2/work_space/install/anymal_description/share/colcon-core/packages/anymal_description)
[1.340s] Level 1:colcon.colcon_core.environment:create_environment_scripts_only(anymal_description)
[1.340s] Level 1:colcon.colcon_core.environment:checking '/home/ziad/ziad_ws/ROS2/work_space/install/anymal_description' for CMake module files
[1.341s] Level 1:colcon.colcon_core.environment:checking '/home/ziad/ziad_ws/ROS2/work_space/install/anymal_description' for CMake config files
[1.341s] Level 1:colcon.colcon_core.shell:create_environment_hook('anymal_description', 'cmake_prefix_path')
[1.341s] INFO:colcon.colcon_core.shell:Creating environment hook '/home/ziad/ziad_ws/ROS2/work_space/install/anymal_description/share/anymal_description/hook/cmake_prefix_path.ps1'
[1.342s] INFO:colcon.colcon_core.shell:Creating environment descriptor '/home/ziad/ziad_ws/ROS2/work_space/install/anymal_description/share/anymal_description/hook/cmake_prefix_path.dsv'
[1.342s] INFO:colcon.colcon_core.shell:Creating environment hook '/home/ziad/ziad_ws/ROS2/work_space/install/anymal_description/share/anymal_description/hook/cmake_prefix_path.sh'
[1.343s] Level 1:colcon.colcon_core.environment:checking '/home/ziad/ziad_ws/ROS2/work_space/install/anymal_description/bin'
[1.343s] Level 1:colcon.colcon_core.environment:checking '/home/ziad/ziad_ws/ROS2/work_space/install/anymal_description/lib/pkgconfig/anymal_description.pc'
[1.343s] Level 1:colcon.colcon_core.environment:checking '/home/ziad/ziad_ws/ROS2/work_space/install/anymal_description/lib/python3.10/site-packages'
[1.344s] Level 1:colcon.colcon_core.environment:checking '/home/ziad/ziad_ws/ROS2/work_space/install/anymal_description/bin'
[1.344s] INFO:colcon.colcon_core.shell:Creating package script '/home/ziad/ziad_ws/ROS2/work_space/install/anymal_description/share/anymal_description/package.ps1'
[1.345s] INFO:colcon.colcon_core.shell:Creating package descriptor '/home/ziad/ziad_ws/ROS2/work_space/install/anymal_description/share/anymal_description/package.dsv'
[1.345s] INFO:colcon.colcon_core.shell:Creating package script '/home/ziad/ziad_ws/ROS2/work_space/install/anymal_description/share/anymal_description/package.sh'
[1.346s] INFO:colcon.colcon_core.shell:Creating package script '/home/ziad/ziad_ws/ROS2/work_space/install/anymal_description/share/anymal_description/package.bash'
[1.346s] INFO:colcon.colcon_core.shell:Creating package script '/home/ziad/ziad_ws/ROS2/work_space/install/anymal_description/share/anymal_description/package.zsh'
[1.347s] Level 1:colcon.colcon_core.environment:create_file_with_runtime_dependencies(/home/ziad/ziad_ws/ROS2/work_space/install/anymal_description/share/colcon-core/packages/anymal_description)
[1.347s] INFO:colcon.colcon_ros.task.ament_cmake.build:Building ROS package in '/home/ziad/ziad_ws/ROS2/work_space/src/navigation' with build type 'ament_cmake'
[1.348s] INFO:colcon.colcon_cmake.task.cmake.build:Building CMake package in '/home/ziad/ziad_ws/ROS2/work_space/src/navigation'
[1.348s] INFO:colcon.colcon_core.shell:Skip shell extension 'powershell' for command environment: Not usable outside of PowerShell
[1.348s] DEBUG:colcon.colcon_core.shell:Skip shell extension 'dsv' for command environment
[1.358s] Level 1:colcon.colcon_core.environment:create_environment_scripts_only(cyber_robt)
[1.359s] Level 1:colcon.colcon_core.environment:checking '/home/ziad/ziad_ws/ROS2/work_space/install/cyber_robt' for CMake module files
[1.360s] DEBUG:colcon.colcon_core.event_handler.log_command:Invoked command in '/home/ziad/ziad_ws/ROS2/work_space/build/cyber_robt' returned '0': CMAKE_PREFIX_PATH=${CMAKE_PREFIX_PATH}:/home/ziad/ziad_ws/ROS2/turtlebot3_ws/install/turtlebot3_teleop:/home/ziad/ziad_ws/ROS2/turtlebot3_ws/install/turtlebot3_example:/opt/ros/humble /usr/bin/cmake --install /home/ziad/ziad_ws/ROS2/work_space/build/cyber_robt
[1.360s] Level 1:colcon.colcon_core.environment:checking '/home/ziad/ziad_ws/ROS2/work_space/install/cyber_robt' for CMake config files
[1.361s] Level 1:colcon.colcon_core.shell:create_environment_hook('cyber_robt', 'cmake_prefix_path')
[1.361s] INFO:colcon.colcon_core.shell:Creating environment hook '/home/ziad/ziad_ws/ROS2/work_space/install/cyber_robt/share/cyber_robt/hook/cmake_prefix_path.ps1'
[1.361s] INFO:colcon.colcon_core.shell:Creating environment descriptor '/home/ziad/ziad_ws/ROS2/work_space/install/cyber_robt/share/cyber_robt/hook/cmake_prefix_path.dsv'
[1.362s] INFO:colcon.colcon_core.shell:Creating environment hook '/home/ziad/ziad_ws/ROS2/work_space/install/cyber_robt/share/cyber_robt/hook/cmake_prefix_path.sh'
[1.362s] Level 1:colcon.colcon_core.environment:checking '/home/ziad/ziad_ws/ROS2/work_space/install/cyber_robt/bin'
[1.363s] Level 1:colcon.colcon_core.environment:checking '/home/ziad/ziad_ws/ROS2/work_space/install/cyber_robt/lib/pkgconfig/cyber_robt.pc'
[1.363s] Level 1:colcon.colcon_core.environment:checking '/home/ziad/ziad_ws/ROS2/work_space/install/cyber_robt/lib/python3.10/site-packages'
[1.363s] Level 1:colcon.colcon_core.environment:checking '/home/ziad/ziad_ws/ROS2/work_space/install/cyber_robt/bin'
[1.363s] INFO:colcon.colcon_core.shell:Creating package script '/home/ziad/ziad_ws/ROS2/work_space/install/cyber_robt/share/cyber_robt/package.ps1'
[1.364s] INFO:colcon.colcon_core.shell:Creating package descriptor '/home/ziad/ziad_ws/ROS2/work_space/install/cyber_robt/share/cyber_robt/package.dsv'
[1.365s] INFO:colcon.colcon_core.shell:Creating package script '/home/ziad/ziad_ws/ROS2/work_space/install/cyber_robt/share/cyber_robt/package.sh'
[1.365s] INFO:colcon.colcon_core.shell:Creating package script '/home/ziad/ziad_ws/ROS2/work_space/install/cyber_robt/share/cyber_robt/package.bash'
[1.365s] INFO:colcon.colcon_core.shell:Creating package script '/home/ziad/ziad_ws/ROS2/work_space/install/cyber_robt/share/cyber_robt/package.zsh'
[1.366s] Level 1:colcon.colcon_core.environment:create_file_with_runtime_dependencies(/home/ziad/ziad_ws/ROS2/work_space/install/cyber_robt/share/colcon-core/packages/cyber_robt)
[1.367s] Level 1:colcon.colcon_core.environment:create_environment_scripts_only(cyber_robt)
[1.367s] Level 1:colcon.colcon_core.environment:checking '/home/ziad/ziad_ws/ROS2/work_space/install/cyber_robt' for CMake module files
[1.368s] Level 1:colcon.colcon_core.environment:checking '/home/ziad/ziad_ws/ROS2/work_space/install/cyber_robt' for CMake config files
[1.369s] Level 1:colcon.colcon_core.shell:create_environment_hook('cyber_robt', 'cmake_prefix_path')
[1.369s] INFO:colcon.colcon_core.shell:Creating environment hook '/home/ziad/ziad_ws/ROS2/work_space/install/cyber_robt/share/cyber_robt/hook/cmake_prefix_path.ps1'
[1.370s] INFO:colcon.colcon_core.shell:Creating environment descriptor '/home/ziad/ziad_ws/ROS2/work_space/install/cyber_robt/share/cyber_robt/hook/cmake_prefix_path.dsv'
[1.370s] INFO:colcon.colcon_core.shell:Creating environment hook '/home/ziad/ziad_ws/ROS2/work_space/install/cyber_robt/share/cyber_robt/hook/cmake_prefix_path.sh'
[1.371s] Level 1:colcon.colcon_core.environment:checking '/home/ziad/ziad_ws/ROS2/work_space/install/cyber_robt/bin'
[1.371s] Level 1:colcon.colcon_core.environment:checking '/home/ziad/ziad_ws/ROS2/work_space/install/cyber_robt/lib/pkgconfig/cyber_robt.pc'
[1.371s] Level 1:colcon.colcon_core.environment:checking '/home/ziad/ziad_ws/ROS2/work_space/install/cyber_robt/lib/python3.10/site-packages'
[1.371s] Level 1:colcon.colcon_core.environment:checking '/home/ziad/ziad_ws/ROS2/work_space/install/cyber_robt/bin'
[1.373s] INFO:colcon.colcon_core.shell:Creating package script '/home/ziad/ziad_ws/ROS2/work_space/install/cyber_robt/share/cyber_robt/package.ps1'
[1.374s] INFO:colcon.colcon_core.shell:Creating package descriptor '/home/ziad/ziad_ws/ROS2/work_space/install/cyber_robt/share/cyber_robt/package.dsv'
[1.374s] INFO:colcon.colcon_core.shell:Creating package script '/home/ziad/ziad_ws/ROS2/work_space/install/cyber_robt/share/cyber_robt/package.sh'
[1.375s] INFO:colcon.colcon_core.shell:Creating package script '/home/ziad/ziad_ws/ROS2/work_space/install/cyber_robt/share/cyber_robt/package.bash'
[1.375s] INFO:colcon.colcon_core.shell:Creating package script '/home/ziad/ziad_ws/ROS2/work_space/install/cyber_robt/share/cyber_robt/package.zsh'
[1.376s] Level 1:colcon.colcon_core.environment:create_file_with_runtime_dependencies(/home/ziad/ziad_ws/ROS2/work_space/install/cyber_robt/share/colcon-core/packages/cyber_robt)
[1.376s] Level 1:colcon.colcon_core.environment:create_environment_scripts_only(fusion_odom_imu)
[1.376s] Level 1:colcon.colcon_core.environment:checking '/home/ziad/ziad_ws/ROS2/work_space/install/fusion_odom_imu' for CMake module files
[1.378s] DEBUG:colcon.colcon_core.event_handler.log_command:Invoked command in '/home/ziad/ziad_ws/ROS2/work_space/build/fusion_odom_imu' returned '0': CMAKE_PREFIX_PATH=${CMAKE_PREFIX_PATH}:/home/ziad/ziad_ws/ROS2/turtlebot3_ws/install/turtlebot3_teleop:/home/ziad/ziad_ws/ROS2/turtlebot3_ws/install/turtlebot3_example:/opt/ros/humble /usr/bin/cmake --install /home/ziad/ziad_ws/ROS2/work_space/build/fusion_odom_imu
[1.378s] Level 1:colcon.colcon_core.environment:checking '/home/ziad/ziad_ws/ROS2/work_space/install/fusion_odom_imu' for CMake config files
[1.379s] Level 1:colcon.colcon_core.shell:create_environment_hook('fusion_odom_imu', 'cmake_prefix_path')
[1.379s] INFO:colcon.colcon_core.shell:Creating environment hook '/home/ziad/ziad_ws/ROS2/work_space/install/fusion_odom_imu/share/fusion_odom_imu/hook/cmake_prefix_path.ps1'
[1.380s] INFO:colcon.colcon_core.shell:Creating environment descriptor '/home/ziad/ziad_ws/ROS2/work_space/install/fusion_odom_imu/share/fusion_odom_imu/hook/cmake_prefix_path.dsv'
[1.380s] INFO:colcon.colcon_core.shell:Creating environment hook '/home/ziad/ziad_ws/ROS2/work_space/install/fusion_odom_imu/share/fusion_odom_imu/hook/cmake_prefix_path.sh'
[1.381s] Level 1:colcon.colcon_core.environment:checking '/home/ziad/ziad_ws/ROS2/work_space/install/fusion_odom_imu/bin'
[1.381s] Level 1:colcon.colcon_core.environment:checking '/home/ziad/ziad_ws/ROS2/work_space/install/fusion_odom_imu/lib/pkgconfig/fusion_odom_imu.pc'
[1.382s] Level 1:colcon.colcon_core.environment:checking '/home/ziad/ziad_ws/ROS2/work_space/install/fusion_odom_imu/lib/python3.10/site-packages'
[1.382s] Level 1:colcon.colcon_core.environment:checking '/home/ziad/ziad_ws/ROS2/work_space/install/fusion_odom_imu/bin'
[1.383s] INFO:colcon.colcon_core.shell:Creating package script '/home/ziad/ziad_ws/ROS2/work_space/install/fusion_odom_imu/share/fusion_odom_imu/package.ps1'
[1.384s] INFO:colcon.colcon_core.shell:Creating package descriptor '/home/ziad/ziad_ws/ROS2/work_space/install/fusion_odom_imu/share/fusion_odom_imu/package.dsv'
[1.384s] INFO:colcon.colcon_core.shell:Creating package script '/home/ziad/ziad_ws/ROS2/work_space/install/fusion_odom_imu/share/fusion_odom_imu/package.sh'
[1.385s] INFO:colcon.colcon_core.shell:Creating package script '/home/ziad/ziad_ws/ROS2/work_space/install/fusion_odom_imu/share/fusion_odom_imu/package.bash'
[1.386s] INFO:colcon.colcon_core.shell:Creating package script '/home/ziad/ziad_ws/ROS2/work_space/install/fusion_odom_imu/share/fusion_odom_imu/package.zsh'
[1.386s] Level 1:colcon.colcon_core.environment:create_file_with_runtime_dependencies(/home/ziad/ziad_ws/ROS2/work_space/install/fusion_odom_imu/share/colcon-core/packages/fusion_odom_imu)
[1.387s] Level 1:colcon.colcon_core.environment:create_environment_scripts_only(fusion_odom_imu)
[1.388s] Level 1:colcon.colcon_core.environment:checking '/home/ziad/ziad_ws/ROS2/work_space/install/fusion_odom_imu' for CMake module files
[1.388s] Level 1:colcon.colcon_core.environment:checking '/home/ziad/ziad_ws/ROS2/work_space/install/fusion_odom_imu' for CMake config files
[1.389s] Level 1:colcon.colcon_core.shell:create_environment_hook('fusion_odom_imu', 'cmake_prefix_path')
[1.389s] INFO:colcon.colcon_core.shell:Creating environment hook '/home/ziad/ziad_ws/ROS2/work_space/install/fusion_odom_imu/share/fusion_odom_imu/hook/cmake_prefix_path.ps1'
[1.390s] INFO:colcon.colcon_core.shell:Creating environment descriptor '/home/ziad/ziad_ws/ROS2/work_space/install/fusion_odom_imu/share/fusion_odom_imu/hook/cmake_prefix_path.dsv'
[1.390s] INFO:colcon.colcon_core.shell:Creating environment hook '/home/ziad/ziad_ws/ROS2/work_space/install/fusion_odom_imu/share/fusion_odom_imu/hook/cmake_prefix_path.sh'
[1.391s] Level 1:colcon.colcon_core.environment:checking '/home/ziad/ziad_ws/ROS2/work_space/install/fusion_odom_imu/bin'
[1.391s] Level 1:colcon.colcon_core.environment:checking '/home/ziad/ziad_ws/ROS2/work_space/install/fusion_odom_imu/lib/pkgconfig/fusion_odom_imu.pc'
[1.392s] Level 1:colcon.colcon_core.environment:checking '/home/ziad/ziad_ws/ROS2/work_space/install/fusion_odom_imu/lib/python3.10/site-packages'
[1.392s] Level 1:colcon.colcon_core.environment:checking '/home/ziad/ziad_ws/ROS2/work_space/install/fusion_odom_imu/bin'
[1.393s] INFO:colcon.colcon_core.shell:Creating package script '/home/ziad/ziad_ws/ROS2/work_space/install/fusion_odom_imu/share/fusion_odom_imu/package.ps1'
[1.394s] INFO:colcon.colcon_core.shell:Creating package descriptor '/home/ziad/ziad_ws/ROS2/work_space/install/fusion_odom_imu/share/fusion_odom_imu/package.dsv'
[1.395s] INFO:colcon.colcon_core.shell:Creating package script '/home/ziad/ziad_ws/ROS2/work_space/install/fusion_odom_imu/share/fusion_odom_imu/package.sh'
[1.396s] INFO:colcon.colcon_core.shell:Creating package script '/home/ziad/ziad_ws/ROS2/work_space/install/fusion_odom_imu/share/fusion_odom_imu/package.bash'
[1.396s] INFO:colcon.colcon_core.shell:Creating package script '/home/ziad/ziad_ws/ROS2/work_space/install/fusion_odom_imu/share/fusion_odom_imu/package.zsh'
[1.397s] Level 1:colcon.colcon_core.environment:create_file_with_runtime_dependencies(/home/ziad/ziad_ws/ROS2/work_space/install/fusion_odom_imu/share/colcon-core/packages/fusion_odom_imu)
[1.399s] INFO:colcon.colcon_ros.task.ament_cmake.build:Building ROS package in '/home/ziad/ziad_ws/ROS2/work_space/src/ros2_control_turtel_bot' with build type 'ament_cmake'
[1.399s] INFO:colcon.colcon_cmake.task.cmake.build:Building CMake package in '/home/ziad/ziad_ws/ROS2/work_space/src/ros2_control_turtel_bot'
[1.399s] INFO:colcon.colcon_core.shell:Skip shell extension 'powershell' for command environment: Not usable outside of PowerShell
[1.399s] DEBUG:colcon.colcon_core.shell:Skip shell extension 'dsv' for command environment
[1.414s] DEBUG:colcon.colcon_core.event_handler.log_command:Invoking command in '/home/ziad/ziad_ws/ROS2/work_space/build/navigation': CMAKE_PREFIX_PATH=${CMAKE_PREFIX_PATH}:/home/ziad/ziad_ws/ROS2/turtlebot3_ws/install/turtlebot3_teleop:/home/ziad/ziad_ws/ROS2/turtlebot3_ws/install/turtlebot3_example:/opt/ros/humble /usr/bin/cmake --build /home/ziad/ziad_ws/ROS2/work_space/build/navigation -- -j4 -l4
[1.418s] DEBUG:colcon.colcon_core.event_handler.log_command:Invoking command in '/home/ziad/ziad_ws/ROS2/work_space/build/ros2_control_turtel_bot': CMAKE_PREFIX_PATH=${CMAKE_PREFIX_PATH}:/home/ziad/ziad_ws/ROS2/turtlebot3_ws/install/turtlebot3_teleop:/home/ziad/ziad_ws/ROS2/turtlebot3_ws/install/turtlebot3_example:/opt/ros/humble /usr/bin/cmake --build /home/ziad/ziad_ws/ROS2/work_space/build/ros2_control_turtel_bot -- -j4 -l4
[1.485s] DEBUG:colcon.colcon_core.event_handler.log_command:Invoked command in '/home/ziad/ziad_ws/ROS2/work_space/build/navigation' returned '0': CMAKE_PREFIX_PATH=${CMAKE_PREFIX_PATH}:/home/ziad/ziad_ws/ROS2/turtlebot3_ws/install/turtlebot3_teleop:/home/ziad/ziad_ws/ROS2/turtlebot3_ws/install/turtlebot3_example:/opt/ros/humble /usr/bin/cmake --build /home/ziad/ziad_ws/ROS2/work_space/build/navigation -- -j4 -l4
[1.487s] DEBUG:colcon.colcon_core.event_handler.log_command:Invoking command in '/home/ziad/ziad_ws/ROS2/work_space/build/navigation': CMAKE_PREFIX_PATH=${CMAKE_PREFIX_PATH}:/home/ziad/ziad_ws/ROS2/turtlebot3_ws/install/turtlebot3_teleop:/home/ziad/ziad_ws/ROS2/turtlebot3_ws/install/turtlebot3_example:/opt/ros/humble /usr/bin/cmake --install /home/ziad/ziad_ws/ROS2/work_space/build/navigation
[1.524s] Level 1:colcon.colcon_core.environment:create_environment_scripts_only(navigation)
[1.525s] Level 1:colcon.colcon_core.environment:checking '/home/ziad/ziad_ws/ROS2/work_space/install/navigation' for CMake module files
[1.525s] DEBUG:colcon.colcon_core.event_handler.log_command:Invoked command in '/home/ziad/ziad_ws/ROS2/work_space/build/navigation' returned '0': CMAKE_PREFIX_PATH=${CMAKE_PREFIX_PATH}:/home/ziad/ziad_ws/ROS2/turtlebot3_ws/install/turtlebot3_teleop:/home/ziad/ziad_ws/ROS2/turtlebot3_ws/install/turtlebot3_example:/opt/ros/humble /usr/bin/cmake --install /home/ziad/ziad_ws/ROS2/work_space/build/navigation
[1.526s] Level 1:colcon.colcon_core.environment:checking '/home/ziad/ziad_ws/ROS2/work_space/install/navigation' for CMake config files
[1.526s] Level 1:colcon.colcon_core.shell:create_environment_hook('navigation', 'cmake_prefix_path')
[1.527s] INFO:colcon.colcon_core.shell:Creating environment hook '/home/ziad/ziad_ws/ROS2/work_space/install/navigation/share/navigation/hook/cmake_prefix_path.ps1'
[1.528s] INFO:colcon.colcon_core.shell:Creating environment descriptor '/home/ziad/ziad_ws/ROS2/work_space/install/navigation/share/navigation/hook/cmake_prefix_path.dsv'
[1.528s] INFO:colcon.colcon_core.shell:Creating environment hook '/home/ziad/ziad_ws/ROS2/work_space/install/navigation/share/navigation/hook/cmake_prefix_path.sh'
[1.529s] Level 1:colcon.colcon_core.environment:checking '/home/ziad/ziad_ws/ROS2/work_space/install/navigation/bin'
[1.529s] Level 1:colcon.colcon_core.environment:checking '/home/ziad/ziad_ws/ROS2/work_space/install/navigation/lib/pkgconfig/navigation.pc'
[1.530s] Level 1:colcon.colcon_core.environment:checking '/home/ziad/ziad_ws/ROS2/work_space/install/navigation/lib/python3.10/site-packages'
[1.530s] Level 1:colcon.colcon_core.environment:checking '/home/ziad/ziad_ws/ROS2/work_space/install/navigation/bin'
[1.531s] INFO:colcon.colcon_core.shell:Creating package script '/home/ziad/ziad_ws/ROS2/work_space/install/navigation/share/navigation/package.ps1'
[1.531s] INFO:colcon.colcon_core.shell:Creating package descriptor '/home/ziad/ziad_ws/ROS2/work_space/install/navigation/share/navigation/package.dsv'
[1.532s] INFO:colcon.colcon_core.shell:Creating package script '/home/ziad/ziad_ws/ROS2/work_space/install/navigation/share/navigation/package.sh'
[1.533s] INFO:colcon.colcon_core.shell:Creating package script '/home/ziad/ziad_ws/ROS2/work_space/install/navigation/share/navigation/package.bash'
[1.533s] INFO:colcon.colcon_core.shell:Creating package script '/home/ziad/ziad_ws/ROS2/work_space/install/navigation/share/navigation/package.zsh'
[1.534s] Level 1:colcon.colcon_core.environment:create_file_with_runtime_dependencies(/home/ziad/ziad_ws/ROS2/work_space/install/navigation/share/colcon-core/packages/navigation)
[1.535s] Level 1:colcon.colcon_core.environment:create_environment_scripts_only(navigation)
[1.535s] Level 1:colcon.colcon_core.environment:checking '/home/ziad/ziad_ws/ROS2/work_space/install/navigation' for CMake module files
[1.536s] Level 1:colcon.colcon_core.environment:checking '/home/ziad/ziad_ws/ROS2/work_space/install/navigation' for CMake config files
[1.536s] Level 1:colcon.colcon_core.shell:create_environment_hook('navigation', 'cmake_prefix_path')
[1.537s] INFO:colcon.colcon_core.shell:Creating environment hook '/home/ziad/ziad_ws/ROS2/work_space/install/navigation/share/navigation/hook/cmake_prefix_path.ps1'
[1.537s] INFO:colcon.colcon_core.shell:Creating environment descriptor '/home/ziad/ziad_ws/ROS2/work_space/install/navigation/share/navigation/hook/cmake_prefix_path.dsv'
[1.538s] INFO:colcon.colcon_core.shell:Creating environment hook '/home/ziad/ziad_ws/ROS2/work_space/install/navigation/share/navigation/hook/cmake_prefix_path.sh'
[1.539s] Level 1:colcon.colcon_core.environment:checking '/home/ziad/ziad_ws/ROS2/work_space/install/navigation/bin'
[1.539s] Level 1:colcon.colcon_core.environment:checking '/home/ziad/ziad_ws/ROS2/work_space/install/navigation/lib/pkgconfig/navigation.pc'
[1.539s] Level 1:colcon.colcon_core.environment:checking '/home/ziad/ziad_ws/ROS2/work_space/install/navigation/lib/python3.10/site-packages'
[1.540s] Level 1:colcon.colcon_core.environment:checking '/home/ziad/ziad_ws/ROS2/work_space/install/navigation/bin'
[1.540s] INFO:colcon.colcon_core.shell:Creating package script '/home/ziad/ziad_ws/ROS2/work_space/install/navigation/share/navigation/package.ps1'
[1.542s] INFO:colcon.colcon_core.shell:Creating package descriptor '/home/ziad/ziad_ws/ROS2/work_space/install/navigation/share/navigation/package.dsv'
[1.543s] INFO:colcon.colcon_core.shell:Creating package script '/home/ziad/ziad_ws/ROS2/work_space/install/navigation/share/navigation/package.sh'
[1.544s] INFO:colcon.colcon_core.shell:Creating package script '/home/ziad/ziad_ws/ROS2/work_space/install/navigation/share/navigation/package.bash'
[1.545s] INFO:colcon.colcon_core.shell:Creating package script '/home/ziad/ziad_ws/ROS2/work_space/install/navigation/share/navigation/package.zsh'
[1.545s] Level 1:colcon.colcon_core.environment:create_file_with_runtime_dependencies(/home/ziad/ziad_ws/ROS2/work_space/install/navigation/share/colcon-core/packages/navigation)
[1.548s] DEBUG:colcon.colcon_core.event_handler.log_command:Invoked command in '/home/ziad/ziad_ws/ROS2/work_space/build/ros2_control_turtel_bot' returned '0': CMAKE_PREFIX_PATH=${CMAKE_PREFIX_PATH}:/home/ziad/ziad_ws/ROS2/turtlebot3_ws/install/turtlebot3_teleop:/home/ziad/ziad_ws/ROS2/turtlebot3_ws/install/turtlebot3_example:/opt/ros/humble /usr/bin/cmake --build /home/ziad/ziad_ws/ROS2/work_space/build/ros2_control_turtel_bot -- -j4 -l4
[1.550s] DEBUG:colcon.colcon_core.event_handler.log_command:Invoking command in '/home/ziad/ziad_ws/ROS2/work_space/build/ros2_control_turtel_bot': CMAKE_PREFIX_PATH=${CMAKE_PREFIX_PATH}:/home/ziad/ziad_ws/ROS2/turtlebot3_ws/install/turtlebot3_teleop:/home/ziad/ziad_ws/ROS2/turtlebot3_ws/install/turtlebot3_example:/opt/ros/humble /usr/bin/cmake --install /home/ziad/ziad_ws/ROS2/work_space/build/ros2_control_turtel_bot
[1.579s] Level 1:colcon.colcon_core.environment:create_environment_scripts_only(ros2_control_turtel_bot)
[1.580s] Level 1:colcon.colcon_core.environment:checking '/home/ziad/ziad_ws/ROS2/work_space/install/ros2_control_turtel_bot' for CMake module files
[1.581s] DEBUG:colcon.colcon_core.event_handler.log_command:Invoked command in '/home/ziad/ziad_ws/ROS2/work_space/build/ros2_control_turtel_bot' returned '0': CMAKE_PREFIX_PATH=${CMAKE_PREFIX_PATH}:/home/ziad/ziad_ws/ROS2/turtlebot3_ws/install/turtlebot3_teleop:/home/ziad/ziad_ws/ROS2/turtlebot3_ws/install/turtlebot3_example:/opt/ros/humble /usr/bin/cmake --install /home/ziad/ziad_ws/ROS2/work_space/build/ros2_control_turtel_bot
[1.581s] Level 1:colcon.colcon_core.environment:checking '/home/ziad/ziad_ws/ROS2/work_space/install/ros2_control_turtel_bot' for CMake config files
[1.582s] Level 1:colcon.colcon_core.shell:create_environment_hook('ros2_control_turtel_bot', 'cmake_prefix_path')
[1.582s] INFO:colcon.colcon_core.shell:Creating environment hook '/home/ziad/ziad_ws/ROS2/work_space/install/ros2_control_turtel_bot/share/ros2_control_turtel_bot/hook/cmake_prefix_path.ps1'
[1.583s] INFO:colcon.colcon_core.shell:Creating environment descriptor '/home/ziad/ziad_ws/ROS2/work_space/install/ros2_control_turtel_bot/share/ros2_control_turtel_bot/hook/cmake_prefix_path.dsv'
[1.583s] INFO:colcon.colcon_core.shell:Creating environment hook '/home/ziad/ziad_ws/ROS2/work_space/install/ros2_control_turtel_bot/share/ros2_control_turtel_bot/hook/cmake_prefix_path.sh'
[1.584s] Level 1:colcon.colcon_core.environment:checking '/home/ziad/ziad_ws/ROS2/work_space/install/ros2_control_turtel_bot/lib'
[1.585s] Level 1:colcon.colcon_core.environment:checking '/home/ziad/ziad_ws/ROS2/work_space/install/ros2_control_turtel_bot/bin'
[1.585s] Level 1:colcon.colcon_core.environment:checking '/home/ziad/ziad_ws/ROS2/work_space/install/ros2_control_turtel_bot/lib/pkgconfig/ros2_control_turtel_bot.pc'
[1.585s] Level 1:colcon.colcon_core.environment:checking '/home/ziad/ziad_ws/ROS2/work_space/install/ros2_control_turtel_bot/lib/python3.10/site-packages'
[1.586s] Level 1:colcon.colcon_core.environment:checking '/home/ziad/ziad_ws/ROS2/work_space/install/ros2_control_turtel_bot/bin'
[1.586s] INFO:colcon.colcon_core.shell:Creating package script '/home/ziad/ziad_ws/ROS2/work_space/install/ros2_control_turtel_bot/share/ros2_control_turtel_bot/package.ps1'
[1.587s] INFO:colcon.colcon_core.shell:Creating package descriptor '/home/ziad/ziad_ws/ROS2/work_space/install/ros2_control_turtel_bot/share/ros2_control_turtel_bot/package.dsv'
[1.588s] INFO:colcon.colcon_core.shell:Creating package script '/home/ziad/ziad_ws/ROS2/work_space/install/ros2_control_turtel_bot/share/ros2_control_turtel_bot/package.sh'
[1.589s] INFO:colcon.colcon_core.shell:Creating package script '/home/ziad/ziad_ws/ROS2/work_space/install/ros2_control_turtel_bot/share/ros2_control_turtel_bot/package.bash'
[1.589s] INFO:colcon.colcon_core.shell:Creating package script '/home/ziad/ziad_ws/ROS2/work_space/install/ros2_control_turtel_bot/share/ros2_control_turtel_bot/package.zsh'
[1.590s] Level 1:colcon.colcon_core.environment:create_file_with_runtime_dependencies(/home/ziad/ziad_ws/ROS2/work_space/install/ros2_control_turtel_bot/share/colcon-core/packages/ros2_control_turtel_bot)
[1.591s] Level 1:colcon.colcon_core.environment:create_environment_scripts_only(ros2_control_turtel_bot)
[1.592s] Level 1:colcon.colcon_core.environment:checking '/home/ziad/ziad_ws/ROS2/work_space/install/ros2_control_turtel_bot' for CMake module files
[1.593s] Level 1:colcon.colcon_core.environment:checking '/home/ziad/ziad_ws/ROS2/work_space/install/ros2_control_turtel_bot' for CMake config files
[1.593s] Level 1:colcon.colcon_core.shell:create_environment_hook('ros2_control_turtel_bot', 'cmake_prefix_path')
[1.593s] INFO:colcon.colcon_core.shell:Creating environment hook '/home/ziad/ziad_ws/ROS2/work_space/install/ros2_control_turtel_bot/share/ros2_control_turtel_bot/hook/cmake_prefix_path.ps1'
[1.594s] INFO:colcon.colcon_core.shell:Creating environment descriptor '/home/ziad/ziad_ws/ROS2/work_space/install/ros2_control_turtel_bot/share/ros2_control_turtel_bot/hook/cmake_prefix_path.dsv'
[1.595s] INFO:colcon.colcon_core.shell:Creating environment hook '/home/ziad/ziad_ws/ROS2/work_space/install/ros2_control_turtel_bot/share/ros2_control_turtel_bot/hook/cmake_prefix_path.sh'
[1.596s] Level 1:colcon.colcon_core.environment:checking '/home/ziad/ziad_ws/ROS2/work_space/install/ros2_control_turtel_bot/lib'
[1.596s] Level 1:colcon.colcon_core.environment:checking '/home/ziad/ziad_ws/ROS2/work_space/install/ros2_control_turtel_bot/bin'
[1.596s] Level 1:colcon.colcon_core.environment:checking '/home/ziad/ziad_ws/ROS2/work_space/install/ros2_control_turtel_bot/lib/pkgconfig/ros2_control_turtel_bot.pc'
[1.597s] Level 1:colcon.colcon_core.environment:checking '/home/ziad/ziad_ws/ROS2/work_space/install/ros2_control_turtel_bot/lib/python3.10/site-packages'
[1.597s] Level 1:colcon.colcon_core.environment:checking '/home/ziad/ziad_ws/ROS2/work_space/install/ros2_control_turtel_bot/bin'
[1.598s] INFO:colcon.colcon_core.shell:Creating package script '/home/ziad/ziad_ws/ROS2/work_space/install/ros2_control_turtel_bot/share/ros2_control_turtel_bot/package.ps1'
[1.599s] INFO:colcon.colcon_core.shell:Creating package descriptor '/home/ziad/ziad_ws/ROS2/work_space/install/ros2_control_turtel_bot/share/ros2_control_turtel_bot/package.dsv'
[1.599s] INFO:colcon.colcon_core.shell:Creating package script '/home/ziad/ziad_ws/ROS2/work_space/install/ros2_control_turtel_bot/share/ros2_control_turtel_bot/package.sh'
[1.600s] INFO:colcon.colcon_core.shell:Creating package script '/home/ziad/ziad_ws/ROS2/work_space/install/ros2_control_turtel_bot/share/ros2_control_turtel_bot/package.bash'
[1.601s] INFO:colcon.colcon_core.shell:Creating package script '/home/ziad/ziad_ws/ROS2/work_space/install/ros2_control_turtel_bot/share/ros2_control_turtel_bot/package.zsh'
[1.602s] Level 1:colcon.colcon_core.environment:create_file_with_runtime_dependencies(/home/ziad/ziad_ws/ROS2/work_space/install/ros2_control_turtel_bot/share/colcon-core/packages/ros2_control_turtel_bot)
[6.632s] DEBUG:colcon.colcon_core.event_handler.log_command:Invoked command in '/home/ziad/ziad_ws/ROS2/work_space/build/custom_robot' returned '0': CMAKE_PREFIX_PATH=${CMAKE_PREFIX_PATH}:/home/ziad/ziad_ws/ROS2/turtlebot3_ws/install/turtlebot3_teleop:/home/ziad/ziad_ws/ROS2/turtlebot3_ws/install/turtlebot3_example:/opt/ros/humble /usr/bin/cmake --build /home/ziad/ziad_ws/ROS2/work_space/build/custom_robot -- -j4 -l4
[6.634s] DEBUG:colcon.colcon_core.event_handler.log_command:Invoking command in '/home/ziad/ziad_ws/ROS2/work_space/build/custom_robot': CMAKE_PREFIX_PATH=${CMAKE_PREFIX_PATH}:/home/ziad/ziad_ws/ROS2/turtlebot3_ws/install/turtlebot3_teleop:/home/ziad/ziad_ws/ROS2/turtlebot3_ws/install/turtlebot3_example:/opt/ros/humble /usr/bin/cmake --install /home/ziad/ziad_ws/ROS2/work_space/build/custom_robot
[6.649s] Level 1:colcon.colcon_core.environment:create_environment_scripts_only(custom_robot)
[6.650s] Level 1:colcon.colcon_core.environment:checking '/home/ziad/ziad_ws/ROS2/work_space/install/custom_robot' for CMake module files
[6.651s] DEBUG:colcon.colcon_core.event_handler.log_command:Invoked command in '/home/ziad/ziad_ws/ROS2/work_space/build/custom_robot' returned '0': CMAKE_PREFIX_PATH=${CMAKE_PREFIX_PATH}:/home/ziad/ziad_ws/ROS2/turtlebot3_ws/install/turtlebot3_teleop:/home/ziad/ziad_ws/ROS2/turtlebot3_ws/install/turtlebot3_example:/opt/ros/humble /usr/bin/cmake --install /home/ziad/ziad_ws/ROS2/work_space/build/custom_robot
[6.651s] Level 1:colcon.colcon_core.environment:checking '/home/ziad/ziad_ws/ROS2/work_space/install/custom_robot' for CMake config files
[6.651s] Level 1:colcon.colcon_core.shell:create_environment_hook('custom_robot', 'cmake_prefix_path')
[6.652s] INFO:colcon.colcon_core.shell:Creating environment hook '/home/ziad/ziad_ws/ROS2/work_space/install/custom_robot/share/custom_robot/hook/cmake_prefix_path.ps1'
[6.652s] INFO:colcon.colcon_core.shell:Creating environment descriptor '/home/ziad/ziad_ws/ROS2/work_space/install/custom_robot/share/custom_robot/hook/cmake_prefix_path.dsv'
[6.653s] INFO:colcon.colcon_core.shell:Creating environment hook '/home/ziad/ziad_ws/ROS2/work_space/install/custom_robot/share/custom_robot/hook/cmake_prefix_path.sh'
[6.653s] Level 1:colcon.colcon_core.environment:checking '/home/ziad/ziad_ws/ROS2/work_space/install/custom_robot/lib'
[6.653s] Level 1:colcon.colcon_core.environment:checking '/home/ziad/ziad_ws/ROS2/work_space/install/custom_robot/bin'
[6.653s] Level 1:colcon.colcon_core.environment:checking '/home/ziad/ziad_ws/ROS2/work_space/install/custom_robot/lib/pkgconfig/custom_robot.pc'
[6.654s] Level 1:colcon.colcon_core.environment:checking '/home/ziad/ziad_ws/ROS2/work_space/install/custom_robot/lib/python3.10/site-packages'
[6.654s] Level 1:colcon.colcon_core.environment:checking '/home/ziad/ziad_ws/ROS2/work_space/install/custom_robot/bin'
[6.654s] INFO:colcon.colcon_core.shell:Creating package script '/home/ziad/ziad_ws/ROS2/work_space/install/custom_robot/share/custom_robot/package.ps1'
[6.655s] INFO:colcon.colcon_core.shell:Creating package descriptor '/home/ziad/ziad_ws/ROS2/work_space/install/custom_robot/share/custom_robot/package.dsv'
[6.655s] INFO:colcon.colcon_core.shell:Creating package script '/home/ziad/ziad_ws/ROS2/work_space/install/custom_robot/share/custom_robot/package.sh'
[6.656s] INFO:colcon.colcon_core.shell:Creating package script '/home/ziad/ziad_ws/ROS2/work_space/install/custom_robot/share/custom_robot/package.bash'
[6.656s] INFO:colcon.colcon_core.shell:Creating package script '/home/ziad/ziad_ws/ROS2/work_space/install/custom_robot/share/custom_robot/package.zsh'
[6.657s] Level 1:colcon.colcon_core.environment:create_file_with_runtime_dependencies(/home/ziad/ziad_ws/ROS2/work_space/install/custom_robot/share/colcon-core/packages/custom_robot)
[6.657s] Level 1:colcon.colcon_core.environment:create_environment_scripts_only(custom_robot)
[6.658s] Level 1:colcon.colcon_core.environment:checking '/home/ziad/ziad_ws/ROS2/work_space/install/custom_robot' for CMake module files
[6.658s] Level 1:colcon.colcon_core.environment:checking '/home/ziad/ziad_ws/ROS2/work_space/install/custom_robot' for CMake config files
[6.658s] Level 1:colcon.colcon_core.shell:create_environment_hook('custom_robot', 'cmake_prefix_path')
[6.659s] INFO:colcon.colcon_core.shell:Creating environment hook '/home/ziad/ziad_ws/ROS2/work_space/install/custom_robot/share/custom_robot/hook/cmake_prefix_path.ps1'
[6.659s] INFO:colcon.colcon_core.shell:Creating environment descriptor '/home/ziad/ziad_ws/ROS2/work_space/install/custom_robot/share/custom_robot/hook/cmake_prefix_path.dsv'
[6.660s] INFO:colcon.colcon_core.shell:Creating environment hook '/home/ziad/ziad_ws/ROS2/work_space/install/custom_robot/share/custom_robot/hook/cmake_prefix_path.sh'
[6.661s] Level 1:colcon.colcon_core.environment:checking '/home/ziad/ziad_ws/ROS2/work_space/install/custom_robot/lib'
[6.661s] Level 1:colcon.colcon_core.environment:checking '/home/ziad/ziad_ws/ROS2/work_space/install/custom_robot/bin'
[6.661s] Level 1:colcon.colcon_core.environment:checking '/home/ziad/ziad_ws/ROS2/work_space/install/custom_robot/lib/pkgconfig/custom_robot.pc'
[6.661s] Level 1:colcon.colcon_core.environment:checking '/home/ziad/ziad_ws/ROS2/work_space/install/custom_robot/lib/python3.10/site-packages'
[6.661s] Level 1:colcon.colcon_core.environment:checking '/home/ziad/ziad_ws/ROS2/work_space/install/custom_robot/bin'
[6.662s] INFO:colcon.colcon_core.shell:Creating package script '/home/ziad/ziad_ws/ROS2/work_space/install/custom_robot/share/custom_robot/package.ps1'
[6.663s] INFO:colcon.colcon_core.shell:Creating package descriptor '/home/ziad/ziad_ws/ROS2/work_space/install/custom_robot/share/custom_robot/package.dsv'
[6.664s] INFO:colcon.colcon_core.shell:Creating package script '/home/ziad/ziad_ws/ROS2/work_space/install/custom_robot/share/custom_robot/package.sh'
[6.664s] INFO:colcon.colcon_core.shell:Creating package script '/home/ziad/ziad_ws/ROS2/work_space/install/custom_robot/share/custom_robot/package.bash'
[6.665s] INFO:colcon.colcon_core.shell:Creating package script '/home/ziad/ziad_ws/ROS2/work_space/install/custom_robot/share/custom_robot/package.zsh'
[6.666s] Level 1:colcon.colcon_core.environment:create_file_with_runtime_dependencies(/home/ziad/ziad_ws/ROS2/work_space/install/custom_robot/share/colcon-core/packages/custom_robot)
[6.666s] DEBUG:colcon.colcon_parallel_executor.executor.parallel:closing loop
[6.667s] DEBUG:colcon.colcon_parallel_executor.executor.parallel:loop closed
[6.667s] DEBUG:colcon.colcon_parallel_executor.executor.parallel:run_until_complete finished with '0'
[6.667s] DEBUG:colcon.colcon_core.event_reactor:joining thread
[6.676s] INFO:colcon.colcon_core.plugin_system:Skipping extension 'colcon_notification.desktop_notification.terminal_notifier': Not used on non-Darwin systems
[6.677s] INFO:colcon.colcon_core.plugin_system:Skipping extension 'colcon_notification.desktop_notification.win32': Not used on non-Windows systems
[6.677s] INFO:colcon.colcon_notification.desktop_notification:Sending desktop notification using 'notify2'
[6.695s] DEBUG:colcon.colcon_core.event_reactor:joined thread
[6.696s] INFO:colcon.colcon_core.shell:Creating prefix script '/home/ziad/ziad_ws/ROS2/work_space/install/local_setup.ps1'
[6.698s] INFO:colcon.colcon_core.shell:Creating prefix util module '/home/ziad/ziad_ws/ROS2/work_space/install/_local_setup_util_ps1.py'
[6.699s] INFO:colcon.colcon_core.shell:Creating prefix chain script '/home/ziad/ziad_ws/ROS2/work_space/install/setup.ps1'
[6.702s] INFO:colcon.colcon_core.shell:Creating prefix script '/home/ziad/ziad_ws/ROS2/work_space/install/local_setup.sh'
[6.702s] INFO:colcon.colcon_core.shell:Creating prefix util module '/home/ziad/ziad_ws/ROS2/work_space/install/_local_setup_util_sh.py'
[6.703s] INFO:colcon.colcon_core.shell:Creating prefix chain script '/home/ziad/ziad_ws/ROS2/work_space/install/setup.sh'
[6.705s] INFO:colcon.colcon_core.shell:Creating prefix script '/home/ziad/ziad_ws/ROS2/work_space/install/local_setup.bash'
[6.706s] INFO:colcon.colcon_core.shell:Creating prefix chain script '/home/ziad/ziad_ws/ROS2/work_space/install/setup.bash'
[6.709s] INFO:colcon.colcon_core.shell:Creating prefix script '/home/ziad/ziad_ws/ROS2/work_space/install/local_setup.zsh'
[6.710s] INFO:colcon.colcon_core.shell:Creating prefix chain script '/home/ziad/ziad_ws/ROS2/work_space/install/setup.zsh'
